[     6.11 ] I: Log: Log file open in follow path at 1403/6/21 22:46:33 : C:\Users\AmirPasha\Desktop\Rpos\DAW-3\build2019\debug\Logs\Launch.log
[     6.11 ] I: The subsystem "class DGE::Core::IO::LogSystem::Logger" is registered successfully.
[     6.11 ] I: The subsystem "class DGE::Core::Windows::QtWindow" is registered successfully.
[     6.11 ] D: API version is: 4.60 ,shader version is: 4.60
[     6.11 ] I: The subsystem "class DGE::GFX::GCore::QtWrapper::QtRenderer" is registered successfully.
[     6.11 ] I: Current Render API is: 4.60
[     6.12 ] I: The subsystem "Renderer" is registered successfully.
[     6.12 ] I: The subsystem "class DGE::Core::Platforms::QtPlatform" is registered successfully.
[     6.12 ] I: The subsystem "Platform" is registered successfully.
[     6.12 ] I: The subsystem "class DGE::Core::IO::FileSystem::FileManager" is registered successfully.
[     6.12 ] I: The subsystem "class DGE::Core::CoreModule" is registered successfully.
[     6.12 ] I: The subsystem "class DGE::Core::Profiling::Profiler" is registered successfully.
[     6.12 ] I: The subsystem "class DGE::GFX::DrawablesManager" is registered successfully.
[     6.12 ] I: #version 460 core
#define GLES_Ver 460

[     6.12 ] I: The subsystem "class DGE::GFX::GraphicsManager" is registered successfully.
[     6.12 ] I: The subsystem "class DGE::GFX::GFXModule" is registered successfully.
[     6.23 ] D: Shader Compile successfully.
[     6.23 ] I: The subsystem "class DGE::Scene::ViewportManager" is registered successfully.
[     6.23 ] I: The subsystem "class DGE::Scene::SceneModule" is registered successfully.
[     6.23 ] I: The subsystem "class DGE::Managers::RenderManager" is registered successfully.
[     6.23 ] D: Engine Enabled
[     6.23 ] I: The subsystem "class DGE::Engine" is registered successfully.
[     6.23 ] D: Node with id 1 is added to Qt layer
[     6.23 ] D: Node with id 2460 is added to Qt layer
[     6.23 ] D: Node with id 2462 is added to Qt layer
[     6.23 ] D: Node with id 2464 is added to Qt layer
[     6.23 ] D: Node with id 2466 is added to Qt layer
[     6.23 ] D: Node with id 2468 is added to Qt layer
[     6.24 ] D: Node with id 2470 is added to Qt layer
[     6.24 ] D: Node with id 2472 is added to Qt layer
[     6.24 ] D: Node with id 2474 is added to Qt layer
[     6.24 ] D: Node with id 2476 is added to Qt layer
[     6.24 ] D: Node with id 2478 is added to Qt layer
[     6.24 ] D: Node with id 2480 is added to Qt layer
[     6.24 ] D: Node with id 2482 is added to Qt layer
[     6.24 ] D: Node with id 2484 is added to Qt layer
[     6.24 ] D: Node with id 2486 is added to Qt layer
[     6.24 ] D: Node with id 2487 is added to Qt layer
[     6.24 ] D: Node with id 2489 is added to Qt layer
[     6.24 ] D: Node with id 2491 is added to Qt layer
[     6.24 ] D: Node with id 3 is added to Qt layer
[     6.24 ] D: Node with id 2493 is added to Qt layer
[     6.24 ] S: New view-port registered with id: 1
[     6.24 ] S: New view-port registered with id: 2
[     6.24 ] S: New view-port registered with id: 3
[     6.24 ] S: New view-port registered with id: 4
[     6.24 ] S: New view-port registered with id: 5
[     6.24 ] S: New view-port registered with id: 6
[     6.36 ] D: Creating suitable QNanoBackend for OpenGL 4.6 context
[     6.36 ] D: Using backend: "OpenGL 3"
[     6.41 ] W: Floating point comparison needs context sanity check
[     6.41 ] D: QT onScaleChanged=  144
[     6.44 ] W: ShaderEffectSource: 'recursive' must be set to true when rendering recursively.
[     6.45 ] W: ShaderEffectSource: 'recursive' must be set to true when rendering recursively.
[     6.45 ] W: ShaderEffectSource: 'recursive' must be set to true when rendering recursively.
[     6.45 ] W: ShaderEffectSource: 'recursive' must be set to true when rendering recursively.
[     6.68 ] D: Engine Started.
[    12.53 ] D: _editController->getParameterCount() 143
[    12.55 ] D: ADDED 0 0 0
[    12.85 ] D: ADDED 1 0 0
[    12.85 ] D: ADDED 2 0 0
[    12.85 ] D: ADDED 3 0 0
[    12.87 ] D: ADDED
[    19.97 ] W: ShaderEffe