[     6.79 ] I: Log: Log file open in follow path at 1403/6/12 08:48:49 : C:\Users\AmirPasha\Desktop\Rpos\DAW-3\build2019\debug\Logs\Launch.log
[     6.79 ] I: The subsystem "class DGE::Core::IO::LogSystem::Logger" is registered successfully.
[     6.79 ] I: The subsystem "class DGE::Core::Windows::QtWindow" is registered successfully.
[     6.79 ] D: API version is: 4.60 ,shader version is: 4.60
[     6.79 ] I: The subsystem "class DGE::GFX::GCore::QtWrapper::QtRenderer" is registered successfully.
[     6.79 ] I: Current Render API is: 4.60
[     6.79 ] I: The subsystem "Renderer" is registered successfully.
[     6.79 ] I: The subsystem "class DGE::Core::Platforms::QtPlatform" is registered successfully.
[     6.79 ] I: The subsystem "Platform" is registered successfully.
[     6.79 ] I: The subsystem "class DGE::Core::IO::FileSystem::FileManager" is registered successfully.
[     6.79 ] I: The subsystem "class DGE::Core::CoreModule" is registered successfully.
[     6.79 ] I: The subsystem "class DGE::Core::Profiling::Profiler" is registered successfully.
[     6.79 ] I: The subsystem "class DGE::GFX::DrawablesManager" is registered successfully.
[     6.79 ] I: #version 460 core
#define GLES_Ver 460

[     6.79 ] I: The subsystem "class DGE::GFX::GraphicsManager" is registered successfully.
[     6.79 ] I: The subsystem "class DGE::GFX::GFXModule" is registered successfully.
[     6.88 ] D: Shader Compile successfully.
[     6.88 ] I: The subsystem "class DGE::Scene::ViewportManager" is registered successfully.
[     6.88 ] I: The subsystem "class DGE::Scene::SceneModule" is registered successfully.
[     6.88 ] I: The subsystem "class DGE::Managers::RenderManager" is registered successfully.
[     6.88 ] D: Engine Enabled
[     6.88 ] I: The subsystem "class DGE::Engine" is registered successfully.
[     6.88 ] D: Node with id 1 is added to Qt layer
[     6.88 ] D: Node with id 2460 is added to Qt layer
[     6.88 ] D: Node with id 2462 is added to Qt layer
[     6.88 ] D: Node with id 2464 is added to Qt layer
[     6.88 ] D: Node with id 2466 is added to Qt layer
[     6.88 ] D: Node with id 2468 is added to Qt layer
[     6.88 ] D: Node with id 2470 is added to Qt layer
[     6.88 ] D: Node with id 2472 is added to Qt layer
[     6.88 ] D: Node with id 2474 is added to Qt layer
[     6.88 ] D: Node with id 2476 is added to Qt layer
[     6.88 ] D: Node with id 2478 is added to Qt layer
[     6.88 ] D: Node with id 2480 is added to Qt layer
[     6.88 ] D: Node with id 2482 is added to Qt layer
[     6.88 ] D: Node with id 2484 is added to Qt layer
[     6.88 ] D: Node with id 2486 is added to Qt layer
[     6.89 ] D: Node with id 2487 is added to Qt layer
[     6.89 ] D: Node with id 2489 is added to Qt layer
[     6.89 ] D: Node with id 2491 is added to Qt layer
[     6.89 ] D: Node with id 3 is added to Qt layer
[     6.89 ] D: Node with id 2493 is added to Qt layer
[     6.89 ] S: New view-port registered with id: 1
[     6.89 ] S: New view-port registered with id: 2
[     6.89 ] S: New view-port registered with id: 3
[     6.89 ] S: New view-port registered with id: 4
[     6.89 ] S: New view-port registered with id: 5
[     6.89 ] S: New view-port registered with id: 6
[     6.99 ] D: Creating suitable QNanoBackend for OpenGL 4.6 context
[     7.00 ] D: Using backend: "OpenGL 3"
[     7.03 ] W: Floating point comparison needs context sanity check
[     7.03 ] D: QT onScaleChanged=  144
[     7.08 ] W: ShaderEffectSource: 'recursive' must be set to true when rendering recursively.
[     7.09 ] W: ShaderEffectSource: 'recursive' must be set to true when rendering recursively.
[     7.09 ] W: ShaderEffectSource: 'recursive' must be set to true when rendering recursively.
[     7.09 ] W: ShaderEffectSource: 'recursive' must be set to true when rendering recursively.
[     7.27 ] D: Engine Started.
[    12.68 ] D: P1 -320
[    12.69 ] D: P1 -409
[    12.69 ] D: P1 -414
[    12.69 ] D: P1 -418
[    12.69 ] D: P1 -423
[    12.69 ] D: P1 -428
[    12.69 ] D: P1 -432
[    12.70 ] D: P1 -435
[    12.70 ] D: P1 -439
[    12.70 ] D: P1 -443
[    12.70 ] D: P1 -445
[    12.70 ] D: P1 -448
[    12.71 ] D: P1 -451
[    12.71 ] D: P1 -456
[    12.71 ] D: P1 -458
[    12.72 ] D: P1 -460
[    12.72 ] D: P1 -460
[    12.73 ] D: P1 -465
[    12.73 ] D: P1 -466
[    12.94 ] D: P1 -463
[    12.94 ] D: P1 -454
[    12.94 ] D: P1 -451
[    12.94 ] D: P1 -449
[    12.94 ] D: P1 -446
[    12.95 ] D: P1 -444
[    12.95 ] D: P1 -441
[    12.95 ] D: P1 -438
[    12.96 ] D: P1 -427
[    12.96 ] D: P1 -425
[    12.97 ] D: P1 -423
[    12.97 ] D: P1 -421
[    12.97 ] D: P1 -420
[    12.98 ] D: P1 -414
[    12.98 ] D: P1 -413
[    12.98 ] D: P1 -412
[    12.98 ] D: P1 -412
[    12.99 ] D: P1 -411
[    13.00 ] D: P1 -408
[    13.00 ] D: P1 -408
[    13.00 ] D: P1 -407
[    13.01 ] D: P1 -406
[    13.01 ] D: P1 -405
[    13.02 ] D: P1 -405
[    13.02 ] D: P1 -405
[    13.03 ] D: P1 -405
[    13.03 ] D: P1 -405
[    13.03 ] D: P1 -405
[    13.03 ] D: P1 -405
[    13.05 ] D: P1 -404
[    13.05 ] D: P1 -404
[    13.05 ] D: P1 -404
[    13.05 ] D: P1 -404
[    13.06 ] D: P1 -404
[    13.06 ] D: P1 -404
[    13.06 ] D: P1 -404
[    13.07 ] D: P1 -404
[    13.08 ] D: P1 -404
[    13.08 ] D: P1 -404
[    13.08 ] D: P1 -404
[    13.08 ] D: P1 -404
[    13.08 ] D: P1 -404
[    13.09 ] D: P1 -404
[    13.10 ] D: P1 -404
[    13.10 ] D: P1 -404
[    13.10 ] D: P1 -404
[    13.10 ] D: P1 -404
[    13.11 ] D: P1 -404
[    13.11 ] D: P1 -404
[    13.11 ] D: P1 -404
[    13.12 ] D: P1 -404
[    13.12 ] D: P1 -404
[    13.13 ] D: P1 -404
[    13.13 ] D: P1 -404
[    13.13 ] D: P1 -403
[    13.13 ] D: P1 -403
[    13.15 ] D: P1 -403
[    13.15 ] D: P1 -403
[    13.15 ] D: P1 -403
[    13.16 ] D: P1 -403
[    13.16 ] D: P1 -403
[    13.23 ] D: P1 -403
[    13.23 ] D: P1 -402
[    13.23 ] D: P1 -402
[    13.24 ] D: P1 -401
[    13.25 ] D: P1 -401
[    13.25 ] D: P1 -401
[    13.26 ] D: P1 -401
[    13.26 ] D: P1 -400
[    13.26 ] D: P1 -399
[    13.27 ] D: P1 -399
[    13.28 ] D: P1 -399
[    13.30 ] D: P1 -399
[    13.44 ] D: sltPositionChanged 441000
[    13.44 ] D: frame_offset 0 0 217
[    13.44 ] D: findOverlayItems 1 0
[    13.44 ] D: "{0b14b10f-3a66-4749-a9b2-8af4099dac41}" i.value()->sampleClip()->startTime()  10000 332833 332833 10000
[    13.44 ] D: findOverlayItems
[    13.44 ] D: frame_offset 0 1 217
[    13.44 ] D: frame_offset 0 2 217
[    13.44 ] D: frame_offset 0 3 217
[    13.44 ] D: frame_offset 0 4 217
[    13.46 ] D: sltPositionChanged 441000
[    13.46 ] D: frame_offset 0 0 217
[    13.46 ] D: frame_offset 0 1 217
[    13.46 ] D: frame_offset 0 2 217
[    13.46 ] D: frame_offset 0 3 217
[    13.47 ] D: frame_offset 0 4 217
[    13.91 ] D: findTrackIndexByPoint 0 QRect(0,0 1707x111) true QPointF(343,62)
[    14.36 ] D: findTrackIndexByPoint 0 QRect(0,0 1707x111) true QPointF(344,66)
[    14.37 ] D: findTrackIndexByPoint 0 QRect(0,0 1707x111) true QPointF(344,66)
[    14.81 ] D: findTrackIndexByPoint 0 QRect(0,0 1707x111) true QPointF(352,70)
[    15.35 ] D: _requestForLoading false false
[    15.35 ] D: _requestForLoading2
[    15.35 ] D: _numberOfSampleBuffer 1
[    15.35 ] D: START TO load 0
[    15.35 ] D: sltPositionChanged 882000 true
[    15.35 ] D: START TO load 1
[    15.35 ] D: START TO load 2
[    15.35 ] D: START TO load 3
[    15.35 ] D: frame_offset 6 0 217
[    15.35 ] D: frame_offset 6 1 217
[    15.35 ] D: frame_offset 6 2 217
[    15.35 ] D: frame_offset 6 3 217
[    15.36 ] D: frame_offset 6 4 217
[    15.36 ] D: sltFirstBufferFilled ("{0b14b10f-3a66-4749-a9b2-8af4099dac41}") "{0b14b10f-3a66-4749-a9b2-8af4099dac41}" true
[    15.36 ] D: _requestForLoading true false
[    15.78 ] D: AsyncFileReader 1 11
[    16.62 ] D: findTrackIndexByPoint 0 QRect(0,0 1707x111) true QPointF(238,74)
[    16.99 ] D: _requestForLoading false false
[    16.99 ] D: _requestForLoading2
[    16.99 ] D: _numberOfSampleBuffer 1
[    16.99 ] D: START TO load 0
[    16.99 ] D: sltPositionChanged 573300 true
[    16.99 ] D: START TO load 1
[    16.99 ] D: START TO load 2
[    16.99 ] D: START TO load 3
[    16.99 ] D: frame_offset 2 0 217
[    16.99 ] D: frame_offset 2 1 217
[    16.99 ] D: frame_offset 2 2 217
[    16.99 ] D: frame_offset 2 3 217
[    17.00 ] D: frame_offset 2 4 217
[    17.01 ] D: sltFirstBufferFilled ("{0b14b10f-3a66-4749-a9b2-8af4099dac41}") "{0b14b10f-3a66-4749-a9b2-8af4099dac41}" true
[    17.01 ] D: _requestForLoading true false
[    18.47 ] D: AsyncFileReader 2 7
[    25.95 ] D: _editController->getParameterCount() 143
[    25.95 ] D: info.stepCount 0xe8928f5600 0.7 0 0
[    25.95 ] D: info.stepCount 0xe8928f5600 0.5 0 0
[    25.95 ] D: info.stepCount 0xe8928f5600 0 1 0
[    25.95 ] D: info.stepCount 0xe8928f5600 0.5 0 0
[    25.95 ] D: info.stepCount 0xe8928f5600 0.5 0 0
[    25.95 ] D: info.stepCount 0xe8928f5600 0.5 0 0
[    25.95 ] D: info.stepCount 0xe8928f5600 0.5 0 0
[    25.95 ] D: info.stepCount 0xe8928f5600 0 1 0
[    25.95 ] D: info.stepCount 0xe8928f5600 0 1 0
[    25.95 ] D: info.stepCount 0xe8928f5600 0 0 0
[    25.95 ] D: info.stepCount 0xe8928f5600 0 0 0
[    25.95 ] D: info.stepCount 0xe8928f5600 0 0 0
[    25.95 ] D: info.stepCount 0xe8928f5600 0 0 0
[    25.95 ] D: info.stepCount 0xe8928f5600 0 0 0
[    25.95 ] D: info.stepCount 0xe8928f5600 0 0 0
[    25.95 ] D: info.stepCount 0xe8928f5600 0 0 0
[    25.95 ] D: info.stepCount 0xe8928f5600 0 0 0
[    25.95 ] D: info.stepCount 0xe8928f5600 0 0 0
[    25.95 ] D: info.stepCount 0xe8928f5600 0 0 0
[    25.95 ] D: info.stepCount 0xe8928f5600 0 0 0
[    25.95 ] D: info.stepCount 0xe8928f5600 0 0 0
[    25.95 ] D: info.stepCount 0xe8928f5600 0 0 0
[    25.95 ] D: info.stepCount 0xe8928f5600 0 0 0
[    25.95 ] D: info.stepCount 0xe8928f5600 0 0 0
[    25.95 ] D: info.stepCount 0xe8928f5600 0 0 0
[    25.95 ] D: info.stepCount 0xe8928f5600 0 0 0
[    25.95 ] D: info.stepCount 0xe8928f5600 0 0 0
[    25.95 ] D: info.stepCount 0xe8928f5600 0 0 0
[    25.95 ] D: info.stepCount 0xe8928f5600 0 0 0
[    25.95 ] D: info.stepCount 0xe8928f5600 0 0 0
[    25.95 ] D: info.stepCount 0xe8928f5600 0 0 0
[    25.95 ] D: info.stepCount 0xe8928f5600 0 0 0
[    25.95 ] D: info.stepCount 0xe8928f5600 0 0 0
[    25.95 ] D: info.stepCount 0xe8928f5600 0 0 0
[    25.95 ] D: info.stepCount 0xe8928f5600 0 0 0
[    25.95 ] D: info.stepCount 0xe8928f5600 0 0 0
[    25.95 ] D: info.stepCount 0xe8928f5600 0 0 0
[    25.95 ] D: info.stepCount 0xe8928f5600 0 0 0
[    25.95 ] D: info.stepCount 0xe8928f5600 0 0 0
[    25.95 ] D: info.stepCount 0xe8928f5600 0 0 0
[    25.95 ] D: info.stepCount 0xe8928f5600 0 0 0
[    25.95 ] D: info.stepCount 0xe8928f5600 0 0 0
[    25.95 ] D: info.stepCount 0xe8928f5600 0 0 0
[    25.95 ] D: info.stepCount 0xe8928f5600 0 0 0
[    25.95 ] D: info.stepCount 0xe8928f5600 0 0 0
[    25.95 ] D: info.stepCount 0xe8928f5600 0 0 0
[    25.95 ] D: info.stepCount 0xe8928f5600 0 0 0
[    25.95 ] D: info.stepCount 0xe8928f5600 0 0 0
[    25.95 ] D: info.stepCount 0xe8928f5600 0 0 0
[    25.95 ] D: info.stepCount 0xe8928f5600 0 0 0
[    25.95 ] D: info.stepCount 0xe8928f5600 0 0 0
[    25.95 ] D: info.stepCount 0xe8928f5600 0 0 0
[    25.96 ] D: info.stepCount 0xe8928f5600 0 0 0
[    25.96 ] D: info.stepCount 0xe8928f5600 0 0 0
[    25.96 ] D: info.stepCount 0xe8928f5600 0 0 0
[    25.96 ] D: info.stepCount 0xe8928f5600 0 0 0
[    25.96 ] D: info.stepCount 0xe8928f5600 0 0 0
[    25.96 ] D: info.stepCount 0xe8928f5600 0 0 0
[    25.96 ] D: info.stepCount 0xe8928f5600 0 0 0
[    25.96 ] D: info.stepCount 0xe8928f5600 0 0 0
[    25.96 ] D: info.stepCount 0xe8928f5600 0 0 0
[    25.96 ] D: info.stepCount 0xe8928f5600 0 0 0
[    25.96 ] D: info.stepCount 0xe8928f5600 0 0 0
[    25.96 ] D: info.stepCount 0xe8928f5600 0 0 0
[    25.96 ] D: info.stepCount 0xe8928f5600 0 0 0
[    25.96 ] D: info.stepCount 0xe8928f5600 0 0 0
[    25.96 ] D: info.stepCount 0xe8928f5600 0 0 0
[    25.96 ] D: info.stepCount 0xe8928f5600 0 0 0
[    25.96 ] D: info.stepCount 0xe8928f5600 0 0 0
[    25.96 ] D: info.stepCount 0xe8928f5600 0 0 0
[    25.96 ] D: info.stepCount 0xe8928f5600 0 0 0
[    25.96 ] D: info.stepCount 0xe8928f5600 0 0 0
[    25.96 ] D: info.stepCount 0xe8928f5600 0 0 0
[    25.96 ] D: info.stepCount 0xe8928f5600 0 0 0
[    25.96 ] D: info.stepCount 0xe8928f5600 0 0 0
[    25.96 ] D: info.stepCount 0xe8928f5600 0 0 0
[    25.96 ] D: info.stepCount 0xe8928f5600 0 0 0
[    25.96 ] D: info.stepCount 0xe8928f5600 0 0 0
[    25.96 ] D: info.stepCount 0xe8928f5600 0 0 0
[    25.96 ] D: info.stepCount 0xe8928f5600 0 0 0
[    25.96 ] D: info.stepCount 0xe8928f5600 0 0 0
[    25.96 ] D: info.stepCount 0xe8928f5600 0 0 0
[    25.96 ] D: info.stepCount 0xe8928f5600 0 0 0
[    25.96 ] D: info.stepCount 0xe8928f5600 0 0 0
[    25.96 ] D: info.stepCount 0xe8928f5600 0 0 0
[    25.96 ] D: info.stepCount 0xe8928f5600 0 0 0
[    25.96 ] D: info.stepCount 0xe8928f5600 0 0 0
[    25.96 ] D: info.stepCount 0xe8928f5600 0 0 0
[    25.96 ] D: info.stepCount 0xe8928f5600 0 0 0
[    25.96 ] D: info.stepCount 0xe8928f5600 0 0 0
[    25.96 ] D: info.stepCount 0xe8928f5600 0 0 0
[    25.96 ] D: info.stepCount 0xe8928f5600 0 0 0
[    25.96 ] D: info.stepCount 0xe8928f5600 0 0 0
[    25.96 ] D: info.stepCount 0xe8928f5600 0 0 0
[    25.96 ] D: info.stepCount 0xe8928f5600 0 0 0
[    25.96 ] D: info.stepCount 0xe8928f5600 0 0 0
[    25.96 ] D: info.stepCount 0xe8928f5600 0 0 0
[    25.96 ] D: info.stepCount 0xe8928f5600 0 0 0
[    25.96 ] D: info.stepCount 0xe8928f5600 0 0 0
[    25.96 ] D: info.stepCount 0xe8928f5600 0 0 0
[    25.96 ] D: info.stepCount 0xe8928f5600 0 0 0
[    25.96 ] D: info.stepCount 0xe8928f5600 0 0 0
[    25.96 ] D: info.stepCount 0xe8928f5600 0 0 0
[    25.96 ] D: info.stepCount 0xe8928f5600 0 0 0
[    25.96 ] D: info.stepCount 0xe8928f5600 0 0 0
[    25.96 ] D: info.stepCount 0xe8928f5600 0 0 0
[    25.96 ] D: info.stepCount 0xe8928f5600 0 0 0
[    25.96 ] D: info.stepCount 0xe8928f5600 0 0 0
[    25.96 ] D: info.stepCount 0xe8928f5600 0 0 0
[    25.96 ] D: info.stepCount 0xe8928f5600 0 0 0
[    25.96 ] D: info.stepCount 0xe8928f5600 0 0 0
[    25.96 ] D: info.stepCount 0xe8928f5600 0 0 0
[    25.96 ] D: info.stepCount 0xe8928f5600 0 0 0
[    25.96 ] D: info.stepCount 0xe8928f5600 0 0 0
[    25.96 ] D: info.stepCount 0xe8928f5600 0 0 0
[    25.96 ] D: info.stepCount 0xe8928f5600 0 0 0
[    25.96 ] D: info.stepCount 0xe8928f5600 0 0 0
[    25.96 ] D: info.stepCount 0xe8928f5600 0 0 0
[    25.96 ] D: info.stepCount 0xe8928f5600 0 0 0
[    25.96 ] D: info.stepCount 0xe8928f5600 0 0 0
[    25.96 ] D: info.stepCount 0xe8928f5600 0 0 0
[    25.96 ] D: info.stepCount 0xe8928f5600 0 0 0
[    25.96 ] D: info.stepCount 0xe8928f5600 0 0 0
[    25.96 ] D: info.stepCount 0xe8928f5600 0 0 0
[    25.96 ] D: info.stepCount 0xe8928f5600 0 0 0
[    25.96 ] D: info.stepCount 0xe8928f5600 0 0 0
[    25.96 ] D: info.stepCount 0xe8928f5600 0 0 0
[    25.96 ] D: info.stepCount 0xe8928f5600 0 0 0
[    25.96 ] D: info.stepCount 0xe8928f5600 0 0 0
[    25.96 ] D: info.stepCount 0xe8928f5600 0 0 0
[    25.96 ] D: info.stepCount 0xe8928f5600 0 0 0
[    25.96 ] D: info.stepCount 0xe8928f5600 0 0 0
[    25.96 ] D: info.stepCount 0xe8928f5600 0 0 0
[    25.96 ] D: info.stepCount 0xe8928f5600 0 0 0
[    25.96 ] D: info.stepCount 0xe8928f5600 0 0 0
[    25.96 ] D: info.stepCount 0xe8928f5600 0 0 0
[    25.96 ] D: info.stepCount 0xe8928f5600 0 0 0
[    25.96 ] D: info.stepCount 0xe8928f5600 0 0 0
[    25.96 ] D: info.stepCount 0xe8928f5600 0 0 0
[    25.96 ] D: info.stepCount 0xe8928f5600 0 0 0
[    25.96 ] D: info.stepCount 0xe8928f5600 0 0 0
[    25.96 ] D: info.stepCount 0xe8928f5600 0 0 0
[    25.96 ] D: info.stepCount 0xe8928f5600 0 0 0
[    25.98 ] D: effectModel.controls Vst3Effect(0x2a958092fc0)
[    26.16 ] D: ADDED
[    31.34 ] W: qrc:/Items/CustomRectangle.qml:56: TypeError: Cannot read property 'color' of null
[    31.34 ] W: qrc:/Items/CustomRectangle.qml:56: TypeError: Cannot read property 'color' of null
[    31.34 ] W: qrc:/Items/CustomRectangle.qml:56: TypeError: Cannot read property 'color' of null
[    31.34 ] W: qrc:/Items/CustomRectangle.qml:56: TypeError: Cannot read property 'color' of null
[    39.69 ] D: findTrackIndexByPoint 0 QRect(0,0 1707x111) true QPointF(246,63)
[    39.69 ] D: _automationChanging false
[    39.69 ] D: mouseMove2
[    39.71 ] D: _automationChanging false
[    39.71 ] D: mouseMove2
[    39.71 ] D: _automationChanging false
[    39.71 ] D: mouseMove2
[    40.04 ] D: findTrackIndexByPoint 0 QRect(0,0 1707x111) true QPointF(248,76)
[    41.65 ] D: _requestForLoading false false
[    41.65 ] D: _requestForLoading2
[    41.65 ] D: _numberOfSampleBuffer 1
[    41.65 ] D: START TO load 0
[    41.65 ] D: sltPositionChanged 617400 true
[    41.65 ] D: START TO load 1
