[     4.65 ] I: Log: Log file open in follow path at 1403/6/12 09:15:48 : C:\Users\AmirPasha\Desktop\Rpos\DAW-3\build2019\debug\Logs\Launch.log
[     4.65 ] I: The subsystem "class DGE::Core::IO::LogSystem::Logger" is registered successfully.
[     4.65 ] I: The subsystem "class DGE::Core::Windows::QtWindow" is registered successfully.
[     4.65 ] D: API version is: 4.60 ,shader version is: 4.60
[     4.65 ] I: The subsystem "class DGE::GFX::GCore::QtWrapper::QtRenderer" is registered successfully.
[     4.65 ] I: Current Render API is: 4.60
[     4.65 ] I: The subsystem "Renderer" is registered successfully.
[     4.65 ] I: The subsystem "class DGE::Core::Platforms::QtPlatform" is registered successfully.
[     4.65 ] I: The subsystem "Platform" is registered successfully.
[     4.65 ] I: The subsystem "class DGE::Core::IO::FileSystem::FileManager" is registered successfully.
[     4.65 ] I: The subsystem "class DGE::Core::CoreModule" is registered successfully.
[     4.65 ] I: The subsystem "class DGE::Core::Profiling::Profiler" is registered successfully.
[     4.65 ] I: The subsystem "class DGE::GFX::DrawablesManager" is registered successfully.
[     4.65 ] I: #version 460 core
#define GLES_Ver 460

[     4.65 ] I: The subsystem "class DGE::GFX::GraphicsManager" is registered successfully.
[     4.65 ] I: The subsystem "class DGE::GFX::GFXModule" is registered successfully.
[     4.72 ] D: Shader Compile successfully.
[     4.72 ] I: The subsystem "class DGE::Scene::ViewportManager" is registered successfully.
[     4.72 ] I: The subsystem "class DGE::Scene::SceneModule" is registered successfully.
[     4.72 ] I: The subsystem "class DGE::Managers::RenderManager" is registered successfully.
[     4.72 ] D: Engine Enabled
[     4.72 ] I: The subsystem "class DGE::Engine" is registered successfully.
[     4.72 ] D: Node with id 1 is added to Qt layer
[     4.72 ] D: Node with id 2460 is added to Qt layer
[     4.72 ] D: Node with id 2462 is added to Qt layer
[     4.72 ] D: Node with id 2464 is added to Qt layer
[     4.73 ] D: Node with id 2466 is added to Qt layer
[     4.73 ] D: Node with id 2468 is added to Qt layer
[     4.73 ] D: Node with id 2470 is added to Qt layer
[     4.73 ] D: Node with id 2472 is added to Qt layer
[     4.73 ] D: Node with id 2474 is added to Qt layer
[     4.73 ] D: Node with id 2476 is added to Qt layer
[     4.73 ] D: Node with id 2478 is added to Qt layer
[     4.73 ] D: Node with id 2480 is added to Qt layer
[     4.73 ] D: Node with id 2482 is added to Qt layer
[     4.73 ] D: Node with id 2484 is added to Qt layer
[     4.73 ] D: Node with id 2486 is added to Qt layer
[     4.73 ] D: Node with id 2487 is added to Qt layer
[     4.73 ] D: Node with id 2489 is added to Qt layer
[     4.73 ] D: Node with id 2491 is added to Qt layer
[     4.73 ] D: Node with id 3 is added to Qt layer
[     4.73 ] D: Node with id 2493 is added to Qt layer
[     4.73 ] S: New view-port registered with id: 1
[     4.73 ] S: New view-port registered with id: 2
[     4.73 ] S: New view-port registered with id: 3
[     4.73 ] S: New view-port registered with id: 4
[     4.73 ] S: New view-port registered with id: 5
[     4.73 ] S: New view-port registered with id: 6
[     4.83 ] D: Creating suitable QNanoBackend for OpenGL 4.6 context
[     4.83 ] D: Using backend: "OpenGL 3"
[     4.86 ] W: Floating point comparison needs context sanity check
[     4.86 ] D: QT onScaleChanged=  144
[     4.88 ] W: ShaderEffectSource: 'recursive' must be set to true when rendering recursively.
[     4.89 ] W: ShaderEffectSource: 'recursive' must be set to true when rendering recursively.
[     4.89 ] W: ShaderEffectSource: 'recursive' must be set to true when rendering recursively.
[     4.90 ] W: ShaderEffectSource: 'recursive' must be set to true when rendering recursively.
[     5.06 ] D: Engine Started.
[    10.24 ] D: P1 -210
[    10.24 ] D: P1 -245
[    10.24 ] D: P1 -250
[    10.25 ] D: P1 -257
[    10.25 ] D: P1 -262
[    10.25 ] D: P1 -267
[    10.25 ] D: P1 -273
[    10.26 ] D: P1 -282
[    10.26 ] D: P1 -286
[    10.26 ] D: P1 -290
[    10.27 ] D: P1 -303
[    10.27 ] D: P1 -305
[    10.27 ] D: P1 -309
[    10.27 ] D: P1 -313
[    10.28 ] D: P1 -328
[    10.28 ] D: P1 -331
[    10.28 ] D: P14
[    10.28 ] W: qrc:/main.qml:663: TypeError: Cannot read property 'contentY' of undefined
[    10.29 ] D: P1 -332
[    10.29 ] D: P14
[    10.29 ] D: P1 -335
[    10.29 ] D: P14
[    10.30 ] D: P1 -337
[    10.30 ] D: P14
[    10.30 ] W: qrc:/main.qml:663: TypeError: Cannot read property 'contentY' of undefined
[    10.30 ] D: P1 -344
[    10.30 ] D: P14
[    10.30 ] W: qrc:/main.qml:663: TypeError: Cannot read property 'contentY' of undefined
[    10.30 ] D: P1 -345
[    10.30 ] D: P14
[    10.30 ] D: P1 -346
[    10.30 ] D: P14
[    10.31 ] D: P1 -347
[    10.31 ] D: P14
[    10.32 ] W: qrc:/main.qml:663: TypeError: Cannot read property 'contentY' of undefined
[    10.32 ] D: P1 -349
[    10.32 ] D: P14
[    10.32 ] D: P1 -349
[    10.32 ] D: P14
[    10.32 ] W: qrc:/main.qml:663: TypeError: Cannot read property 'contentY' of undefined
[    10.32 ] D: P1 -350
[    10.32 ] D: P14
[    10.33 ] W: qrc:/main.qml:663: TypeError: Cannot read property 'contentY' of undefined
[    10.33 ] D: P1 -352
[    10.33 ] D: P14
[    10.34 ] D: P1 -353
[    10.34 ] D: P14
[    10.35 ] W: qrc:/main.qml:663: TypeError: Cannot read property 'contentY' of undefined
[    10.35 ] D: P1 -353
[    10.35 ] D: P14
[    10.35 ] D: P1 -354
[    10.35 ] D: P14
[    10.35 ] W: qrc:/main.qml:663: TypeError: Cannot read property 'contentY' of undefined
[    10.37 ] W: qrc:/main.qml:663: TypeError: Cannot read property 'contentY' of undefined
[    10.37 ] W: qrc:/main.qml:663: TypeError: Cannot read property 'contentY' of undefined
[    10.38 ] D: P1 -355
[    10.38 ] D: P14
[    10.39 ] W: qrc:/main.qml:663: TypeError: Cannot read property 'contentY' of undefined
[    10.39 ] D: P1 -356
[    10.39 ] D: P14
[    10.39 ] D: P1 -357
[    10.39 ] D: P14
[    10.39 ] D: P1 -358
[    10.39 ] D: P14
[    10.40 ] D: P1 -360
[    10.40 ] D: P14
[    10.40 ] D: P1 -361
[    10.40 ] D: P14
[    10.40 ] W: qrc:/main.qml:663: TypeError: Cannot read property 'contentY' of undefined
[    10.40 ] D: P1 -362
[    10.40 ] D: P14
[    10.42 ] W: qrc:/main.qml:663: TypeError: Cannot read property 'contentY' of undefined
[    10.42 ] D: P1 -367
[    10.42 ] D: P14
[    10.42 ] D: P1 -369
[    10.42 ] D: P1 -370
[    10.42 ] D: P1 -370
[    10.43 ] D: P1 -372
[    10.43 ] D: P1 -374
[    10.43 ] D: P1 -375
[    10.43 ] D: P1 -376
[    10.44 ] D: P1 -377
[    10.44 ] D: P1 -383
[    10.45 ] D: P1 -384
[    10.45 ] D: P1 -385
[    10.46 ] D: P1 -386
[    10.46 ] D: P1 -391
[    10.46 ] D: P1 -391
[    10.47 ] D: P1 -393
[    10.47 ] D: P1 -394
[    10.48 ] D: P1 -394
[    10.48 ] D: P1 -398
[    10.48 ] D: P1 -398
[    10.48 ] D: P1 -399
[    10.48 ] D: P1 -399
[    10.49 ] D: P1 -401
[    10.49 ] D: P1 -402
[    10.50 ] D: P1 -402
[    10.50 ] D: P1 -404
[    10.51 ] D: P1 -406
[    10.51 ] D: P1 -407
[    10.51 ] D: P1 -408
[    10.52 ] D: P1 -408
[    10.53 ] D: P1 -408
[    10.53 ] D: P1 -410
[    10.53 ] D: P1 -410
[    10.53 ] D: P1 -410
[    10.54 ] D: P1 -410
[    10.55 ] D: P1 -411
[    10.55 ] D: P1 -411
[    10.55 ] D: P1 -411
[    10.56 ] D: P1 -411
[    10.56 ] D: P1 -411
[    10.56 ] D: P1 -411
[    10.58 ] D: P1 -411
[    10.58 ] D: P1 -411
[    10.58 ] D: P1 -411
[    10.61 ] D: P1 -411
[    10.88 ] D: sltPositionChanged 396900
[    10.88 ] D: frame_offset 0 0 217
[    10.88 ] D: frame_offset 0 1 217
[    10.88 ] D: frame_offset 0 2 217
[    10.89 ] D: frame_offset 0 3 217
[    10.89 ] D: frame_offset 0 4 217
[    10.90 ] D: findOverlayItems 1 0
[    10.90 ] D: "{e03b4166-8876-4fbc-8085-05ed7cda4791}" i.value()->sampleClip()->startTime()  9000 331833 331833 9000
[    10.90 ] D: findOverlayItems
[    10.90 ] D: sltPositionChanged 396900
[    10.90 ] D: frame_offset 0 0 217
[    10.90 ] D: frame_offset 0 1 217
[    10.90 ] D: frame_offset 0 2 217
[    10.91 ] D: frame_offset 0 3 217
[    10.91 ] D: frame_offset 0 4 217
[    21.07 ] D: _editController->getParameterCount() 143
[    21.07 ] D: info.stepCount 0x21fdf55710 0.7 0 0
[    21.07 ] D: info.stepCount 0x21fdf55710 0.5 0 0
[    21.07 ] D: info.stepCount 0x21fdf55710 0 1 0
[    21.07 ] D: info.stepCount 0x21fdf55710 0.5 0 0
[    21.07 ] D: info.stepCount 0x21fdf55710 0.5 0 0
[    21.07 ] D: info.stepCount 0x21fdf55710 0.5 0 0
[    21.07 ] D: info.stepCount 0x21fdf55710 0.5 0 0
[    21.07 ] D: info.stepCount 0x21fdf55710 0 1 0
[    21.07 ] D: info.stepCount 0x21fdf55710 0 1 0
[    21.07 ] D: info.stepCount 0x21fdf55710 0 0 0
[    21.07 ] D: info.stepCount 0x21fdf55710 0 0 0
[    21.07 ] D: info.stepCount 0x21fdf55710 0 0 0
[    21.07 ] D: info.stepCount 0x21fdf55710 0 0 0
[    21.07 ] D: info.stepCount 0x21fdf55710 0 0 0
[    21.07 ] D: info.stepCount 0x21fdf55710 0 0 0
[    21.07 ] D: info.stepCount 0x21fdf55710 0 0 0
[    21.07 ] D: info.stepCount 0x21fdf55710 0 0 0
[    21.07 ] D: info.stepCount 0x21fdf55710 0 0 0
[    21.07 ] D: info.stepCount 0x21fdf55710 0 0 0
[    21.07 ] D: info.stepCount 0x21fdf55710 0 0 0
[    21.07 ] D: info.stepCount 0x21fdf55710 0 0 0
[    21.07 ] D: info.stepCount 0x21fdf55710 0 0 0
[    21.07 ] D: info.stepCount 0x21fdf55710 0 0 0
[    21.08 ] D: info.stepCount 0x21fdf55710 0 0 0
[    21.08 ] D: info.stepCount 0x21fdf55710 0 0 0
[    21.08 ] D: info.stepCount 0x21fdf55710 0 0 0
[    21.08 ] D: info.stepCount 0x21fdf55710 0 0 0
[    21.08 ] D: info.stepCount 0x21fdf55710 0 0 0
[    21.08 ] D: info.stepCount 0x21fdf55710 0 0 0
[    21.08 ] D: info.stepCount 0x21fdf55710 0 0 0
[    21.08 ] D: info.stepCount 0x21fdf55710 0 0 0
[    21.08 ] D: info.stepCount 0x21fdf55710 0 0 0
[    21.08 ] D: info.stepCount 0x21fdf55710 0 0 0
[    21.08 ] D: info.stepCount 0x21fdf55710 0 0 0
[    21.08 ] D: info.stepCount 0x21fdf55710 0 0 0
[    21.08 ] D: info.stepCount 0x21fdf55710 0 0 0
[    21.08 ] D: info.stepCount 0x21fdf55710 0 0 0
[    21.08 ] D: info.stepCount 0x21fdf55710 0 0 0
[    21.08 ] D: info.stepCount 0x21fdf55710 0 0 0
[    21.08 ] D: info.stepCount 0x21fdf55710 0 0 0
[    21.08 ] D: info.stepCount 0x21fdf55710 0 0 0
[    21.08 ] D: info.stepCount 0x21fdf55710 0 0 0
[    21.08 ] D: info.stepCount 0x21fdf55710 0 0 0
[    21.08 ] D: info.stepCount 0x21fdf55710 0 0 0
[    21.08 ] D: info.stepCount 0x21fdf55710 0 0 0
[    21.08 ] D: info.stepCount 0x21fdf55710 0 0 0
[    21.08 ] D: info.stepCount 0x21fdf55710 0 0 0
[    21.08 ] D: info.stepCount 0x21fdf55710 0 0 0
[    21.08 ] D: info.stepCount 0x21fdf55710 0 0 0
[    21.08 ] D: info.stepCount 0x21fdf55710 0 0 0
[    21.08 ] D: info.stepCount 0x21fdf55710 0 0 0
[    21.08 ] D: info.stepCount 0x21fdf55710 0 0 0
[    21.08 ] D: info.stepCount 0x21fdf55710 0 0 0
[    21.08 ] D: info.stepCount 0x21fdf55710 0 0 0
[    21.08 ] D: info.stepCount 0x21fdf55710 0 0 0
[    21.08 ] D: info.stepCount 0x21fdf55710 0 0 0
[    21.08 ] D: info.stepCount 0x21fdf55710 0 0 0
[    21.08 ] D: info.stepCount 0x21fdf55710 0 0 0
[    21.08 ] D: info.stepCount 0x21fdf55710 0 0 0
[    21.08 ] D: info.stepCount 0x21fdf55710 0 0 0
[    21.08 ] D: info.stepCount 0x21fdf55710 0 0 0
[    21.08 ] D: info.stepCount 0x21fdf55710 0 0 0
[    21.08 ] D: info.stepCount 0x21fdf55710 0 0 0
[    21.08 ] D: info.stepCount 0x21fdf55710 0 0 0
[    21.08 ] D: info.stepCount 0x21fdf55710 0 0 0
[    21.08 ] D: info.stepCount 0x21fdf55710 0 0 0
[    21.08 ] D: info.stepCount 0x21fdf55710 0 0 0
[    21.08 ] D: info.stepCount 0x21fdf55710 0 0 0
[    21.08 ] D: info.stepCount 0x21fdf55710 0 0 0
[    21.08 ] D: info.stepCount 0x21fdf55710 0 0 0
[    21.08 ] D: info.stepCount 0x21fdf55710 0 0 0
[    21.08 ] D: info.stepCount 0x21fdf55710 0 0 0
[    21.08 ] D: info.stepCount 0x21fdf55710 0 0 0
[    21.08 ] D: info.stepCount 0x21fdf55710 0 0 0
[    21.08 ] D: info.stepCount 0x21fdf55710 0 0 0
[    21.08 ] D: info.stepCount 0x21fdf55710 0 0 0
[    21.08 ] D: info.stepCount 0x21fdf55710 0 0 0
[    21.08 ] D: info.stepCount 0x21fdf55710 0 0 0
[    21.08 ] D: info.stepCount 0x21fdf55710 0 0 0
[    21.08 ] D: info.stepCount 0x21fdf55710 0 0 0
[    21.08 ] D: info.stepCount 0x21fdf55710 0 0 0
[    21.08 ] D: info.stepCount 0x21fdf55710 0 0 0
[    21.08 ] D: info.stepCount 0x21fdf55710 0 0 0
[    21.08 ] D: info.stepCount 0x21fdf55710 0 0 0
[    21.08 ] D: info.stepCount 0x21fdf55710 0 0 0
[    21.08 ] D: info.stepCount 0x21fdf55710 0 0 0
[    21.08 ] D: info.stepCount 0x21fdf55710 0 0 0
[    21.08 ] D: info.stepCount 0x21fdf55710 0 0 0
[    21.08 ] D: info.stepCount 0x21fdf55710 0 0 0
[    21.08 ] D: info.stepCount 0x21fdf55710 0 0 0
[    21.08 ] D: info.stepCount 0x21fdf55710 0 0 0
[    21.08 ] D: info.stepCount 0x21fdf55710 0 0 0
[    21.08 ] D: info.stepCount 0x21fdf55710 0 0 0
[    21.08 ] D: info.stepCount 0x21fdf55710 0 0 0
[    21.08 ] D: info.stepCount 0x21fdf55710 0 0 0
[    21.08 ] D: info.stepCount 0x21fdf55710 0 0 0
[    21.08 ] D: info.stepCount 0x21fdf55710 0 0 0
[    21.08 ] D: info.stepCount 0x21fdf55710 0 0 0
[    21.08 ] D: info.stepCount 0x21fdf55710 0 0 0
[    21.08 ] D: info.stepCount 0x21fdf55710 0 0 0
[    21.08 ] D: info.stepCount 0x21fdf55710 0 0 0
[    21.08 ] D: info.stepCount 0x21fdf55710 0 0 0
[    21.08 ] D: info.stepCount 0x21fdf55710 0 0 0
[    21.08 ] D: info.stepCount 0x21fdf55710 0 0 0
[    21.08 ] D: info.stepCount 0x21fdf55710 0 0 0
[    21.08 ] D: info.stepCount 0x21fdf55710 0 0 0
[    21.08 ] D: info.stepCount 0x21fdf55710 0 0 0
[    21.08 ] D: info.stepCount 0x21fdf55710 0 0 0
[    21.08 ] D: info.stepCount 0x21fdf55710 0 0 0
[    21.08 ] D: info.stepCount 0x21fdf55710 0 0 0
[    21.08 ] D: info.stepCount 0x21fdf55710 0 0 0
[    21.08 ] D: info.stepCount 0x21fdf55710 0 0 0
[    21.08 ] D: info.stepCount 0x21fdf55710 0 0 0
[    21.08 ] D: info.stepCount 0x21fdf55710 0 0 0
[    21.08 ] D: info.stepCount 0x21fdf55710 0 0 0
[    21.08 ] D: info.stepCount 0x21fdf55710 0 0 0
[    21.08 ] D: info.stepCount 0x21fdf55710 0 0 0
[    21.08 ] D: info.stepCount 0x21fdf55710 0 0 0
[    21.08 ] D: info.stepCount 0x21fdf55710 0 0 0
[    21.08 ] D: info.stepCount 0x21fdf55710 0 0 0
[    21.08 ] D: info.stepCount 0x21fdf55710 0 0 0
[    21.08 ] D: info.stepCount 0x21fdf55710 0 0 0
[    21.08 ] D: info.stepCount 0x21fdf55710 0 0 0
[    21.08 ] D: info.stepCount 0x21fdf55710 0 0 0
[    21.08 ] D: info.stepCount 0x21fdf55710 0 0 0
[    21.08 ] D: info.stepCount 0x21fdf55710 0 0 0
[    21.08 ] D: info.stepCount 0x21fdf55710 0 0 0
[    21.08 ] D: info.stepCount 0x21fdf55710 0 0 0
[    21.08 ] D: info.stepCount 0x21fdf55710 0 0 0
[    21.08 ] D: info.stepCount 0x21fdf55710 0 0 0
[    21.08 ] D: info.stepCount 0x21fdf55710 0 0 0
[    21.08 ] D: info.stepCount 0x21fdf55710 0 0 0
[    21.08 ] D: info.stepCount 0x21fdf55710 0 0 0
[    21.08 ] D: info.stepCount 0x21fdf55710 0 0 0
[    21.08 ] D: info.stepCount 0x21fdf55710 0 0 0
[    21.08 ] D: info.stepCount 0x21fdf55710 0 0 0
[    21.08 ] D: info.stepCount 0x21fdf55710 0 0 0
[    21.08 ] D: info.stepCount 0x21fdf55710 0 0 0
[    21.08 ] D: info.stepCount 0x21fdf55710 0 0 0
[    21.08 ] D: info.stepCount 0x21fdf55710 0 0 0
[    21.08 ] D: info.stepCount 0x21fdf55710 0 0 0
[    21.08 ] D: info.stepCount 0x21fdf55710 0 0 0
[    21.08 ] D: info.stepCount 0x21fdf55710 0 0 0
[    21.09 ] D: effectModel.controls Vst3Effect(0x1a6f9686e20)
[    21.32 ] D: ADDED
[    23.03 ] D: findTrackIndexByPoint 0 QRect(0,0 1707x111) true QPointF(216,73)
[   186.63 ] D: LambdaFunctionPointerVoidReturnType class `public: __cdecl DGE::QtWrapper::QMLScene::QNode3D::QNode3D(class DGE::QtWrapper::QMLScene::QINode3D * __ptr64) __ptr64'::`2'::<lambda_1> Is Destroyed
[   186.63 ] D: LambdaFunctionPointerVoidReturnType class `public: __cdecl DGE::QtWrapper::QMLScene::QNode3D::QNode3D(class DGE::QtWrapper::QMLScene::QINode3D * __ptr64) __ptr64'::`2'::<lambda_1> Is Destroyed
[   186.63 ] D: LambdaFunctionPointerVoidReturnType class `protected: void __cdecl DGE::QtWrapper::QMLScene::QPerspectiveCameraController::commonInitConstructor(void) __ptr64'::`2'::<lambda_1> Is Destroyed
[   186.63 ] D: LambdaFunctionPointerVoidReturnType class `protected: void __cdecl DGE::QtWrapper::QMLScene::QPerspectiveCameraController::commonInitConstructor(void) __ptr64'::`2'::<lambda_1> Is Destroyed
[   186.63 ] D: LambdaFunctionPointerVoidReturnType class `private: void __cdecl DGE::QtWrapper::QMLScene::QThirdPersonController::commonInitConstructor(void) __ptr64'::`2'::<lambda_1> Is Destroyed
[   186.63 ] D: MemberFunctionPointer void (__cdecl DGE::QtWrapper::QMLScene::QComponent3D::*)(void) __ptr64 Is Destroyed
[   186.63 ] D: MemberFunctionPointer void (__cdecl DGE::QtWrapper::QMLScene::QThirdPersonController::*)(class std::shared_ptr<class DGE::Scene::Component>) __ptr64 Is Destroyed
[   186.63 ] D: LambdaFunctionPointerVoidReturnType class `public: __cdecl DGE::QtWrapper::QMLScene::QCameraComponent::QCameraComponent(class DGE::QtWrapper::QMLScene::QNode3D * __ptr64,bool) __ptr64'::`2'::<lambda_1> Is Destroyed
[   186.63 ] D: MemberFunctionPointer void (__cdecl DGE::QtWrapper::QMLScene::QComponent3D::*)(void) __ptr64 Is Destroyed
[   186.63 ] D: LambdaFunctionPointerVoidReturnType class `private: void __cdecl DGE::QtWrapper::QMLScene::QPerspectiveLens::commonInitConstructor(void) __ptr64'::`2'::<lambda_1> Is Destroyed
[   186.63 ] D: LambdaFunctionPointerVoidReturnType class `protected: void __cdecl DGE::QtWrapper::QMLScene::QPerspectiveCameraController::commonInitConstructor(void) __ptr64'::`2'::<lambda_1> Is Destroyed
[   186.63 ] D: LambdaFunctionPointerVoidReturnType class `private: void __cdecl DGE::QtWrapper::QMLScene::QThirdPersonController::commonInitConstructor(void) __ptr64'::`2'::<lambda_1> Is Destroyed
[   186.63 ] D: LambdaFunctionPointerVoidReturnType class `protected: void __cdecl DGE::QtWrapper::QMLScene::QPerspectiveCameraController::commonInitConstructor(void) __ptr64'::`2'::<lambda_1> Is Destroyed
[   186.63 ] D: MemberFunctionPointer void (__cdecl DGE::QtWrapper::QMLScene::QComponent3D::*)(void) __ptr64 Is Destroyed
[   186.63 ] D: MemberFunctionPointer void (__cdecl DGE::QtWrapper::QMLScene::QThirdPersonController::*)(class std::shared_ptr<class DGE::Scene::Component>) __ptr64 Is Destroyed
[   186.63 ] D: LambdaFunctionPointerVoidReturnType class `public: __cdecl DGE::QtWrapper::QMLScene::QCameraComponent::QCameraComponent(class DGE::QtWrapper::QMLScene::QNode3D * __ptr64,bool) __ptr64'::`2'::<lambda_1> Is Destroyed
[   186.63 ] D: MemberFunctionPointer void (__cdecl DGE::QtWrapper::QMLScene::QComponent3D::*)(void) __ptr64 Is Destroyed
[   186.63 ] D: LambdaFunctionPointerVoidReturnType class `private: void __cdecl DGE::QtWrapper::QMLScene::QOrthoLens::commonInitConstructor(void) __ptr64'::`2'::<lambda_1> Is Destroyed
[   186.63 ] D: LambdaFunctionPointerVoidReturnType class `protected: void __cdecl DGE::QtWrapper::QMLScene::QPerspectiveCameraController::commonInitConstructor(void) __ptr64'::`2'::<lambda_1> Is Destroyed
[   186.63 ] D: LambdaFunctionPointerVoidReturnType class `protected: void __cdecl DGE::QtWrapper::QMLScene::QPerspectiveCameraController::commonInitConstructor(void) __ptr64'::`2'::<lambda_1> Is Destroyed
[   186.63 ] D: LambdaFunctionPointerVoidReturnType class `private: void __cdecl DGE::QtWrapper::QMLScene::QThirdPersonController::commonInitConstructor(void) __ptr64'::`2'::<lambda_1> Is Destroyed
[   186.63 ] D: MemberFunctionPointer void (__cdecl DGE::QtWrapper::QMLScene::QComponent3D::*)(void) __ptr64 Is Destroyed
[   186.63 ] D: MemberFunctionPointer void (__cdecl DGE::QtWrapper::QMLScene::QThirdPersonController::*)(class std::shared_ptr<class DGE::Scene::Component>) __ptr64 Is Destroyed
[   186.63 ] D: LambdaFunctionPointerVoidReturnType class `public: __cdecl DGE::QtWrapper::QMLScene::QCameraComponent::QCameraComponent(class DGE::QtWrapper::QMLScene::QNode3D * __ptr64,bool) __ptr64'::`2'::<lambda_1> Is Destroyed
[   186.63 ] D: MemberFunctionPointer void (__cdecl DGE::QtWrapper::QMLScene::QComponent3D::*)(void) __ptr64 Is Destroyed
[   186.63 ] D: LambdaFunctionPointerVoidReturnType class `private: void __cdecl DGE::QtWrapper::QMLScene::QOrthoLens::commonInitConstructor(void) __ptr64'::`2'::<lambda_1> Is Destroyed
[   186.64 ] D: LambdaFunctionPointerVoidReturnType class `public: __cdecl DGE::QtWrapper::QMLScene::QCameraComponent::QCameraComponent(class DGE::QtWrapper::QMLScene::QNode3D * __ptr64,bool) __ptr64'::`2'::<lambda_1> Is Destroyed
[   186.64 ] D: MemberFunctionPointer void (__cdecl DGE::QtWrapper::QMLScene::QComponent3D::*)(void) __ptr64 Is Destroyed
[   186.64 ] D: LambdaFunctionPointerVoidReturnType class `private: void __cdecl DGE::QtWrapper::QMLScene::QPerspectiveLens::commonInitConstructor(void) __ptr64'::`2'::<lambda_1> Is Destroyed
[   186.64 ] D: LambdaFunctionPointerVoidReturnType class `protected: void __cdecl DGE::QtWrapper::QMLScene::QPerspectiveCameraController::commonInitConstructor(void) __ptr64'::`2'::<lambda_1> Is Destroyed
[   186.64 ] D: LambdaFunctionPointerVoidReturnType class `protected: void __cdecl DGE::QtWrapper::QMLScene::QPerspectiveCameraController::commonInitConstructor(void) __ptr64'::`2'::<lambda_1> Is Destroyed
[   186.64 ] D: LambdaFunctionPointerVoidReturnType class `private: void __cdecl DGE::QtWrapper::QMLScene::QThirdPersonController::commonInitConstructor(void) __ptr64'::`2'::<lambda_1> Is Destroyed
[   186.64 ] D: MemberFunctionPointer void (__cdecl DGE::QtWrapper::QMLScene::QComponent3D::*)(void) __ptr64 Is Destroyed
[   186.64 ] D: MemberFunctionPointer void (__cdecl DGE::QtWrapper::QMLScene::QThirdPersonController::*)(class std::shared_ptr<class DGE::Scene::Component>) __ptr64 Is Destroyed
[   186.64 ] D: LambdaFunctionPointerVoidReturnType class `public: __cdecl DGE::QtWrapper::QMLScene::QCameraComponent::QCameraComponent(class DGE::QtWrapper::QMLScene::QNode3D * __ptr64,bool) __ptr64'::`2'::<lambda_1> Is Destroyed
[   186.64 ] D: MemberFunctionPointer void (__cdecl DGE::QtWrapper::QMLScene::QComponent3D::*)(void) __ptr64 Is Destroyed
[   186.64 ] D: LambdaFunctionPointerVoidReturnType class `private: void __cdecl DGE::QtWrapper::QMLScene::QPerspectiveLens::commonInitConstructor(void) __ptr64'::`2'::<lambda_1> Is Destroyed
[   186.64 ] D: LambdaFunctionPointerVoidReturnType class `protected: void __cdecl DGE::QtWrapper::QMLScene::QPerspectiveCameraController::commonInitConstructor(void) __ptr64'::`2'::<lambda_1> Is Destroyed
[   186.64 ] D: LambdaFunctionPointerVoidReturnType class `protected: void __cdecl DGE::QtWrapper::QMLScene::QPerspectiveCameraController::commonInitConstructor(void) __ptr64'::`2'::<lambda_1> Is Destroyed
[   186.64 ] D: LambdaFunctionPointerVoidReturnType class `private: void __cdecl DGE::QtWrapper::QMLScene::QThirdPersonController::commonInitConstructor(void) __ptr64'::`2'::<lambda_1> Is Destroyed
[   186.64 ] D: MemberFunctionPointer void (__cdecl DGE::QtWrapper::QMLScene::QComponent3D::*)(void) __ptr64 Is Destroyed
[   186.64 ] D: MemberFunctionPointer void (__cdecl DGE::QtWrapper::QMLScene::QThirdPersonController::*)(class std::shared_ptr<class DGE::Scene::Component>) __ptr64 Is Destroyed
[   186.64 ] D: LambdaFunctionPointerVoidReturnType class `public: __cdecl DGE::QtWrapper::QMLScene::QCameraComponent::QCameraComponent(class DGE::QtWrapper::QMLScene::QNode3D * __ptr64,bool) __ptr64'::`2'::<lambda_1> Is Destroyed
[   186.64 ] D: MemberFunctionPointer void (__cdecl DGE::QtWrapper::QMLScene::QComponent3D::*)(void) __ptr64 Is Destroyed
[   186.64 ] D: LambdaFunctionPointerVoidReturnType class `private: void __cdecl DGE::QtWrapper::QMLScene::QOrthoLens::commonInitConstructor(void) __ptr64'::`2'::<lambda_1> Is Destroyed
[   186.64 ] D: LambdaFunctionPointerVoidReturnType class `protected: void __cdecl DGE::QtWrapper::QMLScene::QPerspectiveCameraController::commonInitConstructor(void) __ptr64'::`2'::<lambda_1> Is Destroyed
[   186.64 ] D: LambdaFunctionPointerVoidReturnType class `private: void __cdecl DGE::QtWrapper::QMLScene::QThirdPersonController::commonInitConstructor(void) __ptr64'::`2'::<lambda_1> Is Destroyed
[   186.64 ] D: LambdaFunctionPointerVoidReturnType class `protected: void __cdecl DGE::QtWrapper::QMLScene::QPerspectiveCameraController::commonInitConstructor(void) __ptr64'::`2'::<lambda_1> Is Destroyed
[   186.64 ] D: MemberFunctionPointer void (__cdecl DGE::QtWrapper::QMLScene::QComponent3D::*)(void) __ptr64 Is Destroyed
[   186.64 ] D: MemberFunctionPointer void (__cdecl DGE::QtWrapper::QMLScene::QThirdPersonController::*)(class std::shared_ptr<class DGE::Scene::Component>) __ptr64 Is Destroyed
[   186.64 ] D: LambdaFunctionPointerVoidReturnType class `public: __cdecl DGE::QtWrapper::QMLScene::QCameraComponent::QCameraComponent(class DGE::QtWrapper::QMLScene::QNode3D * __ptr64,bool) __ptr64'::`2'::<lambda_1> Is Destroyed
[   186.64 ] D: MemberFunctionPointer void (__cdecl DGE::QtWrapper::QMLScene::QComponent3D::*)(void) __ptr64 Is Destroyed
[   186.64 ] D: LambdaFunctionPointerVoidReturnType class `private: void __cdecl DGE::QtWrapper::QMLScene::QOrthoLens::commonInitConstructor(void) __ptr64'::`2'::<lambda_1> Is Destroyed
[   186.65 ] D: LambdaFunctionPointerVoidReturnType class `public: __cdecl DGE::QtWrapper::QMLScene::QCameraComponent::QCameraComponent(class DGE::QtWrapper::QMLScene::QNode3D * __ptr64,bool) __ptr64'::`2'::<lambda_1> Is Destroyed
[   186.65 ] D: MemberFunctionPointer void (__cdecl DGE::QtWrapper::QMLScene::QComponent3D::*)(void) __ptr64 Is Destroyed
[   186.65 ] D: LambdaFunctionPointerVoidReturnType class `private: void __cdecl DGE::QtWrapper::QMLScene::QPerspectiveLens::commonInitConstructor(void) __ptr64'::`2'::<lambda_1> Is Destroyed
[   186.65 ] D: LambdaFunctionPointerVoidReturnType class `protected: void __cdecl DGE::QtWrapper::QMLScene::QPerspectiveCameraController::commonInitConstructor(void) __ptr64'::`2'::<lambda_1> Is Destroyed
[   186.65 ] D: LambdaFunctionPointerVoidReturnType class `protected: void __cdecl DGE::QtWrapper::QMLScene::QPerspectiveCameraController::commonInitConstructor(void) __ptr64'::`2'::<lambda_1> Is Destroyed
[   186.65 ] D: LambdaFunctionPointerVoidReturnType class `private: void __cdecl DGE::QtWrapper::QMLScene::QThirdPersonController::commonInitConstructor(void) __ptr64'::`2'::<lambda_1> Is Destroyed
[   186.65 ] D: MemberFunctionPointer void (__cdecl DGE::QtWrapper::QMLScene::QComponent3D::*)(void) __ptr64 Is Destroyed
[   186.65 ] D: MemberFunctionPointer void (__cdecl DGE::QtWrapper::QMLScene::QThirdPersonController::*)(class std::shared_ptr<class DGE::Scene::Component>) __ptr64 Is Destroyed
[   186.65 ] D: LambdaFunctionPointerVoidReturnType class `public: __cdecl DGE::QtWrapper::QMLScene::QCameraComponent::QCameraComponent(class DGE::QtWrapper::QMLScene::QNode3D * __ptr64,bool) __ptr64'::`2'::<lambda_1> Is Destroyed
[   186.65 ] D: MemberFunctionPointer void (__cdecl DGE::QtWrapper::QMLScene::QComponent3D::*)(void) __ptr64 Is Destroyed
[   186.65 ] D: LambdaFunctionPointerVoidReturnType class `private: void __cdecl DGE::QtWrapper::QMLScene::QPerspectiveLens::commonInitConstructor(void) __ptr64'::`2'::<lambda_1> Is Destroyed
[   186.65 ] D: LambdaFunctionPointerVoidReturnType class `protected: void __cdecl DGE::QtWrapper::QMLScene::QPerspectiveCameraController::commonInitConstructor(void) __ptr64'::`2'::<lambda_1> Is Destroyed
[   186.65 ] D: LambdaFunctionPointerVoidReturnType class `private: void __cdecl DGE::QtWrapper::QMLScene::QThirdPersonController::commonInitConstructor(void) __ptr64'::`2'::<lambda_1> Is Destroyed
[   186.65 ] D: LambdaFunctionPointerVoidReturnType class `protected: void __cdecl DGE::QtWrapper::QMLScene::QPerspectiveCameraController::commonInitConstructor(void) __ptr64'::`2'::<lambda_1> Is Destroyed
[   186.65 ] D: MemberFunctionPointer void (__cdecl DGE::QtWrapper::QMLScene::QComponent3D::*)(void) __ptr64 Is Destroyed
[   186.65 ] D: MemberFunctionPointer void (__cdecl DGE::QtWrapper::QMLScene::QThirdPersonController::*)(class std::shared_ptr<class DGE::Scene::Component>) __ptr64 Is Destroyed
[   186.65 ] D: LambdaFunctionPointerVoidReturnType class `public: __cdecl DGE::QtWrapper::QMLScene::QCameraComponent::QCameraComponent(class DGE::QtWrapper::QMLScene::QNode3D * __ptr64,bool) __ptr64'::`2'::<lambda_1> Is Destroyed
[   186.65 ] D: MemberFunctionPointer void (__cdecl DGE::QtWrapper::QMLScene::QComponent3D::*)(void) __ptr64 Is Destroyed
[   186.65 ] D: LambdaFunctionPointerVoidReturnType class `private: void __cdecl DGE::QtWrapper::QMLScene::QOrthoLens::commonInitConstructor(void) __ptr64'::`2'::<lambda_1> Is Destroyed
[   186.65 ] D: LambdaFunctionPointerVoidReturnType class `protected: void __cdecl DGE::QtWrapper::QMLScene::QPerspectiveCameraController::commonInitConstructor(void) __ptr64'::`2'::<lambda_1> Is Destroyed
[   186.65 ] D: LambdaFunctionPointerVoidReturnType class `protected: void __cdecl DGE::QtWrapper::QMLScene::QPerspectiveCameraController::commonInitConstructor(void) __ptr64'::`2'::<lambda_1> Is Destroyed
[   186.65 ] D: LambdaFunctionPointerVoidReturnType class `private: void __cdecl DGE::QtWrapper::QMLScene::QThirdPersonController::commonInitConstructor(void) __ptr64'::`2'::<lambda_1> Is Destroyed
[   186.65 ] D: MemberFunctionPointer void (__cdecl DGE::QtWrapper::QMLScene::QComponent3D::*)(void) __ptr64 Is Destroyed
[   186.65 ] D: MemberFunctionPointer void (__cdecl DGE::QtWrapper::QMLScene::QThirdPersonController::*)(class std::shared_ptr<class DGE::Scene::Component>) __ptr64 Is Destroyed
[   186.65 ] D: LambdaFunctionPointerVoidReturnType class `public: __cdecl DGE::QtWrapper::QMLScene::QCameraComponent::QCameraComponent(class DGE::QtWrapper::QMLScene::QNode3D * __ptr64,bool) __ptr64'::`2'::<lambda_1> Is Destroyed
[   186.65 ] D: MemberFunctionPointer void (__cdecl DGE::QtWrapper::QMLScene::QComponent3D::*)(void) __ptr64 Is Destroyed
[   186.65 ] D: LambdaFunctionPointerVoidReturnType class `private: void __cdecl DGE::QtWrapper::QMLScene::QOrthoLens::commonInitConstructor(void) __ptr64'::`2'::<lambda_1> Is Destroyed
[   186.65 ] D: LambdaFunctionPointerVoidReturnType class `public: __cdecl DGE::QtWrapper::QMLScene::QCameraComponent::QCameraComponent(class DGE::QtWrapper::QMLScene::QNode3D * __ptr64,bool) __ptr64'::`2'::<lambda_1> Is Destroyed
[   186.65 ] D: MemberFunctionPointer void (__cdecl DGE::QtWrapper::QMLScene::QComponent3D::*)(void) __ptr64 Is Destroyed
[   186.65 ] D: LambdaFunctionPointerVoidReturnType class `private: void __cdecl DGE::QtWrapper::QMLScene::QPerspectiveLens::commonInitConstructor(void) __ptr64'::`2'::<lambda_1> Is Destroyed
[   186.74 ] D: -----Released Scene Module-----
[   186.74 ] D: -----Released GFX Module-----
[   186.75 ] I: Log: Log file closed, 1403/6/12 09:18:50
