[    13.95 ] I: Log: Log file open in follow path at 1403/6/26 20:26:59 : C:\Users\AmirPasha\Desktop\Rpos\DAW-3\build2019\debug\Logs\Launch.log
[    13.95 ] I: The subsystem "class DGE::Core::IO::LogSystem::Logger" is registered successfully.
[    13.95 ] I: The subsystem "class DGE::Core::Windows::QtWindow" is registered successfully.
[    13.95 ] D: API version is: 4.60 ,shader version is: 4.60
[    13.95 ] I: The subsystem "class DGE::GFX::GCore::QtWrapper::QtRenderer" is registered successfully.
[    13.95 ] I: Current Render API is: 4.60
[    13.95 ] I: The subsystem "Renderer" is registered successfully.
[    13.95 ] I: The subsystem "class DGE::Core::Platforms::QtPlatform" is registered successfully.
[    13.95 ] I: The subsystem "Platform" is registered successfully.
[    13.95 ] I: The subsystem "class DGE::Core::IO::FileSystem::FileManager" is registered successfully.
[    13.95 ] I: The subsystem "class DGE::Core::CoreModule" is registered successfully.
[    13.95 ] I: The subsystem "class DGE::Core::Profiling::Profiler" is registered successfully.
[    13.95 ] I: The subsystem "class DGE::GFX::DrawablesManager" is registered successfully.
[    13.95 ] I: #version 460 core
#define GLES_Ver 460

[    13.95 ] I: The subsystem "class DGE::GFX::GraphicsManager" is registered successfully.
[    13.95 ] I: The subsystem "class DGE::GFX::GFXModule" is registered successfully.
[    14.47 ] D: Shader Compile successfully.
[    14.48 ] I: The subsystem "class DGE::Scene::ViewportManager" is registered successfully.
[    14.48 ] I: The subsystem "class DGE::Scene::SceneModule" is registered successfully.
[    14.48 ] I: The subsystem "class DGE::Managers::RenderManager" is registered successfully.
[    14.48 ] D: Engine Enabled
[    14.48 ] I: The subsystem "class DGE::Engine" is registered successfully.
[    14.48 ] D: Node with id 1 is added to Qt layer
[    14.48 ] D: Node with id 2460 is added to Qt layer
[    14.48 ] D: Node with id 2462 is added to Qt layer
[    14.49 ] D: Node with id 2464 is added to Qt layer
[    14.49 ] D: Node with id 2466 is added to Qt layer
[    14.49 ] D: Node with id 2468 is added to Qt layer
[    14.49 ] D: Node with id 2470 is added to Qt layer
[    14.49 ] D: Node with id 2472 is added to Qt layer
[    14.50 ] D: Node with id 2474 is added to Qt layer
[    14.50 ] D: Node with id 2476 is added to Qt layer
[    14.50 ] D: Node with id 2478 is added to Qt layer
[    14.50 ] D: Node with id 2480 is added to Qt layer
[    14.51 ] D: Node with id 2482 is added to Qt layer
[    14.51 ] D: Node with id 2484 is added to Qt layer
[    14.51 ] D: Node with id 2486 is added to Qt layer
[    14.51 ] D: Node with id 2487 is added to Qt layer
[    14.51 ] D: Node with id 2489 is added to Qt layer
[    14.51 ] D: Node with id 2491 is added to Qt layer
[    14.52 ] D: Node with id 3 is added to Qt layer
[    14.52 ] D: Node with id 2493 is added to Qt layer
[    14.52 ] S: New view-port registered with id: 1
[    14.52 ] S: New view-port registered with id: 2
[    14.52 ] S: New view-port registered with id: 3
[    14.52 ] S: New view-port registered with id: 4
[    14.52 ] S: New view-port registered with id: 5
[    14.52 ] S: New view-port registered with id: 6
[    15.27 ] D: Creating suitable QNanoBackend for OpenGL 4.6 context
[    15.27 ] D: Using backend: "OpenGL 3"
[    15.48 ] W: Floating point comparison needs context sanity check
[    15.48 ] D: QT onScaleChanged=  144
[    15.57 ] W: ShaderEffectSource: 'recursive' must be set to true when rendering recursively.
[    15.64 ] W: ShaderEffectSource: 'recursive' must be set to true when rendering recursively.
[    15.71 ] W: ShaderEffectSource: 'recursive' must be set to true when rendering recursively.
[    15.72 ] W: ShaderEffectSource: 'recursive' must be set to true when rendering recursively.
[    16.03 ] D: Engine Started.
[    25.76 ] D: P1 -462
[    25.76 ] D: P1 -431
[    25.77 ] D: P1 -424
[    25.77 ] D: P1 -421
[    25.77 ] D: P1 -413
[    25.77 ] D: P1 -409
[    25.77 ] D: P1 -406
[    25.79 ] D: P1 -389
[    26.04 ] D: P1 -380
[    26.05 ] D: P1 -386
[    26.05 ] D: P1 -387
[    26.05 ] D: P1 -388
[    26.05 ] D: P1 -388
[    26.06 ] D: P1 -389
[    26.07 ] D: P1 -393
[    26.07 ] D: P1 -395
[    26.08 ] D: P1 -395
[    26.08 ] D: P1 -398
[    26.08 ] D: P1 -400
[    26.09 ] D: P1 -400
[    26.09 ] D: P1 -401
[    26.09 ] D: P1 -402
[    26.10 ] D: P1 -402
[    26.11 ] D: P1 -403
[    26.11 ] D: P1 -406
[    26.11 ] D: P1 -406
[    26.12 ] D: P1 -407
[    26.13 ] D: P1 -409
[    26.13 ] D: P1 -409
[    26.13 ] D: P1 -410
[    26.14 ] D: P1 -411
[    26.14 ] D: P1 -411
[    26.15 ] D: P1 -412
[    26.16 ] D: P1 -412
[    26.40 ] D: P1 -412
[    26.41 ] D: P1 -412
[    26.41 ] D: P1 -412
[    26.41 ] D: P1 -411
[    26.42 ] D: P1 -410
[    26.42 ] D: P1 -410
[    26.42 ] D: P1 -410
[    26.43 ] D: P1 -409
[    26.43 ] D: P1 -409
[    26.43 ] D: P1 -409
[    26.43 ] D: P1 -408
[    26.44 ] D: P1 -408
[    26.44 ] D: P1 -408
[    26.45 ] D: P1 -408
[    26.46 ] D: P1 -406
[    26.46 ] D: P1 -406
[    26.46 ] D: P1 -406
[    26.47 ] D: P1 -406
[    26.48 ] D: P1 -405
[    26.48 ] D: P1 -404
[    26.49 ] D: P1 -404
[    26.49 ] D: P1 -403
[    26.50 ] D: P1 -403
[    26.50 ] D: P1 -403
[    26.51 ] D: P1 -403
[    26.51 ] D: P1 -403
[    26.51 ] D: P1 -403
[    26.53 ] D: P1 -403
[    26.60 ] D: P1 -402
[    26.62 ] D: sltPositionChanged 308700
[    26.63 ] D: frame_offset 0 0 217
[    26.63 ] D: frame_offset 0 1 217
[    26.64 ] D: frame_offset 0 2 217
[    26.64 ] D: frame_offset 0 3 217
[    26.64 ] D: frame_offset 0 4 217
[    26.65 ] D: findOverlayItems 1 0
[    26.65 ] D: "{7b4e2869-0722-41a8-96e7-c4c5270ab429}" i.value()->sampleClip()->startTime()  7000 329833 329833 7000
[    26.65 ] D: findOverlayItems
[    26.65 ] D: sltPositionChanged 308700
[    26.65 ] D: frame_offset 0 0 217
[    26.66 ] D: frame_offset 0 1 217
[    26.66 ] D: frame_offset 0 2 217
[    26.66 ] D: frame_offset 0 3 217
[    26.67 ] D: frame_offset 0 4 217
[    28.11 ] D: _requestForLoading false false
[    28.11 ] D: _requestForLoading2
[    28.11 ] D: _numberOfSampleBuffer 1
[    28.11 ] D: START TO load 0
[    28.11 ] D: sltPositionChanged 485100 true
[    28.12 ] D: START TO load 1
[    28.12 ] D: START TO load 2
[    28.12 ] D: START TO load 3
[    28.12 ] D: frame_offset 2 0 217
[    28.12 ] D: frame_offset 2 1 217
[    28.13 ] D: frame_offset 2 2 217
[    28.13 ] D: frame_offset 2 3 217
[    28.13 ] D: frame_offset 2 4 217
[    28.14 ] D: sltFirstBufferFilled ("{7b4e2869-0722-41a8-96e7-c4c5270ab429}") "{7b4e2869-0722-41a8-96e7-c4c5270ab429}" true
[    28.14 ] D: _requestForLoading true false
[    28.60 ] D: AsyncFileReader 2 7
[    30.08 ] D: AsyncFileReader 3 8
[    31.58 ] D: AsyncFileReader 4 9
[    33.06 ] D: AsyncFileReader 0 10
[    34.54 ] D: AsyncFileReader 1 11
[    34.70 ] D: _editController->getParameterCount() 143
[    36.03 ] D: AsyncFileReader 2 12
[    36.66 ] D: trackIndex 0 0
[    37.51 ] D: AsyncFileReader 3 13
[    39.00 ] D: AsyncFileReader 4 14
[    40.49 ] D: AsyncFileReader 0 15
[    41.60 ] D: _editController->getParameterCount() 14
[    41.97 ] D: AsyncFileReader 1 16
[    43.45 ] D: AsyncFileReader 2 17
[    43.80 ] D: trackIndex 0 1
[    44.95 ] D: AsyncFileReader 3 18
[    46.43 ] D: AsyncFileReader 4 19
[    47.81 ] D: trackIndex 0 0
[    47.91 ] D: AsyncFileReader 0 20
[    47.96 ] D: trackIndex 0 1
[    49.41 ] D: AsyncFileReader 1 21
[    50.89 ] D: AsyncFileReader 2 22
[    52.37 ] D: AsyncFileReader 3 23
[    53.87 ] D: AsyncFileReader 4 24
[    54.83 ] D: trackIndex 0 0
[    54.87 ] D: trackIndex 0 1
[    55.35 ] D: AsyncFileReader 0 25
[    56.83 ] D: AsyncFileReader 1 26
[    58.33 ] D: AsyncFileReader 2 27
[    59.81 ] D: AsyncFileReader 3 28
[    61.29 ] D: AsyncFileReader 4 29
[    62.78 ] D: AsyncFileReader 0 30
[    64.26 ] D: AsyncFileReader 1 31
[    65.74 ] D: AsyncFileReader 2 32
[    66.32 ] D: trackIndex 0 0
[    66.37 ] D: trackIndex 0 1
[    67.24 ] D: AsyncFileReader 3 33
[    68.72 ] D: AsyncFileReader 4 34
[    70.20 ] D: AsyncFileReader 0 35
[    71.70 ] D: AsyncFileReader 1 36
[    73.18 ] D: AsyncFileReader 2 37
[    74.66 ] D: AsyncFileReader 3 38
[    76.16 ] D: AsyncFileReader 4 39
[    77.64 ] D: AsyncFileReader 0 40
[    79.12 ] D: AsyncFileReader 1 41
[    80.62 ] D: AsyncFileReader 2 42
[    82.10 ] D: AsyncFileReader 3 43
[    83.58 ] D: AsyncFileReader 4 44
[    85.08 ] D: AsyncFileReader 0 45
[    86.56 ] D: AsyncFileReader 1 46
[    88.04 ] D: AsyncFileReader 2 47
[    89.53 ] D: AsyncFileReader 3 48
[    91.01 ] D: AsyncFileReader 4 49
[    92.49 ] D: AsyncFileReader 0 50
[    93.99 ] D: AsyncFileReader 1 51
[    96.11 ] D: AsyncFileReader 2 52
[    97.59 ] D: AsyncFileReader 3 53
[    99.08 ] D: AsyncFileReader 4 54
[   100.56 ] D: AsyncFileReader 0 55
[   102.05 ] D: AsyncFileReader 1 56
[   103.54 ] D: AsyncFileReader 2 57
[   105.46 ] D: AsyncFileReader 3 58
[   106.88 ] D: _requestForLoading false false
[   106.88 ] D: _requestForLoading2
[   106.88 ] D: _numberOfSampleBuffer 1
[   106.88 ] D: START TO load 0
[   106.88 ] D: sltPositionChanged 396900 true
[   106.88 ] D: START TO load 1
[   106.88 ] D: START TO load 2
[   106.88 ] D: START TO load 3
[   106.88 ] D: frame_offset 1 0 217
[   106.89 ] D: frame_offset 1 1 217
[   106.89 ] D: frame_offset 1 2 217
[   106.89 ] D: frame_offset 1 3 217
[   106.90 ] D: frame_offset 1 4 217
[   106.91 ] D: sltFirstBufferFilled ("{7b4e2869-0722-41a8-96e7-c4c5270ab429}") "{7b4e2869-0722-41a8-96e7-c4c5270ab429}" true
[   106.91 ] D: _requestForLoading true false
[   107.88 ] D: AsyncFileReader 1 6
[   109.38 ] D: AsyncFileReader 2 7
[   110.15 ] F: Src: C:\Qt\5.15.2\msvc2019_64\include\QtCore/qvector.h:412::  ASSERT: "isDetached()" in file C:\Qt\5.15.2\msvc2019_64\include\QtCore/qvector.h, line 412
[   110.86 ] D: AsyncFileReader 3 8
[   112.34 ] D: AsyncFileReader 4 9
[   113.84 ] D: AsyncFileReader 0 10
[   115.32 ] D: AsyncFileReader 1 11
[   116.80 ] D: AsyncFileReader 2 12
[   118.30 ] D: AsyncFileReader 3 13
[   119.78 ] D: AsyncFileReader 4 14
[   121.26 ] D: AsyncFileReader 0 15
[   122.76 ] D: AsyncFileReader 1 16
[   124.24 ] D: AsyncFileReader 2 17
[   125.72 ] D: AsyncFileReader 3 18
[   127.22 ] D: AsyncFileReader 4 19
[   128.70 ] D: AsyncFileReader 0 20
[   130.18 ] D: AsyncFileReader 1 21
[   131.67 ] D: AsyncFileReader 2 22
[   133.15 ] D: AsyncFileReader 3 23
[   134.63 ] D: AsyncFileReader 4 24
[   136.13 ] D: AsyncFileReader 0 25
[   137.61 ] D: AsyncFileReader 1 26
[   139.09 ] D: AsyncFileReader 2 27
[   140.59 ] D: AsyncFileReader 3 28
[   142.07 ] D: AsyncFileReader 4 29
[   142.35 ] D: _requestForLoading false false
[   142.35 ] D: _requestForLoading2
[   142.35 ] D: _numberOfSampleBuffer 1
[   142.35 ] D: START TO load 0
[   142.35 ] D: sltPositionChanged 396900 true
[   142.35 ] D: START TO load 1
[   142.35 ] D: START TO load 2
[   142.35 ] D: START TO load 3
[   142.35 ] D: frame_offset 1 0 217
[   142.35 ] D: frame_offset 1 1 217
[   142.36 ] D: frame_offset 1 2 217
[   142.36 ] D: frame_offset 1 3 217
[   142.36 ] D: frame_offset 1 4 217
[   142.39 ] D: sltFirstBufferFilled ("{7b4e2869-0722-41a8-96e7-c4c5270ab429}") "{7b4e2869-0722-41a8-96e7-c4c5270ab429}" true
[   142.39 ] D: _requestForLoading true false
[   143.36 ] D: AsyncFileReader 1 6
[   144.86 ] D: AsyncFileReader 2 7
[   145.62 ] W: ShaderEffectSource: 'recursive' must be set to true when rendering recursively.
[   146.34 ] D: AsyncFileReader 3 8
[   147.08 ] D: _pointActive1 false true false
[   147.82 ] D: AsyncFileReader 4 9
[   148.03 ] D: _pointActive1 false true false
[   149.31 ] D: AsyncFileReader 0 10
[   150.80 ] D: AsyncFileReader 1 11
[   152.29 ] D: AsyncFileReader 2 12
[   153.77 ] D: AsyncFileReader 3 13
[   153.98 ] D: ADDED 0 "wetDry" 3
[   153.99 ] D: _tracksModel->getItem(i)->rect( QRect(0,0 1707x111)
[   153.99 ] D: _tracksModel->getItem(i)->rect( QRect(0,195 1707x111)
[   153.99 ] D: _tracksModel->getItem(i)->rect( QRect(0,306 1707x111)
[   153.99 ] D: _tracksModel->getItem(i)->rect( QRect(0,417 1707x111)
[   154.41 ] W: ShaderEffectSource: 'recursive' must be set to true when rendering recursively.
[   154.41 ] W: ShaderEffectSource: 'recursive' must be set to true when rendering recursively.
[   155.25 ] D: AsyncFileReader 4 14
[   156.73 ] D: AsyncFileReader 0 15
[   158.24 ] D: AsyncFileReader 1 16
[   159.89 ] D: AsyncFileReader 2 17
[   161.37 ] D: AsyncFileReader 3 18
[   162.87 ] D: AsyncFileReader 4 19
[   163.07 ] W: ShaderEffectSource: 'recursive' must be set to true when rendering recursively.
[   164.35 ] D: AsyncFileReader 0 20
[   165.19 ] D: _pointActive1 false false true
[   165.19 ] D: _outerActive1
[   165.19 ] D: _outerActive2
[   165.19 ] D: _outerActive3
[   165.83 ] D: AsyncFileReader 1 21
[   167.33 ] D: AsyncFileReader 2 22
[   168.81 ] D: AsyncFileReader 3 23
[   170.13 ] D: _pointActive1 false true false
[   170.29 ] D: AsyncFileReader 4 24
[   171.78 ] D: AsyncFileReader 0 25
[   172.75 ] D: _pointActive1 true false false
[   173.26 ] D: AsyncFileReader 1 26
[   174.74 ] D: AsyncFileReader 2 27
[   176.24 ] D: AsyncFileReader 3 28
[   176.77 ] D: _requestForLoading false false
[   176.77 ] D: _requestForLoading2
[   176.77 ] D: _numberOfSampleBuffer 1
[   176.77 ] D: START TO load 0
[   176.77 ] D: sltPositionChanged 485100 true
[   176.77 ] D: START TO load 1
[   176.77 ] D: START TO load 2
[   176.77 ] D: START TO load 3
[   176.77 ] D: frame_offset 2 0 217
[   176.78 ] D: frame_offset 2 1 217
[   176.78 ] D: frame_offset 2 2 217
[   176.78 ] D: frame_offset 2 3 217
[   176.79 ] D: frame_offset 2 4 217
[   176.81 ] D: sltFirstBufferFilled ("{7b4e2869-0722-41a8-96e7-c4c5270ab429}") "{7b4e2869-0722-41a8-96e7-c4c5270ab429}" true
[   176.81 ] D: _requestForLoading true false
[   177.27 ] D: AsyncFileReader 2 7
[   178.75 ] D: AsyncFileReader 3 8
[   180.23 ] D: AsyncFileReader 4 9
[   181.73 ] D: AsyncFileReader 0 10
[   183.21 ] D: AsyncFileReader 1 11
[   184.69 ] D: AsyncFileReader 2 12
[   186.19 ] D: AsyncFileReader 3 13
[   187.67 ] D: AsyncFileReader 4 14
[   189.15 ] D: AsyncFileReader 0 15
[   190.64 ] D: AsyncFileReader 1 16
[   192.12 ] D: AsyncFileReader 2 17
[   193.61 ] D: AsyncFileReader 3 18
[   194.35 ] D: _requestForLoading false false
[   194.35 ] D: _requestForLoading2
[   194.35 ] D: _numberOfSampleBuffer 1
[   194.35 ] D: START TO load 0
[   194.35 ] D: sltPositionChanged 485100 true
[   194.35 ] D: START TO load 1
[   194.35 ] D: START TO load 2
[   194.35 ] D: START TO load 3
[   194.35 ] D: frame_offset 2 0 217
[   194.36 ] D: frame_offset 2 1 217
[   194.36 ] D: frame_offset 2 2 217
[   194.37 ] D: frame_offset 2 3 217
[   194.37 ] D: frame_offset 2 4 217
[   194.39 ] D: sltFirstBufferFilled ("{7b4e2869-0722-41a8-96e7-c4c5270ab429}") "{7b4e2869-0722-41a8-96e7-c4c5270ab429}" true
[   194.39 ] D: _requestForLoading true false
[   194.82 ] D: AsyncFileReader 2 7
[   196.32 ] D: AsyncFileReader 3 8
[   197.80 ] D: AsyncFileReader 4 9
[   199.28 ] D: AsyncFileReader 0 10
[   200.78 ] D: AsyncFileReader 1 11
[   202.26 ] D: AsyncFileReader 2 12
[   204.43 ] D: AsyncFileReader 3 13
[   205.95 ] D: AsyncFileReader 4 14
[   207.43 ] D: AsyncFileReader 0 15
[   208.91 ] D: AsyncFileReader 1 16
[   210.41 ] D: AsyncFileReader 2 17
[   211.89 ] D: AsyncFileReader 3 18
[   213.37 ] D: AsyncFileReader 4 19
[   214.87 ] D: AsyncFileReader 0 20
[   216.35 ] D: AsyncFileReader 1 21
[   217.83 ] D: AsyncFileReader 2 22
[   219.33 ] D: AsyncFileReader 3 23
[   220.81 ] D: AsyncFileReader 4 24
[   222.29 ] D: AsyncFileReader 0 25
[   223.79 ] D: AsyncFileReader 1 26
[   225.27 ] D: AsyncFileReader 2 27
[   226.08 ] D: _requestForLoading false false
[   226.08 ] D: _requestForLoading2
[   226.08 ] D: _numberOfSampleBuffer 1
[   226.08 ] D: START TO load 0
[   226.09 ] D: sltPositionChanged 441000 true
[   226.09 ] D: START TO load 1
[   226.09 ] D: START TO load 2
[   226.09 ] D: START TO load 3
[   226.09 ] D: frame_offset 2 0 217
[   226.09 ] D: frame_offset 2 1 217
[   226.10 ] D: frame_offset 2 2 217
[   226.10 ] D: frame_offset 2 3 217
[   226.10 ] D: frame_offset 2 4 217
[   226.12 ] D: sltFirstBufferFilled ("{7b4e2869-0722-41a8-96e7-c4c5270ab429}") "{7b4e2869-0722-41a8-96e7-c4c5270ab429}" true
[   226.12 ] D: _requestForLoading true false
[   227.56 ] D: AsyncFileReader 2 7
[   229.34 ] D: AsyncFileReader 3 8
[   230.82 ] D: AsyncFileReader 4 9
[   232.32 ] D: AsyncFileReader 0 10
[   233.80 ] D: AsyncFileReader 1 11
[   235.28 ] D: AsyncFileReader 2 12
[   236.78 ] D: AsyncFileReader 3 13
[   238.26 ] D: AsyncFileReader 4 14
[   239.74 ] D: AsyncFileReader 0 15
[   241.24 ] D: AsyncFileReader 1 16
[   242.72 ] D: AsyncFileReader 2 17
[   244.20 ] D: AsyncFileReader 3 18
[   245.70 ] D: AsyncFileReader 4 19
[   247.18 ] D: AsyncFileReader 0 20
[   248.06 ] D: _requestForLoading false false
[   248.06 ] D: _requestForLoading2
[   248.06 ] D: _numberOfSampleBuffer 1
[   248.06 ] D: START TO load 0
[   248.06 ] D: sltPositionChanged 396900 true
[   248.06 ] D: START TO load 1
[   248.07 ] D: START TO load 2
[   248.07 ] D: START TO load 3
[   248.07 ] D: frame_offset 1 0 217
[   248.07 ] D: frame_offset 1 1 217
[   248.07 ] D: frame_offset 1 2 217
[   248.08 ] D: frame_offset 1 3 217
[   248.08 ] D: frame_offset 1 4 217
[   248.09 ] D: sltFirstBufferFilled ("{7b4e2869-0722-41a8-96e7-c4c5270ab429}") "{7b4e2869-0722-41a8-96e7-c4c5270ab429}" true
[   248.09 ] D: _requestForLoading true false
[   249.06 ] D: AsyncFileReader 1 6
[   250.56 ] D: AsyncFileReader 2 7
[   252.04 ] D: AsyncFileReader 3 8
[   281.23 ] D: _requestForLoading false false
[   281.23 ] D: _requestForLoading2
[   281.23 ] D: _numberOfSampleBuffer 1
[   281.23 ] D: START TO load 0
[   281.23 ] D: sltPositionChanged 396900 true
[   281.24 ] D: START TO load 1
[   281.24 ] D: START TO load 2
[   281.24 ] D: START TO load 3
[   281.24 ] D: frame_offset 1 0 217
[   281.24 ] D: frame_offset 1 1 217
[   281.24 ] D: frame_offset 1 2 217
[   281.25 ] D: frame_offset 1 3 217
[   281.25 ] D: frame_offset 1 4 217
[   281.26 ] D: sltFirstBufferFilled ("{7b4e2869-0722-41a8-96e7-c4c5270ab429}") "{7b4e2869-0722-41a8-96e7-c4c5270ab429}" true
[   281.26 ] D: _requestForLoading true false
[   281.94 ] D: _requestForLoading false false
[   281.94 ] D: _requestForLoading2
[   281.94 ] D: _numberOfSampleBuffer 1
[   281.94 ] D: START TO load 0
[   281.94 ] D: sltPositionChanged 396900 true
[   281.94 ] D: START TO load 1
[   281.94 ] D: START TO load 2
[   281.94 ] D: START TO load 3
[   281.94 ] D: frame_offset 1 0 217
[   281.95 ] D: frame_offset 1 1 217
[   281.95 ] D: frame_offset 1 2 217
[   281.95 ] D: frame_offset 1 3 217
[   281.96 ] D: frame_offset 1 4 217
[   281.96 ] D: sltFirstBufferFilled ("{7b4e2869-0722-41a8-96e7-c4c5270ab429}") "{7b4e2869-0722-41a8-96e7-c4c5270ab429}" true
[   281.96 ] D: _requestForLoading true false
[   282.94 ] D: AsyncFileReader 1 6
[   387.44 ] D: _requestForLoading false false
[   387.44 ] D: _requestForLoading2
[   387.44 ] D: _numberOfSampleBuffer 1
[   387.44 ] D: START TO load 0
[   387.44 ] D: sltPositionChanged 396900 true
[   387.45 ] D: START TO load 1
[   387.45 ] D: START TO load 2
[   387.45 ] D: START TO load 3
[   387.45 ] D: frame_offset 1 0 217
[   387.45 ] D: frame_offset 1 1 217
[   387.45 ] D: frame_offset 1 2 217
[   387.46 ] D: frame_offset 1 3 217
[   387.46 ] D: frame_offset 1 4 217
[   387.46 ] D: sltFirstBufferFilled ("{7b4e2869-0722-41a8-96e7-c4c5270ab429}") "{7b4e2869-0722-41a8-96e7-c4c5270ab429}" true
[   387.46 ] D: _requestForLoading true false
[   415.98 ] D: trackIndex 0 0
[   416.02 ] D: trackIndex 0 1
[   416.70 ] D: _requestForLoading false false
[   416.70 ] D: _requestForLoading2
[   416.70 ] D: _numberOfSampleBuffer 1
[   416.71 ] D: START TO load 0
[   416.71 ] D: sltPositionChanged 396900 true
[   416.71 ] D: START TO load 1
[   416.71 ] D: START TO load 2
[   416.71 ] D: frame_offset 1 0 217
[   416.71 ] D: START TO load 3
[   416.72 ] D: frame_offset 1 1 217
[   416.72 ] D: frame_offset 1 2 217
[   416.73 ] D: frame_offset 1 3 217
[   416.73 ] D: frame_offset 1 4 217
[   416.73 ] D: sltFirstBufferFilled ("{7b4e2869-0722-41a8-96e7-c4c5270ab429}") "{7b4e2869-0722-41a8-96e7-c4c5270ab429}" true
[   416.73 ] D: _requestForLoading true false
[   417.70 ] D: AsyncFileReader 1 6
[   419.19 ] D: AsyncFileReader 2 7
[   419.79 ] F: Src: C:\Qt\5.15.2\msvc2019_64\include\QtCore/qvector.h:412::  ASSERT: "isDetached()" in file C:\Qt\5.15.2\msvc2019_64\include\QtCore/qvector.h, line 412
[   420.67 ] D: AsyncFileReader 3 8
[   422.15 ] D: AsyncFileReader 4 9
[   423.65 ] D: AsyncFileReader 0 10
[   423.88 ] D: onSigValueChanged
[   423.88 ] D: onSigValueChanged
[   423.88 ] D: onSigValueChanged
[   423.89 ] D: onSigValueChanged
[   423.92 ] D: onSigValueChanged
[   424.01 ] D: onSig