[    10.51 ] I: Log: Log file open in follow path at 1403/6/25 22:24:50 : C:\Users\AmirPasha\Desktop\Rpos\DAW-3\build2019\debug\Logs\Launch.log
[    10.51 ] I: The subsystem "class DGE::Core::IO::LogSystem::Logger" is registered successfully.
[    10.52 ] I: The subsystem "class DGE::Core::Windows::QtWindow" is registered successfully.
[    10.52 ] D: API version is: 4.60 ,shader version is: 4.60
[    10.52 ] I: The subsystem "class DGE::GFX::GCore::QtWrapper::QtRenderer" is registered successfully.
[    10.52 ] I: Current Render API is: 4.60
[    10.52 ] I: The subsystem "Renderer" is registered successfully.
[    10.52 ] I: The subsystem "class DGE::Core::Platforms::QtPlatform" is registered successfully.
[    10.52 ] I: The subsystem "Platform" is registered successfully.
[    10.52 ] I: The subsystem "class DGE::Core::IO::FileSystem::FileManager" is registered successfully.
[    10.52 ] I: The subsystem "class DGE::Core::CoreModule" is registered successfully.
[    10.52 ] I: The subsystem "class DGE::Core::Profiling::Profiler" is registered successfully.
[    10.52 ] I: The subsystem "class DGE::GFX::DrawablesManager" is registered successfully.
[    10.52 ] I: #version 460 core
#define GLES_Ver 460

[    10.52 ] I: The subsystem "class DGE::GFX::GraphicsManager" is registered successfully.
[    10.52 ] I: The subsystem "class DGE::GFX::GFXModule" is registered successfully.
[    10.82 ] D: Shader Compile successfully.
[    10.83 ] I: The subsystem "class DGE::Scene::ViewportManager" is registered successfully.
[    10.83 ] I: The subsystem "class DGE::Scene::SceneModule" is registered successfully.
[    10.83 ] I: The subsystem "class DGE::Managers::RenderManager" is registered successfully.
[    10.83 ] D: Engine Enabled
[    10.83 ] I: The subsystem "class DGE::Engine" is registered successfully.
[    10.83 ] D: Node with id 1 is added to Qt layer
[    10.83 ] D: Node with id 2460 is added to Qt layer
[    10.83 ] D: Node with id 2462 is added to Qt layer
[    10.83 ] D: Node with id 2464 is added to Qt layer
[    10.83 ] D: Node with id 2466 is added to Qt layer
[    10.84 ] D: Node with id 2468 is added to Qt layer
[    10.84 ] D: Node with id 2470 is added to Qt layer
[    10.84 ] D: Node with id 2472 is added to Qt layer
[    10.84 ] D: Node with id 2474 is added to Qt layer
[    10.84 ] D: Node with id 2476 is added to Qt layer
[    10.84 ] D: Node with id 2478 is added to Qt layer
[    10.84 ] D: Node with id 2480 is added to Qt layer
[    10.84 ] D: Node with id 2482 is added to Qt layer
[    10.85 ] D: Node with id 2484 is added to Qt layer
[    10.85 ] D: Node with id 2486 is added to Qt layer
[    10.85 ] D: Node with id 2487 is added to Qt layer
[    10.85 ] D: Node with id 2489 is added to Qt layer
[    10.85 ] D: Node with id 2491 is added to Qt layer
[    10.85 ] D: Node with id 3 is added to Qt layer
[    10.85 ] D: Node with id 2493 is added to Qt layer
[    10.86 ] S: New view-port registered with id: 1
[    10.86 ] S: New view-port registered with id: 2
[    10.86 ] S: New view-port registered with id: 3
[    10.86 ] S: New view-port registered with id: 4
[    10.86 ] S: New view-port registered with id: 5
[    10.86 ] S: New view-port registered with id: 6
[    11.81 ] D: Creating suitable QNanoBackend for OpenGL 4.6 context
[    11.81 ] D: Using backend: "OpenGL 3"
[    11.97 ] W: Floating point comparison needs context sanity check
[    11.97 ] D: QT onScaleChanged=  144
[    12.06 ] W: ShaderEffectSource: 'recursive' must be set to true when rendering recursively.
[    12.17 ] W: ShaderEffectSource: 'recursive' must be set to true when rendering recursively.
[    12.18 ] W: ShaderEffectSource: 'recursive' must be set to true when rendering recursively.
[    12.18 ] W: ShaderEffectSource: 'recursive' must be set to true when rendering recursively.
[    12.44 ] D: Engine Started.
[    30.41 ] D: _editController->getParameterCount() 7
[    30.58 ] D: trackIndex 0 0
[    35.26 ] W: ShaderEffectSource: 'recursive' must be set to true when rendering recursively.
[    36.44 ] D: _pointActive1 false true false
[    37.23 ] D: _pointActive1 false true false
[    38.88 ] D: ADDED 0 "depth" 3
[    38.88 ] D: _tracksModel->getItem(i)->rect( QRect(0,0 1707x111)
[    38.88 ] D: _tracksModel->getItem(i)->rect( QRect(0,195 1707x111)
[    38.88 ] D: _tracksModel->getItem(i)->rect( QRect(0,306 1707x111)
[    38.88 ] D: _tracksModel->getItem(i)->rect( QRect(0,417 1707x111)
[    38.90 ] W: ShaderEffectSource: 'recursive' must be set to true when rendering recursively.
[    38.90 ] W: ShaderEffectSource: 'recursive' must be set to true when rendering recursively.
[    41.78 ] W: ShaderEffectSource: 'recursive' must be set to true when rendering recursively.
[    44.23 ] D: _pointActive1 false true false
[    54.25 ] D: _requestForLoading false false
[    54.25 ] D: _requestForLoading2
[    54.25 ] D: _numberOfSampleBuffer 0
[    73.58 ] D: _requestForLoading false false
[    73.58 ] D: _requestForLoading2
[    73.58 ] D: _numberOfSampleBuffer 0
[   179.49 ] D: P1 -413
[   179.51 ] D: P1 -424
[   179.51 ] D: P1 -431
[   179.51 ] D: P1 -432
[   179.52 ] D: P1 -433
[   179.55 ] D: P1 -436
[   179.55 ] D: P1 -436
[   179.56 ] D: P1 -436
[   179.56 ] D: P1 -436
[   179.58 ] D: P1 -436
[   179.58 ] D: P1 -436
[   179.59 ] D: P1 -436
[   179.61 ] D: P1 -436
[   179.62 ] D: P1 -436
[   179.63 ] D: P1 -436
[   179.63 ] D: P1 -435
[   179.66 ] D: P1 -435
[   179.67 ] D: P1 -432
[   179.67 ] D: P1 -432
[   179.75 ] D: P1 -431
[   179.76 ] D: P1 -427
[   179.77 ] D: P1 -425
[   179.77 ] D: P1 -424
[   179.80 ] D: P1 -403
[   179.80 ] D: P1 -400
[   179.81 ] D: P1 -398
[   179.82 ] D: P1 -392
[   179.82 ] D: P1 -391
[   179.83 ] D: P1 -390
[   179.84 ] D: P1 -390
[   179.85 ] D: P1 -387
[   179.85 ] D: P1 -387
[   179.86 ] D: P1 -387
[   179.87 ] D: P1 -387
[   179.88 ] D: P1 -385
[   179.88 ] D: P1 -385
[   179.91 ] D: P1 -386
[   179.92 ] D: P1 -386
[   179.93 ] D: P1 -388
[   179.93 ] D: P1 -388
[   180.25 ] D: sltPositionChanged 352800
[   180.26 ] D: frame_offset 0 0 217
[   180.26 ] D: frame_offset 0 1 217
[   180.26 ] D: frame_offset 0 2 217
[   180.27 ] D: frame_offset 0 3 217
[   180.27 ] D: AsyncFileReader 0 5
[   180.27 ] D: frame_offset 0 4 217
[   180.27 ] D: findOverlayItems 1 0
[   180.27 ] D: "{1d4b84ec-9e40-4f16-a1f1-759ed40bfa07}" i.value()->sampleClip()->startTime()  8000 330833 330833 8000
[   180.27 ] D: findOverlayItems
[   180.27 ] D: sltPositionChanged 5011932 true
[   180.28 ] D: frame_offset 71 0 217
[   180.28 ] D: frame_offset 71 1 217
[   180.28 ] D: frame_offset 71 2 217
[   180.29 ] D: frame_offset 71 3 217
[   180.29 ] D: frame_offset 71 4 217
[   180.31 ] D: sltFirstBufferFilled ("{1d4b84ec-9e40-4f16-a1f1-759ed40bfa07}") "{1d4b84ec-9e40-4f16-a1f1-759ed40bfa07}" true
[   180.31 ] D: _requestForLoading true false
[   181.61 ] D: AsyncFileReader 1 76
[   181.95 ] D: _requestForLoading false false
[   181.95 ] D: _requestForLoading2
[   181.95 ] D: _numberOfSampleBuffer 1
[   181.95 ] D: START TO load 0
[   181.95 ] D: sltPositionChanged 308700 true
[   181.95 ] D: START TO load 1
[   181.96 ] D: START TO load 2
[   181.96 ] D: frame_offset 0 0 217
[   181.96 ] D: START TO load 3
[   181.96 ] D: frame_offset 0 1 217
[   181.96 ] D: frame_offset 0 2 217
[   181.97 ] D: frame_offset 0 3 217
[   181.97 ] D: frame_offset 0 4 217
[   181.97 ] D: sltFirstBufferFilled ("{1d4b84ec-9e40-4f16-a1f1-759ed40bfa07}") "{1d4b84ec-9e40-4f16-a1f1-759ed40bfa07}" true
[   181.98 ] D: _requestForLoading true false
[   184.45 ] D: AsyncFileReader 0 5
[   186.06 ] D: AsyncFileReader 1 6
[   187.55 ] D: AsyncFileReader 2 7
[   189.45 ] D: AsyncFileReader 3 8
[   190.95 ] D: AsyncFileReader 4 9
[   192.43 ] D: AsyncFileReader 0 10
[   193.91 ] D: AsyncFileReader 1 11
[   195.40 ] D: AsyncFileReader 2 12
[   196.88 ] D: AsyncFileReader 3 13
[   198.15 ] D: _requestForLoading false false
[   198.15 ] D: _requestForLoading2
[   198.15 ] D: _numberOfSampleBuffer 1
[   198.15 ] D: START TO load 0
[   198.15 ] D: sltPositionChanged 308700 true
[   198.15 ] D: START TO load 1
[   198.15 ] D: START TO load 2
[   198.15 ] D: START TO load 3
[   198.15 ] D: frame_offset 0 0 217
[   198.16 ] D: frame_offset 0 1 217
[   198.16 ] D: frame_offset 0 2 217
[   198.16 ] D: frame_offset 0 3 217
[   198.17 ] D: frame_offset 0 4 217
[   198.17 ] D: sltFirstBufferFilled ("{1d4b84ec-9e40-4f16-a1f1-759ed40bfa07}") "{1d4b84ec-9e40-4f16-a1f1-759ed40bfa07}" true
[   198.17 ] D: _requestForLoading true false
[   200.66 ] D: AsyncFileReader 0 5
[   202.14 ] D: AsyncFileReader 1 6
[   203.64 ] D: AsyncFileReader 2 7
[   205.12 ] D: AsyncFileReader 3 8
[   206.60 ] D: AsyncFileReader 4 9
[   208.10 ] D: AsyncFileReader 0 10
[   209.58 ] D: AsyncFileReader 1 11
[   209.97 ] D: _requestForLoading false false
[   209.97 ] D: _requestForLoading2
[   209.98 ] D: _numberOfSampleBuffer 1
[   209.98 ] D: START TO load 0
[   209.98 ] D: sltPositionChanged 308700 true
[   209.98 ] D: START TO load 1
[   209.98 ] D: START TO load 2
[   209.98 ] D: START TO load 3
[   209.98 ] D: frame_offset 0 0 217
[   209.98 ] D: frame_offset 0 1 217
[   209.98 ] D: frame_offset 0 2 217
[   209.99 ] D: frame_offset 0 3 217
[   209.99 ] D: frame_offset 0 4 217
[   209.99 ] D: sltFirstBufferFilled ("{1d4b84ec-9e40-4f16-a1f1-759ed40bfa07}") "{1d4b84ec-9e40-4f16-a1f1-759ed40bfa07}" true
[   209.99 ] D: _requestForLoading true false
[   212.47 ] D: AsyncFileReader 0 5
[   213.97 ] D: AsyncFileReader 1 6
[   215.45 ] D: AsyncFileReader 2 7
[   216.93 ] D: AsyncFileReader 3 8
[   217.70 ] D: _requestForLoading false false
[   217.70 ] D: _requestForLoading2
[   217.70 ] D: _numberOfSampleBuffer 1
[   217.70 ] D: START TO load 0
[   217.70 ] D: sltPositionChanged 308700 true
[   217.71 ] D: START TO load 1
[   217.71 ] D: START TO load 2
[   217.71 ] D: START TO load 3
[   217.71 ] D: frame_offset 0 0 217
[   217.71 ] D: frame_offset 0 1 217
[   217.71 ] D: frame_offset 0 2 217
[   217.71 ] D: frame_offset 0 3 217
[   217.72 ] D: frame_offset 0 4 217
[   217.72 ] D: sltFirstBufferFilled ("{1d4b84ec-9e40-4f16-a1f1-759ed40bfa07}") "{1d4b84ec-9e40-4f16-a1f1-759ed40bfa07}" true
[   217.72 ] D: _requestForLoading true false
[   220.20 ] D: AsyncFileReader 0 5
[   221.70 ] D: AsyncFileReader 1 6
[   223.18 ] D: AsyncFileReader 2 7
[   224.66 ] D: AsyncFileReader 3 8
[   225.75 ] D: CHANGED
[   229.61 ] D: _pointActive1 false false true
[   229.61 ] D: _outerActive1
[   229.61 ] D: _outerActive2
[   229.61 ] D: _outerActive3
[   229.61 ] D: _outerActive4
[   232.93 ] D: _requestForLoading false false
[   232.93 ] D: _requestForLoading2
[   232.93 ] D: _numberOfSampleBuffer 1
[   232.93 ] D: START TO load 0
[   232.93 ] D: sltPositionChanged 352800 true
[   232.94 ] D: START TO load 1
[   232.94 ] D: START TO load 2
[   232.94 ] D: START TO load 3
[   232.94 ] D: frame_offset 0 0 217
[   232.94 ] D: frame_offset 0 1 217
[   232.94 ] D: frame_offset 0 2 217
[   232.95 ] D: frame_offset 0 3 217
[   232.95 ] D: frame_offset 0 4 217
[   232.95 ] D: sltFirstBufferFilled ("{1d4b84ec-9e40-4f16-a1f1-759ed40bfa07}") "{1d4b84ec-9e40-4f16-a1f1-759ed40bfa07}" true
[   232.95 ] D: _requestForLoading true false
[   234.45 ] D: AsyncFileReader 0 5
[   235.93 ] D: AsyncFileReader 1 6
[   237.41 ] D: AsyncFileReader 2 7
[   238.91 ] D: AsyncFileReader 3 8
[   240.39 ] D: AsyncFileReader 4 9
[   241.87 ] D: AsyncFileReader 0 10
[   243.37 ] D: AsyncFileReader 1 11
[   247.62 ] D: LambdaFunctionPointerVoidReturnType class `public: __cdecl DGE::QtWrapper::QMLScene::QNode3D::QNode3D(class DGE::QtWrapper::QMLScene::QINode3D * __ptr64) __ptr64'::`2'::<lambda_1> Is Destroyed
[   247.63 ] D: LambdaFunctionPointerVoidReturnType class `public: __cdecl DGE::QtWrapper::QMLScene::QNode3D::QNode3D(class DGE::QtWrapper::QMLScene::QINode3D * __ptr64) __ptr64'::`2'::<lambda_1> Is Destroyed
[   247.78 ] D: LambdaFunctionPointerVoidReturnType class `protected: void __cdecl DGE::QtWrapper::QMLScene::QPerspectiveCameraController::commonInitConstructor(void) __ptr64'::`2'::<lambda_1> Is Destroyed
[   247.78 ] D: LambdaFunctionPointerVoidReturnType class `private: void __cdecl DGE::QtWrapper::QMLScene::QThirdPersonController::commonInitConstructor(void) __ptr64'::`2'::<lambda_1> Is Destroyed
[   247.78 ] D: LambdaFunctionPointerVoidReturnType class `protected: void __cdecl DGE::QtWrapper::QMLScene::QPerspectiveCameraController::commonInitConstructor(void) __ptr64'::`2'::<lambda_1> Is Destroyed
[   247.78 ] D: MemberFunctionPointer void (__cdecl DGE::QtWrapper::QMLScene::QComponent3D::*)(void) __ptr64 Is Destroyed
[   247.78 ] D: MemberFunctionPointer void (__cdecl DGE::QtWrapper::QMLScene::QThirdPersonController::*)(class std::shared_ptr<class DGE::Scene::Component>) __ptr64 Is Destroyed
[   247.78 ] D: LambdaFunctionPointerVoidReturnType class `public: __cdecl DGE::QtWrapper::QMLScene::QCameraComponent::QCameraComponent(class DGE::QtWrapper::QMLScene::QNode3D * __ptr64,bool) __ptr64'::`2'::<lambda_1> Is Destroyed
[   247.78 ] D: MemberFunctionPointer void (__cdecl DGE::QtWrapper::QMLScene::QComponent3D::*)(void) __ptr64 Is Destroyed
[   247.78 ] D: LambdaFunctionPointerVoidReturnType class `private: void __cdecl DGE::QtWrapper::QMLScene::QPerspectiveLens::commonInitConstructor(void) __ptr64'::`2'::<lambda_1> Is Destroyed
[   247.78 ] D: LambdaFunctionPointerVoidReturnType class `protected: void __cdecl DGE::QtWrapper::QMLScene::QPerspectiveCameraController::commonInitConstructor(void) __ptr64'::`2'::<lambda_1> Is Destroyed
[   247.78 ] D: LambdaFunctionPointerVoidReturnType class `private: void __cdecl DGE::QtWrapper::QMLScene::QThirdPersonController::commonInitConstructor(void) __ptr64'::`2'::<lambda_1> Is Destroyed
[   247.78 ] D: LambdaFunctionPointerVoidReturnType class `protected: void __cdecl DGE::QtWrapper::QMLScene::QPerspectiveCameraController::commonInitConstructor(void) __ptr64'::`2'::<lambda_1> Is Destroyed
[   247.78 ] D: MemberFunctionPointer void (__cdecl DGE::QtWrapper::QMLScene::QComponent3D::*)(void) __ptr64 Is Destroyed
[   247.78 ] D: MemberFunctionPointer void (__cdecl DGE::QtWrapper::QMLScene::QThirdPersonController::*)(class std::shared_ptr<class DGE::Scene::Component>) __ptr64 Is Destroyed
[   247.79 ] D: LambdaFunctionPointerVoidReturnType class `public: __cdecl DGE::QtWrapper::QMLScene::QCameraComponent::QCameraComponent(class DGE::QtWrapper::QMLScene::QNode3D * __ptr64,bool) __ptr64'::`2'::<lambda_1> Is Destroyed
[   247.79 ] D: MemberFunctionPointer void (__cdecl DGE::QtWrapper::QMLScene::QComponent3D::*)(void) __ptr64 Is Destroyed
[   247.79 ] D: LambdaFunctionPointerVoidReturnType class `private: void __cdecl DGE::QtWrapper::QMLScene::QOrthoLens::commonInitConstructor(void) __ptr64'::`2'::<lambda_1> Is Destroyed
[   247.79 ] D: LambdaFunctionPointerVoidReturnType class `protected: void __cdecl DGE::QtWrapper::QMLScene::QPerspectiveCameraController::commonInitConstructor(void) __ptr64'::`2'::<lambda_1> Is Destroyed
[   247.79 ] D: LambdaFunctionPointerVoidReturnType class `private: void __cdecl DGE::QtWrapper::QMLScene::QThirdPersonController::commonInitConstructor(void) __ptr64'::`2'::<lambda_1> Is Destroyed
[   247.79 ] D: LambdaFunctionPointerVoidReturnType class `protected: void __cdecl DGE::QtWrapper::QMLScene::QPerspectiveCameraController::commonInitConstructor(void) __ptr64'::`2'::<lambda_1> Is Destroyed
[   247.79 ] D: MemberFunctionPointer void (__cdecl DGE::QtWrapper::QMLScene::QComponent3D::*)(void) __ptr64 Is Destroyed
[   247.79 ] D: MemberFunctionPointer void (__cdecl DGE::QtWrapper::QMLScene::QThirdPersonController::*)(class std::shared_ptr<class DGE::Scene::Component>) __ptr64 Is Destroyed
[   247.79 ] D: LambdaFunctionPointerVoidReturnType class `public: __cdecl DGE::QtWrapper::QMLScene::QCameraComponent::QCameraComponent(class DGE::QtWrapper::QMLScene::QNode3D * __ptr64,bool) __ptr64'::`2'::<lambda_1> Is Destroyed
[   247.79 ] D: MemberFunctionPointer void (__cdecl DGE::QtWrapper::QMLScene::QComponent3D::*)(void) __ptr64 Is Destroyed
[   247.79 ] D: LambdaFunctionPointerVoidReturnType class `private: void __cdecl DGE::QtWrapper::QMLScene::QOrthoLens::commonInitConstructor(void) __ptr64'::`2'::<lambda_1> Is Destroyed
[   247.80 ] D: LambdaFunctionPointerVoidReturnType class `public: __cdecl DGE::QtWrapper::QMLScene::QCameraComponent::QCameraComponent(class DGE::QtWrapper::QMLScene::QNode3D * __ptr64,bool) __ptr64'::`2'::<lambda_1> Is Destroyed
[   247.80 ] D: MemberFunctionPointer void (__cdecl DGE::QtWrapper::QMLScene::QComponent3D::*)(void) __ptr64 Is Destroyed
[   247.81 ] D: LambdaFunctionPointerVoidReturnType class `private: void __cdecl DGE::QtWrapper::QMLScene::QPerspectiveLens::commonInitConstructor(void) __ptr64'::`2'::<lambda_1> Is Destroyed
[   248.02 ] D: LambdaFunctionPointerVoidReturnType class `protected: void __cdecl DGE::QtWrapper::QMLScene::QPerspectiveCameraController::commonInitConstructor(void) __ptr64'::`2'::<lambda_1> Is Destroyed
[   248.02 ] D: LambdaFunctionPointerVoidReturnType class `private: void __cdecl DGE::QtWrapper::QMLScene::QThirdPersonController::commonInitConstructor(void) __ptr64'::`2'::<lambda_1> Is Destroyed
[   248.02 ] D: LambdaFunctionPointerVoidReturnType class `protected: void __cdecl DGE::QtWrapper::QMLScene::QPerspectiveCameraController::commonInitConstructor(void) __ptr64'::`2'::<lambda_1> Is Destroyed
[   248.02 ] D: MemberFunctionPointer void (__cdecl DGE::QtWrapper::QMLScene::QComponent3D::*)(void) __ptr64 Is Destroyed
[   248.02 ] D: MemberFunctionPointer void (__cdecl DGE::QtWrapper::QMLScene::QThirdPersonController::*)(class std::shared_ptr<class DGE::Scene::Component>) __ptr64 Is Destroyed
[   248.02 ] D: LambdaFunctionPointerVoidReturnType class `public: __cdecl DGE::QtWrapper::QMLScene::QCameraComponent::QCameraComponent(class DGE::QtWrapper::QMLScene::QNode3D * __ptr64,bool) __ptr64'::`2'::<lambda_1> Is Destroyed
[   248.02 ] D: MemberFunctionPointer void (__cdecl DGE::QtWrapper::QMLScene::QComponent3D::*)(void) __ptr64 Is Destroyed
[   248.02 ] D: LambdaFunctionPointerVoidReturnType class `private: void __cdecl DGE::QtWrapper::QMLScene::QPerspectiveLens::commonInitConstructor(void) __ptr64'::`2'::<lambda_1> Is Destroyed
[   248.02 ] D: LambdaFunctionPointerVoidReturnType class `protected: void __cdecl DGE::QtWrapper::QMLScene::QPerspectiveCameraController::commonInitConstructor(void) __ptr64'::`2'::<lambda_1> Is Destroyed
[   248.02 ] D: LambdaFunctionPointerVoidReturnType class `private: void __cdecl DGE::QtWrapper::QMLScene::QThirdPersonController::commonInitConstructor(void) __ptr64'::`2'::<lambda_1> Is Destroyed
[   248.02 ] D: LambdaFunctionPointerVoidReturnType class `protected: void __cdecl DGE::QtWrapper::QMLScene::QPerspectiveCameraController::commonInitConstructor(void) __ptr64'::`2'::<lambda_1> Is Destroyed
[   248.02 ] D: MemberFunctionPointer void (__cdecl DGE::QtWrapper::QMLScene::QComponent3D::*)(void) __ptr64 Is Destroyed
[   248.02 ] D: MemberFunctionPointer void (__cdecl DGE::QtWrapper::QMLScene::QThirdPersonController::*)(class std::shared_ptr<class DGE::Scene::Component>) __ptr64 Is Destroyed
[   248.02 ] D: LambdaFunctionPointerVoidReturnType class `public: __cdecl DGE::QtWrapper::QMLScene::QCameraComponent::QCameraComponent(class DGE::QtWrapper::QMLScene::QNode3D * __ptr64,bool) __ptr64'::`2'::<lambda_1> Is Destroyed
[   248.02 ] D: MemberFunctionPointer void (__cdecl DGE::QtWrapper::QMLScene::QComponent3D::*)(void) __ptr64 Is Destroyed
[   248.02 ] D: LambdaFunctionPointerVoidReturnType class `private: void __cdecl DGE::QtWrapper::QMLScene::QOrthoLens::commonInitConstructor(void) __ptr64'::`2'::<lambda_1> Is Destroyed
[   248.03 ] D: LambdaFunctionPointerVoidReturnType class `protected: void __cdecl DGE::QtWrapper::QMLScene::QPerspectiveCameraController::commonInitConstructor(void) __ptr64'::`2'::<lambda_1> Is Destroyed
[   248.03 ] D: LambdaFunctionPointerVoidReturnType class `private: void __cdecl DGE::QtWrapper::QMLScene::QThirdPersonController::commonInitConstructor(void) __ptr64'::`2'::<lambda_1> Is Destroyed
[   248.03 ] D: LambdaFunctionPointerVoidReturnType class `protected: void __cdecl DGE::QtWrapper::QMLScene::QPerspectiveCameraController::commonInitConstructor(void) __ptr64'::`2'::<lambda_1> Is Destroyed
[   248.03 ] D: MemberFunctionPointer void (__cdecl DGE::QtWrapper::QMLScene::QComponent3D::*)(void) __ptr64 Is Destroyed
[   248.03 ] D: MemberFunctionPointer void (__cdecl DGE::QtWrapper::QMLScene::QThirdPersonController::*)(class std::shared_ptr<class DGE::Scene::Component>) __ptr64 Is Destroyed
[   248.03 ] D: LambdaFunctionPointerVoidReturnType class `public: __cdecl DGE::QtWrapper::QMLScene::QCameraComponent::QCameraComponent(class DGE::QtWrapper::QMLScene::QNode3D * __ptr64,bool) __ptr64'::`2'::<lambda_1> Is Destroyed
[   248.03 ] D: MemberFunctionPointer void (__cdecl DGE::QtWrapper::QMLScene::QComponent3D::*)(void) __ptr64 Is Destroyed
[   248.03 ] D: LambdaFunctionPointerVoidReturnType class `private: void __cdecl DGE::QtWrapper::QMLScene::QOrthoLens::commonInitConstructor(void) __ptr64'::`2'::<lambda_1> Is Destroyed
[   248.05 ] D: LambdaFunctionPointerVoidReturnType class `public: __cdecl DGE::QtWrapper::QMLScene::QCameraComponent::QCameraComponent(class DGE::QtWrapper::QMLScene::QNode3D * __ptr64,bool) __ptr64'::`2'::<lambda_1> Is Destroyed
[   248.05 ] D: MemberFunctionPointer void (__cdecl DGE::QtWrapper::QMLScene::QComponent3D::*)(void) __ptr64 Is Destroyed
[   248.05 ] D: LambdaFunctionPointerVoidReturnType class `private: void __cdecl DGE::QtWrapper::QMLScene::QPerspectiveLens::commonInitConstructor(void) __ptr64'::`2'::<lambda_1> Is Destroyed
[   248.32 ] D: LambdaFunctionPointerVoidReturnType class `private: void __cdecl DGE::QtWrapper::QMLScene::QThirdPersonController::commonInitConstructor(void) __ptr64'::`2'::<lambda_1> Is Destroyed
[   248.32 ] D: LambdaFunctionPointerVoidReturnType class `protected: void __cdecl DGE::QtWrapper::QMLScene::QPerspectiveCameraController::commonInitConstructor(void) __ptr64'::`2'::<lambda_1> Is Destroyed
[   248.32 ] D: LambdaFunctionPointerVoidReturnType class `protected: void __cdecl DGE::QtWrapper::QMLScene::QPerspectiveCameraController::commonInitConstructor(void) __ptr64'::`2'::<lambda_1> Is Destroyed
[   248.32 ] D: MemberFunctionPointer void (__cdecl DGE::QtWrapper::QMLScene::QComponent3D::*)(void) __ptr64 Is Destroyed
[   248.32 ] D: MemberFunctionPointer void (__cdecl DGE::QtWrapper::QMLScene::QThirdPersonController::*)(class std::shared_ptr<class DGE::Scene::Component>) __ptr64 Is Destroyed
[   248.32 ] D: LambdaFunctionPointerVoidReturnType class `public: __cdecl DGE::QtWrapper::QMLScene::QCameraComponent::QCameraComponent(class DGE::QtWrapper::QMLScene::QNode3D * __ptr64,bool) __ptr64'::`2'::<lambda_1> Is Destroyed
[   248.32 ] D: MemberFunctionPointer void (__cdecl DGE::QtWrapper::QMLScene::QComponent3D::*)(void) __ptr64 Is Destroyed
[   248.32 ] D: LambdaFunctionPointerVoidReturnType class `private: void __cdecl DGE::QtWrapper::QMLScene::QPerspectiveLens::commonInitConstructor(void) __ptr64'::`2'::<lambda_1> Is Destroyed
[   248.32 ] D: LambdaFunctionPointerVoidReturnType class `protected: void __cdecl DGE::QtWrapper::QMLScene::QPerspectiveCameraController::commonInitConstructor(void) __ptr64'::`2'::<lambda_1> Is Destroyed
[   248.32 ] D: LambdaFunctionPointerVoidReturnType class `private: void __cdecl DGE::QtWrapper::QMLScene::QThirdPersonController::commonInitConstructor(void) __ptr64'::`2'::<lambda_1> Is Destroyed
[   248.32 ] D: LambdaFunctionPointerVoidReturnType class `protected: void __cdecl DGE::QtWrapper::QMLScene::QPerspectiveCameraController::commonInitConstructor(void) __ptr64'::`2'::<lambda_1> Is Destroyed
[   248.32 ] D: MemberFunctionPointer void (__cdecl DGE::QtWrapper::QMLScene::QComponent3D::*)(void) __ptr64 Is Destroyed
[   248.32 ] D: MemberFunctionPointer void (__cdecl DGE::QtWrapper::QMLScene::QThirdPersonController::*)(class std::shared_ptr<class DGE::Scene::Component>) __ptr64 Is Destroyed
[   248.33 ] D: LambdaFunctionPointerVoidReturnType class `public: __cdecl DGE::QtWrapper::QMLScene::QCameraComponent::QCameraComponent(class DGE::QtWrapper::QMLScene::QNode3D * __ptr64,bool) __ptr64'::`2'::<lambda_1> Is Destroyed
[   248.33 ] D: MemberFunctionPointer void (__cdecl DGE::QtWrapper::QMLScene::QComponent3D::*)(void) __ptr64 Is Destroyed
[   248.33 ] D: LambdaFunctionPointerVoidReturnType class `private: void __cdecl DGE::QtWrapper::QMLScene::QOrthoLens::commonInitConstructor(void) __ptr64'::`2'::<lambda_1> Is Destroyed
[   248.33 ] D: LambdaFunctionPointerVoidReturnType class `protected: void __cdecl DGE::QtWrapper::QMLScene::QPerspectiveCameraController::commonInitConstructor(void) __ptr64'::`2'::<lambda_1> Is Destroyed
[   248.33 ] D: LambdaFunctionPointerVoidReturnType class `private: void __cdecl DGE::QtWrapper::QMLScene::QThirdPersonController::commonInitConstructor(void) __ptr64'::`2'::<lambda_1> Is Destroyed
[   248.33 ] D: LambdaFunctionPointerVoidReturnType class `protected: void __cdecl DGE::QtWrapper::QMLScene::QPerspectiveCameraController::commonInitConstructor(void) __ptr64'::`2'::<lambda_1> Is Destroyed
