[    12.20 ] I: Log: Log file open in follow path at 1403/6/21 22:18:08 : C:\Users\AmirPasha\Desktop\Rpos\DAW-3\build2019\debug\Logs\Launch.log
[    12.20 ] I: The subsystem "class DGE::Core::IO::LogSystem::Logger" is registered successfully.
[    12.20 ] I: The subsystem "class DGE::Core::Windows::QtWindow" is registered successfully.
[    12.20 ] D: API version is: 4.60 ,shader version is: 4.60
[    12.20 ] I: The subsystem "class DGE::GFX::GCore::QtWrapper::QtRenderer" is registered successfully.
[    12.20 ] I: Current Render API is: 4.60
[    12.20 ] I: The subsystem "Renderer" is registered successfully.
[    12.20 ] I: The subsystem "class DGE::Core::Platforms::QtPlatform" is registered successfully.
[    12.20 ] I: The subsystem "Platform" is registered successfully.
[    12.20 ] I: The subsystem "class DGE::Core::IO::FileSystem::FileManager" is registered successfully.
[    12.20 ] I: The subsystem "class DGE::Core::CoreModule" is registered successfully.
[    12.20 ] I: The subsystem "class DGE::Core::Profiling::Profiler" is registered successfully.
[    12.20 ] I: The subsystem "class DGE::GFX::DrawablesManager" is registered successfully.
[    12.20 ] I: #version 460 core
#define GLES_Ver 460

[    12.20 ] I: The subsystem "class DGE::GFX::GraphicsManager" is registered successfully.
[    12.20 ] I: The subsystem "class DGE::GFX::GFXModule" is registered successfully.
[    12.61 ] D: Shader Compile successfully.
[    12.62 ] I: The subsystem "class DGE::Scene::ViewportManager" is registered successfully.
[    12.62 ] I: The subsystem "class DGE::Scene::SceneModule" is registered successfully.
[    12.62 ] I: The subsystem "class DGE::Managers::RenderManager" is registered successfully.
[    12.62 ] D: Engine Enabled
[    12.62 ] I: The subsystem "class DGE::Engine" is registered successfully.
[    12.62 ] D: Node with id 1 is added to Qt layer
[    12.62 ] D: Node with id 2460 is added to Qt layer
[    12.62 ] D: Node with id 2462 is added to Qt layer
[    12.62 ] D: Node with id 2464 is added to Qt layer
[    12.62 ] D: Node with id 2466 is added to Qt layer
[    12.63 ] D: Node with id 2468 is added to Qt layer
[    12.63 ] D: Node with id 2470 is added to Qt layer
[    12.63 ] D: Node with id 2472 is added to Qt layer
[    12.63 ] D: Node with id 2474 is added to Qt layer
[    12.63 ] D: Node with id 2476 is added to Qt layer
[    12.63 ] D: Node with id 2478 is added to Qt layer
[    12.64 ] D: Node with id 2480 is added to Qt layer
[    12.64 ] D: Node with id 2482 is added to Qt layer
[    12.64 ] D: Node with id 2484 is added to Qt layer
[    12.64 ] D: Node with id 2486 is added to Qt layer
[    12.64 ] D: Node with id 2487 is added to Qt layer
[    12.64 ] D: Node with id 2489 is added to Qt layer
[    12.65 ] D: Node with id 2491 is added to Qt layer
[    12.65 ] D: Node with id 3 is added to Qt layer
[    12.66 ] D: Node with id 2493 is added to Qt layer
[    12.66 ] S: New view-port registered with id: 1
[    12.67 ] S: New view-port registered with id: 2
[    12.67 ] S: New view-port registered with id: 3
[    12.68 ] S: New view-port registered with id: 4
[    12.68 ] S: New view-port registered with id: 5
[    12.68 ] S: New view-port registered with id: 6
[    14.03 ] D: Creating suitable QNanoBackend for OpenGL 4.6 context
[    14.03 ] D: Using backend: "OpenGL 3"
[    14.27 ] W: Floating point comparison needs context sanity check
[    14.27 ] D: QT onScaleChanged=  144
[    14.58 ] W: ShaderEffectSource: 'recursive' must be set to true when rendering recursively.
[    14.58 ] W: ShaderEffectSource: 'recursive' must be set to true when rendering recursively.
[    14.59 ] W: ShaderEffectSource: 'recursive' must be set to true when rendering recursively.
[    14.60 ] W: ShaderEffectSource: 'recursive' must be set to true when rendering recursively.
[    15.05 ] D: Engine Started.
[    27.62 ] D: P1 -321
[    27.63 ] D: P1 -352
[    27.63 ] D: P14
[    27.64 ] D: P1 -359
[    27.64 ] D: P14
[    27.64 ] D: P1 -364
[    27.64 ] D: P14
[    27.64 ] D: P1 -368
[    27.64 ] D: P14
[    27.65 ] D: P1 -370
[    27.65 ] D: P1 -375
[    27.66 ] D: P1 -380
[    27.66 ] D: P1 -387
[    27.67 ] D: P1 -389
[    27.69 ] D: P1 -400
[    27.69 ] D: P1 -402
[    27.70 ] D: P1 -403
[    27.71 ] D: P1 -404
[    27.71 ] D: P1 -405
[    27.71 ] D: P1 -405
[    27.73 ] D: P1 -406
[    27.98 ] D: sltPositionChanged 485099
[    27.98 ] D: frame_offset 0 0 217
[    27.99 ] D: frame_offset 0 1 217
[    27.99 ] D: frame_offset 0 2 217
[    28.00 ] D: findOverlayItems 1 0
[    28.00 ] D: "{932ca54c-b19a-4818-a241-4c794ca7bdc6}" i.value()->sampleClip()->startTime()  11000 333833 333833 11000
[    28.00 ] D: findOverlayItems
[    28.00 ] D: frame_offset 0 3 217
[    28.00 ] D: frame_offset 0 4 217
[    28.01 ] D: sltPositionChanged 485099
[    28.02 ] D: frame_offset 0 0 217
[    28.02 ] D: frame_offset 0 1 217
[    28.03 ] D: frame_offset 0 2 217
[    28.03 ] D: frame_offset 0 3 217
[    28.04 ] D: frame_offset 0 4 217
[    31.61 ] D: _editController->getParameterCount() 36
[    31.64 ] D: ADDED 0 0 0
[    32.28 ] D: ADDED 1 0 0
[    32.28 ] D: ADDED 2 0 0
[    32.28 ] D: ADDED 3 0 0
[    32.47 ] D: ADDED
[    38.55 ] W: ShaderEffectSource: 'recursive' must be set to true when rendering recursively.
[    40.17 ] D: _pointActive1 false true false
[    40.85 ] D: _pointActive1 false true false
[    71.32 ] D: _pointActive1 false true false
[   166.93 ] D: LambdaFunctionPointerVoidReturnType class `public: __cdecl DGE::QtWrapper::QMLScene::QNode3D::QNode3D(class DGE::QtWrapper::QMLScene::QINode3D * __ptr64) __ptr64'::`2'::<lambda_1> Is Destroyed
[   166.93 ] D: LambdaFunctionPointerVoidReturnType class `public: __cdecl DGE::QtWrapper::QMLScene::QNode3D::QNode3D(class DGE::QtWrapper::QMLScene::QINode3D * __ptr64) __ptr64'::`2'::<lambda_1> Is Destroyed
[   167.11 ] D: LambdaFunctionPointerVoidReturnType class `protected: void __cdecl DGE::QtWrapper::QMLScene::QPerspectiveCameraController::commonInitConstructor(void) __ptr64'::`2'::<lambda_1> Is Destroyed
[   167.12 ] D: LambdaFunctionPointerVoidReturnType class `private: void __cdecl DGE::QtWrapper::QMLScene::QThirdPersonController::commonInitConstructor(void) __ptr64'::`2'::<lambda_1> Is Destroyed
[   167.12 ] D: LambdaFunctionPointerVoidReturnType class `protected: void __cdecl DGE::QtWrapper::QMLScene::QPerspectiveCameraController::commonInitConstructor(void) __ptr64'::`2'::<lambda_1> Is Destroyed
[   167.12 ] D: MemberFunctionPointer void (__cdecl DGE::QtWrapper::QMLScene::QComponent3D::*)(void) __ptr64 Is Destroyed
[   167.12 ] D: MemberFunctionPointer void (__cdecl DGE::QtWrapper::QMLScene::QThirdPersonController::*)(class std::shared_ptr<class DGE::Scene::Component>) __ptr64 Is Destroyed
[   167.12 ] D: LambdaFunctionPointerVoidReturnType class `public: __cdecl DGE::QtWrapper::QMLScene::QCameraComponent::QCameraComponent(class DGE::QtWrapper::QMLScene::QNode3D * __ptr64,bool) __ptr64'::`2'::<lambda_1> Is Destroyed
[   167.12 ] D: MemberFunctionPointer void (__cdecl DGE::QtWrapper::QMLScene::QComponent3D::*)(void) __ptr64 Is Destroyed
[   167.12 ] D: LambdaFunctionPointerVoidReturnType class `private: void __cdecl DGE::QtWrapper::QMLScene::QPerspectiveLens::commonInitConstructor(void) __ptr64'::`2'::<lambda_1> Is Destroyed
[   167.12 ] D: LambdaFunctionPointerVoidReturnType class `protected: void __cdecl DGE::QtWrapper::QMLScene::QPerspectiveCameraController::commonInitConstructor(void) __ptr64'::`2'::<lambda_1> Is Destroyed
[   167.12 ] D: LambdaFunctionPointerVoidReturnType class `private: void __cdecl DGE::QtWrapper::QMLScene::QThirdPersonController::commonInitConstructor(void) __ptr64'::`2'::<lambda_1> Is Destroyed
[   167.12 ] D: LambdaFunctionPointerVoidReturnType class `protected: void __cdecl DGE::QtWrapper::QMLScene::QPerspectiveCameraController::commonInitConstructor(void) __ptr64'::`2'::<lambda_1> Is Destroyed
[   167.12 ] D: MemberFunctionPointer void (__cdecl DGE::QtWrapper::QMLScene::QComponent3D::*)(void) __ptr64 Is Destroyed
[   167.12 ] D: MemberFunctionPointer void (__cdecl DGE::QtWrapper::QMLScene::QThirdPersonController::*)(class std::shared_ptr<class DGE::Scene::Component>) __ptr64 Is Destroyed
[   167.12 ] D: LambdaFunctionPointerVoidReturnType class `public: __cdecl DGE::QtWrapper::QMLScene::QCameraComponent::QCameraComponent(class DGE::QtWrapper::QMLScene::QNode3D * __ptr64,bool) __ptr64'::`2'::<lambda_1> Is Destroyed
[   167.12 ] D: MemberFunctionPointer void (__cdecl DGE::QtWrapper::QMLScene::QComponent3D::*)(void) __ptr64 Is Destroyed
[   167.12 ] D: LambdaFunctionPointerVoidReturnType class `private: void __cdecl DGE::QtWrapper::QMLScene::QOrthoLens::commonInitConstructor(void) __ptr64'::`2'::<lambda_1> Is Destroyed
[   167.13 ] D: LambdaFunctionPointerVoidReturnType class `protected: void __cdecl DGE::QtWrapper::QMLScene::QPerspectiveCameraController::commonInitConstructor(void) __ptr64'::`2'::<lambda_1> Is Destroyed
[   167.13 ] D: LambdaFunctionPointerVoidReturnType class `private: void __cdecl DGE::QtWrapper::QMLScene::QThirdPersonController::commonInitConstructor(void) __ptr64'::`2'::<lambda_1> Is Destroyed
[   167.13 ] D: LambdaFunctionPointerVoidReturnType class `protected: void __cdecl DGE::QtWrapper::QMLScene::QPerspectiveCameraController::commonInitConstructor(void) __ptr64'::`2'::<lambda_1> Is Destroyed
[   167.13 ] D: MemberFunctionPointer void (__cdecl DGE::QtWrapper::QMLScene::QComponent3D::*)(void) __ptr64 Is Destroyed
[   167.13 ] D: MemberFunctionPointer void (__cdecl DGE::QtWrapper::QMLScene::QThirdPersonController::*)(class std::shared_ptr<class DGE::Scene::Component>) __ptr64 Is Destroyed
[   167.13 ] D: LambdaFunctionPointerVoidReturnType class `public: __cdecl DGE::QtWrapper::QMLScene::QCameraComponent::QCameraComponent(class DGE::QtWrapper::QMLScene::QNode3D * __ptr64,bool) __ptr64'::`2'::<lambda_1> Is Destroyed
[   167.13 ] D: MemberFunctionPointer void (__cdecl DGE::QtWrapper::QMLScene::QComponent3D::*)(void) __ptr64 Is Destroyed
[   167.13 ] D: LambdaFunctionPointerVoidReturnType class `private: void __cdecl DGE::QtWrapper::QMLScene::QOrthoLens::commonInitConstructor(void) __ptr64'::`2'::<lambda_1> Is Destroyed
[   167.15 ] D: LambdaFunctionPointerVoidReturnType class `public: __cdecl DGE::QtWrapper::QMLScene::QCameraComponent::QCameraComponent(class DGE::QtWrapper::QMLScene::QNode3D * __ptr64,bool) __ptr64'::`2'::<lambda_1> Is Destroyed
[   167.15 ] D: MemberFunctionPointer void (__cdecl DGE::QtWrapper::QMLScene::QComponent3D::*)(void) __ptr64 Is Destroyed
[   167.15 ] D: LambdaFunctionPointerVoidReturnType class `private: void __cdecl DGE::QtWrapper::QMLScene::QPerspectiveLens::commonInitConstructor(void) __ptr64'::`2'::<lambda_1> Is Destroyed
[   167.42 ] D: LambdaFunctionPointerVoidReturnType class `protected: void __cdecl DGE::QtWrapper::QMLScene::QPerspectiveCameraController::commonInitConstructor(void) __ptr64'::`2'::<lambda_1> Is Destroyed
[   167.42 ] D: LambdaFunctionPointerVoidReturnType class `private: void __cdecl DGE::QtWrapper::QMLScene::QThirdPersonController::commonInitConstructor(void) __ptr64'::`2'::<lambda_1> Is Destroyed
[   167.42 ] D: LambdaFunctionPointerVoidReturnType class `protected: void __cdecl DGE::QtWrapper::QMLScene::QPerspectiveCameraController::commonInitConstructor(void) __ptr64'::`2'::<lambda_1> Is Destroyed
[   167.42 ] D: MemberFunctionPointer void (__cdecl DGE::QtWrapper::QMLScene::QComponent3D::*)(void) __ptr64 Is Destroyed
[   167.42 ] D: MemberFunctionPointer void (__cdecl DGE::QtWrapper::QMLScene::QThirdPersonController::*)(class std::shared_ptr<class DGE::Scene::Component>) __ptr64 Is Destroyed
[   167.43 ] D: LambdaFunctionPointerVoidReturnType class `public: __cdecl DGE::QtWrapper::QMLScene::QCameraComponent::QCameraComponent(class DGE::QtWrapper::QMLScene::QNode3D * __ptr64,bool) __ptr64'::`2'::<lambda_1> Is Destroyed
[   167.43 ] D: MemberFunctionPointer void (__cdecl DGE::QtWrapper::QMLScene::QComponent3D::*)(void) __ptr64 Is Destroyed
[   167.43 ] D: LambdaFunctionPointerVoidReturnType class `private: void __cdecl DGE::QtWrapper::QMLScene::QPerspectiveLens::commonInitConstructor(void) __ptr64'::`2'::<lambda_1> Is Destroyed
[   167.43 ] D: LambdaFunctionPointerVoidReturnType class `protected: void __cdecl DGE::QtWrapper::QMLScene::QPerspectiveCameraController::commonInitConstructor(void) __ptr64'::`2'::<lambda_1> Is Destroyed
[   167.43 ] D: LambdaFunctionPointerVoidReturnType class `private: void __cdecl DGE::QtWrapper::QMLScene::QThirdPersonController::commonInitConstructor(void) __ptr64'::`2'::<lambda_1> Is Destroyed
[   167.43 ] D: LambdaFunctionPointerVoidReturnType class `protected: void __cdecl DGE::QtWrapper::QMLScene::QPerspectiveCameraController::commonInitConstructor(void) __ptr64'::`2'::<lambda_1> Is Destroyed
[   167.43 ] D: MemberFunctionPointer void (__cdecl DGE::QtWrapper::QMLScene::QComponent3D::*)(void) __ptr64 Is Destroyed
[   167.43 ] D: MemberFunctionPointer void (__cdecl DGE::QtWrapper::QMLScene::QThirdPersonController::*)(class std::shared_ptr<class DGE::Scene::Component>) __ptr64 Is Destroyed
[   167.43 ] D: LambdaFunctionPointerVoidReturnType class `public: __cdecl DGE::QtWrapper::QMLScene::QCameraComponent::QCameraComponent(class DGE::QtWrapper::QMLScene::QNode3D * __ptr64,bool) __ptr64'::`2'::<lambda_1> Is Destroyed
[   167.43 ] D: MemberFunctionPointer void (__cdecl DGE::QtWrapper::QMLScene::QComponent3D::*)(void) __ptr64 Is Destroyed
[   167.43 ] D: LambdaFunctionPointerVoidReturnType class `private: void __cdecl DGE::QtWrapper::QMLScene::QOrthoLens::commonInitConstructor(void) __ptr64'::`2'::<lambda_1> Is Destroyed
[   167.44 ] D: LambdaFunctionPointerVoidReturnType class `protected: void __cdecl DGE::QtWrapper::QMLScene::QPerspectiveCameraController::commonInitConstructor(void) __ptr64'::`2'::<lambda_1> Is Destroyed
[   167.44 ] D: LambdaFunctionPointerVoidReturnType class `private: void __cdecl DGE::QtWrapper::QMLScene::QThirdPersonController::commonInitConstructor(void) __ptr64'::`2'::<lambda_1> Is Destroyed
[   167.44 ] D: LambdaFunctionPointerVoidReturnType class `protected: void __cdecl DGE::QtWrapper::QMLScene::QPerspectiveCameraController::commonInitConstructor(void) __ptr64'::`2'::<lambda_1> Is Destroyed
[   167.44 ] D: MemberFunctionPointer void (__cdecl DGE::QtWrapper::QMLScene::QComponent3D::*)(void) __ptr64 Is Destroyed
[   167.44 ] D: MemberFunctionPointer void (__cdecl DGE::QtWrapper::QMLScene::QThirdPersonController::*)(class std::shared_ptr<class DGE::Scene::Component>) __ptr64 Is Destroyed
[   167.44 ] D: LambdaFunctionPointerVoidReturnType class `public: __cdecl DGE::QtWrapper::QMLScene::QCameraComponent::QCameraComponent(class DGE::QtWrapper::QMLScene::QNode3D * __ptr64,bool) __ptr64'::`2'::<lambda_1> Is Destroyed
[   167.44 ] D: MemberFunctionPointer void (__cdecl DGE::QtWrapper::QMLScene::QComponent3D::*)(void) __ptr64 Is Destroyed
[   167.44 ] D: LambdaFunctionPointerVoidReturnType class `private: void __cdecl DGE::QtWrapper::QMLScene::QOrthoLens::commonInitConstructor(void) __ptr64'::`2'::<lambda_1> Is Destroyed
[   167.46 ] D: LambdaFunctionPointerVoidReturnType class `public: __cdecl DGE::QtWrapper::QMLScene::QCameraComponent::QCameraComponent(class DGE::QtWrapper::QMLScene::QNode3D * __ptr64,bool) __ptr64'::`2'::<lambda_1> Is Destroyed
[   167.46 ] D: MemberFunctionPointer void (__cdecl DGE::QtWrapper::QMLScene::QComponent3D::*)(void) __ptr64 Is Destroyed
[   167.46 ] D: LambdaFunctionPointerVoidReturnType class `private: void __cdecl DGE::QtWrapper::QMLScene::QPerspectiveLens::commonInitConstructor(void) __ptr64'::`2'::<lambda_1> Is Destroyed
[   167.65 ] D: LambdaFunctionPointerVoidReturnType class `protected: void __cdecl DGE::QtWrapper::QMLScene::QPerspectiveCameraController::commonInitConstructor(void) __ptr64'::`2'::<lambda_1> Is Destroyed
[   167.65 ] D: LambdaFunctionPointerVoidReturnType class `private: void __cdecl DGE::QtWrapper::QMLScene::QThirdPersonController::commonInitConstructor(void) __ptr64'::`2'::<lambda_1> Is Destroyed
[   167.65 ] D: LambdaFunctionPointerVoidReturnType class `protected: void __cdecl DGE::QtWrapper::QMLScene::QPerspectiveCameraController::commonInitConstructor(void) __ptr64'::`2'::<lambda_1> Is Destroyed
[   167.65 ] D: MemberFunctionPointer void (__cdecl DGE::QtWrapper::QMLScene::QComponent3D::*)(void) __ptr64 Is Destroyed
[   167.65 ] D: MemberFunctionPointer void (__cdecl DGE::QtWrapper::QMLScene::QThirdPersonController::*)(class std::shared_ptr<class DGE::Scene::Component>) __ptr64 Is Destroyed
[   167.65 ] D: LambdaFunctionPointerVoidReturnType class `public: __cdecl DGE::QtWrapper::QMLScene::QCameraComponent::QCameraComponent(class DGE::QtWrapper::QMLScene::QNode3D * __ptr64,bool) __ptr64'::`2'::<lambda_1> Is Destroyed
