[     4.70 ] I: Log: Log file open in follow path at 1403/4/13 22:30:25 : C:\Users\AmirPasha\Desktop\Rpos\DAW-3\build2019\debug\Logs\Launch.log
[     4.70 ] I: The subsystem "class DGE::Core::IO::LogSystem::Logger" is registered successfully.
[     4.70 ] I: The subsystem "class DGE::Core::Windows::QtWindow" is registered successfully.
[     4.70 ] D: API version is: 4.60 ,shader version is: 4.60
[     4.70 ] I: The subsystem "class DGE::GFX::GCore::QtWrapper::QtRenderer" is registered successfully.
[     4.70 ] I: Current Render API is: 4.60
[     4.70 ] I: The subsystem "Renderer" is registered successfully.
[     4.70 ] I: The subsystem "class DGE::Core::Platforms::QtPlatform" is registered successfully.
[     4.70 ] I: The subsystem "Platform" is registered successfully.
[     4.70 ] I: The subsystem "class DGE::Core::IO::FileSystem::FileManager" is registered successfully.
[     4.70 ] I: The subsystem "class DGE::Core::CoreModule" is registered successfully.
[     4.70 ] I: The subsystem "class DGE::Core::Profiling::Profiler" is registered successfully.
[     4.70 ] I: The subsystem "class DGE::GFX::DrawablesManager" is registered successfully.
[     4.70 ] I: #version 460 core
#define GLES_Ver 460

[     4.70 ] I: The subsystem "class DGE::GFX::GraphicsManager" is registered successfully.
[     4.70 ] I: The subsystem "class DGE::GFX::GFXModule" is registered successfully.
[     4.78 ] D: Shader Compile successfully.
[     4.79 ] I: The subsystem "class DGE::Scene::ViewportManager" is registered successfully.
[     4.79 ] I: The subsystem "class DGE::Scene::SceneModule" is registered successfully.
[     4.79 ] I: The subsystem "class DGE::Managers::RenderManager" is registered successfully.
[     4.79 ] D: Engine Enabled
[     4.79 ] I: The subsystem "class DGE::Engine" is registered successfully.
[     4.79 ] D: Node with id 1 is added to Qt layer
[     4.79 ] D: Node with id 2460 is added to Qt layer
[     4.79 ] D: Node with id 2462 is added to Qt layer
[     4.79 ] D: Node with id 2464 is added to Qt layer
[     4.79 ] D: Node with id 2466 is added to Qt layer
[     4.79 ] D: Node with id 2468 is added to Qt layer
[     4.79 ] D: Node with id 2470 is added to Qt layer
[     4.79 ] D: Node with id 2472 is added to Qt layer
[     4.79 ] D: Node with id 2474 is added to Qt layer
[     4.79 ] D: Node with id 2476 is added to Qt layer
[     4.79 ] D: Node with id 2478 is added to Qt layer
[     4.79 ] D: Node with id 2480 is added to Qt layer
[     4.79 ] D: Node with id 2482 is added to Qt layer
[     4.79 ] D: Node with id 2484 is added to Qt layer
[     4.79 ] D: Node with id 2486 is added to Qt layer
[     4.79 ] D: Node with id 2487 is added to Qt layer
[     4.79 ] D: Node with id 2489 is added to Qt layer
[     4.79 ] D: Node with id 2491 is added to Qt layer
[     4.79 ] D: Node with id 3 is added to Qt layer
[     4.79 ] D: Node with id 2493 is added to Qt layer
[     4.79 ] S: New view-port registered with id: 1
[     4.79 ] S: New view-port registered with id: 2
[     4.79 ] S: New view-port registered with id: 3
[     4.80 ] S: New view-port registered with id: 4
[     4.80 ] S: New view-port registered with id: 5
[     4.80 ] S: New view-port registered with id: 6
[     4.85 ] D: Creating suitable QNanoBackend for OpenGL 4.6 context
[     4.85 ] D: Using backend: "OpenGL 3"
[     4.89 ] W: Floating point comparison needs context sanity check
[     4.89 ] D: QT onScaleChanged=  144
[     5.10 ] D: Engine Started.
[    44.82 ] D: mouseReleaseEvent
[    46.71 ] D: P1 -382
[    46.71 ] D: P14
[    46.71 ] D: P1 -410
[    46.71 ] D: P1 -412
[    46.71 ] D: P1 -414
[    46.71 ] D: P1 -416
[    46.71 ] D: P1 -418
[    46.72 ] D: P1 -419
[    46.72 ] D: P1 -424
[    46.72 ] D: P1 -426
[    46.73 ] D: P1 -427
[    46.73 ] D: P1 -428
[    46.74 ] D: P1 -429
[    46.74 ] D: P1 -432
[    46.74 ] D: P1 -432
[    46.74 ] D: P1 -433
[    46.76 ] D: P1 -434
[    46.76 ] D: P1 -435
[    46.76 ] D: P1 -435
[    46.76 ] D: P1 -436
[    46.77 ] D: P1 -436
[    46.77 ] D: P1 -436
[    46.78 ] D: P1 -436
[    46.78 ] D: P1 -437
[    46.78 ] D: P1 -437
[    46.79 ] D: P1 -437
[    46.79 ] D: P1 -437
[    46.79 ] D: P1 -437
[    46.79 ] D: P1 -437
[    46.80 ] D: P1 -437
[    46.81 ] D: P1 -437
[    46.81 ] D: P1 -437
[    46.81 ] D: P1 -437
[    46.81 ] D: P1 -438
[    46.82 ] D: P1 -438
[    46.82 ] D: P1 -438
[    46.83 ] D: P1 -438
[    46.83 ] D: P1 -438
[    46.83 ] D: P1 -438
[    46.84 ] D: P1 -438
[    46.84 ] D: P1 -439
[    46.84 ] D: P1 -439
[    46.84 ] D: P1 -439
[    46.86 ] D: P1 -439
[    46.86 ] D: P1 -439
[    46.87 ] D: P1 -439
[    46.87 ] D: P1 -439
[    46.88 ] D: P1 -439
[    47.06 ] D: sltPositionChanged 485100
[    47.06 ] D: frame_offset 0 0 10
[    47.07 ] D: frame_offset 0 1 10
[    47.07 ] D: frame_offset 0 2 10
[    47.07 ] D: frame_offset 0 3 10
[    47.07 ] D: frame_offset 0 4 10
[    47.08 ] D: findOverlayItems 1 0
[    47.08 ] D: "{81e1007b-949f-4e37-9ea0-a6018f22d951}" i.value()->sampleClip()->startTime()  11000 26483.9 26483.9 11000
[    47.08 ] D: findOverlayItems
[    47.10 ] D: sltPositionChanged 485100
[    47.10 ] D: frame_offset 0 0 10
[    47.10 ] D: frame_offset 0 1 10
[    47.10 ] D: frame_offset 0 2 10
[    47.11 ] D: frame_offset 0 3 10
[    47.11 ] D: frame_offset 0 4 10
[    47.63 ] D: findTrackIndexByPoint 0 QRect(0,0 1957x111) true QPointF(169,65)
[    47.69 ] D: mouseReleaseEvent
[    48.83 ] D: _requestForLoading false false
[    48.83 ] D: _requestForLoading2
[    48.83 ] D: _numberOfSampleBuffer 1
[    48.83 ] D: START TO load 0
[    48.83 ] D: sltPositionChanged 396900 true
[    48.83 ] D: frame_offset 0 0 10
[    48.83 ] D: frame_offset 0 1 10
[    48.83 ] D: frame_offset 0 2 10
[    48.83 ] D: frame_offset 0 3 10
[    48.84 ] D: frame_offset 0 4 10
[    48.84 ] D: sltFirstBufferFilled ("{81e1007b-949f-4e37-9ea0-a6018f22d951}") "{81e1007b-949f-4e37-9ea0-a6018f22d951}" true
[    48.84 ] D: _requestForLoading true false
[    52.34 ] D: AsyncFileReader 0 5
[    53.82 ] D: AsyncFileReader 1 6
[    55.32 ] D: AsyncFileReader 2 7
[ 42000.54 ] D: LambdaFunctionPointerVoidReturnType class `public: __cdecl DGE::QtWrapper::QMLScene::QNode3D::QNode3D(class DGE::QtWrapper::QMLScene::QINode3D * __ptr64) __ptr64'::`2'::<lambda_1> Is Destroyed
[ 42000.54 ] D: LambdaFunctionPointerVoidReturnType class `public: __cdecl DGE::QtWrapper::QMLScene::QNode3D::QNode3D(class DGE::QtWrapper::QMLScene::QINode3D * __ptr64) __ptr64'::`2'::<lambda_1> Is Destroyed
[ 42000.54 ] D: LambdaFunctionPointerVoidReturnType class `protected: void __cdecl DGE::QtWrapper::QMLScene::QPerspectiveCameraController::commonInitConstructor(void) __ptr64'::`2'::<lambda_1> Is Destroyed
[ 42000.54 ] D: LambdaFunctionPointerVoidReturnType class `protected: void __cdecl DGE::QtWrapper::QMLScene::QPerspectiveCameraController::commonInitConstructor(void) __ptr64'::`2'::<lambda_1> Is Destroyed
[ 42000.54 ] D: LambdaFunctionPointerVoidReturnType class `private: void __cdecl DGE::QtWrapper::QMLScene::QThirdPersonController::commonInitConstructor(void) __ptr64'::`2'::<lambda_1> Is Destroyed
[ 42000.54 ] D: MemberFunctionPointer void (__cdecl DGE::QtWrapper::QMLScene::QComponent3D::*)(void) __ptr64 Is Destroyed
[ 42000.54 ] D: MemberFunctionPointer void (__cdecl DGE::QtWrapper::QMLScene::QThirdPersonController::*)(class std::shared_ptr<class DGE::Scene::Component>) __ptr64 Is Destroyed
[ 42000.54 ] D: LambdaFunctionPointerVoidReturnType class `public: __cdecl DGE::QtWrapper::QMLScene::QCameraComponent::QCameraComponent(class DGE::QtWrapper::QMLScene::QNode3D * __ptr64,bool) __ptr64'::`2'::<lambda_1> Is Destroyed
[ 42000.54 ] D: MemberFunctionPointer void (__cdecl DGE::QtWrapper::QMLScene::QComponent3D::*)(void) __ptr64 Is Destroyed
[ 42000.54 ] D: LambdaFunctionPointerVoidReturnType class `private: void __cdecl DGE::QtWrapper::QMLScene::QPerspectiveLens::commonInitConstructor(void) __ptr64'::`2'::<lambda_1> Is Destroyed
[ 42000.54 ] D: LambdaFunctionPointerVoidReturnType class `protected: void __cdecl DGE::QtWrapper::QMLScene::QPerspectiveCameraController::commonInitConstructor(void) __ptr64'::`2'::<lambda_1> Is Destroyed
[ 42000.54 ] D: LambdaFunctionPointerVoidReturnType class `private: void __cdecl DGE::QtWrapper::QMLScene::QThirdPersonController::commonInitConstructor(void) __ptr64'::`2'::<lambda_1> Is Destroyed
[ 42000.54 ] D: LambdaFunctionPointerVoidReturnType class `protected: void __cdecl DGE::QtWrapper::QMLScene::QPerspectiveCameraController::commonInitConstructor(void) __ptr64'::`2'::<lambda_1> Is Destroyed
[ 42000.54 ] D: MemberFunctionPointer void (__cdecl DGE::QtWrapper::QMLScene::QComponent3D::*)(void) __ptr64 Is Destroyed
[ 42000.54 ] D: MemberFunctionPointer void (__cdecl DGE::QtWrapper::QMLScene::QThirdPersonController::*)(class std::shared_ptr<class DGE::Scene::Component>) __ptr64 Is Destroyed
[ 42000.55 ] D: LambdaFunctionPointerVoidReturnType class `public: __cdecl DGE::QtWrapper::QMLScene::QCameraComponent::QCameraComponent(class DGE::QtWrapper::QMLScene::QNode3D * __ptr64,bool) __ptr64'::`2'::<lambda_1> Is Destroyed
[ 42000.55 ] D: MemberFunctionPointer void (__cdecl DGE::QtWrapper::QMLScene::QComponent3D::*)(void) __ptr64 Is Destroyed
[ 42000.55 ] D: LambdaFunctionPointerVoidReturnType class `private: void __cdecl DGE::QtWrapper::QMLScene::QOrthoLens::commonInitConstructor(void) __ptr64'::`2'::<lambda_1> Is Destroyed
[ 42000.55 ] D: LambdaFunctionPointerVoidReturnType class `private: void __cdecl DGE::QtWrapper::QMLScene::QThirdPersonController::commonInitConstructor(void) __ptr64'::`2'::<lambda_1> Is Destroyed
[ 42000.55 ] D: LambdaFunctionPointerVoidReturnType class `protected: void __cdecl DGE::QtWrapper::QMLScene::QPerspectiveCameraController::commonInitConstructor(void) __ptr64'::`2'::<lambda_1> Is Destroyed
[ 42000.55 ] D: LambdaFunctionPointerVoidReturnType class `protected: void __cdecl DGE::QtWrapper::QMLScene::QPerspectiveCameraController::commonInitConstructor(void) __ptr64'::`2'::<lambda_1> Is Destroyed
[ 42000.55 ] D: MemberFunctionPointer void (__cdecl DGE::QtWrapper::QMLScene::QComponent3D::*)(void) __ptr64 Is Destroyed
[ 42000.55 ] D: MemberFunctionPointer void (__cdecl DGE::QtWrapper::QMLScene::QThirdPersonController::*)(class std::shared_ptr<class DGE::Scene::Component>) __ptr64 Is Destroyed
[ 42000.55 ] D: LambdaFunctionPointerVoidReturnType class `public: __cdecl DGE::QtWrapper::QMLScene::QCameraComponent::QCameraComponent(class DGE::QtWrapper::QMLScene::QNode3D * __ptr64,bool) __ptr64'::`2'::<lambda_1> Is Destroyed
[ 42000.55 ] D: MemberFunctionPointer void (__cdecl DGE::QtWrapper::QMLScene::QComponent3D::*)(void) __ptr64 Is Destroyed
[ 42000.55 ] D: LambdaFunctionPointerVoidReturnType class `private: void __cdecl DGE::QtWrapper::QMLScene::QOrthoLens::commonInitConstructor(void) __ptr64'::`2'::<lambda_1> Is Destroyed
[ 42000.55 ] D: LambdaFunctionPointerVoidReturnType class `public: __cdecl DGE::QtWrapper::QMLScene::QCameraComponent::QCameraComponent(class DGE::QtWrapper::QMLScene::QNode3D * __ptr64,bool) __ptr64'::`2'::<lambda_1> Is Destroyed
[ 42000.55 ] D: MemberFunctionPointer void (__cdecl DGE::QtWrapper::QMLScene::QComponent3D::*)(void) __ptr64 Is Destroyed
[ 42000.55 ] D: LambdaFunctionPointerVoidReturnType class `private: void __cdecl DGE::QtWrapper::QMLScene::QPerspectiveLens::commonInitConstructor(void) __ptr64'::`2'::<lambda_1> Is Destroyed
[ 42000.55 ] D: LambdaFunctionPointerVoidReturnType class `protected: void __cdecl DGE::QtWrapper::QMLScene::QPerspectiveCameraController::commonInitConstructor(void) __ptr64'::`2'::<lambda_1> Is Destroyed
[ 42000.55 ] D: LambdaFunctionPointerVoidReturnType class `private: void __cdecl DGE::QtWrapper::QMLScene::QThirdPersonController::commonInitConstructor(void) __ptr64'::`2'::<lambda_1> Is Destroyed
[ 42000.55 ] D: LambdaFunctionPointerVoidReturnType class `protected: void __cdecl DGE::QtWrapper::QMLScene::QPerspectiveCameraController::commonInitConstructor(void) __ptr64'::`2'::<lambda_1> Is Destroyed
[ 42000.55 ] D: MemberFunctionPointer void (__cdecl DGE::QtWrapper::QMLScene::QComponent3D::*)(void) __ptr64 Is Destroyed
[ 42000.55 ] D: MemberFunctionPointer void (__cdecl DGE::QtWrapper::QMLScene::QThirdPersonController::*)(class std::shared_ptr<class DGE::Scene::Component>) __ptr64 Is Destroyed
[ 42000.55 ] D: LambdaFunctionPointerVoidReturnType class `public: __cdecl DGE::QtWrapper::QMLScene::QCameraComponent::QCameraComponent(class DGE::QtWrapper::QMLScene::QNode3D * __ptr64,bool) __ptr64'::`2'::<lambda_1> Is Destroyed
[ 42000.55 ] D: MemberFunctionPointer void (__cdecl DGE::QtWrapper::QMLScene::QComponent3D::*)(void) __ptr64 Is Destroyed
[ 42000.55 ] D: LambdaFunctionPointerVoidReturnType class `private: void __cdecl DGE::QtWrapper::QMLScene::QPerspectiveLens::commonInitConstructor(void) __ptr64'::`2'::<lambda_1> Is Destroyed
[ 42000.55 ] D: LambdaFunctionPointerVoidReturnType class `protected: void __cdecl DGE::QtWrapper::QMLScene::QPerspectiveCameraController::commonInitConstructor(void) __ptr64'::`2'::<lambda_1> Is Destroyed
[ 42000.55 ] D: LambdaFunctionPointerVoidReturnType class `private: void __cdecl DGE::QtWrapper::QMLScene::QThirdPersonController::commonInitConstructor(void) __ptr64'::`2'::<lambda_1> Is Destroyed
[ 42000.55 ] D: LambdaFunctionPointerVoidReturnType class `protected: void __cdecl DGE::QtWrapper::QMLScene::QPerspectiveCameraController::commonInitConstructor(void) __ptr64'::`2'::<lambda_1> Is Destroyed
[ 42000.55 ] D: MemberFunctionPointer void (__cdecl DGE::QtWrapper::QMLScene::QComponent3D::*)(void) __ptr64 Is Destroyed
[ 42000.55 ] D: MemberFunctionPointer void (__cdecl DGE::QtWrapper::QMLScene::QThirdPersonController::*)(class std::shared_ptr<class DGE::Scene::Component>) __ptr64 Is Destroyed
[ 42000.55 ] D: LambdaFunctionPointerVoidReturnType class `public: __cdecl DGE::QtWrapper::QMLScene::QCameraComponent::QCameraComponent(class DGE::QtWrapper::QMLScene::QNode3D * __ptr64,bool) __ptr64'::`2'::<lambda_1> Is Destroyed
[ 42000.55 ] D: MemberFunctionPointer void (__cdecl DGE::QtWrapper::QMLScene::QComponent3D::*)(void) __ptr64 Is Destroyed
[ 42000.55 ] D: LambdaFunctionPointerVoidReturnType class `private: void __cdecl DGE::QtWrapper::QMLScene::QOrthoLens::commonInitConstructor(void) __ptr64'::`2'::<lambda_1> Is Destroyed
[ 42000.55 ] D: LambdaFunctionPointerVoidReturnType class `protected: void __cdecl DGE::QtWrapper::QMLScene::QPerspectiveCameraController::commonInitConstructor(void) __ptr64'::`2'::<lambda_1> Is Destroyed
[ 42000.55 ] D: LambdaFunctionPointerVoidReturnType class `private: void __cdecl DGE::QtWrapper::QMLScene::QThirdPersonController::commonInitConstructor(void) __ptr64'::`2'::<lambda_1> Is Destroyed
[ 42000.55 ] D: LambdaFunctionPointerVoidReturnType class `protected: void __cdecl DGE::QtWrapper::QMLScene::QPerspectiveCameraController::commonInitConstructor(void) __ptr64'::`2'::<lambda_1> Is Destroyed
[ 42000.55 ] D: MemberFunctionPointer void (__cdecl DGE::QtWrapper::QMLScene::QComponent3D::*)(void) __ptr64 Is Destroyed
[ 42000.55 ] D: MemberFunctionPointer void (__cdecl DGE::QtWrapper::QMLScene::QThirdPersonController::*)(class std::shared_ptr<class DGE::Scene::Component>) __ptr64 Is Destroyed
[ 42000.55 ] D: LambdaFunctionPointerVoidReturnType class `public: __cdecl DGE::QtWrapper::QMLScene::QCameraComponent::QCameraComponent(class DGE::QtWrapper::QMLScene::QNode3D * __ptr64,bool) __ptr64'::`2'::<lambda_1> Is Destroyed
[ 42000.55 ] D: MemberFunctionPointer void (__cdecl DGE::QtWrapper::QMLScene::QComponent3D::*)(void) __ptr64 Is Destroyed
[ 42000.55 ] D: LambdaFunctionPointerVoidReturnType class `private: void __cdecl DGE::QtWrapper::QMLScene::QOrthoLens::commonInitConstructor(void) __ptr64'::`2'::<lambda_1> Is Destroyed
[ 42000.56 ] D: LambdaFunctionPointerVoidReturnType class `public: __cdecl DGE::QtWrapper::QMLScene::QCameraComponent::QCameraComponent(class DGE::QtWrapper::QMLScene::QNode3D * __ptr64,bool) __ptr64'::`2'::<lambda_1> Is Destroyed
[ 42000.56 ] D: MemberFunctionPointer void (__cdecl DGE::QtWrapper::QMLScene::QComponent3D::*)(void) __ptr64 Is Destroyed
[ 42000.56 ] D: LambdaFunctionPointerVoidReturnType class `private: void __cdecl DGE::QtWrapper::QMLScene::QPerspectiveLens::commonInitConstructor(void) __ptr64'::`2'::<lambda_1> Is Destroyed
[ 42000.56 ] D: LambdaFunctionPointerVoidReturnType class `protected: void __cdecl DGE::QtWrapper::QMLScene::QPerspectiveCameraController::commonInitConstructor(void) __ptr64'::`2'::<lambda_1> Is Destroyed
[ 42000.56 ] D: LambdaFunctionPointerVoidReturnType class `protected: void __cdecl DGE::QtWrapper::QMLScene::QPerspectiveCameraController::commonInitConstructor(void) __ptr64'::`2'::<lambda_1> Is Destroyed
[ 42000.56 ] D: LambdaFunctionPointerVoidReturnType class `private: void __cdecl DGE::QtWrapper::QMLScene::QThirdPersonController::commonInitConstructor(void) __ptr64'::`2'::<lambda_1> Is Destroyed
[ 42000.56 ] D: MemberFunctionPointer void (__cdecl DGE::QtWrapper::QMLScene::QComponent3D::*)(void) __ptr64 Is Destroyed
[ 42000.56 ] D: MemberFunctionPointer void (__cdecl DGE::QtWrapper::QMLScene::QThirdPersonController::*)(class std::shared_ptr<class DGE::Scene::Component>) __ptr64 Is Destroyed
[ 42000.56 ] D: LambdaFunctionPointerVoidReturnType class `public: __cdecl DGE::QtWrapper::QMLScene::QCameraComponent::QCameraComponent(class DGE::QtWrapper::QMLScene::QNode3D * __ptr64,bool) __ptr64'::`2'::<lambda_1> Is Destroyed
[ 42000.56 ] D: MemberFunctionPointer void (__cdecl DGE::QtWrapper::QMLScene::QComponent3D::*)(void) __ptr64 Is Destroyed
[ 42000.56 ] D: LambdaFunctionPointerVoidReturnType class `private: void __cdecl DGE::QtWrapper::QMLScene::QPerspectiveLens::commonInitConstructor(void) __ptr64'::`2'::<lambda_1> Is Destroyed
[ 42000.56 ] D: LambdaFunctionPointerVoidReturnType class `protected: void __cdecl DGE::QtWrapper::QMLScene::QPerspectiveCameraController::commonInitConstructor(void) __ptr64'::`2'::<lambda_1> Is Destroyed
[ 42000.56 ] D: LambdaFunctionPointerVoidReturnType class `protected: void __cdecl DGE::QtWrapper::QMLScene::QPerspectiveCameraController::commonInitConstructor(void) __ptr64'::`2'::<lambda_1> Is Destroyed
[ 42000.56 ] D: LambdaFunctionPointerVoidReturnType class `private: void __cdecl DGE::QtWrapper::QMLScene::QThirdPersonController::commonInitConstructor(void) __ptr64'::`2'::<lambda_1> Is Destroyed
[ 42000.56 ] D: MemberFunctionPointer void (__cdecl DGE::QtWrapper::QMLScene::QComponent3D::*)(void) __ptr64 Is Destroyed
[ 42000.56 ] D: MemberFunctionPointer void (__cdecl DGE::QtWrapper::QMLScene::QThirdPersonController::*)(class std::shared_ptr<class DGE::Scene::Component>) __ptr64 Is Destroyed
[ 42000.56 ] D: LambdaFunctionPointerVoidReturnType class `public: __cdecl DGE::QtWrapper::QMLScene::QCameraComponent::QCameraComponent(class DGE::QtWrapper::QMLScene::QNode3D * __ptr64,bool) __ptr64'::`2'::<lambda_1> Is Destroyed
[ 42000.56 ] D: MemberFunctionPointer void (__cdecl DGE::QtWrapper::QMLScene::QComponent3D::*)(void) __ptr64 Is Destroyed
[ 42000.57 ] D: LambdaFunctionPointerVoidReturnType class `private: void __cdecl DGE::QtWrapper::QMLScene::QOrthoLens::commonInitConstructor(void) __ptr64'::`2'::<lambda_1> Is Destroyed
[ 42000.57 ] D: LambdaFunctionPointerVoidReturnType class `protected: void __cdecl DGE::QtWrapper::QMLScene::QPerspectiveCameraController::commonInitConstructor(void) __ptr64'::`2'::<lambda_1> Is Destroyed
[ 42000.57 ] D: LambdaFunctionPointerVoidReturnType class `private: void __cdecl DGE::QtWrapper::QMLScene::QThirdPersonController::commonInitConstructor(void) __ptr64'::`2'::<lambda_1> Is Destroyed
[ 42000.57 ] D: LambdaFunctionPointerVoidReturnType class `protected: void __cdecl DGE::QtWrapper::QMLScene::QPerspectiveCameraController::commonInitConstructor(void) __ptr64'::`2'::<lambda_1> Is Destroyed
[ 42000.57 ] D: MemberFunctionPointer void (__cdecl DGE::QtWrapper::QMLScene::QComponent3D::*)(void) __ptr64 Is Destroyed
[ 42000.57 ] D: MemberFunctionPointer void (__cdecl DGE::QtWrapper::QMLScene::QThirdPersonController::*)(class std::shared_ptr<class DGE::Scene::Component>) __ptr64 Is Destroyed
[ 42000.57 ] D: LambdaFunctionPointerVoidReturnType class `public: __cdecl DGE::QtWrapper::QMLScene::QCameraComponent::QCameraComponent(class DGE::QtWrapper::QMLScene::QNode3D * __ptr64,bool) __ptr64'::`2'::<lambda_1> Is Destroyed
[ 42000.57 ] D: MemberFunctionPointer void (__cdecl DGE::QtWrapper::QMLScene::QComponent3D::*)(void) __ptr64 Is Destroyed
[ 42000.57 ] D: LambdaFunctionPointerVoidReturnType class `private: void __cdecl DGE::QtWrapper::QMLScene::QOrthoLens::commonInitConstructor(void) __ptr64'::`2'::<lambda_1> Is Destroyed
[ 42000.57 ] D: LambdaFunctionPointerVoidReturnType class `public: __cdecl DGE::QtWrapper::QMLScene::QCameraComponent::QCameraComponent(class DGE::QtWrapper::QMLScene::QNode3D * __ptr64,bool) __ptr64'::`2'::<lambda_1> Is Destroyed
[ 42000.57 ] D: MemberFunctionPointer void (__cdecl DGE::QtWrapper::QMLScene::QComponent3D::*)(void) __ptr64 Is Destroyed
[ 42000.57 ] D: LambdaFunctionPointerVoidReturnType class `private: void __cdecl DGE::QtWrapper::QMLScene::QPerspectiveLens::commonInitConstructor(void) __ptr64'::`2'::<lambda_1> Is Destroyed
[ 42000.60 ] D: LambdaFunctionPointerVoidReturnType class `public: __cdecl AnimationManager::AnimationManager(class QObject * __ptr64) __ptr64'::`2'::<lambda_1> Is Destroyed
[ 42000.60 ] D: Release a BaseUIItem object
[ 42000.61 ] D: -----Released Scene Module-----
[ 42000.61 ] D: -----Released GFX Module-----
[ 42000.61 ] I: Log: Log file closed, 1403/4/14 10:10:18
