[    12.94 ] I: Log: Log file open in follow path at 1403/6/21 22:51:44 : C:\Users\AmirPasha\Desktop\Rpos\DAW-3\build2019\debug\Logs\Launch.log
[    12.94 ] I: The subsystem "class DGE::Core::IO::LogSystem::Logger" is registered successfully.
[    12.94 ] I: The subsystem "class DGE::Core::Windows::QtWindow" is registered successfully.
[    12.94 ] D: API version is: 4.60 ,shader version is: 4.60
[    12.94 ] I: The subsystem "class DGE::GFX::GCore::QtWrapper::QtRenderer" is registered successfully.
[    12.94 ] I: Current Render API is: 4.60
[    12.94 ] I: The subsystem "Renderer" is registered successfully.
[    12.94 ] I: The subsystem "class DGE::Core::Platforms::QtPlatform" is registered successfully.
[    12.94 ] I: The subsystem "Platform" is registered successfully.
[    12.94 ] I: The subsystem "class DGE::Core::IO::FileSystem::FileManager" is registered successfully.
[    12.94 ] I: The subsystem "class DGE::Core::CoreModule" is registered successfully.
[    12.94 ] I: The subsystem "class DGE::Core::Profiling::Profiler" is registered successfully.
[    12.94 ] I: The subsystem "class DGE::GFX::DrawablesManager" is registered successfully.
[    12.94 ] I: #version 460 core
#define GLES_Ver 460

[    12.94 ] I: The subsystem "class DGE::GFX::GraphicsManager" is registered successfully.
[    12.94 ] I: The subsystem "class DGE::GFX::GFXModule" is registered successfully.
[    13.52 ] D: Shader Compile successfully.
[    13.54 ] I: The subsystem "class DGE::Scene::ViewportManager" is registered successfully.
[    13.54 ] I: The subsystem "class DGE::Scene::SceneModule" is registered successfully.
[    13.54 ] I: The subsystem "class DGE::Managers::RenderManager" is registered successfully.
[    13.54 ] D: Engine Enabled
[    13.54 ] I: The subsystem "class DGE::Engine" is registered successfully.
[    13.54 ] D: Node with id 1 is added to Qt layer
[    13.54 ] D: Node with id 2460 is added to Qt layer
[    13.54 ] D: Node with id 2462 is added to Qt layer
[    13.54 ] D: Node with id 2464 is added to Qt layer
[    13.55 ] D: Node with id 2466 is added to Qt layer
[    13.55 ] D: Node with id 2468 is added to Qt layer
[    13.55 ] D: Node with id 2470 is added to Qt layer
[    13.55 ] D: Node with id 2472 is added to Qt layer
[    13.55 ] D: Node with id 2474 is added to Qt layer
[    13.55 ] D: Node with id 2476 is added to Qt layer
[    13.56 ] D: Node with id 2478 is added to Qt layer
[    13.56 ] D: Node with id 2480 is added to Qt layer
[    13.56 ] D: Node with id 2482 is added to Qt layer
[    13.57 ] D: Node with id 2484 is added to Qt layer
[    13.58 ] D: Node with id 2486 is added to Qt layer
[    13.58 ] D: Node with id 2487 is added to Qt layer
[    13.59 ] D: Node with id 2489 is added to Qt layer
[    13.60 ] D: Node with id 2491 is added to Qt layer
[    13.61 ] D: Node with id 3 is added to Qt layer
[    13.61 ] D: Node with id 2493 is added to Qt layer
[    13.62 ] S: New view-port registered with id: 1
[    13.62 ] S: New view-port registered with id: 2
[    13.62 ] S: New view-port registered with id: 3
[    13.62 ] S: New view-port registered with id: 4
[    13.63 ] S: New view-port registered with id: 5
[    13.63 ] S: New view-port registered with id: 6
[    14.84 ] D: Creating suitable QNanoBackend for OpenGL 4.6 context
[    14.84 ] D: Using backend: "OpenGL 3"
[    15.09 ] W: Floating point comparison needs context sanity check
[    15.09 ] D: QT onScaleChanged=  144
[    15.30 ] W: ShaderEffectSource: 'recursive' must be set to true when rendering recursively.
[    15.32 ] W: ShaderEffectSource: 'recursive' must be set to true when rendering recursively.
[    15.32 ] W: ShaderEffectSource: 'recursive' must be set to true when rendering recursively.
[    15.33 ] W: ShaderEffectSource: 'recursive' must be set to true when rendering recursively.
[    15.70 ] D: Engine Started.
[    46.59 ] D: _editController->getParameterCount() 143
[    46.65 ] D: ADDED 0 0 0
[    48.13 ] D: ADDED 1 0 0
[    48.13 ] D: ADDED 2 0 0
[    48.13 ] D: ADDED 3 0 0
[    48.21 ] D: ADDED
[    50.42 ] D: P1 -456
[ 