[     4.46 ] I: Log: Log file open in follow path at 1403/6/12 09:02:49 : C:\Users\AmirPasha\Desktop\Rpos\DAW-3\build2019\debug\Logs\Launch.log
[     4.46 ] I: The subsystem "class DGE::Core::IO::LogSystem::Logger" is registered successfully.
[     4.46 ] I: The subsystem "class DGE::Core::Windows::QtWindow" is registered successfully.
[     4.46 ] D: API version is: 4.60 ,shader version is: 4.60
[     4.46 ] I: The subsystem "class DGE::GFX::GCore::QtWrapper::QtRenderer" is registered successfully.
[     4.46 ] I: Current Render API is: 4.60
[     4.46 ] I: The subsystem "Renderer" is registered successfully.
[     4.46 ] I: The subsystem "class DGE::Core::Platforms::QtPlatform" is registered successfully.
[     4.46 ] I: The subsystem "Platform" is registered successfully.
[     4.46 ] I: The subsystem "class DGE::Core::IO::FileSystem::FileManager" is registered successfully.
[     4.46 ] I: The subsystem "class DGE::Core::CoreModule" is registered successfully.
[     4.46 ] I: The subsystem "class DGE::Core::Profiling::Profiler" is registered successfully.
[     4.46 ] I: The subsystem "class DGE::GFX::DrawablesManager" is registered successfully.
[     4.46 ] I: #version 460 core
#define GLES_Ver 460

[     4.46 ] I: The subsystem "class DGE::GFX::GraphicsManager" is registered successfully.
[     4.46 ] I: The subsystem "class DGE::GFX::GFXModule" is registered successfully.
[     4.53 ] D: Shader Compile successfully.
[     4.53 ] I: The subsystem "class DGE::Scene::ViewportManager" is registered successfully.
[     4.53 ] I: The subsystem "class DGE::Scene::SceneModule" is registered successfully.
[     4.53 ] I: The subsystem "class DGE::Managers::RenderManager" is registered successfully.
[     4.53 ] D: Engine Enabled
[     4.54 ] I: The subsystem "class DGE::Engine" is registered successfully.
[     4.54 ] D: Node with id 1 is added to Qt layer
[     4.54 ] D: Node with id 2460 is added to Qt layer
[     4.54 ] D: Node with id 2462 is added to Qt layer
[     4.54 ] D: Node with id 2464 is added to Qt layer
[     4.54 ] D: Node with id 2466 is added to Qt layer
[     4.54 ] D: Node with id 2468 is added to Qt layer
[     4.54 ] D: Node with id 2470 is added to Qt layer
[     4.54 ] D: Node with id 2472 is added to Qt layer
[     4.54 ] D: Node with id 2474 is added to Qt layer
[     4.54 ] D: Node with id 2476 is added to Qt layer
[     4.54 ] D: Node with id 2478 is added to Qt layer
[     4.54 ] D: Node with id 2480 is added to Qt layer
[     4.54 ] D: Node with id 2482 is added to Qt layer
[     4.54 ] D: Node with id 2484 is added to Qt layer
[     4.54 ] D: Node with id 2486 is added to Qt layer
[     4.54 ] D: Node with id 2487 is added to Qt layer
[     4.54 ] D: Node with id 2489 is added to Qt layer
[     4.54 ] D: Node with id 2491 is added to Qt layer
[     4.54 ] D: Node with id 3 is added to Qt layer
[     4.54 ] D: Node with id 2493 is added to Qt layer
[     4.54 ] S: New view-port registered with id: 1
[     4.54 ] S: New view-port registered with id: 2
[     4.54 ] S: New view-port registered with id: 3
[     4.54 ] S: New view-port registered with id: 4
[     4.55 ] S: New view-port registered with id: 5
[     4.55 ] S: New view-port registered with id: 6
[     4.64 ] D: Creating suitable QNanoBackend for OpenGL 4.6 context
[     4.64 ] D: Using backend: "OpenGL 3"
[     4.68 ] W: Floating point comparison needs context sanity check
[     4.68 ] D: QT onScaleChanged=  144
[     4.70 ] W: ShaderEffectSource: 'recursive' must be set to true when rendering recursively.
[     4.71 ] W: ShaderEffectSource: 'recursive' must be set to true when rendering recursively.
[     4.72 ] W: ShaderEffectSource: 'recursive' must be set to true when rendering recursively.
[     4.72 ] W: ShaderEffectSource: 'recursive' must be set to true when rendering recursively.
[     4.88 ] D: Engine Started.
[    11.40 ] D: _editController->getParameterCount() 143
[    11.40 ] D: info.stepCount 0xfc845e5780 0.7 0 0
[    11.40 ] D: info.stepCount 0xfc845e5780 0.5 0 0
[    11.40 ] D: info.stepCount 0xfc845e5780 0 1 0
[    11.40 ] D: info.stepCount 0xfc845e5780 0.5 0 0
[    11.40 ] D: info.stepCount 0xfc845e5780 0.5 0 0
[    11.40 ] D: info.stepCount 0xfc845e5780 0.5 0 0
[    11.40 ] D: info.stepCount 0xfc845e5780 0.5 0 0
[    11.40 ] D: info.stepCount 0xfc845e5780 0 1 0
[    11.40 ] D: info.stepCount 0xfc845e5780 0 1 0
[    11.40 ] D: info.stepCount 0xfc845e5780 0 0 0
[    11.40 ] D: info.stepCount 0xfc845e5780 0 0 0
[    11.40 ] D: info.stepCount 0xfc845e5780 0 0 0
[    11.40 ] D: info.stepCount 0xfc845e5780 0 0 0
[    11.40 ] D: info.stepCount 0xfc845e5780 0 0 0
[    11.40 ] D: info.stepCount 0xfc845e5780 0 0 0
[    11.40 ] D: info.stepCount 0xfc845e5780 0 0 0
[    11.40 ] D: info.stepCount 0xfc845e5780 0 0 0
[    11.40 ] D: info.stepCount 0xfc845e5780 0 0 0
[    11.40 ] D: info.stepCount 0xfc845e5780 0 0 0
[    11.40 ] D: info.stepCount 0xfc845e5780 0 0 0
[    11.40 ] D: info.stepCount 0xfc845e5780 0 0 0
[    11.40 ] D: info.stepCount 0xfc845e5780 0 0 0
[    11.40 ] D: info.stepCount 0xfc845e5780 0 0 0
[    11.40 ] D: info.stepCount 0xfc845e5780 0 0 0
[    11.40 ] D: info.stepCount 0xfc845e5780 0 0 0
[    11.40 ] D: info.stepCount 0xfc845e5780 0 0 0
[    11.40 ] D: info.stepCount 0xfc845e5780 0 0 0
[    11.40 ] D: info.stepCount 0xfc845e5780 0 0 0
[    11.40 ] D: info.stepCount 0xfc845e5780 0 0 0
[    11.40 ] D: info.stepCount 0xfc845e5780 0 0 0
[    11.40 ] D: info.stepCount 0xfc845e5780 0 0 0
[    11.40 ] D: info.stepCount 0xfc845e5780 0 0 0
[    11.40 ] D: info.stepCount 0xfc845e5780 0 0 0
[    11.40 ] D: info.stepCount 0xfc845e5780 0 0 0
[    11.40 ] D: info.stepCount 0xfc845e5780 0 0 0
[    11.40 ] D: info.stepCount 0xfc845e5780 0 0 0
[    11.40 ] D: info.stepCount 0xfc845e5780 0 0 0
[    11.40 ] D: info.stepCount 0xfc845e5780 0 0 0
[    11.40 ] D: info.stepCount 0xfc845e5780 0 0 0
[    11.40 ] D: info.stepCount 0xfc845e5780 0 0 0
[    11.40 ] D: info.stepCount 0xfc845e5780 0 0 0
[    11.40 ] D: info.stepCount 0xfc845e5780 0 0 0
[    11.40 ] D: info.stepCount 0xfc845e5780 0 0 0
[    11.40 ] D: info.stepCount 0xfc845e5780 0 0 0
[    11.40 ] D: info.stepCount 0xfc845e5780 0 0 0
[    11.40 ] D: info.stepCount 0xfc845e5780 0 0 0
[    11.40 ] D: info.stepCount 0xfc845e5780 0 0 0
[    11.40 ] D: info.stepCount 0xfc845e5780 0 0 0
[    11.40 ] D: info.stepCount 0xfc845e5780 0 0 0
[    11.40 ] D: info.stepCount 0xfc845e5780 0 0 0
[    11.40 ] D: info.stepCount 0xfc845e5780 0 0 0
[    11.40 ] D: info.stepCount 0xfc845e5780 0 0 0
[    11.40 ] D: info.stepCount 0xfc845e5780 0 0 0
[    11.40 ] D: info.stepCount 0xfc845e5780 0 0 0
[    11.40 ] D: info.stepCount 0xfc845e5780 0 0 0
[    11.40 ] D: info.stepCount 0xfc845e5780 0 0 0
[    11.40 ] D: info.stepCount 0xfc845e5780 0 0 0
[    11.40 ] D: info.stepCount 0xfc845e5780 0 0 0
[    11.40 ] D: info.stepCount 0xfc845e5780 0 0 0
[    11.40 ] D: info.stepCount 0xfc845e5780 0 0 0
[    11.40 ] D: info.stepCount 0xfc845e5780 0 0 0
[    11.40 ] D: info.stepCount 0xfc845e5780 0 0 0
[    11.40 ] D: info.stepCount 0xfc845e5780 0 0 0
[    11.40 ] D: info.stepCount 0xfc845e5780 0 0 0
[    11.40 ] D: info.stepCount 0xfc845e5780 0 0 0
[    11.40 ] D: info.stepCount 0xfc845e5780 0 0 0
[    11.40 ] D: info.stepCount 0xfc845e5780 0 0 0
[    11.40 ] D: info.stepCount 0xfc845e5780 0 0 0
[    11.40 ] D: info.stepCount 0xfc845e5780 0 0 0
[    11.40 ] D: info.stepCount 0xfc845e5780 0 0 0
[    11.40 ] D: info.stepCount 0xfc845e5780 0 0 0
[    11.40 ] D: info.stepCount 0xfc845e5780 0 0 0
[    11.40 ] D: info.stepCount 0xfc845e5780 0 0 0
[    11.40 ] D: info.stepCount 0xfc845e5780 0 0 0
[    11.41 ] D: info.stepCount 0xfc845e5780 0 0 0
[    11.41 ] D: info.stepCount 0xfc845e5780 0 0 0
[    11.41 ] D: info.stepCount 0xfc845e5780 0 0 0
[    11.41 ] D: info.stepCount 0xfc845e5780 0 0 0
[    11.41 ] D: info.stepCount 0xfc845e5780 0 0 0
[    11.41 ] D: info.stepCount 0xfc845e5780 0 0 0
[    11.41 ] D: info.stepCount 0xfc845e5780 0 0 0
[    11.41 ] D: info.stepCount 0xfc845e5780 0 0 0
[    11.41 ] D: info.stepCount 0xfc845e5780 0 0 0
[    11.41 ] D: info.stepCount 0xfc845e5780 0 0 0
[    11.41 ] D: info.stepCount 0xfc845e5780 0 0 0
[    11.41 ] D: info.stepCount 0xfc845e5780 0 0 0
[    11.41 ] D: info.stepCount 0xfc845e5780 0 0 0
[    11.41 ] D: info.stepCount 0xfc845e5780 0 0 0
[    11.41 ] D: info.stepCount 0xfc845e5780 0 0 0
[    11.41 ] D: info.stepCount 0xfc845e5780 0 0 0
[    11.41 ] D: info.stepCount 0xfc845e5780 0 0 0
[    11.41 ] D: info.stepCount 0xfc845e5780 0 0 0
[    11.41 ] D: info.stepCount 0xfc845e5780 0 0 0
[    11.41 ] D: info.stepCount 0xfc845e5780 0 0 0
[    11.41 ] D: info.stepCount 0xfc845e5780 0 0 0
[    11.41 ] D: info.stepCount 0xfc845e5780 0 0 0
[    11.41 ] D: info.stepCount 0xfc845e5780 0 0 0
[    11.41 ] D: info.stepCount 0xfc845e5780 0 0 0
[    11.41 ] D: info.stepCount 0xfc845e5780 0 0 0
[    11.41 ] D: info.stepCount 0xfc845e5780 0 0 0
[    11.41 ] D: info.stepCount 0xfc845e5780 0 0 0
[    11.41 ] D: info.stepCount 0xfc845e5780 0 0 0
[    11.41 ] D: info.stepCount 0xfc845e5780 0 0 0
[    11.41 ] D: info.stepCount 0xfc845e5780 0 0 0
[    11.41 ] D: info.stepCount 0xfc845e5780 0 0 0
[    11.41 ] D: info.stepCount 0xfc845e5780 0 0 0
[    11.41 ] D: info.stepCount 0xfc845e5780 0 0 0
[    11.41 ] D: info.stepCount 0xfc845e5780 0 0 0
[    11.41 ] D: info.stepCount 0xfc845e5780 0 0 0
[    11.41 ] D: info.stepCount 0xfc845e5780 0 0 0
[    11.41 ] D: info.stepCount 0xfc845e5780 0 0 0
[    11.41 ] D: info.stepCount 0xfc845e5780 0 0 0
[    11.41 ] D: info.stepCount 0xfc845e5780 0 0 0
[    11.41 ] D: info.stepCount 0xfc845e5780 0 0 0
[    11.41 ] D: info.stepCount 0xfc845e5780 0 0 0
[    11.41 ] D: info.stepCount 0xfc845e5780 0 0 0
[    11.41 ] D: info.stepCount 0xfc845e5780 0 0 0
[    11.41 ] D: info.stepCount 0xfc845e5780 0 0 0
[    11.41 ] D: info.stepCount 0xfc845e5780 0 0 0
[    11.41 ] D: info.stepCount 0xfc845e5780 0 0 0
[    11.41 ] D: info.stepCount 0xfc845e5780 0 0 0
[    11.41 ] D: info.stepCount 0xfc845e5780 0 0 0
[    11.41 ] D: info.stepCount 0xfc845e5780 0 0 0
[    11.41 ] D: info.stepCount 0xfc845e5780 0 0 0
[    11.41 ] D: info.stepCount 0xfc845e5780 0 0 0
[    11.41 ] D: info.stepCount 0xfc845e5780 0 0 0
[    11.41 ] D: info.stepCount 0xfc845e5780 0 0 0
[    11.41 ] D: info.stepCount 0xfc845e5780 0 0 0
[    11.41 ] D: info.stepCount 0xfc845e5780 0 0 0
[    11.41 ] D: info.stepCount 0xfc845e5780 0 0 0
[    11.41 ] D: info.stepCount 0xfc845e5780 0 0 0
[    11.41 ] D: info.stepCount 0xfc845e5780 0 0 0
[    11.41 ] D: info.stepCount 0xfc845e5780 0 0 0
[    11.41 ] D: info.stepCount 0xfc845e5780 0 0 0
[    11.41 ] D: info.stepCount 0xfc845e5780 0 0 0
[    11.41 ] D: info.stepCount 0xfc845e5780 0 0 0
[    11.41 ] D: info.stepCount 0xfc845e5780 0 0 0
[    11.41 ] D: info.stepCount 0xfc845e5780 0 0 0
[    11.41 ] D: info.stepCount 0xfc845e5780 0 0 0
[    11.41 ] D: info.stepCount 0xfc845e5780 0 0 0
[    11.41 ] D: info.stepCount 0xfc845e5780 0 0 0
[    11.41 ] D: info.stepCount 0xfc845e5780 0 0 0
[    11.41 ] D: info.stepCount 0xfc845e5780 0 0 0
[    11.42 ] D: effectModel.controls Vst3Effect(0x26c31cffa60)
[    11.63 ] D: ADDED
[    15.04 ] D: _editController->getParameterCount() 13
[    15.04 ] D: info.stepCount 0xfc845e5780 1 0 0
[    15.04 ] D: info.stepCount 0xfc845e5780 0 0 0
[    15.04 ] D: info.stepCount 0xfc845e5780 0.5 0 0
[    15.04 ] D: info.stepCount 0xfc845e5780 0.5 0 0
[    15.04 ] D: info.stepCount 0xfc845e5780 0.5 0 0
[    15.04 ] D: info.stepCount 0xfc845e5780 0.365345 0 0
[    15.04 ] D: info.stepCount 0xfc845e5780 0 0 0
[    15.04 ] D: info.stepCount 0xfc845e5780 0.348774 0 0
[    15.04 ] D: info.stepCount 0xfc845e5780 0.5 0 0
[    15.04 ] D: info.stepCount 0xfc845e5780 0.5 0 0
[    15.04 ] D: info.stepCount 0xfc845e5780 0.5 0 0
[    15.04 ] D: info.stepCount 0xfc845e5780 0.0416667 0 0
[    15.04 ] D: info.stepCount 0xfc845e5780 0 1 0
[    15.06 ] D: effectModel.controls Vst3Effect(0x26c31d023d0)
[    15.24 ] D: ADDED
[    17.01 ] D: P1 -178
[    17.02 ] D: P1 -201
[    17.02 ] D: P1 -202
[    17.02 ] D: P1 -204
[    17.02 ] D: P1 -205
[    17.02 ] D: P1 -206
[    17.02 ] D: P1 -208
[    17.03 ] D: P1 -209
[    17.03 ] D: P1 -210
[    17.03 ] D: P1 -213
[    17.04 ] D: P1 -213
[    17.04 ] D: P1 -214
[    17.04 ] D: P1 -215
[    17.05 ] D: P1 -216
[    17.05 ] D: P1 -219
[    17.05 ] D: P1 -220
[    17.06 ] D: P1 -220
[    17.07 ] D: P1 -221
[   