[     4.74 ] I: Log: Log file open in follow path at 1403/6/9 10:27:48 : C:\Users\AmirPasha\Desktop\Rpos\DAW-3\build2019\debug\Logs\Launch.log
[     4.74 ] I: The subsystem "class DGE::Core::IO::LogSystem::Logger" is registered successfully.
[     4.74 ] I: The subsystem "class DGE::Core::Windows::QtWindow" is registered successfully.
[     4.74 ] D: API version is: 4.60 ,shader version is: 4.60
[     4.74 ] I: The subsystem "class DGE::GFX::GCore::QtWrapper::QtRenderer" is registered successfully.
[     4.74 ] I: Current Render API is: 4.60
[     4.74 ] I: The subsystem "Renderer" is registered successfully.
[     4.74 ] I: The subsystem "class DGE::Core::Platforms::QtPlatform" is registered successfully.
[     4.74 ] I: The subsystem "Platform" is registered successfully.
[     4.74 ] I: The subsystem "class DGE::Core::IO::FileSystem::FileManager" is registered successfully.
[     4.74 ] I: The subsystem "class DGE::Core::CoreModule" is registered successfully.
[     4.74 ] I: The subsystem "class DGE::Core::Profiling::Profiler" is registered successfully.
[     4.74 ] I: The subsystem "class DGE::GFX::DrawablesManager" is registered successfully.
[     4.74 ] I: #version 460 core
#define GLES_Ver 460

[     4.75 ] I: The subsystem "class DGE::GFX::GraphicsManager" is registered successfully.
[     4.75 ] I: The subsystem "class DGE::GFX::GFXModule" is registered successfully.
[     4.83 ] D: Shader Compile successfully.
[     4.83 ] I: The subsystem "class DGE::Scene::ViewportManager" is registered successfully.
[     4.83 ] I: The subsystem "class DGE::Scene::SceneModule" is registered successfully.
[     4.83 ] I: The subsystem "class DGE::Managers::RenderManager" is registered successfully.
[     4.83 ] D: Engine Enabled
[     4.83 ] I: The subsystem "class DGE::Engine" is registered successfully.
[     4.83 ] D: Node with id 1 is added to Qt layer
[     4.83 ] D: Node with id 2460 is added to Qt layer
[     4.83 ] D: Node with id 2462 is added to Qt layer
[     4.84 ] D: Node with id 2464 is added to Qt layer
[     4.84 ] D: Node with id 2466 is added to Qt layer
[     4.84 ] D: Node with id 2468 is added to Qt layer
[     4.84 ] D: Node with id 2470 is added to Qt layer
[     4.84 ] D: Node with id 2472 is added to Qt layer
[     4.84 ] D: Node with id 2474 is added to Qt layer
[     4.84 ] D: Node with id 2476 is added to Qt layer
[     4.84 ] D: Node with id 2478 is added to Qt layer
[     4.84 ] D: Node with id 2480 is added to Qt layer
[     4.84 ] D: Node with id 2482 is added to Qt layer
[     4.84 ] D: Node with id 2484 is added to Qt layer
[     4.84 ] D: Node with id 2486 is added to Qt layer
[     4.84 ] D: Node with id 2487 is added to Qt layer
[     4.84 ] D: Node with id 2489 is added to Qt layer
[     4.84 ] D: Node with id 2491 is added to Qt layer
[     4.84 ] D: Node with id 3 is added to Qt layer
[     4.84 ] D: Node with id 2493 is added to Qt layer
[     4.84 ] S: New view-port registered with id: 1
[     4.84 ] S: New view-port registered with id: 2
[     4.84 ] S: New view-port registered with id: 3
[     4.84 ] S: New view-port registered with id: 4
[     4.84 ] S: New view-port registered with id: 5
[     4.84 ] S: New view-port registered with id: 6
[     4.95 ] D: Creating suitable QNanoBackend for OpenGL 4.6 context
[     4.95 ] D: Using backend: "OpenGL 3"
[     4.99 ] W: Floating point comparison needs context sanity check
[     4.99 ] D: QT onScaleChanged=  144
[     5.01 ] W: ShaderEffectSource: 'recursive' must be set to true when rendering recursively.
[     5.01 ] W: ShaderEffectSource: 'recursive' must be set to true when rendering recursively.
[     5.01 ] W: ShaderEffectSource: 'recursive' must be set to true when rendering recursively.
[     5.02 ] W: ShaderEffectSource: 'recursive' must be set to true when rendering recursively.
[     5.19 ] D: Engine Started.
[    24.51 ] D: setTracksRect
[    24.51 ] D: sltStartContentYChanged1
[    24.51 ] D: sltStartContentYChanged2
[    24.51 ] D: sltStartContentYChanged3
[    24.51 ] D: _tracksModel->getItem(i)->rect()1 0 QRect(0,0 3332x111)
[    24.51 ] D: _tracksModel->getItem(i)->rect()1 1 QRect(0,111 3332x111)
[    24.51 ] D: _tracksModel->getItem(i)->rect()1 2 QRect(0,222 3332x111)
[    24.51 ] D: _tracksModel->getItem(i)->rect()1 3 QRect(0,333 3332x111)
[    24.51 ] D: setTracksRect
[    24.51 ] D: setTracksRect
[    24.51 ] D: sltStartContentYChanged4
[    24.51 ] D: setTracksRect
[    24.51 ] D: sltStartContentYChanged1
[    24.51 ] D: sltStartContentYChanged2
[    24.51 ] D: sltStartContentYChanged3
[    24.51 ] D: _tracksModel->getItem(i)->rect()1 0 QRect(0,0 3647x111)
[    24.51 ] D: _tracksModel->getItem(i)->rect()1 1 QRect(0,111 3647x111)
[    24.51 ] D: _tracksModel->getItem(i)->rect()1 2 QRect(0,222 3647x111)
[    24.51 ] D: _tracksModel->getItem(i)->rect()1 3 QRect(0,333 3647x111)
[    24.51 ] D: setTracksRect
[    24.51 ] D: setTracksRect
[    24.51 ] D: sltStartContentYChanged4
[    24.51 ] D: setTracksRect
[    24.51 ] D: sltStartContentYChanged1
[    24.52 ] D: sltStartContentYChanged2
[    24.52 ] D: sltStartContentYChanged3
[    24.52 ] D: _tracksModel->getItem(i)->rect()1 0 QRect(0,0 3647x111)
[    24.52 ] D: _tracksModel->getItem(i)->rect()1 1 QRect(0,111 3647x111)
[    24.52 ] D: _tracksModel->getItem(i)->rect()1 2 QRect(0,222 3647x111)
[    24.52 ] D: _tracksModel->getItem(i)->rect()1 3 QRect(0,333 3647x111)
[    24.52 ] D: setTracksRect
[    24.52 ] D: setTracksRect
[    24.52 ] D: sltStartContentYChanged4
[    34.08 ] D: _editController->getParameterCount() 9
[    34.08 ] D: info.stepCount 0xea009a56a0 0.5 0 0
[    34.08 ] D: info.stepCount 0xea009a56a0 0.500075 0 0
[    34.08 ] D: info.stepCount 0xea009a56a0 0.00099001 0 0
[    34.08 ] D: info.stepCount 0xea009a56a0 0 0 0
[    34.08 ] D: info.stepCount 0xea009a56a0 0.5 0 0
[    34.08 ] D: info.stepCount 0xea009a56a0 0.0604027 0 0
[    34.08 ] D: info.stepCount 0xea009a56a0 0.331104 0 0
[    34.08 ] D: info.stepCount 0xea009a56a0 1 0 0
[    34.08 ] D: info.stepCount 0xea009a56a0 0 1 0
[    34.08 ] D: effectModel.controls Vst3Effect(0x2155d8de120)
[    34.11 ] D: ADDING3 1 
[    34.12 ] D: Vst3EffectControls(0x21560225db0)
[    34.14 ] W: qrc:/Vst3Effect.qml:6:1: QML Vst3Effect: Binding loop detected for property "implicitWidth"
[    38.71 ] D: setTracksRect
[    38.71 ] D: sltStartContentYChanged1
[    38.71 ] D: sltStartContentYChanged2
[    38.71 ] D: sltStartContentYChanged3
[    38.71 ] D: _tracksModel->getItem(i)->rect()1 0 QRect(0,0 1392x111)
[    38.71 ] D: _tracksModel->getItem(i)->rect()1 1 QRect(0,111 1392x111)
[    38.71 ] D: _tracksModel->getItem(i)->rect()1 2 QRect(0,222 1392x111)
[    38.71 ] D: _tracksModel->getItem(i)->rect()1 3 QRect(0,333 1392x111)
[    38.71 ] D: setTracksRect
[    38.71 ] D: setTracksRect
[    38.71 ] D: sltStartContentYChanged4
[    38.71 ] D: setTracksRect
[    38.71 ] D: sltStartContentYChanged1
[    38.71 ] D: sltStartContentYChanged2
[    38.71 ] D: sltStartContentYChanged3
[    38.71 ] D: _tracksModel->getItem(i)->rect()1 0 QRect(0,0 1707x111)
[    38.71 ] D: _tracksModel->getItem(i)->rect()1 1 QRect(0,111 1707x111)
[    38.71 ] D: _tracksModel->getItem(i)->rect()1 2 QRect(0,222 1707x111)
[    38.71 ] D: _tracksModel->getItem(i)->rect()1 3 QRect(0,333 1707x111)
[    38.71 ] D: setTracksRect
[    38.71 ] D: setTracksRect
[    38.71 ] D: sltStartContentYChanged4
[    38.71 ] D: setTracksRect
[    38.71 ] D: sltStartContentYChanged1
[    38.71 ] D: sltStartContentYChanged2
[    38.71 ] D: sltStartContentYChanged3
[    38.71 ] D: _tracksModel->getItem(i)->rect()1 0 QRect(0,0 1707x111)
[    38.71 ] D: _tracksModel->getItem(i)->rect()1 1 QRect(0,111 1707x111)
[    38.71 ] D: _tracksModel->getItem(i)->rect()1 2 QRect(0,222 1707x111)
[    38.71 ] D: _tracksModel->getItem(i)->rect()1 3 QRect(0,333 1707x111)
[    38.71 ] D: setTracksRect
[    38.71 ] D: setTracksRect
[    38.71 ] D: sltStartContentYChanged4
[    41.00 ] D: P1 -405
[    41.01 ] D: P1 -461
[    41.28 ] D: P1 -465
[    41.28 ] D: P1 -459
[    41.29 ] D: P1 -459
[    41.29 ] D: P1 -458
[    41.29 ] D: P1 -457
[    41.29 ] D: P1 -456
[    41.31 ] D: P1 -455
[    41.31 ] D: P1 -451
[    41.31 ] D: P1 -450
[    41.31 ] D: P1 -449
[    41.31 ] D: P1 -448
[    41.32 ] D: P1 -446
[    41.32 ] D: P1 -446
[    41.32 ] D: P1 -446
[    41.34 ] D: P1 -445
[    41.53 ] D: sltPositionChanged 485099
[    41.53 ] D: frame_offset 0 0 217
[    41.53 ] D: frame_offset 0 1 217
[    41.53 ] D: frame_offset 0 2 217
[    41.53 ] D: frame_offset 0 3 217
[    41.53 ] D: frame_offset 0 4 217
[    41.54 ] D: findOverlayItems 1 0
[    41.54 ] D: "{64d72f43-d63f-4338-bc32-6760c695c8c1}" i.value()->sampleClip()->startTime()  11000 333833 333833 11000
[    41.54 ] D: findOverlayItems
[    41.54 ] D: sltPositionChanged 485099
[    41.54 ] D: frame_offset 0 0 217
[    41.54 ] D: frame_offset 0 1 217
[    41.55 ] D: frame_offset 0 2 217
[    41.55 ] D: frame_offset 0 3 217
[    41.55 ] D: frame_offset 0 4 217
[    41.94 ] D: findTrackIndexByPoint 0 QRect(0,0 1707x111) true QPointF(220,52)
[    41.94 ] D: _automationChanging false
[    41.94 ] D: mouseMove2
[    41.95 ] D: _automationChanging false
[    41.95 ] D: mouseMove2
[    42.44 ] D: findTrackIndexByPoint 0 QRect(0,0 1707x111) true QPointF(278,75)
[    42.80 ] D: _requestForLoading false false
[    42.80 ] D: _requestForLoading2
[    42.80 ] D: _numberOfSampleBuffer 1
[    42.80 ] D: START TO load 0
[    42.80 ] D: sltPositionChanged 661499 true
[    42.80 ] D: START TO load 1
[    42.80 ] D: START TO load 2
[    42.80 ] D: START TO load 3
[    42.80 ] D: frame_offset 2 0 217
[    42.81 ] D: frame_offset 2 1 217
[    42.81 ] D: frame_offset 2 2 217
[    42.81 ] D: frame_offset 2 3 217
[    42.81 ] D: frame_offset 2 4 217
[    42.82 ] D: sltFirstBufferFilled ("{64d72f43-d63f-4338-bc32-6760c695c8c1}") "{64d72f43-d63f-4338-bc32-6760c695c8c1}" true
[    42.82 ] D: _requestForLoading true false
[    43.28 ] D: AsyncFileReader 2 7
[    44.76 ] D: AsyncFileReader 3 8
[    46.26 ] D: AsyncFileReader 4 9
[    46.80 ] W: qrc:/Items/CustomRectangle.qml:56: TypeError: Cannot read property 'color' of null
[    46.80 ] W: qrc:/Items/CustomRectangle.qml:56: TypeError: Cannot read property 'color' of null
[    46.80 ] W: qrc:/Items/CustomRectangle.qml:56: TypeError: Cannot read property 'color' of null
[    46.80 ] W: qrc:/Items/CustomRectangle.qml:56: TypeError: Cannot read property 'color' of null
[    47.74 ] D: AsyncFileReader 0 10
[    49.22 ] D: AsyncFileReader 1 11
[    50.72 ] D: AsyncFileReader 2 12
[    52.20 ] D: AsyncFileReader 3 13
[    53.68 ] D: AsyncFileReader 4 14
[    55.17 ] D: AsyncFileReader 0 15
[    56.65 ] D: AsyncFileReader 1 16
[    58.13 ] D: AsyncFileReader 2 17
[    59.63 ] D: AsyncFileReader 3 18
[    61.11 ] D: AsyncFileReader 4 19
[    62.59 ] D: AsyncFileReader 0 20
[    64.09 ] D: AsyncFileReader 1 21
[    65.57 ] D: AsyncFileReader 2 22
[    67.05 ] D: AsyncFileReader 3 23
[    68.55 ] D: AsyncFileReader 4 24
[    70.03 ] D: AsyncFileReader 0 25
[    71.51 ] D: AsyncFileReader 1 26
[    73.01 ] D: AsyncFileReader 2 27
[    74.49 ] D: AsyncFileReader 3 28
[    75.97 ] D: AsyncFileReader 4 29
[    77.47 ] D: AsyncFileReader 0 30
[    78.48 ] D: _editController->getParameterCount() 220
[    78.48 ] D: info.stepCount 0xea009a56a0 0.5 0 0
[    78.48 ] D: info.stepCount 0xea009a56a0 0.5 0 0
[    78.48 ] D: info.stepCount 0xea009a56a0 0.5 0 0
[    78.48 ] D: info.stepCount 0xea009a56a0 0.3 0 0
[    78.48 ] D: info.stepCount 0xea009a56a0 0.5 0 0
[    78.48 ] D: info.stepCount 0xea009a56a0 0.583333 0 0
[    78.48 ] D: info.stepCount 0xea009a56a0 1 0 0
[    78.48 ] D: info.stepCount 0xea009a56a0 1 1 0
[    78.48 ] D: info.stepCount 0xea009a56a0 0.5 2 1
[    78.48 ] D: info.stepCount 0xea009a56a0 0.0506428 0 1
[    78.48 ] D: info.stepCount 0xea009a56a0 0.646241 0 1
[    78.48 ] D: info.stepCount 0xea009a56a0 0.366726 0 1
[    78.48 ] D: info.stepCount 0xea009a56a0 0.333333 3 1
[    78.48 ] D: info.stepCount 0xea009a56a0 0.5 2 2
[    78.48 ] D: info.stepCount 0xea009a56a0 0.673667 0 2
[    78.48 ] D: info.stepCount 0xea009a56a0 0.655733 0 2
[    78.48 ] D: info.stepCount 0xea009a56a0 0.268622 0 2
[    78.48 ] D: info.stepCount 0xea009a56a0 0 3 2
[    78.48 ] D: info.stepCount 0xea009a56a0 1 2 3
[    78.48 ] D: info.stepCount 0xea009a56a0 0.575188 0 3
[    78.48 ] D: info.stepCount 0xea009a56a0 0.75 0 3
[    78.48 ] D: info.stepCount 0xea009a56a0 0.5 0 3
[    78.48 ] D: info.stepCount 0xea009a56a0 0 3 3
[    78.48 ] D: info.stepCount 0xea009a56a0 1 2 4
[    78.48 ] D: info.stepCount 0xea009a56a0 0.575188 0 4
[    78.48 ] D: info.stepCount 0xea009a56a0 0.75 0 4
[    78.48 ] D: info.stepCount 0xea009a56a0 0.5 0 4
[    78.48 ] D: info.stepCount 0xea009a56a0 0 3 4
[    78.48 ] D: info.stepCount 0xea009a56a0 1 2 5
[    78.48 ] D: info.stepCount 0xea009a56a0 0.575188 0 5
[    78.48 ] D: info.stepCount 0xea009a56a0 0.75 0 5
[    78.48 ] D: info.stepCount 0xea009a56a0 0.5 0 5
[    78.48 ] D: info.stepCount 0xea009a56a0 0 3 5
[    78.48 ] D: info.stepCount 0xea009a56a0 1 2 6
[    78.48 ] D: info.stepCount 0xea009a56a0 0.575188 0 6
[    78.48 ] D: info.stepCount 0xea009a56a0 0.75 0 6
[    78.48 ] D: info.stepCount 0xea009a56a0 0.5 0 6
[    78.48 ] D: info.stepCount 0xea009a56a0 0 3 6
[    78.48 ] D: info.stepCount 0xea009a56a0 1 2 7
[    78.48 ] D: info.stepCount 0xea009a56a0 0.661763 0 7
[    78.48 ] D: info.stepCount 0xea009a56a0 0.466667 0 7
[    78.48 ] D: info.stepCount 0xea009a56a0 0.593951 0 7
[    78.48 ] D: info.stepCount 0xea009a56a0 0 4 7
[    78.48 ] D: info.stepCount 0xea009a56a0 0.25 4 7
[    78.48 ] D: info.stepCount 0xea009a56a0 0.5 2 8
[    78.48 ] D: info.stepCount 0xea009a56a0 0.885555 0 8
[    78.48 ] D: info.stepCount 0xea009a56a0 0.466667 0 8
[    78.48 ] D: info.stepCount 0xea009a56a0 0.5 0 8
[    78.48 ] D: info.stepCount 0xea009a56a0 1 4 8
[    78.48 ] D: info.stepCount 0xea009a56a0 0.25 4 8
[    78.48 ] D: info.stepCount 0xea009a56a0 0.5 2 9
[    78.48 ] D: info.stepCount 0xea009a56a0 0.511386 0 9
[    78.48 ] D: info.stepCount 0xea009a56a0 0.425 0 9
[    78.48 ] D: info.stepCount 0xea009a56a0 0.406049 0 9
[    78.48 ] D: info.stepCount 0xea009a56a0 0 4 9
[    78.48 ] D: info.stepCount 0xea009a56a0 0.25 4 9
[    78.48 ] D: info.stepCount 0xea009a56a0 1 2 10
[    78.48 ] D: info.stepCount 0xea009a56a0 0.575188 0 10
[    78.48 ] D: info.stepCount 0xea009a56a0 0.5 0 10
[    78.48 ] D: info.stepCount 0xea009a56a0 0.5 0 10
[    78.48 ] D: info.stepCount 0xea009a56a0 0 4 10
[    78.48 ] D: info.stepCount 0xea009a56a0 0.25 4 10
[    78.48 ] D: info.stepCount 0xea009a56a0 1 2 11
[    78.48 ] D: info.stepCount 0xea009a56a0 0.575188 0 11
[    78.48 ] D: info.stepCount 0xea009a56a0 0.5 0 11
[    78.48 ] D: info.stepCount 0xea009a56a0 0.5 0 11
[    78.48 ] D: info.stepCount 0xea009a56a0 0 4 11
[    78.48 ] D: info.stepCount 0xea009a56a0 0.25 4 11
[    78.48 ] D: info.stepCount 0xea009a56a0 1 2 12
[    78.48 ] D: info.stepCount 0xea009a56a0 0.575188 0 12
[    78.48 ] D: info.stepCount 0xea009a56a0 0.5 0 12
[    78.48 ] D: info.stepCount 0xea009a56a0 0.5 0 12
[    78.48 ] D: info.stepCount 0xea009a56a0 0 4 12
[    78.48 ] D: info.stepCount 0xea009a56a0 0.25 4 12
[    78.48 ] D: info.stepCount 0xea009a56a0 0.0645278 0 0
[    78.48 ] D: info.stepCount 0xea009a56a0 0.5 0 0
[    78.48 ] D: info.stepCount 0xea009a56a0 0 4 0
[    78.48 ] D: info.stepCount 0xea009a56a0 0.5 0 0
[    78.48 ] D: info.stepCount 0xea009a56a0 0.5 0 0
[    78.48 ] D: info.stepCount 0xea009a56a0 0.5 0 0
[    78.48 ] D: info.stepCount 0xea009a56a0 0.5 0 0
[    78.48 ] D: info.stepCount 0xea009a56a0 0 1 0
[    78.48 ] D: info.stepCount 0xea009a56a0 1 2 0
[    78.48 ] D: info.stepCount 0xea009a56a0 0.5 2 0
[    78.48 ] D: info.stepCount 0xea009a56a0 0 1 0
[    78.48 ] D: info.stepCount 0xea009a56a0 0 1 0
[    78.48 ] D: info.stepCount 0xea009a56a0 0 0 0
[    78.48 ] D: info.stepCount 0xea009a56a0 0 0 0
[    78.48 ] D: info.stepCount 0xea009a56a0 0 0 0
[    78.48 ] D: info.stepCount 0xea009a56a0 0 0 0
[    78.48 ] D: info.stepCount 0xea009a56a0 0 0 0
[    78.48 ] D: info.stepCount 0xea009a56a0 0 0 0
[    78.48 ] D: info.stepCount 0xea009a56a0 0 0 0
[    78.48 ] D: info.stepCount 0xea009a56a0 0 0 0
[    78.48 ] D: info.stepCount 0xea009a56a0 0 0 0
[    78.48 ] D: info.stepCount 0xea009a56a0 0 0 0
[    78.48 ] D: info.stepCount 0xea009a56a0 0 0 0
[    78.48 ] D: info.stepCount 0xea009a56a0 0 0 0
[    78.48 ] D: info.stepCount 0xea009a56a0 0 0 0
[    78.48 ] D: info.stepCount 0xea009a56a0 0 0 0
[    78.48 ] D: info.stepCount 0xea009a56a0 0 0 0
[    78.48 ] D: info.stepCount 0xea009a56a0 0 0 0
[    78.48 ] D: info.stepCount 0xea009a56a0 0 0 0
[    78.48 ] D: info.stepCount 0xea009a56a0 0 0 0
[    78.48 ] D: info.stepCount 0xea009a56a0 0 0 0
[    78.48 ] D: info.stepCount 0xea009a56a0 0 0 0
[    78.48 ] D: info.stepCount 0xea009a56a0 0 0 0
[    78.48 ] D: info.stepCount 0xea009a56a0 0 0 0
[    78.48 ] D: info.stepCount 0xea009a56a0 0 0 0
[    78.48 ] D: info.stepCount 0xea009a56a0 0 0 0
[    78.48 ] D: info.stepCount 0xea009a56a0 0 0 0
[    78.48 ] D: info.stepCount 0xea009a56a0 0 0 0
[    78.48 ] D: info.stepCount 0xea009a56a0 0 0 0
[    78.48 ] D: info.stepCount 0xea009a56a0 0 0 0
[    78.49 ] D: info.stepCount 0xea009a56a0 0 0 0
[    78.49 ] D: info.stepCount 0xea009a56a0 0 0 0
[    78.49 ] D: info.stepCount 0xea009a56a0 0 0 0
[    78.49 ] D: info.stepCount 0xea009a56a0 0 0 0
[    78.49 ] D: info.stepCount 0xea009a56a0 0 0 0
[    78.49 ] D: info.stepCount 0xea009a56a0 0 0 0
[    78.49 ] D: info.stepCount 0xea009a56a0 0 0 0
[    78.49 ] D: info.stepCount 0xea009a56a0 0 0 0
[    78.49 ] D: info.stepCount 0xea009a56a0 0 0 0
[    78.49 ] D: info.stepCount 0xea009a56a0 0 0 0
[    78.49 ] D: info.stepCount 0xea009a56a0 0 0 0
[    78.49 ] D: info.stepCount 0xea009a56a0 0 0 0
[    78.49 ] D: info.stepCount 0xea009a56a0 0 0 0
[    78.49 ] D: info.stepCount 0xea009a56a0 0 0 0
[    78.49 ] D: info.stepCount 0xea009a56a0 0 0 0
[    78.49 ] D: info.stepCount 0xea009a56a0 0 0 0
[    78.49 ] D: info.stepCount 0xea009a56a0 0 0 0
[    78.49 ] D: info.stepCount 0xea009a56a0 0 0 0
[    78.49 ] D: info.stepCount 0xea009a56a0 0 0 0
[    78.49 ] D: info.stepCount 0xea009a56a0 0 0 0
[    78.49 ] D: info.stepCount 0xea009a56a0 0 0 0
[    78.49 ] D: info.stepCount 0xea009a56a0 0 0 0
[    78.49 ] D: info.stepCount 0xea009a56a0 0 0 0
[    78.49 ] D: info.stepCount 0xea009a56a0 0 0 0
[    78.49 ] D: info.stepCount 0xea009a56a0 0 0 0
[    78.49 ] D: info.stepCount 0xea009a56a0 0 0 0
[    78.49 ] D: info.stepCount 0xea009a56a0 0 0 0
[    78.49 ] D: info.stepCount 0xea009a56a0 0 0 0
[    78.49 ] D: info.stepCount 0xea009a56a0 0 0 0
[    78.49 ] D: info.stepCount 0xea009a56a0 0 0 0
[    78.49 ] D: info.stepCount 0xea009a56a0 0 0 0
[    78.49 ] D: info.stepCount 0xea009a56a0 0 0 0
[    78.49 ] D: info.stepCount 0xea009a56a0 0 0 0
[    78.49 ] D: info.stepCount 0xea009a56a0 0 0 0
[    78.49 ] D: info.stepCount 0xea009a56a0 0 0 0
[    78.49 ] D: info.stepCount 0xea009a56a0 0 0 0
[    78.49 ] D: info.stepCount 0xea009a56a0 0 0 0
[    78.49 ] D: info.stepCount 0xea009a56a0 0 0 0
[    78.49 ] D: info.stepCount 0xea009a56a0 0 0 0
[    78.49 ] D: info.stepCount 0xea009a56a0 0 0 0
[    78.49 ] D: info.stepCount 0xea009a56a0 0 0 0
[    78.49 ] D: info.stepCount 0xea009a56a0 0 0 0
[    78.49 ] D: info.stepCount 0xea009a56a0 0 0 0
[    78.49 ] D: info.stepCount 0xea009a56a0 0 0 0
[    78.49 ] D: info.stepCount 0xea009a56a0 0 0 0
[    78.49 ] D: info.stepCount 0xea009a56a0 0 0 0
[    78.49 ] D: info.stepCount 0xea009a56a0 0 0 0
[    78.49 ] D: info.stepCount 0xea009a56a0 0 0 0
[    78.49 ] D: info.stepCount 0xea009a56a0 0 0 0
[    78.49 ] D: info.stepCount 0xea009a56a0 0 0 0
[    78.49 ] D: info.stepCount 0xea009a56a0 0 0 0
[    78.49 ] D: info.stepCount 0xea009a56a0 0 0 0
[    78.49 ] D: info.stepCount 0xea009a56a0 0 0 0
[    78.49 ] D: info.stepCount 0xea009a56a0 0 0 0
[    78.49 ] D: info.stepCount 0xea009a56a0 0 0 0
[    78.49 ] D: info.stepCount 0xea009a56a0 0 0 0
[    78.49 ] D: info.stepCount 0xea009a56a0 0 0 0
[    78.49 ] D: info.stepCount 0xea009a56a0 0 0 0
[    78.49 ] D: info.stepCount 0xea009a56a0 0 0 0
[    78.49 ] D: info.stepCount 0xea009a56a0 0 0 0
[    78.49 ] D: info.stepCount 0xea009a56a0 0 0 0
[    78.49 ] D: info.stepCount 0xea009a56a0 0 0 0
[    78.49 ] D: info.stepCount 0xea009a56a0 0 0 0
[    78.49 ] D: info.stepCount 0xea009a56a0 0 0 0
[    78.49 ] D: info.stepCount 0xea009a56a0 0 0 0
[    78.49 ] D: info.stepCount 0xea009a56a0 0 0 0
[    78.49 ] D: info.stepCount 0xea009a56a0 0 0 0
[    78.49 ] D: info.stepCount 0xea009a56a0 0 0 0
[    78.49 ] D: info.stepCount 0xea009a56a0 0 0 0
[    78.49 ] D: info.stepCount 0xea009a56a0 0 0 0
[    78.49 ] D: info.stepCount 0xea009a56a0 0 0 0
[    78.49 ] D: info.stepCount 0xea009a56a0 0 0 0
[    78.49 ] D: info.stepCount 0xea009a56a0 0 0 0
[    78.49 ] D: info.stepCount 0xea009a56a0 0 0 0
[    78.49 ] D: info.stepCount 0xea009a56a0 0 0 0
[    78.49 ] D: info.stepCount 0xea009a56a0 0 0 0
[    78.49 ] D: info.stepCount 0xea009a56a0 0 0 0
[    78.49 ] D: info.stepCount 0xea009a56a0 0 0 0
[    78.49 ] D: info.stepCount 0xea009a56a0 0 0 0
[    78.49 ] D: info.stepCount 0xea009a56a0 0 0 0
[    78.49 ] D: info.stepCount 0xea009a56a0 0 0 0
[    78.49 ] D: info.stepCount 0xea009a56a0 0 0 0
[    78.49 ] D: info.stepCount 0xea009a56a0 0 0 0
[    78.49 ] D: info.stepCount 0xea009a56a0 0 0 0
[    78.49 ] D: info.stepCount 0xea009a56a0 0 0 0
[    78.49 ] D: info.stepCount 0xea009a56a0 0 0 0
[    78.49 ] D: info.stepCount 0xea009a56a0 0 0 0
[    78.49 ] D: info.stepCount 0xea009a56a0 0 0 0
[    78.49 ] D: info.stepCount 0xea009a56a0 0 0 0
[    78.49 ] D: info.stepCount 0xea009a56a0 0 0 0
[    78.49 ] D: info.stepCount 0xea009a56a0 0 0 0
[    78.49 ] D: info.stepCount 0xea009a56a0 0 0 0
[    78.49 ] D: info.stepCount 0xea009a56a0 0 0 0
[    78.49 ] D: info.stepCount 0xea009a56a0 0 0 0
[    78.49 ] D: info.stepCount 0xea009a56a0 0 0 0
[    78.49 ] D: info.stepCount 0xea009a56a0 0 0 0
[    78.49 ] D: info.stepCount 0xea009a56a0 0 0 0
[    78.49 ] D: info.stepCount 0xea009a56a0 0 0 0
[    78.49 ] D: info.stepCount 0xea009a56a0 0 0 0
[    78.49 ] D: info.stepCount 0xea009a56a0 0 0 0
[    78.49 ] D: info.stepCount 0xea009a56a0 0 0 0
[    78.49 ] D: info.stepCount 0xea009a56a0 0 0 0
[    78.49 ] D: info.stepCount 0xea009a56a0 0 0 0
[    78.49 ] D: info.stepCount 0xea009a56a0 0 0 0
[    78.49 ] D: info.stepCount 0xea009a56a0 0 0 0
[    78.49 ] D: info.stepCount 0xea009a56a0 0 0 0
[    78.49 ] D: effectModel.controls Vst3Effect(0x2155d8feed0)
[    78.52 ] D: ADDING3 1 
[    78.53 ] D: Vst3EffectControls(0x21560225db0)
[    78.56 ] W: qrc:/Vst3Effect.qml:6:1: QML Vst3Effect: Binding loop detected for property "implicitWidth"
[    78.95 ] D: AsyncFileReader 1 31
[    80.43 ] D: AsyncFileReader 2 32
[    80.55 ] W: qrc:/Items/CustomRectangle.qml:56: TypeError: Cannot read property 'color' of null
[    80.55 ] W: qrc:/Items/CustomRectangle.qml:56: TypeError: Cannot read property 'color' of null
[    80.55 ] W: qrc:/Items/CustomRectangle.qml:56: TypeError: Cannot read property 'color' of null
[    80.55 ] W: qrc:/Items/CustomRectangle.qml:56: TypeError: Cannot read property 'color' of null
[    81.92 ] D: AsyncFileReader 3 33
[    83.40 ] D: AsyncFileReader 4 34
[    84.88 ] D: AsyncFileReader 0 35
[    86.38 ] D: AsyncFileReader 1 36
[    87.86 ] D: AsyncFileReader 2 37
[    89.34 ] D: AsyncFileReader 3 38
[    89.50 ] D: _editController->getParameterCount() 153
[    89.50 ] D: info.stepCount 0xea009a56a0 0 1 0
[    89.50 ] D: info.stepCount 0xea009a56a0 1 0 1
[    89.50 ] D: info.stepCount 0xea009a56a0 0 0 1
[    89.50 ] D: info.stepCount 0xea009a56a0 0.5 2 1
[    89.50 ] D: info.stepCount 0xea009a56a0 0 2 1
[    89.50 ] D: info.stepCount 0xea009a56a0 0 2 1
[    89.50 ] D: info.stepCount 0xea009a56a0 1 1 1
[    89.50 ] D: info.stepCount 0xea009a56a0 0 0 2
[    89.50 ] D: info.stepCount 0xea009a56a0 0 0 2
[    89.50 ] D: info.stepCount 0xea009a56a0 0.5 2 2
[    89.50 ] D: info.stepCount 0xea009a56a0 0.5 2 2
[    89.50 ] D: info.stepCount 0xea009a56a0 0 2 2
[    89.50 ] D: info.stepCount 0xea009a56a0 1 1 2
[    89.50 ] D: info.stepCount 0xea009a56a0 0.5 0 0
[    89.50 ] D: info.stepCount 0xea009a56a0 0.5 0 0
[    89.50 ] D: info.stepCount 0xea009a56a0 1 0 0
[    89.50 ] D: info.stepCount 0xea009a56a0 0 1 0
[    89.50 ] D: info.stepCount 0xea009a56a0 0 1 0
[    89.50 ] D: info.stepCount 0xea009a56a0 0 1 0
[    89.50 ] D: info.stepCount 0xea009a56a0 0 0 0
[    89.50 ] D: info.stepCount 0xea009a56a0 0 0 0
[    89.50 ] D: info.stepCount 0xea009a56a0 0 0 0
[    89.50 ] D: info.stepCount 0xea009a56a0 0 0 0
[    89.50 ] D: info.stepCount 0xea009a56a0 0 0 0
[    89.50 ] D: info.stepCount 0xea009a56a0 0 0 0
[    89.50 ] D: info.stepCount 0xea009a56a0 0 0 0
[    89.50 ] D: info.stepCount 0xea009a56a0 0 0 0
[    89.50 ] D: info.stepCount 0xea009a56a0 0 0 0
[    89.50 ] D: info.stepCount 0xea009a56a0 0 0 0
[    89.50 ] D: info.stepCount 0xea009a56a0 0 0 0
[    89.50 ] D: info.stepCount 0xea009a56a0 0 0 0
[    89.50 ] D: info.stepCount 0xea009a56a0 0 0 0
[    89.50 ] D: info.stepCount 0xea009a56a0 0 0 0
[    89.50 ] D: info.stepCount 0xea009a56a0 0 0 0
[    89.50 ] D: info.stepCount 0xea009a56a0 0 0 0
[    89.50 ] D: info.stepCount 0xea009a56a0 0 0 0
[    89.50 ] D: info.stepCount 0xea009a56a0 0 0 0
[    89.50 ] D: info.stepCount 0xea009a56a0 0 0 0
[    89.50 ] D: info.stepCount 0xea009a56a0 0 0 0
[    89.50 ] D: info.stepCount 0xea009a56a0 0 0 0
[    89.50 ] D: info.stepCount 0xea009a56a0 0 0 0
[    89.50 ] D: info.stepCount 0xea009a56a0 0 0 0
[    89.50 ] D: info.stepCount 0xea009a56a0 0 0 0
[    89.50 ] D: info.stepCount 0xea009a56a0 0 0 0
[    89.50 ] D: info.stepCount 0xea009a56a0 0 0 0
[    89.50 ] D: info.stepCount 0xea009a56a0 0 0 0
[    89.50 ] D: info.stepCount 0xea009a56a0 0 0 0
[    89.50 ] D: info.stepCount 0xea009a56a0 0 0 0
[    89.50 ] D: info.stepCount 0xea009a56a0 0 0 0
[    89.50 ] D: info.stepCount 0xea009a56a0 0 0 0
[    89.50 ] D: info.stepCount 0xea009a56a0 0 0 0
[    89.50 ] D: info.stepCount 0xea009a56a0 0 0 0
[    89.50 ] D: info.stepCount 0xea009a56a0 0 0 0
[    89.50 ] D: info.stepCount 0xea009a56a0 0 0 0
[    89.50 ] D: info.stepCount 0xea009a56a0 0 0 0
[    89.50 ] D: info.stepCount 0xea009a56a0 0 0 0
[    89.50 ] D: info.stepCount 0xea009a56a0 0 0 0
[    89.50 ] D: info.stepCount 0xea009a56a0 0 0 0
[    89.50 ] D: info.stepCount 0xea009a56a0 0 0 0
[    89.50 ] D: info.stepCount 0xea009a56a0 0 0 0
[    89.50 ] D: info.stepCount 0xea009a56a0 0 0 0
[    89.50 ] D: info.stepCount 0xea009a56a0 0 0 0
[    89.50 ] D: info.stepCount 0xea009a56a0 0 0 0
[    89.50 ] D: info.stepCount 0xea009a56a0 0 0 0
[    89.50 ] D: info.stepCount 0xea009a56a0 0 0 0
[    89.50 ] D: info.stepCount 0xea009a56a0 0 0 0
[    89.50 ] D: info.stepCount 0xea009a56a0 0 0 0
[    89.50 ] D: info.stepCount 0xea009a56a0 0 0 0
[    89.50 ] D: info.stepCount 0xea009a56a0 0 0 0
[    89.50 ] D: info.stepCount 0xea009a56a0 0 0 0
[    89.50 ] D: info.stepCount 0xea009a56a0 0 0 0
[    89.50 ] D: info.stepCount 0xea009a56a0 0 0 0
[    89.50 ] D: info.stepCount 0xea009a56a0 0 0 0
[    89.50 ] D: info.stepCount 0xea009a56a0 0 0 0
[    89.50 ] D: info.stepCount 0xea009a56a0 0 0 0
[    89.50 ] D: info.stepCount 0xea009a56a0 0 0 0
[    89.50 ] D: info.stepCount 0xea009a56a0 0 0 0
[    89.50 ] D: info.stepCount 0xea009a56a0 0 0 0
[    89.50 ] D: info.stepCount 0xea009a56a0 0 0 0
[    89.50 ] D: info.stepCount 0xea009a56a0 0 0 0
[    89.50 ] D: info.stepCount 0xea009a56a0 0 0 0
[    89.50 ] D: info.stepCount 0xea009a56a0 0 0 0
[    89.50 ] D: info.stepCount 0xea009a56a0 0 0 0
[    89.50 ] D: info.stepCount 0xea009a56a0 0 0 0
[    89.50 ] D: info.stepCount 0xea009a56a0 0 0 0
[    89.50 ] D: info.stepCount 0xea009a56a0 0 0 0
[    89.50 ] D: info.stepCount 0xea009a56a0 0 0 0
[    89.50 ] D: info.stepCount 0xea009a56a0 0 0 0
[    89.50 ] D: info.stepCount 0xea009a56a0 0 0 0
[    89.50 ] D: info.stepCount 0xea009a56a0 0 0 0
[    89.50 ] D: info.stepCount 0xea009a56a0 0 0 0
[    89.50 ] D: info.stepCount 0xea009a56a0 0 0 0
[    89.50 ] D: info.stepCount 0xea009a56a0 0 0 0
[    89.50 ] D: info.stepCount 0xea009a56a0 0 0 0
[    89.50 ] D: info.stepCount 0xea009a56a0 0 0 0
[    89.50 ] D: info.stepCount 0xea009a56a0 0 0 0
[    89.50 ] D: info.stepCount 0xea009a56a0 0 0 0
[    89.50 ] D: info.stepCount 0xea009a56a0 0 0 0
[    89.50 ] D: info.stepCount 0xea009a56a0 0 0 0
[    89.50 ] D: info.stepCount 0xea009a56a0 0 0 0
[    89.50 ] D: info.stepCount 0xea009a56a0 0 0 0
[    89.50 ] D: info.stepCount 0xea009a56a0 0 0 0
[    89.50 ] D: info.stepCount 0xea009a56a0 0 0 0
[    89.50 ] D: info.stepCount 0xea009a56a0 0 0 0
[    89.50 ] D: info.stepCount 0xea009a56a0 0 0 0
[    89.50 ] D: info.stepCount 0xea009a56a0 0 0 0
[    89.50 ] D: info.stepCount 0xea009a56a0 0 0 0
[    89.50 ] D: info.stepCount 0xea009a56a0 0 0 0
[    89.50 ] D: info.stepCount 0xea009a56a0 0 0 0
[    89.50 ] D: info.stepCount 0xea009a56a0 0 0 0
[    89.50 ] D: info.stepCount 0xea009a56a0 0 0 0
[    89.50 ] D: info.stepCount 0xea009a56a0 0 0 0
[    89.50 ] D: info.stepCount 0xea009a56a0 0 0 0
[    89.50 ] D: info.stepCount 0xea009a56a0 0 0 0
[    89.50 ] D: info.stepCount 0xea009a56a0 0 0 0
[    89.50 ] D: info.stepCount 0xea009a56a0 0 0 0
[    89.50 ] D: info.stepCount 0xea009a56a0 0 0 0
[    89.50 ] D: info.stepCount 0xea009a56a0 0 0 0
[    89.50 ] D: info.stepCount 0xea009a56a0 0 0 0
[    89.50 ] D: info.stepCount 0xea009a56a0 0 0 0
[    89.50 ] D: info.stepCount 0xea009a56a0 0 0 0
[    89.50 ] D: info.stepCount 0xea009a56a0 0 0 0
[    89.50 ] D: info.stepCount 0xea009a56a0 0 0 0
[    89.50 ] D: info.stepCount 0xea009a56a0 0 0 0
[    89.50 ] D: info.stepCount 0xea009a56a0 0 0 0
[    89.50 ] D: info.stepCount 0xea009a56a0 0 0 0
[    89.50 ] D: info.stepCount 0xea009a56a0 0 0 0
[    89.50 ] D: info.stepCount 0xea009a56a0 0 0 0
[    89.50 ] D: info.stepCount 0xea009a56a0 0 0 0
[    89.50 ] D: info.stepCount 0xea009a56a0 0 0 0
[    89.50 ] D: info.stepCount 0xea009a56a0 0 0 0
[    89.50 ] D: info.stepCount 0xea009a56a0 0 0 0
[    89.50 ] D: info.stepCount 0xea009a56a0 0 0 0
[    89.50 ] D: info.stepCount 0xea009a56a0 0 0 0
[    89.50 ] D: info.stepCount 0xea009a56a0 0 0 0
[    89.50 ] D: info.stepCount 0xea009a56a0 0 0 0
[    89.50 ] D: info.stepCount 0xea009a56a0 0 0 0
[    89.50 ] D: info.stepCount 0xea009a56a0 0 0 0
[    89.50 ] D: info.stepCount 0xea009a56a0 0 0 0
[    89.50 ] D: info.stepCount 0xea009a56a0 0 0 0
[    89.50 ] D: info.stepCount 0xea009a56a0 0 0 0
[    89.50 ] D: info.stepCount 0xea009a56a0 0 0 0
[    89.50 ] D: info.stepCount 0xea009a56a0 0 0 0
[    89.50 ] D: info.stepCount 0xea009a56a0 0 0 0
[    89.50 ] D: info.stepCount 0xea009a56a0 0 0 0
[    89.50 ] D: info.stepCount 0xea009a56a0 0 0 0
[    89.50 ] D: info.stepCount 0xea009a56a0 0 0 0
[    89.50 ] D: info.stepCount 0xea009a56a0 0 0 0
[    89.50 ] D: info.stepCount 0xea009a56a0 0 0 0
[    89.50 ] D: info.stepCount 0xea009a56a0 0 0 0
[    89.50 ] D: info.stepCount 0xea009a56a0 0 0 0
[    89.50 ] D: info.stepCount 0xea009a56a0 0 0 0
[    89.50 ] D: info.stepCount 0xea009a56a0 0 0 0
[    89.50 ] D: effectModel.controls Vst3Effect(0x2156cf6c210)
[    89.53 ] D: ADDING3 1 
[    89.54 ] D: Vst3EffectControls(0x21560225db0)
[    89.56 ] W: qrc:/Vst3Effect.qml:6:1: QML Vst3Effect: Binding loop detected for property "implicitWidth"
[    89.56 ] D: setTracksRect
[    89.56 ] D: sltStartContentYChanged1
[    89.56 ] D: sltStartContentYChanged2
[    89.56 ] D: sltStartContentYChanged3
[    89.56 ] D: _tracksModel->getItem(i)->rect()1 0 QRect(0,0 1707x111)
[    89.56 ] D: _tracksModel->getItem(i)->rect()1 1 QRect(0,111 1707x111)
[    89.56 ] D: _tracksModel->getItem(i)->rect()1 2 QRect(0,222 1707x111)
[    89.56 ] D: _tracksModel->getItem(i)->rect()1 3 QRect(0,333 1707x111)
[    89.56 ] D: setTracksRect
[    89.56 ] D: setTracksRect
[    89.56 ] D: sltStartContentYChanged4
[    90.18 ] W: qrc:/Items/CustomRectangle.qml:56: TypeError: Cannot read property 'color' of null
[    90.18 ] W: qrc:/Items/CustomRectangle.qml:56: TypeError: Cannot read property 'color' of null
[    90.18 ] W: qrc:/Items/CustomRectangle.qml:56: TypeError: Cannot read property 'color' of null
[    90.18 ] W: qrc:/Items/CustomRectangle.qml:56: TypeError: Cannot read property 'color' of null
[    90.84 ] D: AsyncFileReader 4 39
[    92.32 ] D: AsyncFileReader 0 40
[    93.80 ] D: AsyncFileReader 1 41
[    95.30 ] D: AsyncFileReader 2 42
[    96.78 ] D: AsyncFileReader 3 43
[    98.08 ] D: findTrackIndexByPoint 0 QRect(0,0 1707x111) true QPointF(212,63)
[    98.26 ] D: AsyncFileReader 4 44
[    98.67 ] D: findTrackIndexByPoint 0 QRect(0,0 1707x111) true QPointF(246,60)
[    99.85 ] D: _requestForLoading false false
[    99.85 ] D: _requestForLoading2
[    99.85 ] D: _numberOfSampleBuffer 1
[    99.85 ] D: START TO load 0
[    99.85 ] D: sltPositionChanged 661499 true
[    99.85 ] D: START TO load 1
[    99.85 ] D: START TO load 2
[    99.85 ] D: START TO load 3
[    99.85 ] D: frame_offset 2 0 217
[    99.85 ] D: frame_offset 2 1 217
[    99.85 ] D: frame_offset 2 2 217
[    99.85 ] D: frame_offset 2 3 217
[    99.86 ] D: frame_offset 2 4 217
[    99.86 ] D: sltFirstBufferFilled ("{64d72f43-d63f-4338-bc32-6760c695c8c1}") "{64d72f43-d63f-4338-bc32-6760c695c8c1}" true
[    99.86 ] D: _requestForLoading true false
[   100.33 ] D: AsyncFileReader 2 7
[   102.08 ] D: createSelectedPoints 0 -1
[   102.08 ] W: ShaderEffectSource: 'recursive' must be set to true when rendering recursively.
[   103.59 ] D: _requestForLoading false false
[   103.59 ] D: _requestForLoading2
[   103.59 ] D: _numberOfSampleBuffer 1
[   103.59 ] D: START TO load 0
[   103.59 ] D: sltPositionChanged 661499 true
[   103.59 ] D: START TO load 1
[   103.59 ] D: START TO load 2
[   103.59 ] D: START TO load 3
[   103.59 ] D: frame_offset 2 0 217
[   103.59 ] D: frame_offset 2 1 217
[   103.60 ] D: frame_offset 2 2 217
[   103.60 ] D: frame_offset 2 3 217
[   103.60 ] D: frame_offset 2 4 217
[   103.61 ] D: sltFirstBufferFilled ("{64d72f43-d63f-4338-bc32-6760c695c8c1}") "{64d72f43-d63f-4338-bc32-6760c695c8c1}" true
[   103.61 ] D: _requestForLoading true false
[   104.08 ] D: AsyncFileReader 2 7
[   105.19 ] D: LambdaFunctionPointerVoidReturnType class `public: __cdecl DGE::QtWrapper::QMLScene::QNode3D::QNode3D(class DGE::QtWrapper::QMLScene::QINode3D * __ptr64) __ptr64'::`2'::<lambda_1> Is Destroyed
[   105.19 ] D: LambdaFunctionPointerVoidReturnType class `public: __cdecl DGE::QtWrapper::QMLScene::QNode3D::QNode3D(class DGE::QtWrapper::QMLScene::QINode3D * __ptr64) __ptr64'::`2'::<lambda_1> Is Destroyed
[   105.19 ] D: LambdaFunctionPointerVoidReturnType class `protected: void __cdecl DGE::QtWrapper::QMLScene::QPerspectiveCameraController::commonInitConstructor(void) __ptr64'::`2'::<lambda_1> Is Destroyed
[   105.19 ] D: LambdaFunctionPointerVoidReturnType class `private: void __cdecl DGE::QtWrapper::QMLScene::QThirdPersonController::commonInitConstructor(void) __ptr64'::`2'::<lambda_1> Is Destroyed
[   105.19 ] D: LambdaFunctionPointerVoidReturnType class `protected: void __cdecl DGE::QtWrapper::QMLScene::QPerspectiveCameraController::commonInitConstructor(void) __ptr64'::`2'::<lambda_1> Is Destroyed
[   105.19 ] D: MemberFunctionPointer void (__cdecl DGE::QtWrapper::QMLScene::QComponent3D::*)(void) __ptr64 Is Destroyed
[   105.19 ] D: MemberFunctionPointer void (__cdecl DGE::QtWrapper::QMLScene::QThirdPersonController::*)(class std::shared_ptr<class DGE::Scene::Component>) __ptr64 Is Destroyed
[   105.19 ] D: LambdaFunctionPointerVoidReturnType class `public: __cdecl DGE::QtWrapper::QMLScene::QCameraComponent::QCameraComponent(class DGE::QtWrapper::QMLScene::QNode3D * __ptr64,bool) __ptr64'::`2'::<lambda_1> Is Destroyed
[   105.20 ] D: MemberFunctionPointer void (__cdecl DGE::QtWrapper::QMLScene::QComponent3D::*)(void) __ptr64 Is Destroyed
[   105.20 ] D: LambdaFunctionPointerVoidReturnType class `private: void __cdecl DGE::QtWrapper::QMLScene::QPerspectiveLens::commonInitConstructor(void) __ptr64'::`2'::<lambda_1> Is Destroyed
[   105.20 ] D: LambdaFunctionPointerVoidReturnType class `protected: void __cdecl DGE::QtWrapper::QMLScene::QPerspectiveCameraController::commonInitConstructor(void) __ptr64'::`2'::<lambda_1> Is Destroyed
[   105.20 ] D: LambdaFunctionPointerVoidReturnType class `private: void __cdecl DGE::QtWrapper::QMLScene::QThirdPersonController::commonInitConstructor(void) __ptr64'::`2'::<lambda_1> Is Destroyed
[   105.20 ] D: LambdaFunctionPointerVoidReturnType class `protected: void __cdecl DGE::QtWrapper::QMLScene::QPerspectiveCameraController::commonInitConstructor(void) __ptr64'::`2'::<lambda_1> Is Destroyed
[   105.20 ] D: MemberFunctionPointer void (__cdecl DGE::QtWrapper::QMLScene::QComponent3D::*)(void) __ptr64 Is Destroyed
[   105.20 ] D: MemberFunctionPointer void (__cdecl DGE::QtWrapper::QMLScene::QThirdPersonController::*)(class std::shared_ptr<class DGE::Scene::Component>) __ptr64 Is Destroyed
[   105.20 ] D: LambdaFunctionPointerVoidReturnType class `public: __cdecl DGE::QtWrapper::QMLScene::QCameraComponent::QCameraComponent(class DGE::QtWrapper::QMLScene::QNode3D * __ptr64,bool) __ptr64'::`2'::<lambda_1> Is Destroyed
[   105.20 ] D: MemberFunctionPointer void (__cdecl DGE::QtWrapper::QMLScene::QComponent3D::*)(void) __ptr64 Is Destroyed
[   105.20 ] D: LambdaFunctionPointerVoidReturnType class `private: void __cdecl DGE::QtWrapper::QMLScene::QOrthoLens::commonInitConstructor(void) __ptr64'::`2'::<lambda_1> Is Destroyed
[   105.20 ] D: LambdaFunctionPointerVoidReturnType class `protected: void __cdecl DGE::QtWrapper::QMLScene::QPerspectiveCameraController::commonInitConstructor(void) __ptr64'::`2'::<lambda_1> Is Destroyed
[   105.20 ] D: LambdaFunctionPointerVoidReturnType class `protected: void __cdecl DGE::QtWrapper::QMLScene::QPerspectiveCameraController::commonInitConstructor(void) __ptr64'::`2'::<lambda_1> Is Destroyed
[   105.20 ] D: LambdaFunctionPointerVoidReturnType class `private: void __cdecl DGE::QtWrapper::QMLScene::QThirdPersonController::commonInitConstructor(void) __ptr64'::`2'::<lambda_1> Is Destroyed
[   105.20 ] D: MemberFunctionPointer void (__cdecl DGE::QtWrapper::QMLScene::QComponent3D::*)(void) __ptr64 Is Destroyed
[   105.20 ] D: MemberFunctionPointer void (__cdecl DGE::QtWrapper::QMLScene::QThirdPersonController::*)(class std::shared_ptr<class DGE::Scene::Component>) __ptr64 Is Destroyed
[   105.20 ] D: LambdaFunctionPointerVoidReturnType class `public: __cdecl DGE::QtWrapper::QMLScene::QCameraComponent::QCameraComponent(class DGE::QtWrapper::QMLScene::QNode3D * __ptr64,bool) __ptr64'::`2'::<lambda_1> Is Destroyed
[   105.20 ] D: MemberFunctionPointer void (__cdecl DGE::QtWrapper::QMLScene::QComponent3D::*)(void) __ptr64 Is Destroyed
[   105.20 ] D: LambdaFunctionPointerVoidReturnType class `private: void __cdecl DGE::QtWrapper::QMLScene::QOrthoLens::commonInitConstructor(void) __ptr64'::`2'::<lambda_1> Is Destroyed
[   105.20 ] D: LambdaFunctionPointerVoidReturnType class `public: __cdecl DGE::QtWrapper::QMLScene::QCameraComponent::QCameraComponent(class DGE::QtWrapper::QMLScene::QNode3D * __ptr64,bool) __ptr64'::`2'::<lambda_1> Is Destroyed
[   105.20 ] D: MemberFunctionPointer void (__cdecl DGE::QtWrapper::QMLScene::QComponent3D::*)(void) __ptr64 Is Destroyed
[   105.20 ] D: LambdaFunctionPointerVoidReturnType class `private: void __cdecl DGE::QtWrapper::QMLScene::QPerspectiveLens::commonInitConstructor(void) __ptr64'::`2'::<lambda_1> Is Destroyed
[   105.21 ] D: LambdaFunctionPointerVoidReturnType class `protected: void __cdecl DGE::QtWrapper::QMLScene::QPerspectiveCameraController::commonInitConstructor(void) __ptr64'::`2'::<lambda_1> Is Destroyed
[   105.21 ] D: LambdaFunctionPointerVoidReturnType class `protected: void __cdecl DGE::QtWrapper::QMLScene::QPerspectiveCameraController::commonInitConstructor(void) __ptr64'::`2'::<lambda_1> Is Destroyed
[   105.21 ] D: LambdaFunctionPointerVoidReturnType class `private: void __cdecl DGE::QtWrapper::QMLScene::QThirdPersonController::commonInitConstructor(void) __ptr64'::`2'::<lambda_1> Is Destroyed
[   105.21 ] D: MemberFunctionPointer void (__cdecl DGE::QtWrapper::QMLScene::QComponent3D::*)(void) __ptr64 Is Destroyed
[   105.21 ] D: MemberFunctionPointer void (__cdecl DGE::QtWrapper::QMLScene::QThirdPersonController::*)(class std::shared_ptr<class DGE::Scene::Component>) __ptr64 Is Destroyed
[   105.21 ] D: LambdaFunctionPointerVoidReturnType class `public: __cdecl DGE::QtWrapper::QMLScene::QCameraComponent::QCameraComponent(class DGE::QtWrapper::QMLScene::QNode3D * __ptr64,bool) __ptr64'::`2'::<lambda_1> Is Destroyed
[   105.21 ] D: MemberFunctionPointer void (__cdecl DGE::QtWrapper::QMLScene::QComponent3D::*)(void) __ptr64 Is Destroyed
[   105.21 ] D: LambdaFunctionPointerVoidReturnType class `private: void __cdecl DGE::QtWrapper::QMLScene::QPerspectiveLens::commonInitConstructor(void) __ptr64'::`2'::<lambda_1> Is Destroyed
[   105.21 ] D: LambdaFunctionPointerVoidReturnType class `protected: void __cdecl DGE::QtWrapper::QMLScene::QPerspectiveCameraController::commonInitConstructor(void) __ptr64'::`2'::<lambda_1> Is Destroyed
[   105.21 ] D: LambdaFunctionPointerVoidReturnType class `protected: void __cdecl DGE::QtWrapper::QMLScene::QPerspectiveCameraController::commonInitConstructor(void) __ptr64'::`2'::<lambda_1> Is Destroyed
[   105.21 ] D: LambdaFunctionPointerVoidReturnType class `private: void __cdecl DGE::QtWrapper::QMLScene::QThirdPersonController::commonInitConstructor(void) __ptr64'::`2'::<lambda_1> Is Destroyed
[   105.21 ] D: MemberFunctionPointer void (__cdecl DGE::QtWrapper::QMLScene::QComponent3D::*)(void) __ptr64 Is Destroyed
[   105.21 ] D: MemberFunctionPointer void (__cdecl DGE::QtWrapper::QMLScene::QThirdPersonController::*)(class std::shared_ptr<class DGE::Scene::Component>) __ptr64 Is Destroyed
[   105.21 ] D: LambdaFunctionPointerVoidReturnType class `public: __cdecl DGE::QtWrapper::QMLScene::QCameraComponent::QCameraComponent(class DGE::QtWrapper::QMLScene::QNode3D * __ptr64,bool) __ptr64'::`2'::<lambda_1> Is Destroyed
[   105.21 ] D: MemberFunctionPointer void (__cdecl DGE::QtWrapper::QMLScene::QComponent3D::*)(void) __ptr64 Is Destroyed
[   105.21 ] D: LambdaFunctionPointerVoidReturnType class `private: void __cdecl DGE::QtWrapper::QMLScene::QOrthoLens::commonInitConstructor(void) __ptr64'::`2'::<lambda_1> Is Destroyed
[   105.21 ] D: LambdaFunctionPointerVoidReturnType class `protected: void __cdecl DGE::QtWrapper::QMLScene::QPerspectiveCameraController::commonInitConstructor(void) __ptr64'::`2'::<lambda_1> Is Destroyed
[   105.21 ] D: LambdaFunctionPointerVoidReturnType class `private: void __cdecl DGE::QtWrapper::QMLScene::QThirdPersonController::commonInitConstructor(void) __ptr64'::`2'::<lambda_1> Is Destroyed
[   105.21 ] D: LambdaFunctionPointerVoidReturnType class `protected: void __cdecl DGE::QtWrapper::QMLScene::QPerspectiveCameraController::commonInitConstructor(void) __ptr64'::`2'::<lambda_1> Is Destroyed
[   105.21 ] D: MemberFunctionPointer void (__cdecl DGE::QtWrapper::QMLScene::QComponent3D::*)(void) __ptr64 Is Destroyed
[   105.21 ] D: MemberFunctionPointer void (__cdecl DGE::QtWrapper::QMLScene::QThirdPersonController::*)(class std::shared_ptr<class DGE::Scene::Component>) __ptr64 Is Destroyed
[   105.21 ] D: LambdaFunctionPointerVoidReturnType class `public: __cdecl DGE::QtWrapper::QMLScene::QCameraComponent::QCameraComponent(class DGE::QtWrapper::QMLScene::QNode3D * __ptr64,bool) __ptr64'::`2'::<lambda_1> Is Destroyed
[   105.21 ] D: MemberFunctionPointer void (__cdecl DGE::QtWrapper::QMLScene::QComponent3D::*)(void) __ptr64 Is Destroyed
[   105.21 ] D: LambdaFunctionPointerVoidReturnType class `private: void __cdecl DGE::QtWrapper::QMLScene::QOrthoLens::commonInitConstructor(void) __ptr64'::`2'::<lambda_1> Is Destroyed
[   105.21 ] D: LambdaFunctionPointerVoidReturnType class `public: __cdecl DGE::QtWrapper::QMLScene::QCameraComponent::QCameraComponent(class DGE::QtWrapper::QMLScene::QNode3D * __ptr64,bool) __ptr64'::`2'::<lambda_1> Is Destroyed
[   105.21 ] D: MemberFunctionPointer void (__cdecl DGE::QtWrapper::QMLScene::QComponent3D::*)(void) __ptr64 Is Destroyed
[   105.21 ] D: LambdaFunctionPointerVoidReturnType class `private: void __cdecl DGE::QtWrapper::QMLScene::QPerspectiveLens::commonInitConstructor(void) __ptr64'::`2'::<lambda_1> Is Destroyed
[   105.22 ] D: LambdaFunctionPointerVoidReturnType class `protected: void __cdecl DGE::QtWrapper::QMLScene::QPerspectiveCameraController::commonInitConstructor(void) __ptr64'::`2'::<lambda_1> Is Destroyed
[   105.22 ] D: LambdaFunctionPointerVoidReturnType class `private: void __cdecl DGE::QtWrapper::QMLScene::QThirdPersonController::commonInitConstructor(void) __ptr64'::`2'::<lambda_1> Is Destroyed
[   105.22 ] D: LambdaFunctionPointerVoidReturnType class `protected: void __cdecl DGE::QtWrapper::QMLScene::QPerspectiveCameraController::commonInitConstructor(void) __ptr64'::`2'::<lambda_1> Is Destroyed
[   105.22 ] D: MemberFunctionPointer void (__cdecl DGE::QtWrapper::QMLScene::QComponent3D::*)(void) __ptr64 Is Destroyed
[   105.22 ] D: MemberFunctionPointer void (__cdecl DGE::QtWrapper::QMLScene::QThirdPersonController::*)(class std::shared_ptr<class DGE::Scene::Component>) __ptr64 Is Destroyed
[   105.22 ] D: LambdaFunctionPointerVoidReturnType class `public: __cdecl DGE::QtWrapper::QMLScene::QCameraComponent::QCameraComponent(class DGE::QtWrapper::QMLScene::QNode3D * __ptr64,bool) __ptr64'::`2'::<lambda_1> Is Destroyed
[   105.22 ] D: MemberFunctionPointer void (__cdecl DGE::QtWrapper::QMLScene::QComponent3D::*)(void) __ptr64 Is Destroyed
[   105.22 ] D: LambdaFunctionPointerVoidReturnType class `private: void __cdecl DGE::QtWrapper::QMLScene::QPerspectiveLen