[     8.06 ] I: Log: Log file open in follow path at 1403/6/24 20:43:15 : C:\Users\AmirPasha\Desktop\Rpos\DAW-3\build2019\debug\Logs\Launch.log
[     8.06 ] I: The subsystem "class DGE::Core::IO::LogSystem::Logger" is registered successfully.
[     8.06 ] I: The subsystem "class DGE::Core::Windows::QtWindow" is registered successfully.
[     8.06 ] D: API version is: 4.60 ,shader version is: 4.60
[     8.06 ] I: The subsystem "class DGE::GFX::GCore::QtWrapper::QtRenderer" is registered successfully.
[     8.06 ] I: Current Render API is: 4.60
[     8.06 ] I: The subsystem "Renderer" is registered successfully.
[     8.06 ] I: The subsystem "class DGE::Core::Platforms::QtPlatform" is registered successfully.
[     8.06 ] I: The subsystem "Platform" is registered successfully.
[     8.06 ] I: The subsystem "class DGE::Core::IO::FileSystem::FileManager" is registered successfully.
[     8.06 ] I: The subsystem "class DGE::Core::CoreModule" is registered successfully.
[     8.06 ] I: The subsystem "class DGE::Core::Profiling::Profiler" is registered successfully.
[     8.06 ] I: The subsystem "class DGE::GFX::DrawablesManager" is registered successfully.
[     8.06 ] I: #version 460 core
#define GLES_Ver 460

[     8.06 ] I: The subsystem "class DGE::GFX::GraphicsManager" is registered successfully.
[     8.06 ] I: The subsystem "class DGE::GFX::GFXModule" is registered successfully.
[     8.21 ] D: Shader Compile successfully.
[     8.21 ] I: The subsystem "class DGE::Scene::ViewportManager" is registered successfully.
[     8.21 ] I: The subsystem "class DGE::Scene::SceneModule" is registered successfully.
[     8.21 ] I: The subsystem "class DGE::Managers::RenderManager" is registered successfully.
[     8.21 ] D: Engine Enabled
[     8.21 ] I: The subsystem "class DGE::Engine" is registered successfully.
[     8.22 ] D: Node with id 1 is added to Qt layer
[     8.22 ] D: Node with id 2460 is added to Qt layer
[     8.22 ] D: Node with id 2462 is added to Qt layer
[     8.22 ] D: Node with id 2464 is added to Qt layer
[     8.22 ] D: Node with id 2466 is added to Qt layer
[     8.22 ] D: Node with id 2468 is added to Qt layer
[     8.22 ] D: Node with id 2470 is added to Qt layer
[     8.22 ] D: Node with id 2472 is added to Qt layer
[     8.22 ] D: Node with id 2474 is added to Qt layer
[     8.22 ] D: Node with id 2476 is added to Qt layer
[     8.22 ] D: Node with id 2478 is added to Qt layer
[     8.22 ] D: Node with id 2480 is added to Qt layer
[     8.22 ] D: Node with id 2482 is added to Qt layer
[     8.22 ] D: Node with id 2484 is added to Qt layer
[     8.22 ] D: Node with id 2486 is added to Qt layer
[     8.22 ] D: Node with id 2487 is added to Qt layer
[     8.22 ] D: Node with id 2489 is added to Qt layer
[     8.23 ] D: Node with id 2491 is added to Qt layer
[     8.23 ] D: Node with id 3 is added to Qt layer
[     8.23 ] D: Node with id 2493 is added to Qt layer
[     8.23 ] S: New view-port registered with id: 1
[     8.23 ] S: New view-port registered with id: 2
[     8.23 ] S: New view-port registered with id: 3
[     8.23 ] S: New view-port registered with id: 4
[     8.23 ] S: New view-port registered with id: 5
[     8.23 ] S: New view-port registered with id: 6
[     8.36 ] D: Creating suitable QNanoBackend for OpenGL 4.6 context
[     8.36 ] D: Using backend: "OpenGL 3"
[     8.42 ] W: Floating point comparison needs context sanity check
[     8.42 ] D: QT onScaleChanged=  144
[     8.51 ] W: ShaderEffectSource: 'recursive' must be set to true when rendering recursively.
[     8.52 ] W: ShaderEffectSource: 'recursive' must be set to true when rendering recursively.
[     8.52 ] W: ShaderEffectSource: 'recursive' must be set to true when rendering recursively.
[     8.52 ] W: ShaderEffectSource: 'recursive' must be set to true when rendering recursively.
[     8.74 ] D: Engine Started.
[   794.52 ] D: P1 -425
[   794.77 ] D: P1 -462
[   794.78 ] D: P1 -449
[   794.79 ] D: P1 -444
[   794.79 ] D: P1 -433
[   794.79 ] D: P1 -430
[   794.81 ] D: P1 -417
[   794.81 ] D: P1 -414
[   794.82 ] D: P1 -412
[