[     3.81 ] I: Log: Log file open in follow path at 1403/4/10 23:28:32 : C:\Users\AmirPasha\Desktop\Rpos\DAW-3\build2019\debug\Logs\Launch.log
[     3.81 ] I: The subsystem "class DGE::Core::IO::LogSystem::Logger" is registered successfully.
[     3.81 ] I: The subsystem "class DGE::Core::Windows::QtWindow" is registered successfully.
[     3.81 ] D: API version is: 4.60 ,shader version is: 4.60
[     3.81 ] I: The subsystem "class DGE::GFX::GCore::QtWrapper::QtRenderer" is registered successfully.
[     3.81 ] I: Current Render API is: 4.60
[     3.81 ] I: The subsystem "Renderer" is registered successfully.
[     3.81 ] I: The subsystem "class DGE::Core::Platforms::QtPlatform" is registered successfully.
[     3.81 ] I: The subsystem "Platform" is registered successfully.
[     3.81 ] I: The subsystem "class DGE::Core::IO::FileSystem::FileManager" is registered successfully.
[     3.81 ] I: The subsystem "class DGE::Core::CoreModule" is registered successfully.
[     3.81 ] I: The subsystem "class DGE::Core::Profiling::Profiler" is registered successfully.
[     3.81 ] I: The subsystem "class DGE::GFX::DrawablesManager" is registered successfully.
[     3.81 ] I: #version 460 core
#define GLES_Ver 460

[     3.81 ] I: The subsystem "class DGE::GFX::GraphicsManager" is registered successfully.
[     3.81 ] I: The subsystem "class DGE::GFX::GFXModule" is registered successfully.
[     3.89 ] D: Shader Compile successfully.
[     3.89 ] I: The subsystem "class DGE::Scene::ViewportManager" is registered successfully.
[     3.89 ] I: The subsystem "class DGE::Scene::SceneModule" is registered successfully.
[     3.89 ] I: The subsystem "class DGE::Managers::RenderManager" is registered successfully.
[     3.89 ] D: Engine Enabled
[     3.89 ] I: The subsystem "class DGE::Engine" is registered successfully.
[     3.89 ] D: Node with id 1 is added to Qt layer
[     3.89 ] D: Node with id 2460 is added to Qt layer
[     3.89 ] D: Node with id 2462 is added to Qt layer
[     3.89 ] D: Node with id 2464 is added to Qt layer
[     3.90 ] D: Node with id 2466 is added to Qt layer
[     3.90 ] D: Node with id 2468 is added to Qt layer
[     3.90 ] D: Node with id 2470 is added to Qt layer
[     3.90 ] D: Node with id 2472 is added to Qt layer
[     3.90 ] D: Node with id 2474 is added to Qt layer
[     3.90 ] D: Node with id 2476 is added to Qt layer
[     3.90 ] D: Node with id 2478 is added to Qt layer
[     3.90 ] D: Node with id 2480 is added to Qt layer
[     3.90 ] D: Node with id 2482 is added to Qt layer
[     3.90 ] D: Node with id 2484 is added to Qt layer
[     3.90 ] D: Node with id 2486 is added to Qt layer
[     3.90 ] D: Node with id 2487 is added to Qt layer
[     3.90 ] D: Node with id 2489 is added to Qt layer
[     3.90 ] D: Node with id 2491 is added to Qt layer
[     3.90 ] D: Node with id 3 is added to Qt layer
[     3.90 ] D: Node with id 2493 is added to Qt layer
[     3.90 ] S: New view-port registered with id: 1
[     3.90 ] S: New view-port registered with id: 2
[     3.90 ] S: New view-port registered with id: 3
[     3.90 ] S: New view-port registered with id: 4
[     3.90 ] S: New view-port registered with id: 5
[     3.90 ] S: New view-port registered with id: 6
[     3.96 ] D: Creating suitable QNanoBackend for OpenGL 4.6 context
[     3.96 ] D: Using backend: "OpenGL 3"
[     4.00 ] W: Floating point comparison needs context sanity check
[     4.00 ] D: QT onScaleChanged=  144
[     4.18 ] D: Engine Started.
[    50.22 ] D: findTrackIndexByPoint 0 QRect(0,0 1957x111) true QPointF(342,71)
[    50.22 ] D: _automationChanging false
[    50.22 ] D: findTrackIndexByPoint 0 QRect(0,0 1957x111) true QPointF(342,72)
[    50.22 ] D: mouseMove2
[    50.29 ] D: _automationChanging false
[    50.29 ] D: findTrackIndexByPoint 0 QRect(0,0 1957x111) true QPointF(343,72)
[    50.29 ] D: mouseMove2
[    50.30 ] D: _automationChanging false
[    50.30 ] D: findTrackIndexByPoint 0 QRect(0,0 1957x111) true QPointF(345,72)
[    50.30 ] D: mouseMove2
[    50.30 ] D: _automationChanging false
[    50.30 ] D: findTrackIndexByPoint 0 QRect(0,0 1957x111) true QPointF(346,72)
[    50.30 ] D: mouseMove2
[    50.31 ] D: _automationChanging false
[    50.31 ] D: findTrackIndexByPoint 0 QRect(0,0 1957x111) true QPointF(347,72)
[    50.31 ] D: mouseMove2
[    50.32 ] D: _automationChanging false
[    50.32 ] D: findTrackIndexByPoint 0 QRect(0,0 1957x111) true QPointF(354,72)
[    50.32 ] D: mouseMove2
[    50.32 ] D: _automationChanging false
[    50.32 ] D: findTrackIndexByPoint 0 QRect(0,0 1957x111) true QPointF(355,71)
[    50.32 ] D: mouseMove2
[    50.32 ] D: _automationChanging false
[    50.32 ] D: findTrackIndexByPoint 0 QRect(0,0 1957x111) true QPointF(357,71)
[    50.32 ] D: mouseMove2
[    50.32 ] D: _automationChanging false
[    50.32 ] D: findTrackIndexByPoint 0 QRect(0,0 1957x111) true QPointF(359,71)
[    50.32 ] D: mouseMove2
[    50.33 ] D: _automationChanging false
[    50.33 ] D: findTrackIndexByPoint 0 QRect(0,0 1957x111) true QPointF(372,70)
[    50.33 ] D: mouseMove2
[    50.33 ] D: _automationChanging false
[    50.33 ] D: findTrackIndexByPoint 0 QRect(0,0 1957x111) true QPointF(375,70)
[    50.33 ] D: mouseMove2
[    50.34 ] D: _automationChanging false
[    50.34 ] D: findTrackIndexByPoint 0 QRect(0,0 1957x111) true QPointF(378,70)
[    50.34 ] D: mouseMove2
[    50.34 ] D: _automationChanging false
[    50.34 ] D: findTrackIndexByPoint 0 QRect(0,0 1957x111) true QPointF(381,70)
[    50.34 ] D: mouseMove2
[    50.35 ] D: _automationChanging false
[    50.35 ] D: findTrackIndexByPoint 0 QRect(0,0 1957x111) true QPointF(402,69)
[    50.35 ] D: mouseMove2
[    50.35 ] D: _automationChanging false
[    50.35 ] D: findTrackIndexByPoint 0 QRect(0,0 1957x111) true QPointF(405,69)
[    50.35 ] D: mouseMove2
[    50.35 ] D: _automationChanging false
[    50.35 ] D: findTrackIndexByPoint 0 QRect(0,0 1957x111) true QPointF(410,69)
[    50.35 ] D: mouseMove2
[    50.37 ] D: _automationChanging false
[    50.37 ] D: findTrackIndexByPoint 0 QRect(0,0 1957x111) true QPointF(414,69)
[    50.37 ] D: mouseMove2
[    50.37 ] D: _automationChanging false
[    50.37 ] D: findTrackIndexByPoint 0 QRect(0,0 1957x111) true QPointF(441,69)
[    50.37 ] D: mouseMove2
[    50.37 ] D: _automationChanging false
[    50.37 ] D: findTrackIndexByPoint 0 QRect(0,0 1957x111) true QPointF(446,69)
[    50.37 ] D: mouseMove2
[    50.37 ] D: _automationChanging false
[    50.37 ] D: findTrackIndexByPoint 0 QRect(0,0 1957x111) true QPointF(451,69)
[    50.37 ] D: mouseMove2
[    50.38 ] D: _automationChanging false
[    50.38 ] D: findTrackIndexByPoint 0 QRect(0,0 1957x111) true QPointF(477,69)
[    50.38 ] D: mouseMove2
[    50.38 ] D: _automationChanging false
[    50.38 ] D: findTrackIndexByPoint 0 QRect(0,0 1957x111) true QPointF(483,69)
[    50.39 ] D: mouseMove2
[    50.39 ] D: _automationChanging false
[    50.39 ] D: findTrackIndexByPoint 0 QRect(0,0 1957x111) true QPointF(489,69)
[    50.39 ] D: mouseMove2
[    50.39 ] D: _automationChanging false
[    50.39 ] D: findTrackIndexByPoint 0 QRect(0,0 1957x111) true QPointF(493,69)
[    50.39 ] D: mouseMove2
[    50.40 ] D: _automationChanging false
[    50.40 ] D: findTrackIndexByPoint 0 QRect(0,0 1957x111) true QPointF(524,69)
[    50.40 ] D: mouseMove2
[    50.40 ] D: _automationChanging false
[    50.40 ] D: findTrackIndexByPoint 0 QRect(0,0 1957x111) true QPointF(530,69)
[    50.40 ] D: mouseMove2
[    50.40 ] D: _automationChanging false
[    50.40 ] D: findTrackIndexByPoint 0 QRect(0,0 1957x111) true QPointF(535,69)
[    50.40 ] D: mouseMove2
[    50.42 ] D: _automationChanging false
[    50.42 ] D: findTrackIndexByPoint 0 QRect(0,0 1957x111) true QPointF(563,69)
[    50.42 ] D: mouseMove2
[    50.42 ] D: _automationChanging false
[    50.42 ] D: findTrackIndexByPoint 0 QRect(0,0 1957x111) true QPointF(568,69)
[    50.42 ] D: mouseMove2
[    50.42 ] D: _automationChanging false
[    50.42 ] D: findTrackIndexByPoint 0 QRect(0,0 1957x111) true QPointF(572,70)
[    50.42 ] D: mouseMove2
[    50.44 ] D: _automationChanging false
[    50.44 ] D: findTrackIndexByPoint 0 QRect(0,0 1957x111) true QPointF(575,70)
[    50.44 ] D: mouseMove2
[    50.44 ] D: _automationChanging false
[    50.44 ] D: findTrackIndexByPoint 0 QRect(0,0 1957x111) true QPointF(598,70)
[    50.44 ] D: mouseMove2
[    50.44 ] D: _automationChanging false
[    50.44 ] D: findTrackIndexByPoint 0 QRect(0,0 1957x111) true QPointF(601,70)
[    50.44 ] D: mouseMove2
[    50.44 ] D: _automationChanging false
[    50.44 ] D: findTrackIndexByPoint 0 QRect(0,0 1957x111) true QPointF(604,71)
[    50.44 ] D: mouseMove2
[    50.44 ] D: _automationChanging false
[    50.44 ] D: findTrackIndexByPoint 0 QRect(0,0 1957x111) true QPointF(607,71)
[    50.44 ] D: mouseMove2
[    50.45 ] D: _automationChanging false
[    50.45 ] D: findTrackIndexByPoint 0 QRect(0,0 1957x111) true QPointF(619,71)
[    50.45 ] D: mouseMove2
[    50.45 ] D: _automationChanging false
[    50.45 ] D: findTrackIndexByPoint 0 QRect(0,0 1957x111) true QPointF(620,71)
[    50.45 ] D: mouseMove2
[    50.46 ] D: _automationChanging false
[    50.46 ] D: findTrackIndexByPoint 0 QRect(0,0 1957x111) true QPointF(622,71)
[    50.46 ] D: mouseMove2
[    50.47 ] D: _automationChanging false
[    50.47 ] D: findTrackIndexByPoint 0 QRect(0,0 1957x111) true QPointF(628,71)
[    50.47 ] D: mouseMove2
[    50.47 ] D: _automationChanging false
[    50.47 ] D: findTrackIndexByPoint 0 QRect(0,0 1957x111) true QPointF(629,71)
[    50.47 ] D: mouseMove2
[    50.47 ] D: _automationChanging false
[    50.47 ] D: findTrackIndexByPoint 0 QRect(0,0 1957x111) true QPointF(630,71)
[    50.47 ] D: mouseMove2
[    50.47 ] D: _automationChanging false
[    50.47 ] D: findTrackIndexByPoint 0 QRect(0,0 1957x111) true QPointF(631,71)
[    50.47 ] D: mouseMove2
[    50.49 ] D: _automationChanging false
[    50.49 ] D: findTrackIndexByPoint 0 QRect(0,0 1957x111) true QPointF(632,71)
[    50.49 ] D: mouseMove2
[    50.81 ] D: mouseReleaseEvent
[    50.97 ] D: findTrackIndexByPoint 0 QRect(0,0 1957x111) true QPointF(632,71)
[    51.06 ] D: mouseReleaseEvent
[    59.23 ] D: P1 -382
[    59.23 ] D: P14
[    59.23 ] D: P1 -386
[    59.23 ] D: P14
[    59.23 ] D: P1 -386
[    59.23 ] D: P14
[    59.24 ] D: P1 -387
[    59.24 ] D: P14
[    59.24 ] D: P1 -388
[    59.24 ] D: P14
[    59.25 ] D: P1 -389
[    59.25 ] D: P14
[    59.26 ] D: P1 -390
[    59.26 ] D: P14
[    59.26 ] D: P1 -391
[    59.26 ] D: P14
[    59.27 ] D: P1 -392
[    59.27 ] D: P14
[    59.28 ] D: P1 -393
[    59.28 ] D: P14
[    59.28 ] D: P1 -394
[    59.28 ] D: P1 -395
[    59.29 ] D: P1 -397
[    59.30 ] D: P1 -398
[    59.31 ] D: P1 -399
[    59.31 ] D: P1 -402
[    59.31 ] D: P1 -403
[    59.33 ] D: P1 -404
[    59.33 ] D: P1 -406
[    59.33 ] D: P1 -407
[    59.34 ] D: P1 -408
[    59.34 ] D: P1 -413
[    59.35 ] D: P1 -414
[    59.35 ] D: P1 -415
[    59.36 ] D: P1 -416
[    59.36 ] D: P1 -420
[    59.36 ] D: P1 -421
[    59.36 ] D: P1 -422
[    59.38 ] D: P1 -423
[    59.38 ] D: P1 -429
[    59.38 ] D: P1 -430
[    59.38 ] D: P1 -431
[    59.39 ] D: P1 -432
[    59.39 ] D: P1 -437
[    59.40 ] D: P1 -438
[    59.40 ] D: P1 -439
[    59.41 ] D: P1 -443
[    59.41 ] D: P1 -443
[    59.41 ] D: P1 -444
[    59.42 ] D: P1 -445
[    59.43 ] D: P1 -446
[    59.43 ] D: P1 -448
[    59.43 ] D: P1 -448
[    59.43 ] D: P1 -449
[    59.44 ] D: P1 -450
[    59.45 ] D: P1 -451
[    59.45 ] D: P1 -451
[    59.46 ] D: P1 -451
[    59.46 ] D: P1 -452
[    59.68 ] D: sltPositionChanged 573300
[    59.68 ] D: frame_offset 0 0 10
[    59.68 ] D: frame_offset 0 1 10
[    59.68 ] D: frame_offset 0 2 10
[    59.68 ] D: frame_offset 0 3 10
[    59.69 ] D: frame_offset 0 4 10
[    59.69 ] D: findOverlayItems 1 0
[    59.69 ] D: "{f64d5577-ac69-4d1a-8911-9272ce31c4f0}" i.value()->sampleClip()->startTime()  13000 27998.8 27998.8 13000
[    59.69 ] D: findOverlayItems
[    59.69 ] D: sltPositionChanged 573300
[    59.69 ] D: frame_offset 0 0 10
[    59.69 ] D: frame_offset 0 1 10
[    59.69 ] D: frame_offset 0 2 10
[    59.69 ] D: frame_offset 0 3 10
[    59.70 ] D: frame_offset 0 4 10
[   127.18 ] D: findTrackIndexByPoint 0 QRect(0,0 1957x111) true QPointF(60,58)
[   127.24 ] D: mouseReleaseEvent
[   129.65 ] D: _requestForLoading false false
[   129.65 ] D: _requestForLoading2
[   129.65 ] D: _numberOfSampleBuffer 1
[   129.65 ] D: STAR