[     4.95 ] I: Log: Log file open in follow path at 1403/6/21 21:54:53 : C:\Users\AmirPasha\Desktop\Rpos\DAW-3\build2019\debug\Logs\Launch.log
[     4.95 ] I: The subsystem "class DGE::Core::IO::LogSystem::Logger" is registered successfully.
[     4.95 ] I: The subsystem "class DGE::Core::Windows::QtWindow" is registered successfully.
[     4.95 ] D: API version is: 4.60 ,shader version is: 4.60
[     4.95 ] I: The subsystem "class DGE::GFX::GCore::QtWrapper::QtRenderer" is registered successfully.
[     4.95 ] I: Current Render API is: 4.60
[     4.95 ] I: The subsystem "Renderer" is registered successfully.
[     4.95 ] I: The subsystem "class DGE::Core::Platforms::QtPlatform" is registered successfully.
[     4.95 ] I: The subsystem "Platform" is registered successfully.
[     4.95 ] I: The subsystem "class DGE::Core::IO::FileSystem::FileManager" is registered successfully.
[     4.95 ] I: The subsystem "class DGE::Core::CoreModule" is registered successfully.
[     4.95 ] I: The subsystem "class DGE::Core::Profiling::Profiler" is registered successfully.
[     4.95 ] I: The subsystem "class DGE::GFX::DrawablesManager" is registered successfully.
[     4.95 ] I: #version 460 core
#define GLES_Ver 460

[     4.95 ] I: The subsystem "class DGE::GFX::GraphicsManager" is registered successfully.
[     4.95 ] I: The subsystem "class DGE::GFX::GFXModule" is registered successfully.
[     5.05 ] D: Shader Compile successfully.
[     5.05 ] I: The subsystem "class DGE::Scene::ViewportManager" is registered successfully.
[     5.05 ] I: The subsystem "class DGE::Scene::SceneModule" is registered successfully.
[     5.05 ] I: The subsystem "class DGE::Managers::RenderManager" is registered successfully.
[     5.05 ] D: Engine Enabled
[     5.05 ] I: The subsystem "class DGE::Engine" is registered successfully.
[     5.05 ] D: Node with id 1 is added to Qt layer
[     5.05 ] D: Node with id 2460 is added to Qt layer
[     5.05 ] D: Node with id 2462 is added to Qt layer
[     5.05 ] D: Node with id 2464 is added to Qt layer
[     5.05 ] D: Node with id 2466 is added to Qt layer
[     5.06 ] D: Node with id 2468 is added to Qt layer
[     5.06 ] D: Node with id 2470 is added to Qt layer
[     5.06 ] D: Node with id 2472 is added to Qt layer
[     5.06 ] D: Node with id 2474 is added to Qt layer
[     5.06 ] D: Node with id 2476 is added to Qt layer
[     5.06 ] D: Node with id 2478 is added to Qt layer
[     5.06 ] D: Node with id 2480 is added to Qt layer
[     5.06 ] D: Node with id 2482 is added to Qt layer
[     5.06 ] D: Node with id 2484 is added to Qt layer
[     5.06 ] D: Node with id 2486 is added to Qt layer
[     5.06 ] D: Node with id 2487 is added to Qt layer
[     5.06 ] D: Node with id 2489 is added to Qt layer
[     5.06 ] D: Node with id 2491 is added to Qt layer
[     5.06 ] D: Node with id 3 is added to Qt layer
[     5.06 ] D: Node with id 2493 is added to Qt layer
[     5.06 ] S: New view-port registered with id: 1
[     5.06 ] S: New view-port registered with id: 2
[     5.07 ] S: New view-port registered with id: 3
[     5.07 ] S: New view-port registered with id: 4
[     5.07 ] S: New view-port registered with id: 5
[     5.07 ] S: New view-port registered with id: 6
[     5.17 ] D: Creating suitable QNanoBackend for OpenGL 4.6 context
[     5.17 ] D: Using backend: "OpenGL 3"
[     5.22 ] W: Floating point comparison needs context sanity check
[     5.22 ] D: QT onScaleChanged=  144
[     5.24 ] W: ShaderEffectSource: 'recursive' must be set to true when rendering recursively.
[     5.24 ] W: ShaderEffectSource: 'recursive' must be set to true when rendering recursively.
[     5.25 ] W: ShaderEffectSource: 'recursive' must be set to true when rendering recursively.
[     5.26 ] W: ShaderEffectSource: 'recursive' must be set to true when rendering recursively.
[     5.45 ] D: Engine Started.
[   855.69 ] D: P1 -252
[   855.69 ] D: P1 -288
[   855.70 ] D: P1 -290
[   855.70 ] D: P1 -295
[   855.70 ] D: P1 -298
[   855.70 ] D: P1 -300
[   855.71 ] D: P1 -302
[   855.72 ] D: P1 -306
[   855.72 ] D: P1 -319
[