[     4.37 ] I: Log: Log file open in follow path at 1403/4/14 10:50:46 : C:\Users\AmirPasha\Desktop\Rpos\DAW-3\build2019\debug\Logs\Launch.log
[     4.37 ] I: The subsystem "class DGE::Core::IO::LogSystem::Logger" is registered successfully.
[     4.37 ] I: The subsystem "class DGE::Core::Windows::QtWindow" is registered successfully.
[     4.37 ] D: API version is: 4.60 ,shader version is: 4.60
[     4.37 ] I: The subsystem "class DGE::GFX::GCore::QtWrapper::QtRenderer" is registered successfully.
[     4.37 ] I: Current Render API is: 4.60
[     4.37 ] I: The subsystem "Renderer" is registered successfully.
[     4.37 ] I: The subsystem "class DGE::Core::Platforms::QtPlatform" is registered successfully.
[     4.37 ] I: The subsystem "Platform" is registered successfully.
[     4.37 ] I: The subsystem "class DGE::Core::IO::FileSystem::FileManager" is registered successfully.
[     4.37 ] I: The subsystem "class DGE::Core::CoreModule" is registered successfully.
[     4.37 ] I: The subsystem "class DGE::Core::Profiling::Profiler" is registered successfully.
[     4.37 ] I: The subsystem "class DGE::GFX::DrawablesManager" is registered successfully.
[     4.37 ] I: #version 460 core
#define GLES_Ver 460

[     4.37 ] I: The subsystem "class DGE::GFX::GraphicsManager" is registered successfully.
[     4.37 ] I: The subsystem "class DGE::GFX::GFXModule" is registered successfully.
[     4.45 ] D: Shader Compile successfully.
[     4.45 ] I: The subsystem "class DGE::Scene::ViewportManager" is registered successfully.
[     4.45 ] I: The subsystem "class DGE::Scene::SceneModule" is registered successfully.
[     4.45 ] I: The subsystem "class DGE::Managers::RenderManager" is registered successfully.
[     4.45 ] D: Engine Enabled
[     4.45 ] I: The subsystem "class DGE::Engine" is registered successfully.
[     4.45 ] D: Node with id 1 is added to Qt layer
[     4.45 ] D: Node with id 2460 is added to Qt layer
[     4.45 ] D: Node with id 2462 is added to Qt layer
[     4.45 ] D: Node with id 2464 is added to Qt layer
[     4.45 ] D: Node with id 2466 is added to Qt layer
[     4.45 ] D: Node with id 2468 is added to Qt layer
[     4.45 ] D: Node with id 2470 is added to Qt layer
[     4.45 ] D: Node with id 2472 is added to Qt layer
[     4.45 ] D: Node with id 2474 is added to Qt layer
[     4.46 ] D: Node with id 2476 is added to Qt layer
[     4.46 ] D: Node with id 2478 is added to Qt layer
[     4.46 ] D: Node with id 2480 is added to Qt layer
[     4.46 ] D: Node with id 2482 is added to Qt layer
[     4.46 ] D: Node with id 2484 is added to Qt layer
[     4.46 ] D: Node with id 2486 is added to Qt layer
[     4.46 ] D: Node with id 2487 is added to Qt layer
[     4.46 ] D: Node with id 2489 is added to Qt layer
[     4.46 ] D: Node with id 2491 is added to Qt layer
[     4.46 ] D: Node with id 3 is added to Qt layer
[     4.46 ] D: Node with id 2493 is added to Qt layer
[     4.46 ] S: New view-port registered with id: 1
[     4.46 ] S: New view-port registered with id: 2
[     4.46 ] S: New view-port registered with id: 3
[     4.46 ] S: New view-port registered with id: 4
[     4.46 ] S: New view-port registered with id: 5
[     4.46 ] S: New view-port registered with id: 6
[     4.55 ] D: Creating suitable QNanoBackend for OpenGL 4.6 context
[     4.55 ] D: Using backend: "OpenGL 3"
[     4.58 ] W: Floating point comparison needs context sanity check
[     4.58 ] D: QT onScaleChanged=  144
[     4.77 ] D: Engine Started.
[     6.90 ] W: qrc:/main.qml:434:29: QML Repeater: Detected anchors on an item that is managed by a layout. This is undefined behavior; use Layout.alignment instead.
[     6.90 ] W: qrc:/main.qml:434:29: QML Repeater: Detected anchors on an item that is managed by a layout. This is undefined behavior; use Layout.alignment instead.
[     8.72 ] W: Model size of -60 is less than 0
[    22.48 ] D: "C:/Users/AmirPasha/Desktop/Rpos/DAW-3/daw-3-SampleEditor/visr_config/generic/bs2051-9+10+3-subwoofers-xover.xml"
[    22.50 ] D: numberOfSpeakersAndSubs 24
[    22.57 ] D: "C:/Users/AmirPasha/Desktop/Rpos/DAW-3/daw-3-SampleEditor/visr_config/generic/bs2051-9+10+3-subwoofers-xover.xml"
[    22.58 ] D: numberOfSpeakersAndSubs 24
[    22.60 ] D: "C:/Users/AmirPasha/Desktop/Rpos/DAW-3/daw-3-SampleEditor/visr_config/generic/bs2051-9+10+3-subwoofers-xover.xml"
[    22.62 ] D: numberOfSpeakersAndSubs 24
[    22.64 ] D: "C:/Users/AmirPasha/Desktop/Rpos/DAW-3/daw-3-SampleEditor/visr_config/generic/bs2051-9+10+3-subwoofers-xover.xml"
[    22.65 ] D: numberOfSpeakersAndSubs 24
[    22.68 ] D: "C:/Users/AmirPasha/Desktop/Rpos/DAW-3/daw-3-SampleEditor/visr_config/generic/bs2051-9+10+3-subwoofers-xover.xml"
[    22.69 ] D: numberOfSpeakersAndSubs 24
[    22.76 ] D: "C:/Users/AmirPasha/Desktop/Rpos/DAW-3/daw-3-SampleEditor/visr_config/generic/bs2051-9+10+3-subwoofers-xover.xml"
[    22.77 ] D: numberOfSpeakersAndSubs 24
[    22.80 ] D: "C:/Users/AmirPasha/Desktop/Rpos/DAW-3/daw-3-SampleEditor/visr_config/generic/bs2051-9+10+3-subwoofers-xover.xml"
[    22.81 ] D: numberOfSpeakersAndSubs 24
[    22.83 ] D: "C:/Users/AmirPasha/Desktop/Rpos/DAW-3/daw-3-SampleEditor/visr_config/generic/bs2051-9+10+3-subwoofers-xover.xml"
[    22.84 ] D: numberOfSpeakersAndSubs 24
[    22.87 ] D: "C:/Users/AmirPasha/Desktop/Rpos/DAW-3/daw-3-SampleEditor/visr_config/generic/bs2051-9+10+3-subwoofers-xover.xml"
[    22.88 ] D: numberOfSpeakersAndSubs 24
[    22.95 ] D: "C:/Users/AmirPasha/Desktop/Rpos/DAW-3/daw-3-SampleEditor/visr_config/generic/bs2051-9+10+3-subwoofers-xover.xml"
[    22.96 ] D: numberOfSpeakersAndSubs 24
[    22.99 ] D: "C:/Users/AmirPasha/Desktop/Rpos/DAW-3/daw-3-SampleEditor/visr_config/generic/bs2051-9+10+3-subwoofers-xover.xml"
[    23.01 ] D: numberOfSpeakersAndSubs 24
[    23.03 ] D: "C:/Users/AmirPasha/Desktop/Rpos/DAW-3/daw-3-SampleEditor/visr_config/generic/bs2051-9+10+3-subwoofers-xover.xml"
[    23.05 ] D: numberOfSpeakersAndSubs 24
[    23.07 ] D: "C:/Users/AmirPasha/Desktop/Rpos/DAW-3/daw-3-SampleEditor/visr_config/generic/bs2051-9+10+3-subwoofers-xover.xml"
[    23.08 ] D: numberOfSpeakersAndSubs 24
[    23.15 ] D: "C:/Users/AmirPasha/Desktop/Rpos/DAW-3/daw-3-SampleEditor/visr_config/generic/bs2051-9+10+3-subwoofers-xover.xml"
[    23.16 ] D: numberOfSpeakersAndSubs 24
[    23.19 ] D: "C:/Users/AmirPasha/Desktop/Rpos/DAW-3/daw-3-SampleEditor/visr_config/generic/bs2051-9+10+3-subwoofers-xover.xml"
[    23.20 ] D: numberOfSpeakersAndSubs 24
[    23.23 ] D: "C:/Users/AmirPasha/Desktop/Rpos/DAW-3/daw-3-SampleEditor/visr_config/generic/bs2051-9+10+3-subwoofers-xover.xml"
[    23.24 ] D: numberOfSpeakersAndSubs 24
[    23.28 ] W: Model size of -1 is less than 0
[    23.37 ] W: qrc:/main.qml:434:29: QML Repeater: Detected anchors on an item that is managed by a layout. This is undefined behavior; use Layout.alignment instead.
[    23.37 ] W: qrc:/main.qml:434:29: QML Repeater: Detected anchors on an item that is managed by a layout. This is undefined behavior; use Layout.alignment instead.
[    23.37 ] D: setTracksRect
[    23.37 ] D: sltStartContentYChanged1
[    23.37 ] D: sltStartContentYChanged2
[    23.37 ] D: sltStartContentYChanged3
[    23.37 ] D: _tracksModel->getItem(i)->rect()1 0 QRect(0,0 1957x111)
[    23.37 ] D: _tracksModel->getItem(i)->rect()1 1 QRect(0,111 1957x111)
[    23.37 ] D: _tracksModel->getItem(i)->rect()1 2 QRect(0,222 1957x111)
[    23.37 ] D: _tracksModel->getItem(i)->rect()1 3 QRect(0,333 1957x111)
[    23.37 ] D: setTracksRect
[    23.37 ] D: setTracksRect
[    23.37 ] D: sltStartContentYChanged4
[    25.84 ] D: setTracksRect
[    25.84 ] D: sltStartContentYChanged1
[    25.84 ] D: sltStartContentYChanged2
[    25.84 ] D: sltStartContentYChanged3
[    25.84 ] D: _tracksModel->getItem(i)->rect()1 0 QRect(0,0 3582x111)
[    25.84 ] D: _tracksModel->getItem(i)->rect()1 1 QRect(0,111 3582x111)
[    25.84 ] D: _tracksModel->getItem(i)->rect()1 2 QRect(0,222 3582x111)
[    25.84 ] D: _tracksModel->getItem(i)->rect()1 3 QRect(0,333 3582x111)
[    25.84 ] D: setTracksRect
[    25.84 ] D: setTracksRect
[    25.84 ] D: sltStartContentYChanged4
[    25.84 ] D: setTracksRect
[    25.84 ] D: sltStartContentYChanged1
[    25.84 ] D: sltStartContentYChanged2
[    25.84 ] D: sltStartContentYChanged3
[    25.84 ] D: _tracksModel->getItem(i)->rect()1 0 QRect(0,0 3897x111)
[    25.84 ] D: _tracksModel->getItem(i)->rect()1 1 QRect(0,111 3897x111)
[    25.84 ] D: _tracksModel->getItem(i)->rect()1 2 QRect(0,222 3897x111)
[    25.84 ] D: _tracksModel->getItem(i)->rect()1 3 QRect(0,333 3897x111)
[    25.84 ] D: setTracksRect
[    25.84 ] D: setTracksRect
[    25.84 ] D: sltStartContentYChanged4
[    25.84 ] D: setTracksRect
[    25.84 ] D: sltStartContentYChanged1
[    25.84 ] D: sltStartContentYChanged2
[    25.84 ] D: sltStartContentYChanged3
[    25.84 ] D: _tracksModel->getItem(i)->rect()1 0 QRect(0,0 3897x111)
[    25.84 ] D: _tracksModel->getItem(i)->rect()1 1 QRect(0,111 3897x111)
[    25.84 ] D: _tracksModel->getItem(i)->rect()1 2 QRect(0,222 3897x111)
[    25.84 ] D: _tracksModel->getItem(i)->rect()1 3 QRect(0,333 3897x111)
[    25.84 ] D: setTracksRect
[    25.84 ] D: setTracksRect
[    25.84 ] D: sltStartContentYChanged4
[    27.50 ] D: CHANGED 0 true
[    27.84 ] D: CHANGED 1 true
[    31.45 ] D: setTracksRect
[    31.45 ] D: sltStartContentYChanged1
[    31.45 ] D: sltStartContentYChanged2
[    31.45 ] D: sltStartContentYChanged3
[    31.45 ] D: _tracksModel->getItem(i)->rect()1 0 QRect(0,0 1642x111)
[    31.45 ] D: _tracksModel->getItem(i)->rect()1 1 QRect(0,111 1642x111)
[    31.45 ] D: _tracksModel->getItem(i)->rect()1 2 QRect(0,222 1642x111)
[    31.45 ] D: _tracksModel->getItem(i)->rect()1 3 QRect(0,333 1642x111)
[    31.45 ] D: setTracksRect
[    31.45 ] D: setTracksRect
[    31.45 ] D: sltStartContentYChanged4
[    31.45 ] D: setTracksRect
[    31.45 ] D: sltStartContentYChanged1
[    31.45 ] D: sltStartContentYChanged2
[    31.45 ] D: sltStartContentYChanged3
[    31.45 ] D: _tracksModel->getItem(i)->rect()1 0 QRect(0,0 1957x111)
[    31.45 ] D: _tracksModel->getItem(i)->rect()1 1 QRect(0,111 1957x111)
[    31.45 ] D: _tracksModel->getItem(i)->rect()1 2 QRect(0,222 1957x111)
[    31.45 ] D: _tracksModel->getItem(i)->rect()1 3 QRect(0,333 1957x111)
[    31.45 ] D: setTracksRect
[    31.45 ] D: setTracksRect
[    31.45 ] D: sltStartContentYChanged4
[    31.45 ] D: setTracksRect
[    31.45 ] D: sltStartContentYChanged1
[    31.45 ] D: sltStartContentYChanged2
[    31.45 ] D: sltStartContentYChanged3
[    31.45 ] D: _tracksModel->getItem(i)->rect()1 0 QRect(0,0 1957x111)
[    31.45 ] D: _tracksModel->getItem(i)->rect()1 1 QRect(0,111 1957x111)
[    31.45 ] D: _tracksModel->getItem(i)->rect()1 2 QRect(0,222 1957x111)
[    31.45 ] D: _tracksModel->getItem(i)->rect()1 3 QRect(0,333 1957x111)
[    31.45 ] D: setTracksRect
[    31.45 ] D: setTracksRect
[    31.45 ] D: sltStartContentYChanged4
[    36.18 ] D: setTracksRect
[    36.18 ] D: sltStartContentYChanged1
[    36.18 ] D: sltStartContentYChanged2
[    36.18 ] D: sltStartContentYChanged3
[    36.18 ] D: _tracksModel->getItem(i)->rect()1 0 QRect(0,0 3582x111)
[    36.18 ] D: _tracksModel->getItem(i)->rect()1 1 QRect(0,111 3582x111)
[    36.18 ] D: _tracksModel->getItem(i)->rect()1 2 QRect(0,222 3582x111)
[    36.18 ] D: _tracksModel->getItem(i)->rect()1 3 QRect(0,333 3582x111)
[    36.18 ] D: setTracksRect
[    36.18 ] D: setTracksRect
[    36.18 ] D: sltStartContentYChanged4
[    36.18 ] D: setTracksRect
[    36.18 ] D: sltStartContentYChanged1
[    36.18 ] D: sltStartContentYChanged2
[    36.18 ] D: sltStartContentYChanged3
[    36.18 ] D: _tracksModel->getItem(i)->rect()1 0 QRect(0,0 3897x111)
[    36.18 ] D: _tracksModel->getItem(i)->rect()1 1 QRect(0,111 3897x111)
[    36.18 ] D: _tracksModel->getItem(i)->rect()1 2 QRect(0,222 3897x111)
[    36.18 ] D: _tracksModel->getItem(i)->rect()1 3 QRect(0,333 3897x111)
[    36.18 ] D: setTracksRect
[    36.18 ] D: setTracksRect
[    36.18 ] D: sltStartContentYChanged4
[    36.18 ] D: setTracksRect
[    36.18 ] D: sltStartContentYChanged1
[    36.18 ] D: sltStartContentYChanged2
[    36.18 ] D: sltStartContentYChanged3
[    36.18 ] D: _tracksModel->getItem(i)->rect()1 0 QRect(0,0 3897x111)
[    36.18 ] D: _tracksModel->getItem(i)->rect()1 1 QRect(0,111 3897x111)
[    36.18 ] D: _tracksModel->getItem(i)->rect()1 2 QRect(0,222 3897x111)
[    36.18 ] D: _tracksModel->getItem(i)->rect()1 3 QRect(0,333 3897x111)
[    36.18 ] D: setTracksRect
[    36.18 ] D: setTracksRect
[    36.18 ] D: sltStartContentYChanged4
[    43.03 ] D: setTracksRect
[    43.03 ] D: sltStartContentYChanged1
[    43.03 ] D: sltStartContentYChanged2
[    43.03 ] D: sltStartContentYChanged3
[    43.03 ] D: _tracksModel->getItem(i)->rect()1 0 QRect(0,0 1642x111)
[    43.03 ] D: _tracksModel->getItem(i)->rect()1 1 QRect(0,111 1642x111)
[    43.03 ] D: _tracksModel->getItem(i)->rect()1 2 QRect(0,222 1642x111)
[    43.03 ] D: _tracksModel->getItem(i)->rect()1 3 QRect(0,333 1642x111)
[    43.03 ] D: setTracksRect
[    43.03 ] D: setTracksRect
[    43.03 ] D: sltStartContentYChanged4
[    43.03 ] D: setTracksRect
[    43.03 ] D: sltStartContentYChanged1
[    43.04 ] D: sltStartContentYChanged2
[    43.04 ] D: sltStartContentYChanged3
[    43.04 ] D: _tracksModel->getItem(i)->rect()1 0 QRect(0,0 1957x111)
[    43.04 ] D: _tracksModel->getItem(i)->rect()1 1 QRect(0,111 1957x111)
[    43.04 ] D: _tracksModel->getItem(i)->rect()1 2 QRect(0,222 1957x111)
[    43.04 ] D: _tracksModel->getItem(i)->rect()1 3 QRect(0,333 1957x111)
[    43.04 ] D: setTracksRect
[    43.04 ] D: setTracksRect
[    43.04 ] D: sltStartContentYChanged4
[    43.04 ] D: setTracksRect
[    43.04 ] D: sltStartContentYChanged1
[    43.04 ] D: sltStartContentYChanged2
[    43.04 ] D: sltStartContentYChanged3
[    43.04 ] D: _tracksModel->getItem(i)->rect()1 0 QRect(0,0 1957x111)
[    43.04 ] D: _tracksModel->getItem(i)->rect()1 1 QRect(0,111 1957x111)
[    43.04 ] D: _tracksModel->getItem(i)->rect()1 2 QRect(0,222 1957x111)
[    43.04 ] D: _tracksModel->getItem(i)->rect()1 3 QRect(0,333 1957x111)
[    43.04 ] D: setTracksRect
[    43.04 ] D: setTracksRect
[    43.04 ] D: sltStartContentYChanged4
[    45.16 ] D: P1 -931
[    45.16 ] D: P1 -931
[    45.16 ] D: P1 -931
[    45.17 ] D: P1 -931
[    45.17 ] D: P1 -931
[    45.17 ] D: P1 -931
[    45.17 ] D: P1 -931
[    45.18 ] D: P1 -932
[    45.18 ] D: P1 -933
[    45.18 ] D: P1 -933
[    45.18 ] D: P1 -934
[    45.18 ] D: P1 -934
[    45.19 ] D: P1 -936
[    45.20 ] D: P1 -936
[    45.20 ] D: P1 -937
[    45.20 ] D: P1 -937
[    45.21 ] D: P1 -940
[    45.21 ] D: P1 -941
[    45.22 ] D: P1 -942
[    45.22 ] D: P1 -942
[    45.22 ] D: P1 -943
[    45.23 ] D: P1 -944
[    45.23 ] D: P1 -945
[    45.23 ] D: P1 -946
[    45.24 ] D: P1 -946
[    45.24 ] D: P1 -947
[    45.25 ] D: P1 -948
[    45.25 ] D: P1 -949
[    45.25 ] D: P1 -949
[    45.26 ] D: P1 -949
[    45.26 ] D: P1 -950
[    45.26 ] D: P1 -950
[    45.27 ] D: P1 -951
[    45.27 ] D: P1 -951
[    45.28 ] D: P1 -951
[    45.28 ] D: P1 -953
[    45.28 ] D: P1 -953
[    45.28 ] D: P1 -953
[    45.28 ] D: P1 -954
[    45.29 ] D: P1 -956
[    45.30 ] D: P1 -956
[    45.30 ] D: P1 -957
[    45.30 ] D: P1 -957
[    45.31 ] D: P1 -958
[    45.31 ] D: P1 -959
[    45.31 ] D: P1 -960
[    45.32 ] D: P1 -960
[    45.32 ] D: P1 -961
[    45.33 ] D: P1 -961
[    45.33 ] D: P1 -963
[    45.33 ] D: P1 -963
[    45.33 ] D: P1 -963
[    45.35 ] D: P1 -964
[    45.35 ] D: P1 -965
[    45.35 ] D: P1 -965
[    45.35 ] D: P1 -966
[    45.36 ] D: P1 -966
[    45.36 ] D: P1 -966
[    45.37 ] D: P1 -966
[    45.37 ] D: P1 -966
[    45.38 ] D: P1 -966
[    45.38 ] D: P1 -967
[    45.38 ] D: P1 -967
[    45.40 ] D: P1 -967
[    45.40 ] D: P1 -967
[    45.41 ] D: P1 -967
[    45.41 ] D: P1 -968
[    45.53 ] D: sltPositionChanged 793800
[    45.54 ] D: frame_offset 0 0 10
[    45.54 ] D: frame_offset 0 1 10
[    45.54 ] D: findOverlayItems 1 0
[    45.54 ] D: "{e238068c-be13-4ac6-ae70-84f5714b536d}" i.value()->sampleClip()->startTime()  18000 33483.9 33483.9 18000
[    45.54 ] D: findOverlayItems
[    45.54 ] D: sltPositionChanged 793800
[    45.54 ] D: frame_offset 0 0 10
[    45.54 ] D: frame_offset 0 1 10
[    45.55 ] D: frame_offset 0 2 10
[    45.55 ] D: frame_offset 0 3 10
[    45.55 ] D: frame_offset 0 4 10
[    46.07 ] D: findTrackIndexByPoint 0 QRect(0,0 1957x111) true QPointF(271,65)
[    46.12 ] D: mouseReleaseEvent
[    46.97 ] D: _requestForLoading false false
[    46.97 ] D: _requestForLoading2
[    46.97 ] D: _numberOfSampleBuffer 1
[    46.97 ] D: START TO load 0
[    46.97 ] D: sltPositionChanged 661499 true
[    46.97 ] D: START TO load 1
[    46.97 ] D: START TO load 2
[    46.97 ] D: START TO load 3
[    46.97 ] D: frame_offset 0 0 10
[    46.97 ] D: frame_offset 0 1 10
[    46.97 ] D: frame_offset 0 2 10
[    46.97 ] D: frame_offset 0 3 10
[    46.97 ] D: frame_offset 0 4 10
[    46.98 ] D: sltFirstBufferFilled ("{e238068c-be13-4ac6-ae70-84f5714b536d}") "{e238068c-be13-4ac6-ae70-84f5714b536d}" true
[    46.98 ] D: _requestForLoading true false
[    49.98 ] W: QObject::startTimer: Timers cannot be started from another thread
[    51.47 ] D: AsyncFileReader 0 5
[    52.96 ] D: AsyncFileReader 1 6
[    54.44 ] D: AsyncFileReader 2 7
[    55.81 ] D: CHANGED 1 false
[    56.24 ] D: CHANGED 0 false
[    57.58 ] D: CHANGED 10 true
[    57.93 ] D: CHANGED 11 true
[    59.10 ] D: setTracksRect
[    59.10 ] D: sltStartContentYChanged1
[    59.10 ] D: sltStartContentYChanged2
[    59.10 ] D: sltStartContentYChanged3
[    59.10 ] D: _tracksModel->getItem(i)->rect()1 0 QRect(0,0 3582x111)
[    59.10 ] D: _tracksModel->getItem(i)->rect()1 1 QRect(0,111 3582x111)
[    59.10 ] D: _tracksModel->getItem(i)->rect()1 2 QRect(0,222 3582x111)
[    59.10 ] D: _tracksModel->getItem(i)->rect()1 3 QRect(0,333 3582x111)
[    59.10 ] D: setTracksRect
[    59.10 ] D: setTracksRect
[    59.10 ] D: sltStartContentYChanged4
[    59.10 ] D: setTracksRect
[    59.10 ] D: sltStartContentYChanged1
[    59.10 ] D: sltStartContentYChanged2
[    59.10 ] D: sltStartContentYChanged3
[    59.10 ] D: _tracksModel->getItem(i)->rect()1 0 QRect(0,0 3897x111)
[    59.10 ] D: _tracksModel->getItem(i)->rect()1 1 QRect(0,111 3897x111)
[    59.10 ] D: _tracksModel->getItem(i)->rect()1 2 QRect(0,222 3897x111)
[    59.10 ] D: _tracksModel->getItem(i)->rect()1 3 QRect(0,333 3897x111)
[    59.10 ] D: setTracksRect
[    59.10 ] D: setTracksRect
[    59.10 ] D: sltStartContentYChanged4
[    59.10 ] D: setTracksRect
[    59.10 ] D: sltStartContentYChanged1
[    59.10 ] D: sltStartContentYChanged2
[    59.10 ] D: sltStartContentYChanged3
[    59.10 ] D: _tracksModel->getItem(i)->rect()1 0 QRect(0,0 3897x111)
[    59.10 ] D: _tracksModel->getItem(i)->rect()1 1 QRect(0,111 3897x111)
[    59.10 ] D: _tracksModel->getItem(i)->rect()1 2 QRect(0,222 3897x111)
[    59.10 ] D: _tracksModel->getItem(i)->rect()1 3 QRect(0,333 3897x111)
[    59.10 ] D: setTracksRect
[    59.10 ] D: setTracksRect
[    59.10 ] D: sltStartContentYChanged4
[    61.61 ] D: _requestForLoading false false
[    61.61 ] D: _requestForLoading2
[    61.61 ] D: _numberOfSampleBuffer 1
[    61.61 ] D: START TO load 0
[    61.61 ] D: sltPositionChanged 661499 true
[    61.61 ] D: START TO load 1
[    61.61 ] D: START TO load 2
[    61.61 ] D: START TO load 3
[    61.61 ] D: frame_offset 0 0 10
[    61.62 ] D: frame_offset 0 1 10
[    61.62 ] D: frame_offset 0 2 10
[    61.62 ] D: frame_offset 0 3 10
[    61.62 ] D: frame_offset 0 4 10
[    61.63 ] D: sltFirstBufferFilled ("{e238068c-be13-4ac6-ae70-84f5714b536d}") "{e238068c-be13-4ac6-ae70-84f5714b536d}" true
[    61.63 ] D: _requestForLoading true false
[    62.74 ] D: findTrackIndexByPoint 0 QRect(0,0 3897x111) true QPointF(321,75)
[    62.80 ] D: mouseReleaseEvent
[    63.18 ] D: _requestForLoading false false
[    63.18 ] D: _requestForLoading2
[    63.18 ] D: _numberOfSampleBuffer 1
[    63.18 ] D: START TO load 0
[    63.18 ] D: sltPositionChanged 793800 true
[    63.18 ] D: START TO load 1
[    63.18 ] D: START TO load 2
[    63.18 ] D: START TO load 3
[    63.18 ] D: frame_offset 0 0 10
[    63.19 ] D: frame_offset 0 1 10
[    63.19 ] D: frame_offset 0 2 10
[    63.19 ] D: frame_offset 0 3 10
[    63.19 ] D: frame_offset 0 4 10
[    63.20 ] D: sltFirstBufferFilled ("{e238068c-be13-4ac6-ae70-84f5714b536d}") "{e238068c-be13-4ac6-ae70-84f5714b536d}" true
[    63.20 ] D: _requestForLoading true false
[    63.22 ] W: QObject::startTimer: Timers cannot be started from another thread
[    64.70 ] D: AsyncFileReader 0 5
[    65.09 ] D: CHANGED 10 false
[    65.37 ] D: CHANGED 11 false
[    66.24 ] D: CHANGED 15 true
[    66.52 ] D: CHANGED 16 true
[    67.54 ] D: findTrackIndexByPoint 0 QRect(0,0 3897x111) true QPointF(305,46)
[    67.60 ] D: mouseReleaseEvent
[    67.82 ] D: _requestForLoading false false
[    67.82 ] D: _requestForLoading2
[    67.82 ] D: _numberOfSampleBuffer 1
[    67.82 ] D: START TO load 0
[    67.82 ] D: sltPositionChanged 749700 true
[    67.82 ] D: START TO load 1
[    67.82 ] D: START TO load 2
[    67.82 ] D: START TO load 3
[    67.82 ] D: frame_offset 0 0 10
[    67.82 ] D: frame_offset 0 1 10
[    67.83 ] D: frame_offset 0 2 10
[    67.83 ] D: frame_offset 0 3 10
[    67.83 ] D: frame_offset 0 4 10
[    67.84 ] D: sltFirstBufferFilled ("{e238068c-be13-4ac6-ae70-84f5714b536d}") "{e238068c-be13-4ac6-ae70-84f5714b536d}" true
[    67.84 ] D: _requestForLoading true false
[    70.33 ] D: AsyncFileReader 0 5
[    71.82 ] D: AsyncFileReader 1 6
[    73.30 ] D: AsyncFileReader 2 7
[    73.86 ] D: CHANGED 16 false
[    74.12 ] D: CHANGED 15 false
[    74.80 ] D: CHANGED 18 true
[    75.15 ] D: CHANGED 19 true
[    76.49 ] D: findTrackIndexByPoint 0 QRect(0,0 3897x111) true QPointF(307,75)
[    76.56 ] D: mouseReleaseEvent
[    76.67 ] D: _requestForLoading false false
[    76.67 ] D: _requestForLoading2
[    76.67 ] D: _numberOfSampleBuffer 1
[    76.67 ] D: START TO load 0
[    76.67 ] D: sltPositionChanged 749700 true
[    76.67 ] D: START TO load 1
[    76.67 ] D: START TO load 2
[    76.67 ] D: START TO load 3
[    76.67 ] D: frame_offset 0 0 10
[    76.67 ] D: frame_offset 0 1 10
[    76.68 ] D: frame_offset 0 2 10
[    76.68 ] D: frame_offset 0 3 10
[    76.68 ] D: frame_offset 0 4 10
[    76.68 ] D: sltFirstBufferFilled ("{e238068c-be13-4ac6-ae70-84f5714b536d}") "{e238068c-be13-4ac6-ae70-84f5714b536d}" true
[    76.68 ] D: _requestForLoading true false
[    79.18 ] D: AsyncFileReader 0 5
[    80.67 ] D: AsyncFileReader 1 6
[    82.50 ] D: CHANGED 18 false
[    82.74 ] D: CHANGED 19 false
[    83.50 ] D: CHANGED 5 true
[    83.76 ] D: CHANGED 6 true
[    84.49 ] D: _requestForLoading false false
[    84.49 ] D: _requestForLoading2
[    84.49 ] D: _numberOfSampleBuffer 1
[    84.49 ] D: START TO load 0
[    84.49 ] D: sltPositionChanged 749700 true
[    84.49 ] D: START TO load 1
[    84.49 ] D: START TO load 2
[    84.49 ] D: START TO load 3
[    84.49 ] D: frame_offset 0 0 10
[    84.50 ] D: frame_offset 0 1 10
[    84.50 ] D: frame_offset 0 2 10
[    84.50 ] D: frame_offset 0 3 10
[    84.50 ] D: frame_offset 0 4 10
[    84.51 ] D: sltFirstBufferFilled ("{e238068c-be13-4ac6-ae70-84f5714b536d}") "{e238068c-be13-4ac6-ae70-84f5714b536d}" true
[    84.51 ] D: _requestForLoading true false
[  2548.46 ] D: LambdaFunctionPointerVoidReturnType class `public: __cdecl DGE::QtWrapper::QMLScene::QNode3D::QNode3D(class DGE::QtWrapper::QMLScene::QINode3D * __ptr64) __ptr64'::`2'::<lambda_1> Is Destroyed
[  2548.46 ] D: LambdaFunctionPointerVoidReturnType class `public: __cdecl DGE::QtWrapper::QMLScene::QNode3D::QNode3D(class DGE::QtWrapper::QMLScene::QINode3D * __ptr64) __ptr64'::`2'::<lambda_1> Is Destroyed
[  2548.46 ] D: LambdaFunctionPointerVoidReturnType class `protected: void __cdecl DGE::QtWrapper::QMLScene::QPerspectiveCameraController::commonInitConstructor(void) __ptr64'::`2'::<lambda_1> Is Destroyed
[  2548.46 ] D: LambdaFunctionPointerVoidReturnType class `protected: void __cdecl DGE::QtWrapper::QMLScene::QPerspectiveCameraController::commonInitConstructor(void) __ptr64'::`2'::<lambda_1> Is Destroyed
[  2548.46 ] D: LambdaFunctionPointerVoidReturnType class `private: void __cdecl DGE::QtWrapper::QMLScene::QThirdPersonController::commonInitConstructor(void) __ptr64'::`2'::<lambda_1> Is Destroyed
[  2548.46 ] D: MemberFunctionPointer void (__cdecl DGE::QtWrapper::QMLScene::QComponent3D::*)(void) __ptr64 Is Destroyed
[  2548.46 ] D: MemberFunctionPointer void (__cdecl DGE::QtWrapper::QMLScene::QThirdPersonController::*)(class std::shared_ptr<class DGE::Scene::Component>) __ptr64 Is Destroyed
[  2548.46 ] D: LambdaFunctionPointerVoidReturnType class `public: __cdecl DGE::QtWrapper::QMLScene::QCameraComponent::QCameraComponent(class DGE::QtWrapper::QMLScene::QNode3D * __ptr64,bool) __ptr64'::`2'::<lambda_1> Is Destroyed
[  2548.46 ] D: MemberFunctionPointer void (__cdecl DGE::QtWrapper::QMLScene::QComponent3D::*)(void) __ptr64 Is Destroyed
[  2548.46 ] D: LambdaFunctionPointerVoidReturnType class `private: void __cdecl DGE::QtWrapper::QMLScene::QPerspectiveLens::commonInitConstructor(void) __ptr64'::`2'::<lambda_1> Is Destroyed
[  2548.46 ] D: LambdaFunctionPointerVoidReturnType class `protected: void __cdecl DGE::QtWrapper::QMLScene::QPerspectiveCameraController::commonInitConstructor(void) __ptr64'::`2'::<lambda_1> Is Destroyed
[  2548.46 ] D: LambdaFunctionPointerVoidReturnType class `private: void __cdecl DGE::QtWrapper::QMLScene::QThirdPersonController::commonInitConstructor(void) __ptr64'::`2'::<lambda_1> Is Destroyed
[  2548.46 ] D: LambdaFunctionPointerVoidReturnType class `protected: void __cdecl DGE::QtWrapper::QMLScene::QPerspectiveCameraController::commonInitConstructor(void) __ptr64'::`2'::<lambda_1> Is Destroyed
[  2548.46 ] D: MemberFunctionPointer void (__cdecl DGE::QtWrapper::QMLScene::QComponent3D::*)(void) __ptr64 Is Destroyed
[  2548.46 ] D: MemberFunctionPointer void (__cdecl DGE::QtWrapper::QMLScene::QThirdPersonController::*)(class std::shared_ptr<class DGE::Scene::Component>) __ptr64 Is Destroyed
[  2548.46 ] D: LambdaFunctionPointerVoidReturnType class `public: __cdecl DGE::QtWrapper::QMLScene::QCameraComponent::QCameraComponent(class DGE::QtWrapper::QMLScene::QNode3D * __ptr64,bool) __ptr64'::`2'::<lambda_1> Is Destroyed
[  2548.46 ] D: MemberFunctionPointer void (__cdecl DGE::QtWrapper::QMLScene::QComponent3D::*)(void) __ptr64 Is Destroyed
[  2548.46 ] D: LambdaFunctionPointerVoidReturnType class `private: void __cdecl DGE::QtWrapper::QMLScene::QOrthoLens::commonInitConstructor(void) __ptr64'::`2'::<lambda_1> Is Destroyed
[  2548.46 ] D: LambdaFunctionPointerVoidReturnType class `protected: void __cdecl DGE::QtWrapper::QMLScene::QPerspectiveCameraController::commonInitConstructor(void) __ptr64'::`2'::<lambda_1> Is Destroyed
[  2548.46 ] D: LambdaFunctionPointerVoidReturnType class `private: void __cdecl DGE::QtWrapper::QMLScene::QThirdPersonController::commonInitConstructor(void) __ptr64'::`2'::<lambda_1> Is Destroyed
[  2548.46 ] D: LambdaFunctionPointerVoidReturnType class `protected: void __cdecl DGE::QtWrapper::QMLScene::QPerspectiveCameraController::commonInitConstructor(void) __ptr64'::`2'::<lambda_1> Is Destroyed
[  2548.46 ] D: MemberFunctionPointer void (__cdecl DGE::QtWrapper::QMLScene::QComponent3D::*)(void) __ptr64 Is Destroyed
[  2548.46 ] D: MemberFunctionPointer void (__cdecl DGE::QtWrapper::QMLScene::QThirdPersonController::*)(class std::shared_ptr<class DGE::Scene::Component>) __ptr64 Is Destroyed
[  2548.46 ] D: LambdaFunctionPointerVoidReturnType class `public: __cdecl DGE::QtWrapper::QMLScene::QCameraComponent::QCameraComponent(class DGE::QtWrapper::QMLScene::QNode3D * __ptr64,bool) __ptr64'::`2'::<lambda_1> Is Destroyed
[  2548.47 ] D: MemberFunctionPointer void (__cdecl DGE::QtWrapper::QMLScene::QComponent3D::*)(void) __ptr64 Is Destroyed
[  2548.47 ] D: LambdaFunctionPointerVoidReturnType class `private: void __cdecl DGE::QtWrapper::QMLScene::QOrthoLens::commonInitConstructor(void) __ptr64'::`2'::<lambda_1> Is Destroyed
[  2548.47 ] D: LambdaFunctionPointerVoidReturnType class `public: __cdecl DGE::QtWrapper::QMLScene::QCameraComponent::QCameraComponent(class DGE::QtWrapper::QMLScene::QNode3D * __ptr64,bool) __ptr64'::`2'::<lambda_1> Is Destroyed
[  2548.47 ] D: MemberFunctionPointer void (__cdecl DGE::QtWrapper::QMLScene::QComponent3D::*)(void) __ptr64 Is Destroyed
[  2548.47 ] D: LambdaFunctionPointerVoidReturnType class `private: void __cdecl DGE::QtWrapper::QMLScene::QPerspectiveLens::commonInitConstructor(void) __ptr64'::`2'::<lambda_1> Is Destroyed
[  2548.47 ] D: LambdaFunctionPointerVoidReturnType class `protected: void __cdecl DGE::QtWrapper::QMLScene::QPerspectiveCameraController::commonInitConstructor(void) __ptr64'::`2'::<lambda_1> Is Destroyed
[  2548.47 ] D: LambdaFunctionPointerVoidReturnType class `protected: void __cdecl DGE::QtWrapper::QMLScene::QPerspectiveCameraController::commonInitConstructor(void) __ptr64'::`2'::<lambda_1> Is Destroyed
[  2548.47 ] D: LambdaFunctionPointerVoidReturnType class `private: void __cdecl DGE::QtWrapper::QMLScene::QThirdPersonController::commonInitConstructor(void) __ptr64'::`2'::<lambda_1> Is Destroyed
[  2548.47 ] D: MemberFunctionPointer void (__cdecl DGE::QtWrapper::QMLScene::QComponent3D::*)(void) __ptr64 Is Destroyed
[  2548.47 ] D: MemberFunctionPointer void (__cdecl DGE::QtWrapper::QMLScene::QThirdPersonController::*)(class std::shared_ptr<class DGE::Scene::Component>) __ptr64 Is Destroyed
[  2548.47 ] D: LambdaFunctionPointerVoidReturnType class `public: __cdecl DGE::QtWrapper::QMLScene::QCameraComponent::QCameraComponent(class DGE::QtWrapper::QMLScene::QNode3D * __ptr64,bool) __ptr64'::`2'::<lambda_1> Is Destroyed
[  2548.47 ] D: MemberFunctionPointer void (__cdecl DGE::QtWrapper::QMLScene::QComponent3D::*)(void) __ptr64 Is Destroyed
[  2548.47 ] D: LambdaFunctionPointerVoidReturnType class `private: void __cdecl DGE::QtWrapper::QMLScene::QPerspectiveLens::commonInitConstructor(void) __ptr64'::`2'::<lambda_1> Is Destroyed
[  2548.47 ] D: LambdaFunctionPointerVoidReturnType class `protected: void __cdecl DGE::QtWrapper::QMLScene::QPerspectiveCameraController::commonInitConstructor(void) __ptr64'::`2'::<lambda_1> Is Destroyed
[  2548.47 ] D: LambdaFunctionPointerVoidReturnType class `protected: void __cdecl DGE::QtWrapper::QMLScene::QPerspectiveCameraController::commonInitConstructor(void) __ptr64'::`2'::<lambda_1> Is Destroyed
[  2548.47 ] D: LambdaFunctionPointerVoidReturnType class `private: void __cdecl DGE::QtWrapper::QMLScene::QThirdPersonController::commonInitConstructor(void) __ptr64'::`2'::<lambda_1> Is Destroyed
[  2548.47 ] D: MemberFunctionPointer void (__cdecl DGE::QtWrapper::QMLScene::QComponent3D::*)(void) __ptr64 Is Destroyed
[  2548.47 ] D: MemberFunctionPointer void (__cdecl DGE::QtWrapper::QMLScene::QThirdPersonController::*)(class std::shared_ptr<class DGE::Scene::Component>) __ptr64 Is Destroyed
[  2548.47 ] D: LambdaFunctionPointerVoidReturnType class `public: __cdecl DGE::QtWrapper::QMLScene::QCameraComponent::QCameraComponent(class DGE::QtWrapper::QMLScene::QNode3D * __ptr64,bool) __ptr64'::`2'::<lambda_1> Is Destroyed
[  2548.47 ] D: MemberFunctionPointer void (__cdecl DGE::QtWrapper::QMLScene::QComponent3D::*)(void) __ptr64 Is Destroyed
[  2548.47 ] D: LambdaFunctionPointerVoidReturnType class `private: void __cdecl DGE::QtWrapper::QMLScene::QOrthoLens::commonInitConstructor(void) __ptr64'::`2'::<lambda_1> Is Destroyed
[  2548.47 ] D: LambdaFunctionPointerVoidReturnType class `protected: void __cdecl DGE::QtWrapper::QMLScene::QPerspectiveCameraController::commonInitConstructor(void) __ptr64'::`2'::<lambda_1> Is Destroyed
[  2548.47 ] D: LambdaFunctionPointerVoidReturnType class `protected: void __cdecl DGE::QtWrapper::QMLScene::QPerspectiveCameraController::commonInitConstructor(void) __ptr64'::`2'::<lambda_1> Is Destroyed
[  2548.47 ] D: LambdaFunctionPointerVoidReturnType class `private: void __cdecl DGE::QtWrapper::QMLScene::QThirdPersonController::commonInitConstructor(void) __ptr64'::`2'::<lambda_1> Is Destroyed
[  2548.47 ] D: MemberFunctionPointer void (__cdecl DGE::QtWrapper::QMLScene::QComponent3D::*)(void) __ptr64 Is Destroyed
[  2548.47 ] D: MemberFunctionPointer void (__cdecl DGE::QtWrapper::QMLScene::QThirdPersonController::*)(class std::shared_ptr<class DGE::Scene::Component>) __ptr64 Is Destroyed
[  2548.47 ] D: LambdaFunctionPointerVoidReturnType class `public: __cdecl DGE::QtWrapper::QMLScene::QCameraComponent::QCameraComponent(class DGE::QtWrapper::QMLScene::QNode3D * __ptr64,bool) __ptr64'::`2'::<lambda_1> Is Destroyed
[  2548.47 ] D: MemberFunctionPointer void (__cdecl DGE::QtWrapper::QMLScene::QComponent3D::*)(void) __ptr64 Is Destroyed
[  2548.47 ] D: LambdaFunctionPointerVoidReturnType class `private: void __cdecl DGE::QtWrapper::QMLScene::QOrthoLens::commonInitConstructor(void) __ptr64'::`2'::<lambda_1> Is Destroyed
[  2548.48 ] D: LambdaFunctionPointerVoidReturnType class `public: __cdecl DGE::QtWrapper::QMLScene::QCameraComponent::QCameraComponent(class DGE::QtWrapper::QMLScene::QNode3D * __ptr64,bool) __ptr64'::`2'::<lambda_1> Is Destroyed
[  2548.48 ] D: MemberFunctionPointer void (__cdecl DGE::QtWrapper::QMLScene::QComponent3D::*)(void) __ptr64 Is Destroyed
[  2548.48 ] D: LambdaFunctionPointerVoidReturnType class `private: void __cdecl DGE::QtWrapper::QMLScene::QPerspectiveLens::commonInitConstructor(void) __ptr64'::`2'::<lambda_1> Is Destroyed
[  2548.48 ] D: LambdaFunctionPointerVoidReturnType class `private: void __cdecl DGE::QtWrapper::QMLScene::QThirdPersonController::commonInitConstructor(void) __ptr64'::`2'::<lambda_1> Is Destroyed
[  2548.48 ] D: LambdaFunctionPointerVoidReturnType class `protected: void __cdecl DGE::QtWrapper::QMLScene::QPerspectiveCameraController::commonInitConstructor(void) __ptr64'::`2'::<lambda_1> Is Destroyed
[  2548.48 ] D: LambdaFunctionPointerVoidReturnType class `protected: void __cdecl DGE::QtWrapper::QMLScene::QPerspectiveCameraController::commonInitConstructor(void) __ptr64'::`2'::<lambda_1> Is Destroyed
[  2548.48 ] D: MemberFunctionPointer void (__cdecl DGE::QtWrapper::QMLScene::QComponent3D::*)(void) __ptr64 Is Destroyed
[  2548.48 ] D: MemberFunctionPointer void (__cdecl DGE::QtWrapper::QMLScene::QThirdPersonController::*)(class std::shared_ptr<class DGE::Scene::Component>) __ptr64 Is Destroyed
[  2548.48 ] D: LambdaFunctionPointerVoidReturnType class `public: __cdecl DGE::QtWrapper::QMLScene::QCameraComponent::QCameraComponent(class DGE::QtWrapper::QMLScene::QNode3D * __ptr64,bool) __ptr64'::`2'::<lambda_1> Is Destroyed
[  2548.48 ] D: MemberFunctionPointer void (__cdecl DGE::QtWrapper::QMLScene::QComponent3D::*)(void) __ptr64 Is Destroyed
[  2548.48 ] D: LambdaFunctionPointerVoidReturnType class `private: void __cdecl DGE::QtWrapper::QMLScene::QPerspectiveLens::commonInitConstructor(void) __ptr64'::`2'::<lambda_1> Is Destroyed
[  2548.48 ] D: LambdaFunctionPointerVoidReturnType class `protected: void __cdecl DGE::QtWrapper::QMLScene::QPerspectiveCameraController::commonInitConstructor(void) __ptr64'::`2'::<lambda_1> Is Destroyed
[  2548.48 ] D: LambdaFunctionPointerVoidReturnType class `private: void __cdecl DGE::QtWrapper::QMLScene::QThirdPersonController::commonInitConstructor(void) __ptr64'::`2'::<lambda_1> Is Destroyed
[  2548.48 ] D: LambdaFunctionPointerVoidReturnType class `protected: void __cdecl DGE::QtWrapper::QMLScene::QPerspectiveCameraController::commonInitConstructor(void) __ptr64'::`2'::<lambda_1> Is Destroyed
[  2548.48 ] D: MemberFunctionPointer void (__cdecl DGE::QtWrapper::QMLScene::QComponent3D::*)(void) __ptr64 Is Destroyed
[  2548.48 ] D: MemberFunctionPointer void (__cdecl DGE::QtWrapper::QMLScene::QThirdPersonController::*)(class std::shared_ptr<class DGE::Scene::Component>) __ptr64 Is Destroyed
[  2548.48 ] D: LambdaFunctionPointerVoidReturnType class `public: __cdecl DGE::QtWrapper::QMLScene::QCameraComponent::QCameraComponent(class DGE::QtWrapper::QMLScene::QNode3D * __ptr64,bool) __ptr64'::`2'::<lambda_1> Is Destroyed
[  2548.48 ] D: MemberFunctionPointer void (__cdecl DGE::QtWrapper::QMLScene::QComponent3D::*)(void) __ptr64 Is Destroyed
[  2548.48 ] D: LambdaFunctionPointerVoidReturnType class `private: void __cdecl DGE::QtWrapper::QMLScene::QOrthoLens::commonInitConstructor(void) __ptr64'::`2'::<lambda_1> Is Destroyed
[  2548.48 ] D: LambdaFunctionPointerVoidReturnType class `protected: void __cdecl DGE::QtWrapper::QMLScene::QPerspectiveCameraController::commonInitConstructor(void) __ptr64'::`2'::<lambda_1> Is Destroyed
[  2548.48 ] D: LambdaFunctionPointerVoidReturnType class `protected: void __cdecl DGE::QtWrapper::QMLScene::QPerspectiveCameraController::commonInitConstructor(void) __ptr64'::`2'::<lambda_1> Is Destroyed
[  2548.48 ] D: LambdaFunctionPointerVoidReturnType class `private: void __cdecl DGE::QtWrapper::QMLScene::QThirdPersonController::commonInitConstructor(void) __ptr64'::`2'::<lambda_1> Is Destroyed
[  2548.48 ] D: MemberFunctionPointer void (__cdecl DGE::QtWrapper::QMLScene::QComponent3D::*)(void) __ptr64 Is Destroyed
[  2548.48 ] D: MemberFunctionPointer void (__cdecl DGE::QtWrapper::QMLScene::QThirdPersonController::*)(class std::shared_ptr<class DGE::Scene::Component>) __ptr64 Is Destroyed
[  2548.48 ] D: LambdaFunctionPointerVoidReturnType class `public: __cdecl DGE::QtWrapper::QMLScene::QCameraComponent::QCameraComponent(class DGE::QtWrapper::QMLScene::QNode3D * __ptr64,bool) __ptr64'::`2'::<lambda_1> Is Destroyed
[  2548.48 ] D: MemberFunctionPointer void (__cdecl DGE::QtWrapper::QMLScene::QComponent3D::*)(void) __ptr64 Is Destroyed
[  2548.48 ] D: LambdaFunctionPointerVoidReturnType class `private: void __cdecl DGE::QtWrapper::QMLScene::QOrthoLens::commonInitConstructor(void) __ptr64'::`2'::<lambda_1> Is Destroyed
[  2548.48 ] D: LambdaFunctionPointerVoidReturnType class `public: __cdecl DGE::QtWrapper::QMLScene::QCameraComponent::QCameraComponent(class DGE::QtWrapper::QMLScene::QNode3D * __ptr64,bool) __ptr64'::`2'::<lambda_1> Is Destroyed
[  2548.48 ] D: MemberFunctionPointer void (__cdecl DGE::QtWrapper::QMLScene::QComponent3D::*)(void) __ptr64 Is Destroyed
[  2548.48 ] D: LambdaFunctionPointerVoidReturnType class `private: void __cdecl DGE::QtWrapper::QMLScene::QPerspectiveLens::commonInitConstructor(void) __ptr64'::`2'::<lambda_1> Is Destroyed
[  2548.55 ] D: -----Released Scene Module-----
[  2548.55 ] D: -----Released GFX Module-----
[  2548.55 ] I: Log: Log file closed, 1403/4/14 11:33:10
