[     6.53 ] I: Log: Log file open in follow path at 1403/5/28 21:24:11 : C:\Users\AmirPasha\Desktop\Rpos\DAW-3\build2019\debug\Logs\Launch.log
[     6.53 ] I: The subsystem "class DGE::Core::IO::LogSystem::Logger" is registered successfully.
[     6.53 ] I: The subsystem "class DGE::Core::Windows::QtWindow" is registered successfully.
[     6.53 ] D: API version is: 4.60 ,shader version is: 4.60
[     6.53 ] I: The subsystem "class DGE::GFX::GCore::QtWrapper::QtRenderer" is registered successfully.
[     6.53 ] I: Current Render API is: 4.60
[     6.53 ] I: The subsystem "Renderer" is registered successfully.
[     6.53 ] I: The subsystem "class DGE::Core::Platforms::QtPlatform" is registered successfully.
[     6.53 ] I: The subsystem "Platform" is registered successfully.
[     6.53 ] I: The subsystem "class DGE::Core::IO::FileSystem::FileManager" is registered successfully.
[     6.53 ] I: The subsystem "class DGE::Core::CoreModule" is registered successfully.
[     6.53 ] I: The subsystem "class DGE::Core::Profiling::Profiler" is registered successfully.
[     6.53 ] I: The subsystem "class DGE::GFX::DrawablesManager" is registered successfully.
[     6.54 ] I: #version 460 core
#define GLES_Ver 460

[     6.54 ] I: The subsystem "class DGE::GFX::GraphicsManager" is registered successfully.
[     6.54 ] I: The subsystem "class DGE::GFX::GFXModule" is registered successfully.
[     6.63 ] D: Shader Compile successfully.
[     6.63 ] I: The subsystem "class DGE::Scene::ViewportManager" is registered successfully.
[     6.63 ] I: The subsystem "class DGE::Scene::SceneModule" is registered successfully.
[     6.64 ] I: The subsystem "class DGE::Managers::RenderManager" is registered successfully.
[     6.64 ] D: Engine Enabled
[     6.64 ] I: The subsystem "class DGE::Engine" is registered successfully.
[     6.64 ] D: Node with id 1 is added to Qt layer
[     6.64 ] D: Node with id 2460 is added to Qt layer
[     6.64 ] D: Node with id 2462 is added to Qt layer
[     6.64 ] D: Node with id 2464 is added to Qt layer
[     6.64 ] D: Node with id 2466 is added to Qt layer
[     6.64 ] D: Node with id 2468 is added to Qt layer
[     6.64 ] D: Node with id 2470 is added to Qt layer
[     6.64 ] D: Node with id 2472 is added to Qt layer
[     6.64 ] D: Node with id 2474 is added to Qt layer
[     6.64 ] D: Node with id 2476 is added to Qt layer
[     6.64 ] D: Node with id 2478 is added to Qt layer
[     6.64 ] D: Node with id 2480 is added to Qt layer
[     6.64 ] D: Node with id 2482 is added to Qt layer
[     6.64 ] D: Node with id 2484 is added to Qt layer
[     6.64 ] D: Node with id 2486 is added to Qt layer
[     6.64 ] D: Node with id 2487 is added to Qt layer
[     6.64 ] D: Node with id 2489 is added to Qt layer
[     6.64 ] D: Node with id 2491 is added to Qt layer
[     6.64 ] D: Node with id 3 is added to Qt layer
[     6.64 ] D: Node with id 2493 is added to Qt layer
[     6.64 ] S: New view-port registered with id: 1
[     6.64 ] S: New view-port registered with id: 2
[     6.64 ] S: New view-port registered with id: 3
[     6.64 ] S: New view-port registered with id: 4
[     6.64 ] S: New view-port registered with id: 5
[     6.64 ] S: New view-port registered with id: 6
[     6.76 ] D: Creating suitable QNanoBackend for OpenGL 4.6 context
[     6.76 ] D: Using backend: "OpenGL 3"
[     6.81 ] W: Floating point comparison needs context sanity check
[     6.81 ] D: QT onScaleChanged=  144
[     6.87 ] W: ShaderEffectSource: 'recursive' must be set to true when rendering recursively.
[     6.87 ] W: ShaderEffectSource: 'recursive' must be set to true when rendering recursively.
[     6.88 ] W: ShaderEffectSource: 'recursive' must be set to true when rendering recursively.
[     6.88 ] W: ShaderEffectSource: 'recursive' must be set to true when rendering recursively.
[     7.11 ] D: Engine Started.
[    15.18 ] D: findTrackIndexByPoint 0 QRect(0,0 1707x111) true QPointF(49,83)
[    19.74 ] W: qrc:/TrackPanels/Audio/Automation/AutomationDropMenu.qml:239: ReferenceError: scaleSize2 is not defined
[    19.74 ] W: qrc:/TrackPanels/Audio/Automation/AutomationDropMenu.qml:237: ReferenceError: scaleSize2 is not defined
[    19.74 ] W: qrc:/TrackPanels/Audio/Automation/AutomationDropMenu.qml:218: ReferenceError: scaleSize2 is not defined
[    19.74 ] W: qrc:/TrackPanels/Audio/Automation/AutomationDropMenu.qml:199: ReferenceError: scaleSize2 is not defined
[    19.74 ] W: qrc:/TrackPanels/Audio/Automation/AutomationDropMenu.qml:198: ReferenceError: scaleSize2 is not defined
[    19.74 ] W: qrc:/TrackPanels/Audio/Automation/AutomationDropMenu.qml:208: ReferenceError: scaleSize2 is not defined
[    19.74 ] W: qrc:/TrackPanels/Audio/Automation/AutomationDropMenu.qml:204: ReferenceError: scaleSize2 is not defined
[    19.74 ] W: qrc:/TrackPanels/Audio/Automation/AutomationDropMenu.qml:195: ReferenceError: scaleSize2 is not defined
[    19.74 ] W: qrc:/TrackPanels/Audio/Automation/AutomationDropMenu.qml:218: ReferenceError: scaleSize2 is not defined
[    19.74 ] W: qrc:/TrackPanels/Audio/Automation/AutomationDropMenu.qml:199: ReferenceError: scaleSize2 is not defined
[    19.74 ] W: qrc:/TrackPanels/Audio/Automation/AutomationDropMenu.qml:198: ReferenceError: scaleSize2 is not defined
[    19.74 ] W: qrc:/TrackPanels/Audio/Automation/AutomationDropMenu.qml:208: ReferenceError: scaleSize2 is not defined
[    19.74 ] W: qrc:/TrackPanels/Audio/Automation/AutomationDropMenu.qml:204: ReferenceError: scaleSize2 is not defined
[    19.74 ] W: qrc:/TrackPanels/Audio/Automation/AutomationDropMenu.qml:195: ReferenceError: scaleSize2 is not defined
[    19.75 ] W: qrc:/TrackPanels/Audio/Automation/AutomationDropMenu.qml:218: ReferenceError: scaleSize2 is not defined
[    19.75 ] W: qrc:/TrackPanels/Audio/Automation/AutomationDropMenu.qml:199: ReferenceError: scaleSize2 is not defined
[    19.75 ] W: qrc:/TrackPanels/Audio/Automation/AutomationDropMenu.qml:198: ReferenceError: scaleSize2 is not defined
[    19.75 ] W: qrc:/TrackPanels/Audio/Automation/AutomationDropMenu.qml:208: ReferenceError: scaleSize2 is not defined
[    19.75 ] W: qrc:/TrackPanels/Audio/Automation/AutomationDropMenu.qml:204: ReferenceError: scaleSize2 is not defined
[    19.75 ] W: qrc:/TrackPanels/Audio/Automation/AutomationDropMenu.qml:195: ReferenceError: scaleSize2 is not defined
[    19.75 ] W: qrc:/TrackPanels/Audio/Automation/AutomationDropMenu.qml:218: ReferenceError: scaleSize2 is not defined
[    19.75 ] W: qrc:/TrackPanels/Audio/Automation/AutomationDropMenu.qml:199: ReferenceError: scaleSize2 is not defined
[    19.75 ] W: qrc:/TrackPanels/Audio/Automation/AutomationDropMenu.qml:198: ReferenceError: scaleSize2 is not defined
[    19.75 ] W: qrc:/TrackPanels/Audio/Automation/AutomationDropMenu.qml:208: ReferenceError: scaleSize2 is not defined
[    19.75 ] W: qrc:/TrackPanels/Audio/Automation/AutomationDropMenu.qml:204: ReferenceError: scaleSize2 is not defined
[    19.75 ] W: qrc:/TrackPanels/Audio/Automation/AutomationDropMenu.qml:195: ReferenceError: scaleSize2 is not defined
[    19.75 ] W: qrc:/TrackPanels/Audio/Automation/AutomationDropMenu.qml:218: ReferenceError: scaleSize2 is not defined
[    19.75 ] W: qrc:/TrackPanels/Audio/Automation/AutomationDropMenu.qml:199: ReferenceError: scaleSize2 is not defined
[    19.75 ] W: qrc:/TrackPanels/Audio/Automation/AutomationDropMenu.qml:198: ReferenceError: scaleSize2 is not defined
[    19.75 ] W: qrc:/TrackPanels/Audio/Automation/AutomationDropMenu.qml:208: ReferenceError: scaleSize2 is not defined
[    19.75 ] W: qrc:/TrackPanels/Audio/Automation/AutomationDropMenu.qml:204: ReferenceError: scaleSize2 is not defined
[    19.75 ] W: qrc:/TrackPanels/Audio/Automation/AutomationDropMenu.qml:195: ReferenceError: scaleSize2 is not defined
[    19.76 ] W: qrc:/TrackPanels/Audio/Automation/AutomationDropMenu.qml:218: ReferenceError: scaleSize2 is not defined
[    19.76 ] W: qrc:/TrackPanels/Audio/Automation/AutomationDropMenu.qml:199: ReferenceError: scaleSize2 is not defined
[    19.76 ] W: qrc:/TrackPanels/Audio/Automation/AutomationDropMenu.qml:198: ReferenceError: scaleSize2 is not defined
[    19.76 ] W: qrc:/TrackPanels/Audio/Automation/AutomationDropMenu.qml:208: ReferenceError: scaleSize2 is not defined
[    19.76 ] W: qrc:/TrackPanels/Audio/Automation/AutomationDropMenu.qml:204: ReferenceError: scaleSize2 is not defined
[    19.76 ] W: qrc:/TrackPanels/Audio/Automation/AutomationDropMenu.qml:195: ReferenceError: scaleSize2 is not defined
[    19.76 ] W: qrc:/TrackPanels/Audio/Automation/AutomationDropMenu.qml:218: ReferenceError: scaleSize2 is not defined
[    19.76 ] W: qrc:/TrackPanels/Audio/Automation/AutomationDropMenu.qml:199: ReferenceError: scaleSize2 is not defined
[    19.76 ] W: qrc:/TrackPanels/Audio/Automation/AutomationDropMenu.qml:198: ReferenceError: scaleSize2 is not defined
[    19.76 ] W: qrc:/TrackPanels/Audio/Automation/AutomationDropMenu.qml:208: ReferenceError: scaleSize2 is not defined
[    19.76 ] W: qrc:/TrackPanels/Audio/Automation/AutomationDropMenu.qml:204: ReferenceError: scaleSize2 is not defined
[    19.76 ] W: qrc:/TrackPanels/Audio/Automation/AutomationDropMenu.qml:195: ReferenceError: scaleSize2 is not defined
[    19.76 ] W: qrc:/TrackPanels/Audio/Automation/AutomationDropMenu.qml:218: ReferenceError: scaleSize2 is not defined
[    19.76 ] W: qrc:/TrackPanels/Audio/Automation/AutomationDropMenu.qml:199: ReferenceError: scaleSize2 is not defined
[    19.76 ] W: qrc:/TrackPanels/Audio/Automation/AutomationDropMenu.qml:198: ReferenceError: scaleSize2 is not defined
[    19.76 ] W: qrc:/TrackPanels/Audio/Automation/AutomationDropMenu.qml:208: ReferenceError: scaleSize2 is not defined
[    19.76 ] W: qrc:/TrackPanels/Audio/Automation/AutomationDropMenu.qml:204: ReferenceError: scaleSize2 is not defined
[    19.76 ] W: qrc:/TrackPanels/Audio/Automation/AutomationDropMenu.qml:195: ReferenceError: scaleSize2 is not defined
[    19.76 ] W: qrc:/TrackPanels/Audio/Automation/AutomationDropMenu.qml:218: ReferenceError: scaleSize2 is not defined
[    19.76 ] W: qrc:/TrackPanels/Audio/Automation/AutomationDropMenu.qml:199: ReferenceError: scaleSize2 is not defined
[    19.76 ] W: qrc:/TrackPanels/Audio/Automation/AutomationDropMenu.qml:198: ReferenceError: scaleSize2 is not defined
[    19.76 ] W: qrc:/TrackPanels/Audio/Automation/AutomationDropMenu.qml:208: ReferenceError: scaleSize2 is not defined
[    19.76 ] W: qrc:/TrackPanels/Audio/Automation/AutomationDropMenu.qml:204: ReferenceError: scaleSize2 is not defined
[    19.76 ] W: qrc:/TrackPanels/Audio/Automation/AutomationDropMenu.qml:195: ReferenceError: scaleSize2 is not defined
[    19.77 ] W: qrc:/TrackPanels/Audio/Automation/AutomationDropMenu.qml:218: ReferenceError: scaleSize2 is not defined
[    19.77 ] W: qrc:/TrackPanels/Audio/Automation/AutomationDropMenu.qml:199: ReferenceError: scaleSize2 is not defined
[    19.77 ] W: qrc:/TrackPanels/Audio/Automation/AutomationDropMenu.qml:198: ReferenceError: scaleSize2 is not defined
[    19.77 ] W: qrc:/TrackPanels/Audio/Automation/AutomationDropMenu.qml:208: ReferenceError: scaleSize2 is not defined
[    19.77 ] W: qrc:/TrackPanels/Audio/Automation/AutomationDropMenu.qml:204: ReferenceError: scaleSize2 is not defined
[    19.77 ] W: qrc:/TrackPanels/Audio/Automation/AutomationDropMenu.qml:195: ReferenceError: scaleSize2 is not defined
[    19.77 ] W: qrc:/TrackPanels/Audio/Automation/AutomationDropMenu.qml:218: ReferenceError: scaleSize2 is not defined
[    19.77 ] W: qrc:/TrackPanels/Audio/Automation/AutomationDropMenu.qml:199: ReferenceError: scaleSize2 is not defined
[    19.77 ] W: qrc:/TrackPanels/Audio/Automation/AutomationDropMenu.qml:198: ReferenceError: scaleSize2 is not defined
[    19.77 ] W: qrc:/TrackPanels/Audio/Automation/AutomationDropMenu.qml:208: ReferenceError: scaleSize2 is not defined
[    19.77 ] W: qrc:/TrackPanels/Audio/Automation/AutomationDropMenu.qml:204: ReferenceError: scaleSize2 is not defined
[    19.77 ] W: qrc:/TrackPanels/Audio/Automation/AutomationDropMenu.qml:195: ReferenceError: scaleSize2 is not defined
[    19.77 ] W: qrc:/TrackPanels/Audio/Automation/AutomationDropMenu.qml:218: ReferenceError: scaleSize2 is not defined
[    19.77 ] W: qrc:/TrackPanels/Audio/Automation/AutomationDropMenu.qml:199: ReferenceError: scaleSize2 is not defined
[    19.77 ] W: qrc:/TrackPanels/Audio/Automation/AutomationDropMenu.qml:198: ReferenceError: scaleSize2 is not defined
[    19.77 ] W: qrc:/TrackPanels/Audio/Automation/AutomationDropMenu.qml:208: ReferenceError: scaleSize2 is not defined
[    19.77 ] W: qrc:/TrackPanels/Audio/Automation/AutomationDropMenu.qml:204: ReferenceError: scaleSize2 is not defined
[    19.77 ] W: qrc:/TrackPanels/Audio/Automation/AutomationDropMenu.qml:195: ReferenceError: scaleSize2 is not defined
[    72.35 ] D: P1 -179
[    72.35 ] D: P1 -186
[    72.36 ] D: P1 -187
[    72.36 ] D: P1 -187
[    72.36 ] D: P1 -187
[    72.36 ] D: P1 -188
[    72.36 ] D: P1 -188
[    72.37 ] D: P1 -188
[    72.37 ] D: P1 -189
[    72.37 ] D: P1 -189
[    72.37 ] D: P1 -190
[    72.38 ] D: P1 -190
[    72.38 ] D: P1 -190
[    72.39 ] D: P1 -190
[    72.39 ] D: P1 -191
[    72.40 ] D: P1 -191
[    72.40 ] D: P1 -192
[    72.40 ] D: P1 -192
[    72.40 ] D: P1 -192
[    72.42 ] D: P1 -192
[    72.42 ] D: P1 -196
[    72.42 ] D: P1 -197
[    72.42 ] D: P1 -198
[    72.42 ] D: P1 -199
[    72.43 ] D: P1 -204
[    72.43 ] D: P1 -205
[    72.44 ] D: P1 -207
[    72.44 ] D: P1 -208
[    72.44 ] D: P1 -210
[    72.45 ] D: P1 -216
[    72.45 ] D: P1 -219
[    72.45 ] D: P1 -219
[    72.46 ] D: P1 -220
[    72.47 ] D: P1 -226
[    72.47 ] D: P1 -226
[    72.47 ] D: P1 -227
[    72.47 ] D: P1 -228
[    72.47 ] D: P1 -228
[    72.48 ] D: P1 -230
[    72.49 ] D: P1 -230
[    72.49 ] D: P1 -230
[    72.49 ] D: P1 -230
[    72.50 ] D: P1 -231
[    72.50 ] D: P1 -231
[    72.50 ] D: P1 -231
[    72.50 ] D: P1 -231
[    72.52 ] D: P1 -231
[    72.52 ] D: P1 -232
[    72.58 ] D: P1 -231
[    72.58 ] D: P1 -226
[    72.58 ] D: P1 -225
[    72.59 ] D: P1 -223
[    72.60 ] D: P1 -222
[    72.60 ] D: P1 -212
[    72.60 ] D: P1 -212
[    72.61 ] D: P1 -210
[    72.62 ] D: P1 -208
[    72.62 ] D: P1 -202
[    72.62 ] D: P1 -201
[    72.62 ] D: P1 -199
[    72.62 ] D: P1 -198
[    72.63 ] D: P1 -194
[    72.64 ] D: P1 -193
[    72.64 ] D: P1 -193
[    72.64 ] D: P1 -193
[    72.65 ] D: P1 -192
[    72.65 ] D: P1 -190
[    72.65 ] D: P1 -190
[    72.65 ] D: P1 -189
[    72.67 ] D: P1 -189
[    72.67 ] D: P1 -188
[    72.67 ] D: P1 -188
[    72.67 ] D: P1 -187
[    72.67 ] D: P1 -187
[    72.68 ] D: P1 -187
[    72.68 ] D: P1 -186
[    72.68 ] D: P1 -186
[    72.69 ] D: P1 -186
[    72.69 ] D: P1 -186
[    72.70 ] D: P1 -186
[    72.70 ] D: P1 -186
[    72.70 ] D: P1 -186
[    72.71 ] D: P1 -186
[    72.71 ] D: P1 -186
[    72.72 ] D: P1 -186
[    72.72 ] D: P1 -186
[    72.72 ] D: P1 -186
[    72.72 ] D: P1 -186
[    72.73 ] D: P1 -186
[    72.74 ] D: P1 -186
[    72.74 ] D: P1 -186
[    72.74 ] D: P1 -186
[    72.75 ] D: P1 -186
[    72.75 ] D: P1 -186
[    72.75 ] D: P1 -186
[    72.75 ] D: P1 -186
[    72.75 ] D: P1 -186
[    72.77 ] D: P1 -186
[    72.77 ] D: P1 -186
[    72.77 ] D: P1 -186
[    72.77 ] D: P1 -186
[    72.78 ] D: P1 -186
[    72.78 ] D: P1 -186
[    72.79 ] D: P1 -186
[    72.86 ] D: P1 -186
[    72.87 ] D: P1 -186
[    72.87 ] D: P1 -186
[    72.87 ] D: P1 -186
[    72.88 ] D: P1 -186
[    72.88 ] D: P1 -186
[    72.89 ] D: P1 -186
[    72.90 ] D: P1 -186
[    72.90 ] D: P1 -185
[    72.90 ] D: P1 -185
[    72.92 ] D: P1 -185
[    72.92 ] D: P1 -185
[    73.06 ] D: sltPositionChanged 308700
[    73.06 ] D: frame_offset 0 0 217
[    73.07 ] D: frame_offset 0 1 217
[    73.07 ] D: frame_offset 0 2 217
[    73.07 ] D: frame_offset 0 3 217
[    73.07 ] D: frame_offset 0 4 217
[    73.07 ] D: findOverlayItems 1 2
[    73.07 ] D: "{68104916-e85a-4b9c-adfa-bd2fd993264c}" i.value()->sampleClip()->startTime()  7000 329833 329833 7000
[    73.07 ] D: findOverlayItems
[    73.10 ] D: sltPositionChanged 308700
[    73.10 ] D: frame_offset 0 0 217
[    73.10 ] D: frame_offset 0 1 217
[    73.10 ] D: frame_offset 0 2 217
[    73.10 ] D: frame_offset 0 3 217
[    73.10 ] D: frame_offset 0 4 217
[    73.63 ] D: findTrackIndexByPoint 0 QRect(0,0 1707x111) false QPointF(148,279)
[    73.63 ] D: findTrackIndexByPoint 1 QRect(0,111 1707x111) false QPointF(148,279)
[    73.63 ] D: findTrackIndexByPoint 2 QRect(0,222 1707x111) true QPointF(148,279)
[    73.63 ] D: setMultiEq
[    74.29 ] D: findTrackIndexByPoint 0 QRect(0,0 1707x111) false QPointF(155,298)
[    74.30 ] D: findTrackIndexByPoint 1 QRect(0,111 1707x111) false QPointF(155,298)
[    74.30 ] D: findTrackIndexByPoint 2 QRect(0,222 1707x111) true QPointF(155,298)
[    74.30 ] D: setMultiEq
[    81.61 ] D: _requestForLoading false false
[    81.61 ] D: _requestForLoading2
[    81.61 ] D: _numberOfSampleBuffer 1
[    81.61 ] D: START TO load 0
[    81.61 ] D: START TO load 1
[    81.61 ] D: START TO load 2
[    81.61 ] D: sltPositionChanged 396900 true
[    81.61 ] D: START TO load 3
[    81.61 ] D: frame_offset 1 0 217
[    81.62 ] D: frame_offset 1 1 217
[    81.62 ] D: frame_offset 1 2 217
[    81.62 ] D: frame_offset 1 3 217
[    81.62 ] D: frame_offset 1 4 217
[    81.62 ] D: sltFirstBufferFilled ("{68104916-e85a-4b9c-adfa-bd2fd993264c}") "{68104916-e85a-4b9c-adfa-bd2fd993264c}" true
[    81.62 ] D: _requestForLoading true false
[    82.61 ] D: AsyncFileReader 1 6
[    84.10 ] D: AsyncFileReader 2 7
[    85.58 ] D: AsyncFileReader 3 8
[    85.77 ] W: qrc:/Items/CustomRectangle.qml:56: TypeError: Cannot read property 'color' of null
[    85.77 ] W: qrc:/Items/CustomRectangle.qml:56: TypeError: Cannot read property 'color' of null
[    85.77 ] W: qrc:/Items/CustomRectangle.qml:56: TypeError: Cannot read property 'color' of null
[    85.77 ] W: qrc:/Items/CustomRectangle.qml:56: TypeError: Cannot read property 'color' of null
[    87.07 ] D: AsyncFileReader 4 9
[    88.56 ] D: AsyncFileReader 0 10
[    90.04 ] D: AsyncFileReader 1 11
[    91.54 ] D: AsyncFileReader 2 12
[    93.02 ] D: AsyncFileReader 3 13
[    94.50 ] D: AsyncFileReader 4 14
[    96.00 ] D: AsyncFileReader 0 15
[    97.48 ] D: AsyncFileReader 1 16
[    98.96 ] D: AsyncFileReader 2 17
[   100.46 ] D: AsyncFileReader 3 18
[   101.94 ] D: AsyncFileReader 4 19
[   103.42 ] D: AsyncFileReader 0 20
[   104.92 ] D: AsyncFileReader 1 21
[   106.40 ] D: AsyncFileReader 2 22
[   107.88 ] D: AsyncFileReader 3 23
[   109.37 ] D: AsyncFileReader 4 24
[   110.85 ] D: AsyncFileReader 0 25
[   112.33 ] D: AsyncFileReader 1 26
[   113.83 ] D: AsyncFileReader 2 27
[   115.31 ] D: AsyncFileReader 3 28
[   116.79 ] D: AsyncFileReader 4 29
[   118.29 ] D: AsyncFileReader 0 30
[   119.77 ] D: AsyncFileReader 1 31
[   121.25 ] D: AsyncFileReader 2 32
[   122.75 ] D: AsyncFileReader 3 33
[   124.23 ] D: AsyncFileReader 4 34
[   125.71 ] D: AsyncFileReader 0 35
[   127.21 ] D: AsyncFileReader 1 36
[   128.69 ] D: AsyncFileReader 2 37
[   130.17 ] D: AsyncFileReader 3 38
[   131.66 ] D: AsyncFileReader 4 39
[   133.14 ] D: AsyncFileReader 0 40
[   134.63 ] D: AsyncFileReader 1 41
[   136.12 ] D: AsyncFileReader 2 42
[   137.60 ] D: AsyncFileReader 3 43
[   139.08 ] D: AsyncFileReader 4 44
[   140.58 ] D: AsyncFileReader 0 45
[   142.06 ] D: AsyncFileReader 1 46
[   143.38 ] D: findTrackIndexByPoint 0 QRect(0,0 1707x111) false QPointF(388,268)
[   143.38 ] D: findTrackIndexByPoint 1 QRect(0,111 1707x111) false QPointF(388,268)
[   143.38 ] D: findTrackIndexByPoint 2 QRect(0,222 1707x111) true QPointF(388,268)
[   143.38 ] D: setMultiEq
[   143.54 ] D: AsyncFileReader 2 47
[   144.10 ] D: findTrackIndexByPoint 0 QRect(0,0 1707x111) false QPointF(404,309)
[   144.10 ] D: findTrackIndexByPoint 1 QRect(0,111 1707x111) false QPointF(404,309)
[   144.10 ] D: findTrackIndexByPoint 2 QRect(0,222 1707x111) true QPointF(404,309)
[   144.10 ] D: setMultiEq
[   145.04 ] D: AsyncFileReader 3 48
[   145.40 ] D: _requestForLoading false false
[   145.40 ] D: _requestForLoading2
[   145.40 ] D: _numberOfSampleBuffer 1
[   145.40 ] D: START TO load 0
[   145.40 ] D: START TO load 1
[   145.40 ] D: START TO load 2
[   145.40 ] D: sltPositionChanged 970200 true
[   145.40 ] D: START TO load 3
[   145.40 ] D: frame_offset 10 0 217
[   145.41 ] D: frame_offset 10 1 217
[   145.41 ] D: frame_offset 10 2 217
[   145.41 ] D: frame_offset 10 3 217
[   145.41 ] D: frame_offset 10 4 217
[   145.42 ] D: sltFirstBufferFilled ("{68104916-e85a-4b9c-adfa-bd2fd993264c}") "{68104916-e85a-4b9c-adfa-bd2fd993264c}" true
[   145.42 ] D: _requestForLoading true false
[   146.76 ] D: AsyncFileReader 0 15
[   147.00 ] D: findTrackIndexByPoint 0 QRect(0,0 1707x111) false QPointF(180,235)
[   147.00 ] D: findTrackIndexByPoint 1 QRect(0,111 1707x111) false QPointF(180,235)
[   147.00 ] D: findTrackIndexByPoint 2 QRect(0,222 1707x111) true QPointF(180,235)
[   147.00 ] D: setMultiEq
[   147.01 ] D: _startSelectedClipIndex123 "{68104916-e85a-4b9c-adfa-bd2fd993264c}"
[   147.01 ] D: copySelectedArea1; QRectF(7000,222 322833x111) QRect(0,0 1707x111)
[   147.01 ] D: copySelectedArea1; QRectF(7000,222 322833x111) QRect(0,111 1707x111)
[   147.01 ] D: copySelectedArea1; QRectF(7000,222 322833x111) QRect(0,222 1707x111)
[   147.01 ] D: copySelectedArea3
[   147.01 ] D: copySelectedArea1; QRectF(7000,222 322833x111) QRect(0,333 1707x111)
[   147.01 ] D: RETURN 2 2 -1 1 0 -1
[   147.01 ] D: RETURN
[   147.01 ] D: IOIO 0 0
[   147.01 ] D: RETURN 2 2 -1 1 1 -1
[   147.01 ] D: RETURN
[   147.01 ] D: IOIO 0 0
[   147.01 ] D: Ok
[   147.01 ] D: OK
[   147.01 ] D: OK
[   147.01 ] D: IOIO 0 0
[   147.01 ] D: RETURN 2 2 -1 1 3 -1
[   147.01 ] D: RETURN
[   147.01 ] D: IOIO 0 0
[   147.06 ] D: _automationChanging false
[   147.06 ] D: mouseMove2
[   147.07 ] D: newTopPixel 223 236 13
[   147.07 ] D: findTrackIndexByPoint 0 QRect(0,0 1707x111) false QPointF(126,223)
[   147.07 ] D: findTrackIndexByPoint 1 QRect(0,111 1707x111) false QPointF(126,223)
[   147.07 ] D: findTrackIndexByPoint 2 QRect(0,222 1707x111) true QPointF(126,223)
[   147.07 ] D: tmp:tmp:tmp:tmp:tmp QPair(2,-1)
[   147.07 ] D: firstIndex 2 0 1 4
[   147.07 ] D: firstIndex2
[   147.07 ] D: firstIndex4 0 1
[   147.07 ] D: firstIndex3 0 1
[   147.07 ] D: firstIndex2 0 4
[   147.07 ] D: firstIndex3.1
[   147.07 ] D: firstIndex3.1 7000 329833 308700 1.45456e+07
[   147.07 ] D: firstIndex3.1.1 SampleClip(0x2d60acc33a0)
[   147.07 ] D: firstIndex3.1.2
[   147.07 ] D: firstIndex3
[   147.07 ] D: _automationChanging false
[   147.07 ] D: mouseMove2
[   147.07 ] D: _automationChanging false
[   147.07 ] D: mouseMove2
[   147.08 ] D: newTopPixel 223 236 13
[   147.08 ] D: findTrackIndexByPoint 0 QRect(0,0 1707x111) false QPointF(162,223)
[   147.08 ] D: findTrackIndexByPoint 1 QRect(0,111 1707x111) false QPointF(162,223)
[   147.08 ] D: findTrackIndexByPoint 2 QRect(0,222 1707x111) true QPointF(162,223)
[   147.08 ] D: tmp:tmp:tmp:tmp:tmp QPair(2,-1)
[   147.08 ] D: firstIndex 2 0 1 4
[   147.08 ] D: firstIndex2
[   147.08 ] D: firstIndex4 0 1
[   147.08 ] D: firstIndex3 0 1
[   147.08 ] D: firstIndex2 0 4
[   147.08 ] D: firstIndex3.1
[   147.08 ] D: firstIndex3.1 9000 331833 396900 1.46338e+07
[   147.08 ] D: firstIndex3.1.1 SampleClip(0x2d60acc33a0)
[   147.08 ] D: firstIndex3.1.2
[   147.08 ] D: firstIndex3
[   147.10 ] D: _automationChanging false
[   147.10 ] D: mouseMove2
[   147.10 ] D: _automationChanging false
[   147.10 ] D: mouseMove2
[   147.10 ] D: newTopPixel 223 236 13
[   147.10 ] D: findTrackIndexByPoint 0 QRect(0,0 1707x111) false QPointF(180,223)
[   147.10 ] D: findTrackIndexByPoint 1 QRect(0,111 1707x111) false QPointF(180,223)
[   147.10 ] D: findTrackIndexByPoint 2 QRect(0,222 1707x111) true QPointF(180,223)
[   147.10 ] D: tmp:tmp:tmp:tmp:tmp QPair(2,-1)
[   147.10 ] D: firstIndex 2 0 1 4
[   147.10 ] D: firstIndex2
[   147.10 ] D: firstIndex4 0 1
[   147.10 ] D: firstIndex3 0 1
[   147.10 ] D: firstIndex2 0 4
[   147.10 ] D: firstIndex3.1
[   147.10 ] D: firstIndex3.1 10000 332833 441000 1.46779e+07
[   147.10 ] D: firstIndex3.1.1 SampleClip(0x2d60acc33a0)
[   147.10 ] D: firstIndex3.1.2
[   147.10 ] D: firstIndex3
[   147.12 ] D: _automationChanging false
[   147.12 ] D: mouseMove2
[   147.12 ] D: newTopPixel 223 236 13
[   147.12 ] D: findTrackIndexByPoint 0 QRect(0,0 1707x111) false QPointF(216,223)
[   147.12 ] D: findTrackIndexByPoint 1 QRect(0,111 1707x111) false QPointF(216,223)
[   147.12 ] D: findTrackIndexByPoint 2 QRect(0,222 1707x111) true QPointF(216,223)
[   147.12 ] D: tmp:tmp:tmp:tmp:tmp QPair(2,-1)
[   147.12 ] D: firstIndex 2 0 1 4
[   147.12 ] D: firstIndex2
[   147.12 ] D: firstIndex4 0 1
[   147.12 ] D: firstIndex3 0 1
[   147.12 ] D: firstIndex2 0 4
[   147.12 ] D: firstIndex3.1
[   147.12 ] D: firstIndex3.1 12000 334833 529200 1.47661e+07
[   147.12 ] D: firstIndex3.1.1 SampleClip(0x2d60acc33a0)
[   147.12 ] D: firstIndex3.1.2
[   147.12 ] D: firstIndex3
[   147.13 ] D: _automationChanging false
[   147.13 ] D: mouseMove2
[   147.13 ] D: _automationChanging false
[   147.13 ] D: mouseMove2
[   147.14 ] D: newTopPixel 227 240 13
[   147.14 ] D: findTrackIndexByPoint 0 QRect(0,0 1707x111) false QPointF(270,227)
[   147.14 ] D: findTrackIndexByPoint 1 QRect(0,111 1707x111) false QPointF(270,227)
[   147.14 ] D: findTrackIndexByPoint 2 QRect(0,222 1707x111) true QPointF(270,227)
[   147.14 ] D: tmp:tmp:tmp:tmp:tmp QPair(2,-1)
[   147.14 ] D: firstIndex 2 0 1 4
[   147.14 ] D: firstIndex2
[   147.14 ] D: firstIndex4 0 1
[   147.14 ] D: firstIndex3 0 1
[   147.14 ] D: firstIndex2 0 4
[   147.14 ] D: firstIndex3.1
[   147.14 ] D: firstIndex3.1 15000 337833 661500 1.48984e+07
[   147.14 ] D: firstIndex3.1.1 SampleClip(0x2d60acc33a0)
[   147.14 ] D: firstIndex3.1.2
[   147.14 ] D: firstIndex3
[   147.16 ] D: _automationChanging false
[   147.16 ] D: mouseMove2
[   147.16 ] D: _automationChanging false
[   147.16 ] D: mouseMove2
[   147.18 ] D: newTopPixel 228 241 13
[   147.18 ] D: findTrackIndexByPoint 0 QRect(0,0 1707x111) false QPointF(306,228)
[   147.18 ] D: findTrackIndexByPoint 1 QRect(0,111 1707x111) false QPointF(306,228)
[   147.18 ] D: findTrackIndexByPoint 2 QRect(0,222 1707x111) true QPointF(306,228)
[   147.18 ] D: tmp:tmp:tmp:tmp:tmp QPair(2,-1)
[   147.18 ] D: firstIndex 2 0 1 4
[   147.18 ] D: firstIndex2
[   147.18 ] D: firstIndex4 0 1
[   147.18 ] D: firstIndex3 0 1
[   147.18 ] D: firstIndex2 0 4
[   147.18 ] D: firstIndex3.1
[   147.18 ] D: firstIndex3.1 17000 339833 749700 1.49866e+07
[   147.18 ] D: firstIndex3.1.1 SampleClip(0x2d60acc33a0)
[   147.18 ] D: firstIndex3.1.2
[   147.18 ] D: firstIndex3
[   147.18 ] D: _automationChanging false
[   147.18 ] D: mouseMove2
[   147.19 ] D: newTopPixel 229 242 13
[   147.19 ] D: findTrackIndexByPoint 0 QRect(0,0 1707x111) false QPointF(324,229)
[   147.19 ] D: findTrackIndexByPoint 1 QRect(0,111 1707x111) false QPointF(324,229)
[   147.19 ] D: findTrackIndexByPoint 2 QRect(0,222 1707x111) true QPointF(324,229)
[   147.19 ] D: tmp:tmp:tmp:tmp:tmp QPair(2,-1)
[   147.19 ] D: firstIndex 2 0 1 4
[   147.19 ] D: firstIndex2
[   147.19 ] D: firstIndex4 0 1
[   147.19 ] D: firstIndex3 0 1
[   147.19 ] D: firstIndex2 0 4
[   147.19 ] D: firstIndex3.1
[   147.19 ] D: firstIndex3.1 18000 340833 793800 1.50307e+07
[   147.19 ] D: firstIndex3.1.1 SampleClip(0x2d60acc33a0)
[   147.19 ] D: firstIndex3.1.2
[   147.19 ] D: firstIndex3
[   147.19 ] D: _automationChanging false
[   147.19 ] D: mouseMove2
[   147.19 ] D: _automationChanging false
[   147.19 ] D: mouseMove2
[   147.19 ] D: newTopPixel 229 242 13
[   147.19 ] D: findTrackIndexByPoint 0 QRect(0,0 1707x111) false QPointF(378,229)
[   147.19 ] D: findTrackIndexByPoint 1 QRect(0,111 1707x111) false QPointF(378,229)
[   147.19 ] D: findTrackIndexByPoint 2 QRect(0,222 1707x111) true QPointF(378,229)
[   147.19 ] D: tmp:tmp:tmp:tmp:tmp QPair(2,-1)
[   147.19 ] D: firstIndex 2 0 1 4
[   147.19 ] D: firstIndex2
[   147.19 ] D: firstIndex4 0 1
[   147.19 ] D: firstIndex3 0 1
[   147.19 ] D: firstIndex2 0 4
[   147.19 ] D: firstIndex3.1
[   147.19 ] D: firstIndex3.1 21000 343833 926100 1.5163e+07
[   147.19 ] D: firstIndex3.1.1 SampleClip(0x2d60acc33a0)
[   147.19 ] D: firstIndex3.1.2
[   147.19 ] D: firstIndex3
[   147.19 ] D: _automationChanging false
[   147.19 ] D: mouseMove2
[   147.22 ] D: newTopPixel 229 242 13
[   147.22 ] D: findTrackIndexByPoint 0 QRect(0,0 1707x111) false QPointF(378,229)
[   147.22 ] D: findTrackIndexByPoint 1 QRect(0,111 1707x111) false QPointF(378,229)
[   147.22 ] D: findTrackIndexByPoint 2 QRect(0,222 1707x111) true QPointF(378,229)
[   147.22 ] D: tmp:tmp:tmp:tmp:tmp QPair(2,-1)
[   147.22 ] D: firstIndex 2 0 1 4
[   147.22 ] D: firstIndex2
[   147.22 ] D: firstIndex4 0 1
[   147.22 ] D: firstIndex3 0 1
[   147.22 ] D: firstIndex2 0 4
[   147.22 ] D: firstIndex3.1
[   147.22 ] D: firstIndex3.1 21000 343833 926100 1.5163e+07
[   147.22 ] D: firstIndex3.1.1 SampleClip(0x2d60acc33a0)
[   147.22 ] D: firstIndex3.1.2
[   147.22 ] D: firstIndex3
[   147.23 ] D: _automationChanging false
[   147.23 ] D: mouseMove2
[   147.23 ] D: _automationChanging false
[   147.23 ] D: mouseMove2
[   147.25 ] D: _automationChanging false
[   147.25 ] D: mouseMove2
[   147.26 ] D: newTopPixel 229 242 13
[   147.26 ] D: findTrackIndexByPoint 0 QRect(0,0 1707x111) false QPointF(414,229)
[   147.26 ] D: findTrackIndexByPoint 1 QRect(0,111 1707x111) false QPointF(414,229)
[   147.26 ] D: findTrackIndexByPoint 2 QRect(0,222 1707x111) true QPointF(414,229)
[   147.26 ] D: tmp:tmp:tmp:tmp:tmp QPair(2,-1)
[   147.26 ] D: firstIndex 2 0 1 4
[   147.26 ] D: firstIndex2
[   147.26 ] D: firstIndex4 0 1
[   147.26 ] D: firstIndex3 0 1
[   147.26 ] D: firstIndex2 0 4
[   147.26 ] D: firstIndex3.1
[   147.26 ] D: firstIndex3.1 23000 345833 1.0143e+06 1.52512e+07
[   147.26 ] D: firstIndex3.1.1 SampleClip(0x2d60acc33a0)
[   147.26 ] D: firstIndex3.1.2
[   147.26 ] D: firstIndex3
[   147.26 ] D: _automationChanging false
[   147.26 ] D: mouseMove2
[   147.26 ] D: _automationChanging false
[   147.26 ] D: mouseMove2
[   147.27 ] D: newTopPixel 230 243 13
[   147.27 ] D: findTrackIndexByPoint 0 QRect(0,0 1707x111) false QPointF(468,230)
[   147.27 ] D: findTrackIndexByPoint 1 QRect(0,111 1707x111) false QPointF(468,230)
[   147.27 ] D: findTrackIndexByPoint 2 QRect(0,222 1707x111) true QPointF(468,230)
[   147.27 ] D: tmp:tmp:tmp:tmp:tmp QPair(2,-1)
[   147.27 ] D: firstIndex 2 0 1 4
[   147.27 ] D: firstIndex2
[   147.27 ] D: firstIndex4 0 1
[   147.27 ] D: firstIndex3 0 1
[   147.27 ] D: firstIndex2 0 4
[   147.27 ] D: firstIndex3.1
[   147.27 ] D: firstIndex3.1 26000 348833 1.1466e+06 1.53835e+07
[   147.27 ] D: firstIndex3.1.1 SampleClip(0x2d60acc33a0)
[   147.27 ] D: firstIndex3.1.2
[   147.27 ] D: firstIndex3
[   147.28 ] D: _automationChanging false
[   147.28 ] D: mouseMove2
[   147.28 ] D: _automationChanging false
[   147.28 ] D: mouseMove2
[   147.30 ] D: newTopPixel 230 243 13
[   147.30 ] D: findTrackIndexByPoint 0 QRect(0,0 1707x111) false QPointF(486,230)
[   147.30 ] D: findTrackIndexByPoint 1 QRect(0,111 1707x111) false QPointF(486,230)
[   147.30 ] D: findTrackIndexByPoint 2 QRect(0,222 1707x111) true QPointF(486,230)
[   147.30 ] D: tmp:tmp:tmp:tmp:tmp QPair(2,-1)
[   147.30 ] D: firstIndex 2 0 1 4
[   147.30 ] D: firstIndex2
[   147.30 ] D: firstIndex4 0 1
[   147.30 ] D: firstIndex3 0 1
[   147.30 ] D: firstIndex2 0 4
[   147.30 ] D: firstIndex3.1
[   147.30 ] D: firstIndex3.1 27000 349833 1.1907e+06 1.54276e+07
[   147.30 ] D: firstIndex3.1.1 SampleClip(0x2d60acc33a0)
[   147.30 ] D: firstIndex3.1.2
[   147.30 ] D: firstIndex3
[   147.30 ] D: _automationChanging false
[   147.30 ] D: mouseMove2
[   147.32 ] D: newTopPixel 230 243 13
[   147.32 ] D: findTrackIndexByPoint 0 QRect(0,0 1707x111) false QPointF(504,230)
[   147.32 ] D: findTrackIndexByPoint 1 QRect(0,111 1707x111) false QPointF(504,230)
[   147.32 ] D: findTrackIndexByPoint 2 QRect(0,222 1707x111) true QPointF(504,230)
[   147.32 ] D: tmp:tmp:tmp:tmp:tmp QPair(2,-1)
[   147.32 ] D: firstIndex 2 0 1 4
[   147.32 ] D: firstIndex2
[   147.32 ] D: firstIndex4 0 1
[   147.32 ] D: firstIndex3 0 1
[   147.32 ] D: firstIndex2 0 4
[   147.32 ] D: firstIndex3.1
[   147.32 ] D: firstIndex3.1 28000 350833 1.2348e+06 1.54717e+07
[   147.32 ] D: firstIndex3.1.1 SampleClip(0x2d60acc33a0)
[   147.32 ] D: firstIndex3.1.2
[   147.32 ] D: firstIndex3
[   147.32 ] D: _automationChanging false
[   147.32 ] D: mouseMove2
[   147.32 ] D: _automationChanging false
[   147.32 ] D: mouseMove2
[   147.34 ] D: _automationChanging false
[   147.34 ] D: mouseMove2
[   147.35 ] D: newTopPixel 230 243 13
[   147.35 ] D: findTrackIndexByPoint 0 QRect(0,0 1707x111) false QPointF(576,230)
[   147.35 ] D: findTrackIndexByPoint 1 QRect(0,111 1707x111) false QPointF(576,230)
[   147.35 ] D: findTrackIndexByPoint 2 QRect(0,222 1707x111) true QPointF(576,230)
[   147.35 ] D: tmp:tmp:tmp:tmp:tmp QPair(2,-1)
[   147.35 ] D: firstIndex 2 0 1 4
[   147.35 ] D: firstIndex2
[   147.35 ] D: firstIndex4 0 1
[   147.35 ] D: firstIndex3 0 1
[   147.35 ] D: firstIndex2 0 4
[   147.35 ] D: firstIndex3.1
[   147.35 ] D: firstIndex3.1 32000 354833 1.4112e+06 1.56481e+07
[   147.35 ] D: firstIndex3.1.1 SampleClip(0x2d60acc33a0)
[   147.35 ] D: firstIndex3.1.2
[   147.35 ] D: firstIndex3
[   147.35 ] D: _automationChanging false
[   147.35 ] D: mouseMove2
[   147.35 ] D: _automationChanging false
[   147.35 ] D: mouseMove2
[   147.35 ] D: _automationChanging false
[   147.35 ] D: mouseMove2
[   147.35 ] D: newTopPixel 230 243 13
[   147.35 ] D: findTrackIndexByPoint 0 QRect(0,0 1707x111) false QPointF(612,230)
[   147.35 ] D: findTrackIndexByPoint 1 QRect(0,111 1707x111) false QPointF(612,230)
[   147.35 ] D: findTrackIndexByPoint 2 QRect(0,222 1707x111) true QPointF(612,230)
[   147.35 ] D: tmp:tmp:tmp:tmp:tmp QPair(2,-1)
[   147.35 ] D: firstIndex 2 0 1 4
[   147.35 ] D: firstIndex2
[   147.35 ] D: firstIndex4 0 1
[   147.35 ] D: firstIndex3 0 1
[   147.35 ] D: firstIndex2 0 4
[   147.35 ] D: firstIndex3.1
[   147.35 ] D: firstIndex3.1 34000 356833 1.4994e+06 1.57363e+07
[   147.35 ] D: firstIndex3.1.1 SampleClip(0x2d60acc33a0)
[   147.35 ] D: firstIndex3.1.2
[   147.35 ] D: firstIndex3
[   147.35 ] D: _automationChanging false
[   147.35 ] D: mouseMove2
[   147.38 ] D: newTopPixel 230 243 13
[   147.38 ] D: findTrackIndexByPoint 0 QRect(0,0 1707x111) false QPointF(612,230)
[   147.38 ] D: findTrackIndexByPoint 1 QRect(0,111 1707x111) false QPointF(612,230)
[   147.38 ] D: findTrackIndexByPoint 2 QRect(0,222 1707x111) true QPointF(612,230)
[   147.38 ] D: tmp:tmp:tmp:tmp:tmp QPair(2,-1)
[   147.38 ] D: firstIndex 2 0 1 4
[   147.38 ] D: firstIndex2
[   147.38 ] D: firstIndex4 0 1
[   147.38 ] D: firstIndex3 0 1
[   147.38 ] D: firstIndex2 0 4
[   147.38 ] D: firstIndex3.1
[   147.38 ] D: firstIndex3.1 34000 356833 1.4994e+06 1.57363e+07
[   147.38 ] D: firstIndex3.1.1 SampleClip(0x2d60acc33a0)
[   147.38 ] D: firstIndex3.1.2
[   147.38 ] D: firstIndex3
[   147.38 ] D: _automationChanging false
[   147.38 ] D: mouseMove2
[   147.38 ] D: _automationChanging false
[   147.38 ] D: mouseMove2
[   147.39 ] D: newTopPixel 230 243 13
[   147.39 ] D: findTrackIndexByPoint 0 QRect(0,0 1707x111) false QPointF(630,230)
[   147.39 ] D: findTrackIndexByPoint 1 QRect(0,111 1707x111) false QPointF(630,230)
[   147.39 ] D: findTrackIndexByPoint 2 QRect(0,222 1707x111) true QPointF(630,230)
[   147.39 ] D: tmp:tmp:tmp:tmp:tmp QPair(2,-1)
[   147.39 ] D: firstIndex 2 0 1 4
[   147.39 ] D: firstIndex2
[   147.39 ] D: firstIndex4 0 1
[   147.39 ] D: firstIndex3 0 1
[   147.39 ] D: firstIndex2 0 4
[   147.39 ] D: firstIndex3.1
[   147.39 ] D: firstIndex3.1 35000 357833 1.5435e+06 1.57804e+07
[   147.39 ] D: firstIndex3.1.1 SampleClip(0x2d60acc33a0)
[   147.39 ] D: firstIndex3.1.2
[   147.39 ] D: firstIndex3
[   147.41 ] D: _automationChanging false
[   147.41 ] D: mouseMove2
[   147.41 ] D: _automationChanging false
[   147.41 ] D: mouseMove2
[   147.42 ] D: newTopPixel 230 243 13
[   147.42 ] D: findTrackIndexByPoint 0 QRect(0,0 1707x111) false QPointF(630,230)
[   147.42 ] D: findTrackIndexByPoint 1 QRect(0,111 1707x111) false QPointF(630,230)
[   147.43 ] D: findTrackIndexByPoint 2 QRect(0,222 1707x111) true QPointF(630,230)
[   147.43 ] D: tmp:tmp:tmp:tmp:tmp QPair(2,-1)
[   147.43 ] D: firstIndex 2 0 1 4
[   147.43 ] D: firstIndex2
[   147.43 ] D: firstIndex4 0 1
[   147.43 ] D: firstIndex3 0 1
[   147.43 ] D: firstIndex2 0 4
[   147.43 ] D: firstIndex3.1
[   147.43 ] D: firstIndex3.1 35000 357833 1.5435e+06 1.57804e+07
[   147.43 ] D: firstIndex3.1.1 SampleClip(0x2d60acc33a0)
[   147.43 ] D: firstIndex3.1.2
[   147.43 ] D: firstIndex3
[   147.43 ] D: _automationChanging false
[   147.43 ] D: mouseMove2
[   147.43 ] D: newTopPixel 230 243 13
[   147.43 ] D: findTrackIndexByPoint 0 QRect(0,0 1707x111) false QPointF(630,230)
[   147.43 ] D: findTrackIndexByPoint 1 QRect(0,111 1707x111) false QPointF(630,230)
[   147.43 ] D: findTrackIndexByPoint 2 QRect(0,222 1707x111) true QPointF(630,230)
[   147.43 ] D: tmp:tmp:tmp:tmp:tmp QPair(2,-1)
[   147.43 ] D: firstIndex 2 0 1 4
[   147.43 ] D: firstIndex2
[   147.43 ] D: firstIndex4 0 1
[   147.43 ] D: firstIndex3 0 1
[   147.43 ] D: firstIndex2 0 4
[   147.43 ] D: firstIndex3.1
[   147.43 ] D: firstIndex3.1 35000 357833 1.5435e+06 1.57804e+07
[   147.43 ] D: firstIndex3.1.1 SampleClip(0x2d60acc33a0)
[   147.43 ] D: firstIndex3.1.2
[   147.43 ] D: firstIndex3
[   147.46 ] D: newTopPixel 230 243 13
[   147.46 ] D: findTrackIndexByPoint 0 QRect(0,0 1707x111) false QPointF(630,230)
[   147.46 ] D: findTrackIndexByPoint 1 QRect(0,111 1707x111) false QPointF(630,230)
[   147.46 ] D: findTrackIndexByPoint 2 QRect(0,222 1707x111) true QPointF(630,230)
[   147.46 ] D: tmp:tmp:tmp:tmp:tmp QPair(2,-1)
[   147.46 ] D: firstIndex 2 0 1 4
[   147.46 ] D: firstIndex2
[   147.46 ] D: firstIndex4 0 1
[   147.46 ] D: firstIndex3 0 1
[   147.46 ] D: firstIndex2 0 4
[   147.46 ] D: firstIndex3.1
[   147.46 ] D: firstIndex3.1 35000 357833 1.5435e+06 1.57804e+07
[   147.46 ] D: firstIndex3.1.1 SampleClip(0x2d60acc33a0)
[   147.46 ] D: firstIndex3.1.2
[   147.46 ] D: firstIndex3
[   147.49 ] D: newTopPixel 230 243 13
[   147.49 ] D: findTrackIndexByPoint 0 QRect(0,0 1707x111) false QPointF(630,230)
[   147.49 ] D: findTrackIndexByPoint 1 QRect(0,111 1707x111) false QPointF(630,230)
[   147.49 ] D: findTrackIndexByPoint 2 QRect(0,222 1707x111) true QPointF(630,230)
[   147.49 ] D: tmp:tmp:tmp:tmp:tmp QPair(2,-1)
[   147.49 ] D: firstIndex 2 0 1 4
[   147.49 ] D: firstIndex2
[   147.49 ] D: firstIndex4 0 1
[   147.49 ] D: firstIndex3 0 1
[   147.49 ] D: firstIndex2 0 4
[   147.49 ] D: firstIndex3.1
[   147.49 ] D: firstIndex3.1 35000 357833 1.5435e+06 1.57804e+07
[   147.49 ] D: firstIndex3.1.1 SampleClip(0x2d60acc33a0)
[   147.49 ] D: firstIndex3.1.2
[   147.49 ] D: firstIndex3
[   147.53 ] D: newTopPixel 230 243 13
[   147.53 ] D: findTrackIndexByPoint 0 QRect(0,0 1707x111) false QPointF(630,230)
[   147.53 ] D: findTrackIndexByPoint 1 QRect(0,111 1707x111) false QPointF(630,230)
[   147.53 ] D: findTrackIndexByPoint 2 QRect(0,222 1707x111) true QPointF(630,230)
[   147.53 ] D: tmp:tmp:tmp:tmp:tmp QPair(2,-1)
[   147.53 ] D: firstIndex 2 0 1 4
[   147.53 ] D: firstIndex2
[   147.53 ] D: firstIndex4 0 1
[   147.53 ] D: firstIndex3 0 1
[   147.53 ] D: firstIndex2 0 4
[   147.53 ] D: firstIndex3.1
[   147.53 ] D: firstIndex3.1 35000 357833 1.5435e+06 1.57804e+07
[   147.53 ] D: firstIndex3.1.1 SampleClip(0x2d60acc33a0)
[   147.53 ] D: firstIndex3.1.2
[   147.53 ] D: firstIndex3
[   147.54 ] D: newTopPixel 230 243 13
[   147.54 ] D: findTrackIndexByPoint 0 QRect(0,0 1707x111) false QPointF(630,230)
[   147.54 ] D: findTrackIndexByPoint 1 QRect(0,111 1707x111) false QPointF(630,230)
[   147.54 ] D: findTrackIndexByPoint 2 QRect(0,222 1707x111) true QPointF(630,230)
[   147.54 ] D: tmp:tmp:tmp:tmp:tmp QPair(2,-1)
[   147.54 ] D: firstIndex 2 0 1 4
[   147.54 ] D: firstIndex2
[   147.54 ] D: firstIndex4 0 1
[   147.54 ] D: firstIndex3 0 1
[   147.54 ] D: firstIndex2 0 4
[   147.54 ] D: firstIndex3.1
[   147.54 ] D: firstIndex3.1 35000 357833 1.5435e+06 1.57804e+07
[   147.54 ] D: firstIndex3.1.1 SampleClip(0x2d60acc33a0)
[   147.54 ] D: firstIndex3.1.2
[   147.54 ] D: firstIndex3
[   147.55 ] D: P1
[   147.55 ] D: P2
[   147.55 ] D: _movingAutomationPoint 0 4
[   147.55 ] D: deleteSelectedArea QRectF(7000,222 322833x111) QRect(0,0 1707x111)
[   147.55 ] D: REMOVED array 0 0
[   147.55 ] D: deleteSelectedArea QRectF(7000,222 322833x111) QRect(0,111 1707x111)
[   147.55 ] D: REMOVED array 1 0
[   147.55 ] D: deleteSelectedArea QRectF(7000,222 322833x111) QRect(0,222 1707x111)
[   147.55 ] D: findOverlayItems 1 2
[   147.55 ] D: "{68104916-e85a-4b9c-adfa-bd2fd993264c}" i.value()->sampleClip()->startTime()  7000 329833 329833 7000
[   147.55 ] D: findOverlayItems
[   147.55 ] D: deleteSelectedArea1 7000 329833
[   147.55 ] D: deleteSelectedArea3
[   147.56 ] D: REMOVED array 2 1
[   147.56 ] D: deleteSelectedArea QRectF(7000,222 322833x111) QRect(0,333 1707x111)
[   147.56 ] D: REMOVED array 3 0
[   147.56 ] D: sltPositionChanged 1543500
[   147.56 ] D: frame_offset 0 0 217
[   147.56 ] D: frame_offset 0 1 217
[   147.56 ] D: frame_offset 0 2 217
[   147.57 ] D: frame_offset 0 3 217
[   147.57 ] D: frame_offset 0 4 217
[   147.58 ] D: AsyncFileReader 0 5
[   147.58 ] D: sltPositionChanged 1543500
[   147.58 ] D: findOverlayItems 1 2
[   147.58 ] D: "{50cea8c9-20f0-416a-a44f-5c1b04132ba0}" i.value()->sampleClip()->startTime()  35000 357833 357833 35000
[   147.58 ] D: findOverlayItems
[   147.58 ] D: frame_offset 0 0 217
[   147.58 ] D: sltPositionChanged 1063896 true
[   147.58 ] D: frame_offset 0 0 217
[   147.58 ] D: frame_offset 0 1 217
[   147.58 ] D: frame_offset 0 2 217
[   147.59 ] D: frame_offset 0 3 217
