[     4.61 ] I: Log: Log file open in follow path at 1403/6/9 10:55:34 : C:\Users\AmirPasha\Desktop\Rpos\DAW-3\build2019\debug\Logs\Launch.log
[     4.61 ] I: The subsystem "class DGE::Core::IO::LogSystem::Logger" is registered successfully.
[     4.61 ] I: The subsystem "class DGE::Core::Windows::QtWindow" is registered successfully.
[     4.61 ] D: API version is: 4.60 ,shader version is: 4.60
[     4.61 ] I: The subsystem "class DGE::GFX::GCore::QtWrapper::QtRenderer" is registered successfully.
[     4.61 ] I: Current Render API is: 4.60
[     4.61 ] I: The subsystem "Renderer" is registered successfully.
[     4.61 ] I: The subsystem "class DGE::Core::Platforms::QtPlatform" is registered successfully.
[     4.61 ] I: The subsystem "Platform" is registered successfully.
[     4.61 ] I: The subsystem "class DGE::Core::IO::FileSystem::FileManager" is registered successfully.
[     4.61 ] I: The subsystem "class DGE::Core::CoreModule" is registered successfully.
[     4.61 ] I: The subsystem "class DGE::Core::Profiling::Profiler" is registered successfully.
[     4.61 ] I: The subsystem "class DGE::GFX::DrawablesManager" is registered successfully.
[     4.61 ] I: #version 460 core
#define GLES_Ver 460

[     4.61 ] I: The subsystem "class DGE::GFX::GraphicsManager" is registered successfully.
[     4.61 ] I: The subsystem "class DGE::GFX::GFXModule" is registered successfully.
[     4.69 ] D: Shader Compile successfully.
[     4.69 ] I: The subsystem "class DGE::Scene::ViewportManager" is registered successfully.
[     4.69 ] I: The subsystem "class DGE::Scene::SceneModule" is registered successfully.
[     4.69 ] I: The subsystem "class DGE::Managers::RenderManager" is registered successfully.
[     4.69 ] D: Engine Enabled
[     4.69 ] I: The subsystem "class DGE::Engine" is registered successfully.
[     4.69 ] D: Node with id 1 is added to Qt layer
[     4.69 ] D: Node with id 2460 is added to Qt layer
[     4.69 ] D: Node with id 2462 is added to Qt layer
[     4.69 ] D: Node with id 2464 is added to Qt layer
[     4.69 ] D: Node with id 2466 is added to Qt layer
[     4.69 ] D: Node with id 2468 is added to Qt layer
[     4.69 ] D: Node with id 2470 is added to Qt layer
[     4.69 ] D: Node with id 2472 is added to Qt layer
[     4.69 ] D: Node with id 2474 is added to Qt layer
[     4.69 ] D: Node with id 2476 is added to Qt layer
[     4.69 ] D: Node with id 2478 is added to Qt layer
[     4.69 ] D: Node with id 2480 is added to Qt layer
[     4.70 ] D: Node with id 2482 is added to Qt layer
[     4.70 ] D: Node with id 2484 is added to Qt layer
[     4.70 ] D: Node with id 2486 is added to Qt layer
[     4.70 ] D: Node with id 2487 is added to Qt layer
[     4.70 ] D: Node with id 2489 is added to Qt layer
[     4.70 ] D: Node with id 2491 is added to Qt layer
[     4.70 ] D: Node with id 3 is added to Qt layer
[     4.70 ] D: Node with id 2493 is added to Qt layer
[     4.70 ] S: New view-port registered with id: 1
[     4.70 ] S: New view-port registered with id: 2
[     4.70 ] S: New view-port registered with id: 3
[     4.70 ] S: New view-port registered with id: 4
[     4.70 ] S: New view-port registered with id: 5
[     4.70 ] S: New view-port registered with id: 6
[     4.81 ] D: Creating suitable QNanoBackend for OpenGL 4.6 context
[     4.81 ] D: Using backend: "OpenGL 3"
[     4.84 ] W: Floating point comparison needs context sanity check
[     4.84 ] D: QT onScaleChanged=  144
[     4.86 ] W: ShaderEffectSource: 'recursive' must be set to true when rendering recursively.
[     4.86 ] W: ShaderEffectSource: 'recursive' must be set to true when rendering recursively.
[     4.87 ] W: ShaderEffectSource: 'recursive' must be set to true when rendering recursively.
[     4.87 ] W: ShaderEffectSource: 'recursive' must be set to true when rendering recursively.
[     5.03 ] D: Engine Started.
[    24.47 ] D: _editController->getParameterCount() 143
[    24.47 ] D: info.stepCount 0x7eda315720 0.7 0 0
[    24.47 ] D: info.stepCount 0x7eda315720 0.5 0 0
[    24.47 ] D: info.stepCount 0x7eda315720 0 1 0
[    24.47 ] D: info.stepCount 0x7eda315720 0.5 0 0
[    24.47 ] D: info.stepCount 0x7eda315720 0.5 0 0
[    24.47 ] D: info.stepCount 0x7eda315720 0.5 0 0
[    24.47 ] D: info.stepCount 0x7eda315720 0.5 0 0
[    24.47 ] D: info.stepCount 0x7eda315720 0 1 0
[    24.47 ] D: info.stepCount 0x7eda315720 0 1 0
[    24.47 ] D: info.stepCount 0x7eda315720 0 0 0
[    24.47 ] D: info.stepCount 0x7eda315720 0 0 0
[    24.47 ] D: info.stepCount 0x7eda315720 0 0 0
[    24.47 ] D: info.stepCount 0x7eda315720 0 0 0
[    24.47 ] D: info.stepCount 0x7eda315720 0 0 0
[    24.47 ] D: info.stepCount 0x7eda315720 0 0 0
[    24.47 ] D: info.stepCount 0x7eda315720 0 0 0
[    24.47 ] D: info.stepCount 0x7eda315720 0 0 0
[    24.47 ] D: info.stepCount 0x7eda315720 0 0 0
[    24.47 ] D: info.stepCount 0x7eda315720 0 0 0
[    24.47 ] D: info.stepCount 0x7eda315720 0 0 0
[    24.47 ] D: info.stepCount 0x7eda315720 0 0 0
[    24.47 ] D: info.stepCount 0x7eda315720 0 0 0
[    24.47 ] D: info.stepCount 0x7eda315720 0 0 0
[    24.47 ] D: info.stepCount 0x7eda315720 0 0 0
[    24.47 ] D: info.stepCount 0x7eda315720 0 0 0
[    24.47 ] D: info.stepCount 0x7eda315720 0 0 0
[    24.47 ] D: info.stepCount 0x7eda315720 0 0 0
[    24.47 ] D: info.stepCount 0x7eda315720 0 0 0
[    24.47 ] D: info.stepCount 0x7eda315720 0 0 0
[    24.47 ] D: info.stepCount 0x7eda315720 0 0 0
[    24.47 ] D: info.stepCount 0x7eda315720 0 0 0
[    24.47 ] D: info.stepCount 0x7eda315720 0 0 0
[    24.47 ] D: info.stepCount 0x7eda315720 0 0 0
[    24.47 ] D: info.stepCount 0x7eda315720 0 0 0
[    24.47 ] D: info.stepCount 0x7eda315720 0 0 0
[    24.47 ] D: info.stepCount 0x7eda315720 0 0 0
[    24.47 ] D: info.stepCount 0x7eda315720 0 0 0
[    24.47 ] D: info.stepCount 0x7eda315720 0 0 0
[    24.47 ] D: info.stepCount 0x7eda315720 0 0 0
[    24.47 ] D: info.stepCount 0x7eda315720 0 0 0
[    24.47 ] D: info.stepCount 0x7eda315720 0 0 0
[    24.47 ] D: info.stepCount 0x7eda315720 0 0 0
[    24.47 ] D: info.stepCount 0x7eda315720 0 0 0
[    24.47 ] D: info.stepCount 0x7eda315720 0 0 0
[    24.47 ] D: info.stepCount 0x7eda315720 0 0 0
[    24.47 ] D: info.stepCount 0x7eda315720 0 0 0
[    24.47 ] D: info.stepCount 0x7eda315720 0 0 0
[    24.47 ] D: info.stepCount 0x7eda315720 0 0 0
[    24.47 ] D: info.stepCount 0x7eda315720 0 0 0
[    24.47 ] D: info.stepCount 0x7eda315720 0 0 0
[    24.47 ] D: info.stepCount 0x7eda315720 0 0 0
[    24.47 ] D: info.stepCount 0x7eda315720 0 0 0
[    24.47 ] D: info.stepCount 0x7eda315720 0 0 0
[    24.47 ] D: info.stepCount 0x7eda315720 0 0 0
[    24.47 ] D: info.stepCount 0x7eda315720 0 0 0
[    24.47 ] D: info.stepCount 0x7eda315720 0 0 0
[    24.47 ] D: info.stepCount 0x7eda315720 0 0 0
[    24.47 ] D: info.stepCount 0x7eda315720 0 0 0
[    24.47 ] D: info.stepCount 0x7eda315720 0 0 0
[    24.47 ] D: info.stepCount 0x7eda315720 0 0 0
[    24.47 ] D: info.stepCount 0x7eda315720 0 0 0
[    24.47 ] D: info.stepCount 0x7eda315720 0 0 0
[    24.47 ] D: info.stepCount 0x7eda315720 0 0 0
[    24.47 ] D: info.stepCount 0x7eda315720 0 0 0
[    24.47 ] D: info.stepCount 0x7eda315720 0 0 0
[    24.47 ] D: info.stepCount 0x7eda315720 0 0 0
[    24.47 ] D: info.stepCount 0x7eda315720 0 0 0
[    24.47 ] D: info.stepCount 0x7eda315720 0 0 0
[    24.47 ] D: info.stepCount 0x7eda315720 0 0 0
[    24.47 ] D: info.stepCount 0x7eda315720 0 0 0
[    24.47 ] D: info.stepCount 0x7eda315720 0 0 0
[    24.47 ] D: info.stepCount 0x7eda315720 0 0 0
[    24.47 ] D: info.stepCount 0x7eda315720 0 0 0
[    24.47 ] D: info.stepCount 0x7eda315720 0 0 0
[    24.47 ] D: info.stepCount 0x7eda315720 0 0 0
[    24.47 ] D: info.stepCount 0x7eda315720 0 0 0
[    24.47 ] D: info.stepCount 0x7eda315720 0 0 0
[    24.47 ] D: info.stepCount 0x7eda315720 0 0 0
[    24.47 ] D: info.stepCount 0x7eda315720 0 0 0
[    24.47 ] D: info.stepCount 0x7eda315720 0 0 0
[    24.47 ] D: info.stepCount 0x7eda315720 0 0 0
[    24.47 ] D: info.stepCount 0x7eda315720 0 0 0
[    24.47 ] D: info.stepCount 0x7eda315720 0 0 0
[    24.47 ] D: info.stepCount 0x7eda315720 0 0 0
[    24.47 ] D: info.stepCount 0x7eda315720 0 0 0
[    24.47 ] D: info.stepCount 0x7eda315720 0 0 0
[    24.47 ] D: info.stepCount 0x7eda315720 0 0 0
[    24.47 ] D: info.stepCount 0x7eda315720 0 0 0
[    24.47 ] D: info.stepCount 0x7eda315720 0 0 0
[    24.47 ] D: info.stepCount 0x7eda315720 0 0 0
[    24.47 ] D: info.stepCount 0x7eda315720 0 0 0
[    24.47 ] D: info.stepCount 0x7eda315720 0 0 0
[    24.47 ] D: info.stepCount 0x7eda315720 0 0 0
[    24.47 ] D: info.stepCount 0x7eda315720 0 0 0
[    24.47 ] D: info.stepCount 0x7eda315720 0 0 0
[    24.47 ] D: info.stepCount 0x7eda315720 0 0 0
[    24.47 ] D: info.stepCount 0x7eda315720 0 0 0
[    24.47 ] D: info.stepCount 0x7eda315720 0 0 0
[    24.47 ] D: info.stepCount 0x7eda315720 0 0 0
[    24.47 ] D: info.stepCount 0x7eda315720 0 0 0
[    24.47 ] D: info.stepCount 0x7eda315720 0 0 0
[    24.47 ] D: info.stepCount 0x7eda315720 0 0 0
[    24.47 ] D: info.stepCount 0x7eda315720 0 0 0
[    24.47 ] D: info.stepCount 0x7eda315720 0 0 0
[    24.47 ] D: info.stepCount 0x7eda315720 0 0 0
[    24.47 ] D: info.stepCount 0x7eda315720 0 0 0
[    24.47 ] D: info.stepCount 0x7eda315720 0 0 0
[    24.47 ] D: info.stepCount 0x7eda315720 0 0 0
[    24.47 ] D: info.stepCount 0x7eda315720 0 0 0
[    24.47 ] D: info.stepCount 0x7eda315720 0 0 0
[    24.47 ] D: info.stepCount 0x7eda315720 0 0 0
[    24.47 ] D: info.stepCount 0x7eda315720 0 0 0
[    24.47 ] D: info.stepCount 0x7eda315720 0 0 0
[    24.47 ] D: info.stepCount 0x7eda315720 0 0 0
[    24.47 ] D: info.stepCount 0x7eda315720 0 0 0
[    24.47 ] D: info.stepCount 0x7eda315720 0 0 0
[    24.47 ] D: info.stepCount 0x7eda315720 0 0 0
[    24.47 ] D: info.stepCount 0x7eda315720 0 0 0
[    24.47 ] D: info.stepCount 0x7eda315720 0 0 0
[    24.47 ] D: info.stepCount 0x7eda315720 0 0 0
[    24.47 ] D: info.stepCount 0x7eda315720 0 0 0
[    24.47 ] D: info.stepCount 0x7eda315720 0 0 0
[    24.47 ] D: info.stepCount 0x7eda315720 0 0 0
[    24.47 ] D: info.stepCount 0x7eda315720 0 0 0
[    24.47 ] D: info.stepCount 0x7eda315720 0 0 0
[    24.47 ] D: info.stepCount 0x7eda315720 0 0 0
[    24.47 ] D: info.stepCount 0x7eda315720 0 0 0
[    24.47 ] D: info.stepCount 0x7eda315720 0 0 0
[    24.47 ] D: info.stepCount 0x7eda315720 0 0 0
[    24.47 ] D: info.stepCount 0x7eda315720 0 0 0
[    24.47 ] D: info.stepCount 0x7eda315720 0 0 0
[    24.47 ] D: info.stepCount 0x7eda315720 0 0 0
[    24.47 ] D: info.stepCount 0x7eda315720 0 0 0
[    24.47 ] D: info.stepCount 0x7eda315720 0 0 0
[    24.47 ] D: info.stepCount 0x7eda315720 0 0 0
[    24.47 ] D: info.stepCount 0x7eda315720 0 0 0
[    24.47 ] D: info.stepCount 0x7eda315720 0 0 0
[    24.47 ] D: info.stepCount 0x7eda315720 0 0 0
[    24.47 ] D: info.stepCount 0x7eda315720 0 0 0
[    24.47 ] D: info.stepCount 0x7eda315720 0 0 0
[    24.47 ] D: info.stepCount 0x7eda315720 0 0 0
[    24.47 ] D: info.stepCount 0x7eda315720 0 0 0
[    24.47 ] D: info.stepCount 0x7eda315720 0 0 0
[    24.49 ] D: effectModel.controls Vst3Effect(0x19b081c8270)
[    24.68 ] D: ADDING3 1 
[    24.69 ] D: Vst3EffectControls(0x19b0a5c71a0)
[    24.94 ] W: qrc:/Vst3Effect.qml:6:1: QML Vst3Effect: Binding loop detected for property "implicitWidth"
[    24.94 ] D: setTracksRect
[    24.94 ] D: sltStartContentYChanged1
[    24.94 ] D: sltStartContentYChanged2
[    24.94 ] D: sltStartContentYChanged3
[    24.94 ] D: _tracksModel->getItem(i)->rect()1 0 QRect(0,0 1707x111)
[    24.94 ] D: _tracksModel->getItem(i)->rect()1 1 QRect(0,111 1707x111)
[    24.94 ] D: _tracksModel->getItem(i)->rect()1 2 QRect(0,222 1707x111)
[    24.94 ] D: _tracksModel->getItem(i)->rect()1 3 QRect(0,333 1707x111)
[    24.94 ] D: setTracksRect
[    24.94 ] D: setTracksRect
[    24.94 ] D: sltStartContentYChanged4
[   268.64 ] D: _editController->getParameterCount() 13
[   268.64 ] D: info.stepCount 0x7eda315720 1 0 0
[   268.64 ] D: info.stepCount 0x7eda315720 0 0 0
[   268.64 ] D: info.stepCount 0x7eda315720 0.5 0 0
[   268.64 ] D: info.stepCount 0x7eda315720 0.5 0 0
[   268.64 ] D: info.stepCount 0x7eda315720 0.5 0 0
[   268.64 ] D: info.stepCount 0x7eda315720 0.365345 0 0
[   268.64 ] D: info.stepCount 0x7eda315720 0 0 0
[   268.64 ] D: info.stepCount 0x7eda315720 0.348774 0 0
[   268.64 ] D: info.stepCount 0x7eda315720 0.5 0 0
[   268.64 ] D: info.stepCount 0x7eda315720 0.5 0 0
[   268.64 ] D: info.stepCount 0x7eda315720 0.5 0 0
[   268.64 ] D: info.stepCount 0x7eda315720 0.0416667 0 0
[   268.64 ] D: info.stepCount 0x7eda315720 0 1 0
[   268.65 ] D: effectModel.controls Vst3Effect(0x19b0b46b540)
[   268.69 ] D: ADDING3 1 
[   268.70 ] D: Vst3EffectControls(0x19b0b4b8d90)
[   268.72 ] W: qrc:/Vst3Effect.qml:6:1: QML Vst3Effect: Binding loop detected for property "implicitWidth"
[   268.72 ] D: setTracksRect
[   268.72 ] D: sltStartContentYChanged1
[   268.73 ] D: sltStartContentYChanged2
[   268.73 ] D: sltStartContentYChanged3
[   268.73 ] D: _tracksModel->getItem(i)->rect()1 0 QRect(0,0 1707x111)
[   268.73 ] D: _tracksModel->getItem(i)->rect()1 1 QRect(0,111 1707x111)
[   268.73 ] D: _tracksModel->getItem(i)->rect()1 2 QRect(0,222 1707x111)
[   268.73 ] D: _tracksModel->getItem(i)->rect()1 3 QRect(0,333 1707x111)
[   268.73 ] D: setTracksRect
[   268.73 ] D: setTracksRect
[   268.73 ] D: sltStartContentYChanged4
[   270.21 ] D: setTracksRect
[   270.21 ] D: sltStartContentYChanged1
[   270.21 ] D: sltStartContentYChanged2
[   270.21 ] D: sltStartContentYChanged3
[   270.21 ] D: _tracksModel->getItem(i)->rect()1 0 QRect(0,0 3332x111)
[   270.21 ] D: _tracksModel->getItem(i)->rect()1 1 QRect(0,111 3332x111)
[   270.21 ] D: _tracksModel->getItem(i)->rect()1 2 QRect(0,222 3332x111)
[   270.21 ] D: _tracksModel->getItem(i)->rect()1 3 QRect(0,333 3332x111)
[   270.21 ] D: setTracksRect
[   270.21 ] D: setTracksRect
[   270.21 ] D: sltStartContentYChanged4
[   270.21 ] D: setTracksRect
[   270.21 ] D: sltStartContentYChanged1
[   270.21 ] D: sltStartContentYChanged2
[   270.21 ] D: sltStartContentYChanged3
[   270.21 ] D: _tracksModel->getItem(i)->rect()1 0 QRect(0,0 3647x111)
[   270.21 ] D: _tracksModel->getItem(i)->rect()1 1 QRect(0,111 3647x111)
[   270.21 ] D: _tracksModel->getItem(i)->rect()1 2 QRect(0,222 3647x111)
[   270.21 ] D: _tracksModel->getItem(i)->rect()1 3 QRect(0,333 3647x111)
[   270.21 ] D: setTracksRect
[   270.21 ] D: setTracksRect
[   270.21 ] D: sltStartContentYChanged4
[   271.55 ] D: setTracksRect
[   271.55 ] D: sltStartContentYChanged1
[   271.55 ] D: sltStartContentYChanged2
[   271.55 ] D: sltStartContentYChanged3
[   271.55 ] D: _tracksModel->getItem(i)->rect()1 0 QRect(0,0 1392x111)
[   271.55 ] D: _tracksModel->getItem(i)->rect()1 1 QRect(0,111 1392x111)
[   271.55 ] D: _tracksModel->getItem(i)->rect()1 2 QRect(0,222 1392x111)
[   271.55 ] D: _tracksModel->getItem(i)->rect()1 3 QRect(0,333 1392x111)
[   271.55 ] D: setTracksRect
[   271.55 ] D: setTracksRect
[   271.55 ] D: sltStartContentYChanged4
[   271.55 ] D: setTracksRect
[   271.55 ] D: sltStartContentYChanged1
[   271.55 ] D: sltStartContentYChanged2
[   271.55 ] D: sltStartContentYChanged3
[   271.55 ] D: _tracksModel->getItem(i)->rect()1 0 QRect(0,0 1707x111)
[   271.55 ] D: _tracksModel->getItem(i)->rect()1 1 QRect(0,111 1707x111)
[   271.55 ] D: _tracksModel->getItem(i)->rect()1 2 QRect(0,222 1707x111)
[   271.55 ] D: _tracksModel->getItem(i)->rect()1 3 QRect(0,333 1707x111)
[   271.55 ] D: setTracksRect
[   271.55 ] D: setTracksRect
[   271.55 ] D: sltStartContentYChanged4
[   502.55 ] W: Retrying to obtain clipboard.
[   707.46 ] D: LambdaFunctionPointerVoidReturnType class `public: __cdecl DGE::QtWrapper::QMLScene::QNode3D::QNode3D(class DGE::QtWrapper::QMLScene::QINode3D * __ptr64) __ptr64'::`2'::<lambda_1> Is Destroyed
[   707.46 ] D: LambdaFunctionPointerVoidReturnType class `public: __cdecl DGE::QtWrapper::QMLScene::QNode3D::QNode3D(class DGE::QtWrapper::QMLScene::QINode3D * __ptr64) __ptr64'::`2'::<lambda_1> Is Destroyed
[   707.46 ] D: LambdaFunctionPointerVoidReturnType class `protected: void __cdecl DGE::QtWrapper::QMLScene::QPerspectiveCameraController::commonInitConstructor(void) __ptr64'::`2'::<lambda_1> Is Destroyed
[   707.46 ] D: LambdaFunctionPointerVoidReturnType class `private: void __cdecl DGE::QtWrapper::QMLScene::QThirdPersonController::commonInitConstructor(void) __ptr64'::`2'::<lambda_1> Is Destroyed
[   707.46 ] D: LambdaFunctionPointerVoidReturnType class `protected: void __cdecl DGE::QtWrapper::QMLScene::QPerspectiveCameraController::commonInitConstructor(void) __ptr64'::`2'::<lambda_1> Is Destroyed
[   707.46 ] D: MemberFunctionPointer void (__cdecl DGE::QtWrapper::QMLScene::QComponent3D::*)(void) __ptr64 Is Destroyed
[   707.46 ] D: MemberFunctionPointer void (__cdecl DGE::QtWrapper::QMLScene::QThirdPersonController::*)(class std::shared_ptr<class DGE::Scene::Component>) __ptr64 Is Destroyed
[   707.46 ] D: LambdaFunctionPointerVoidReturnType class `public: __cdecl DGE::QtWrapper::QMLScene::QCameraComponent::QCameraComponent(class DGE::QtWrapper::QMLScene::QNode3D * __ptr64,bool) __ptr64'::`2'::<lambda_1> Is Destroyed
[   707.46 ] D: MemberFunctionPointer void (__cdecl DGE::QtWrapper::QMLScene::QComponent3D::*)(void) __ptr64 Is Destroyed
[   707.46 ] D: LambdaFunctionPointerVoidReturnType class `private: void __cdecl DGE::QtWrapper::QMLScene::QPerspectiveLens::commonInitConstructor(void) __ptr64'::`2'::<lambda_1> Is Destroyed
[   707.46 ] D: LambdaFunctionPointerVoidReturnType class `protected: void __cdecl DGE::QtWrapper::QMLScene::QPerspectiveCameraController::commonInitConstructor(void) __ptr64'::`2'::<lambda_1> Is Destroyed
[   707.46 ] D: LambdaFunctionPointerVoidReturnType class `protected: void __cdecl DGE::QtWrapper::QMLScene::QPerspectiveCameraController::commonInitConstructor(void) __ptr64'::`2'::<lambda_1> Is Destroyed
[   707.46 ] D: LambdaFunctionPointerVoidReturnType class `private: void __cdecl DGE::QtWrapper::QMLScene::QThirdPersonController::commonInitConstructor(void) __ptr64'::`2'::<lambda_1> Is Destroyed
[   707.46 ] D: MemberFunctionPointer void (__cdecl DGE::QtWrapper::QMLScene::QComponent3D::*)(void) __ptr64 Is Destroyed
[   707.46 ] D: MemberFunctionPointer void (__cdecl DGE::QtWrapper::QMLScene::QThirdPersonController::*)(class std::shared_ptr<class DGE::Scene::Component>) __ptr64 Is Destroyed
[   707.46 ] D: LambdaFunctionPointerVoidReturnType class `public: __cdecl DGE::QtWrapper::QMLScene::QCameraComponent::QCameraComponent(class DGE::QtWrapper::QMLScene::QNode3D * __ptr64,bool) __ptr64'::`2'::<lambda_1> Is Destroyed
[   707.46 ] D: MemberFunctionPointer void (__cdecl DGE::QtWrapper::QMLScene::QComponent3D::*)(void) __ptr64 Is Destroyed
[   707.46 ] D: LambdaFunctionPointerVoidReturnType class `private: void __cdecl DGE::QtWrapper::QMLScene::QOrthoLens::commonInitConstructor(void) __ptr64'::`2'::<lambda_1> Is Destroyed
[   707.46 ] D: LambdaFunctionPointerVoidReturnType class `protected: void __cdecl DGE::QtWrapper::QMLScene::QPerspectiveCameraController::commonInitConstructor(void) __ptr64'::`2'::<lambda_1> Is Destroyed
[   707.46 ] D: LambdaFunctionPointerVoidReturnType class `private: void __cdecl DGE::QtWrapper::QMLScene::QThirdPersonController::commonInitConstructor(void) __ptr64'::`2'::<lambda_1> Is Destroyed
[   707.46 ] D: LambdaFunctionPointerVoidReturnType class `protected: void __cdecl DGE::QtWrapper::QMLScene::QPerspectiveCameraController::commonInitConstructor(void) __ptr64'::`2'::<lambda_1> Is Destroyed
[   707.46 ] D: MemberFunctionPointer void (__cdecl DGE::QtWrapper::QMLScene::QComponent3D::*)(void) __ptr64 Is Destroyed
[   707.46 ] D: MemberFunctionPointer void (__cdecl DGE::QtWrapper::QMLScene::QThirdPersonController::*)(class std::shared_ptr<class DGE::Scene::Component>) __ptr64 Is Destroyed
[   707.46 ] D: LambdaFunctionPointerVoidReturnType class `public: __cdecl DGE::QtWrapper::QMLScene::QCameraComponent::QCameraComponent(class DGE::QtWrapper::QMLScene::QNode3D * __ptr64,bool) __ptr64'::`2'::<lambda_1> Is Destroyed
[   707.46 ] D: MemberFunctionPointer void (__cdecl DGE::QtWrapper::QMLScene::QComponent3D::*)(void) __ptr64 Is Destroyed
[   707.46 ] D: LambdaFunctionPointerVoidReturnType class `private: void __cdecl DGE::QtWrapper::QMLScene::QOrthoLens::commonInitConstructor(void) __ptr64'::`2'::<lambda_1> Is Destroyed
[   707.46 ] D: LambdaFunctionPointerVoidReturnType class `public: __cdecl DGE::QtWrapper::QMLScene::QCameraComponent::QCameraComponent(class DGE::QtWrapper::QMLScene::QNode3D * __ptr64,bool) __ptr64'::`2'::<lambda_1> Is Destroyed
[   707.46 ] D: MemberFunctionPointer void (__cdecl DGE::QtWrapper::QMLScene::QComponent3D::*)(void) __ptr64 Is Destroyed
[   707.46 ] D: LambdaFunctionPointerVoidReturnType class `private: void __cdecl DGE::QtWrapper::QMLScene::QPerspectiveLens::commonInitConstructor(void) __ptr64'::`2'::<lambda_1> Is Destroyed
[   707.47 ] D: LambdaFunctionPointerVoidReturnType class `protected: void __cdecl DGE::QtWrapper::QMLScene::QPerspectiveCameraController::commonInitConstructor(void) __ptr64'::`2'::<lambda_1> Is Destroyed
[   707.47 ] D: LambdaFunctionPointerVoidReturnType class `private: void __cdecl DGE::QtWrapper::QMLScene::QThirdPersonController::commonInitConstructor(void) __ptr64'::`2'::<lambda_1> Is Destroyed
[   707.47 ] D: LambdaFunctionPointerVoidReturnType class `protected: void __cdecl DGE::QtWrapper::QMLScene::QPerspectiveCameraController::commonInitConstructor(void) __ptr64'::`2'::<lambda_1> Is Destroyed
[   707.47 ] D: MemberFunctionPointer void (__cdecl DGE::QtWrapper::QMLScene::QComponent3D::*)(void) __ptr64 Is Destroyed
[   707.47 ] D: MemberFunctionPointer void (__cdecl DGE::QtWrapper::QMLScene::QThirdPersonController::*)(class std::shared_ptr<class DGE::Scene::Component>) __ptr64 Is Destroyed
[   707.47 ] D: LambdaFunctionPointerVoidReturnType class `public: __cdecl DGE::QtWrapper::QMLScene::QCameraComponent::QCameraComponent(class DGE::QtWrapper::QMLScene::QNode3D * __ptr64,bool) __ptr64'::`2'::<lambda_1> Is Destroyed
[   707.47 ] D: MemberFunctionPointer void (__cdecl DGE::QtWrapper::QMLScene::QComponent3D::*)(void) __ptr64 Is Destroyed
[   707.47 ] D: LambdaFunctionPointerVoidReturnType class `private: void __cdecl DGE::QtWrapper::QMLScene::QPerspectiveLens::commonInitConstructor(void) __ptr64'::`2'::<lambda_1> Is Destroyed
[   707.47 ] D: LambdaFunctionPointerVoidReturnType class `protected: void __cdecl DGE::QtWrapper::QMLScene::QPerspectiveCameraController::commonInitConstructor(void) __ptr64'::`2'::<lambda_1> Is Destroyed
[   707.47 ] D: LambdaFunctionPointerVoidReturnType class `private: void __cdecl DGE::QtWrapper::QMLScene::QThirdPersonController::commonInitConstructor(void) __ptr64'::`2'::<lambda_1> Is Destroyed
[   707.47 ] D: LambdaFunctionPointerVoidReturnType class `protected: void __cdecl DGE::QtWrapper::QMLScene::QPerspectiveCameraController::commonInitConstructor(void) __ptr64'::`2'::<lambda_1> Is Destroyed
[   707.47 ] D: MemberFunctionPointer void (__cdecl DGE::QtWrapper::QMLScene::QComponent3D::*)(void) __ptr64 Is Destroyed
[   707.47 ] D: MemberFunctionPointer void (__cdecl DGE::QtWrapper::QMLScene::QThirdPersonController::*)(class std::shared_ptr<class DGE::Scene::Component>) __ptr64 Is Destroyed
[   707.47 ] D: LambdaFunctionPointerVoidReturnType class `public: __cdecl DGE::QtWrapper::QMLScene::QCameraComponent::QCameraComponent(class DGE::QtWrapper::QMLScene::QNode3D * __ptr64,bool) __ptr64'::`2'::<lambda_1> Is Destroyed
[   707.47 ] D: MemberFunctionPointer void (__cdecl DGE::QtWrapper::QMLScene::QComponent3D::*)(void) __ptr64 Is Destroyed
[   707.47 ] D: LambdaFunctionPointerVoidReturnType class `private: void __cdecl DGE::QtWrapper::QMLScene::QOrthoLens::commonInitConstructor(void) __ptr64'::`2'::<lambda_1> Is Destroyed
[   707.47 ] D: LambdaFunctionPointerVoidReturnType class `protected: void __cdecl DGE::QtWrapper::QMLScene::QPerspectiveCameraController::commonInitConstructor(void) __ptr64'::`2'::<lambda_1> Is Destroyed
[   707.47 ] D: LambdaFunctionPointerVoidReturnType class `protected: void __cdecl DGE::QtWrapper::QMLScene::QPerspectiveCameraController::commonInitConstructor(void) __ptr64'::`2'::<lambda_1> Is Destroyed
[   707.47 ] D: LambdaFunctionPointerVoidReturnType class `private: void __cdecl DGE::QtWrapper::QMLScene::QThirdPersonController::commonInitConstructor(void) __ptr64'::`2'::<lambda_1> Is Destroyed
[   707.47 ] D: MemberFunctionPointer void (__cdecl DGE::QtWrapper::QMLScene::QComponent3D::*)(void) __ptr64 Is Destroyed
[   707.47 ] D: MemberFunctionPointer void (__cdecl DGE::QtWrapper::QMLScene::QThirdPersonController::*)(class std::shared_ptr<class DGE::Scene::Component>) __ptr64 Is Destroyed
[   707.47 ] D: LambdaFunctionPointerVoidReturnType class `public: __cdecl DGE::QtWrapper::QMLScene::QCameraComponent::QCameraComponent(class DGE::QtWrapper::QMLScene::QNode3D * __ptr64,bool) __ptr64'::`2'::<lambda_1> Is Destroyed
[   707.47 ] D: MemberFunctionPointer void (__cdecl DGE::QtWrapper::QMLScene::QComponent3D::*)(void) __ptr64 Is Destroyed
[   707.47 ] D: LambdaFunctionPointerVoidReturnType class `private: void __cdecl DGE::QtWrapper::QMLScene::QOrthoLens::commonInitConstructor(void) __ptr64'::`2'::<lambda_1> Is Destroyed
[   707.47 ] D: LambdaFunctionPointerVoidReturnType class `public: __cdecl DGE::QtWrapper::QMLScene::QCameraComponent::QCameraComponent(class DGE::QtWrapper::QMLScene::QNode3D * __ptr64,bool) __ptr64'::`2'::<lambda_1> Is Destroyed
[   707.47 ] D: MemberFunctionPointer void (__cdecl DGE::QtWrapper::QMLScene::QComponent3D::*)(void) __ptr64 Is Destroyed
[   707.47 ] D: LambdaFunctionPointerVoidReturnType class `private: void __cdecl DGE::QtWrapper::QMLScene::QPerspectiveLens::commonInitConstructor(void) __ptr64'::`2'::<lambda_1> Is Destroyed
[   707.48 ] D: LambdaFunctionPointerVoidReturnType class `protected: void __cdecl DGE::QtWrapper::QMLScene::QPerspectiveCameraController::commonInitConstructor(void) __ptr64'::`2'::<lambda_1> Is Destroyed
[   707.48 ] D: LambdaFunctionPointerVoidReturnType class `protected: void __cdecl DGE::QtWrapper::QMLScene::QPerspectiveCameraController::commonInitConstructor(void) __ptr64'::`2'::<lambda_1> Is Destroyed
[   707.48 ] D: LambdaFunctionPointerVoidReturnType class `private: void __cdecl DGE::QtWrapper::QMLScene::QThirdPersonController::commonInitConstructor(void) __ptr64'::`2'::<lambda_1> Is Destroyed
[   707.48 ] D: MemberFunctionPointer void (__cdecl DGE::QtWrapper::QMLScene::QComponent3D::*)(void) __ptr64 Is Destroyed
[   707.48 ] D: MemberFunctionPointer void (__cdecl DGE::QtWrapper::QMLScene::QThirdPersonController::*)(class std::shared_ptr<class DGE::Scene::Component>) __ptr64 Is Destroyed
[   707.48 ] D: LambdaFunctionPointerVoidReturnType class `public: __cdecl DGE::QtWrapper::QMLScene::QCameraComponent::QCameraComponent(class DGE::QtWrapper::QMLScene::QNode3D * __ptr64,bool) __ptr64'::`2'::<lambda_1> Is Destroyed
[   707.48 ] D: MemberFunctionPointer void (__cdecl DGE::QtWrapper::QMLScene::QComponent3D::*)(void) __ptr64 Is Destroyed
[   707.48 ] D: LambdaFunctionPointerVoidReturnType class `private: void __cdecl DGE::QtWrapper::QMLScene::QPerspectiveLens::commonInitConstructor(void) __ptr64'::`2'::<lambda_1> Is Destroyed
[   707.48 ] D: LambdaFunctionPointerVoidReturnType class `protected: void __cdecl DGE::QtWrapper::QMLScene::QPerspectiveCameraController::commonInitConstructor(void) __ptr64'::`2'::<lambda_1> Is Destroyed
[   707.48 ] D: LambdaFunctionPointerVoidReturnType class `private: void __cdecl DGE::QtWrapper::QMLScene::QThirdPersonController::commonInitConstructor(void) __ptr64'::`2'::<lambda_1> Is Destroyed
[   707.48 ] D: LambdaFunctionPointerVoidReturnType class `protected: void __cdecl DGE::QtWrapper::QMLScene::QPerspectiveCameraController::commonInitConstructor(void) __ptr64'::`2'::<lambda_1> Is Destroyed
[   707.48 ] D: MemberFunctionPointer void (__cdecl DGE::QtWrapper::QMLScene::QComponent3D::*)(void) __ptr64 Is Destroyed
[   707.48 ] D: MemberFunctionPointer void (__cdecl DGE::QtWrapper::QMLScene::QThirdPersonController::*)(class std::shared_ptr<class DGE::Scene::Component>) __ptr64 Is Destroyed
[   707.48 ] D: LambdaFunctionPointerVoidReturnType class `public: __cdecl DGE::QtWrapper::QMLScene::QCameraComponent::QCameraComponent(class DGE::QtWrapper::QMLScene::QNode3D * __ptr64,bool) __ptr64'::`2'::<lambda_1> Is Destroyed
[   707.48 ] D: MemberFunctionPointer void (__cdecl DGE::QtWrapper::QMLScene::QComponent3D::*)(void) __ptr64 Is Destroyed
[   707.48 ] D: LambdaFunctionPointerVoidReturnType class `private: void __cdecl DGE::QtWrapper::QMLScene::QOrthoLens::commonInitConstructor(void) __ptr64'::`2'::<lambda_1> Is Destroyed
[   707.48 ] D: LambdaFunctionPointerVoidReturnType class `protected: void __cdecl DGE::QtWrapper::QMLScene::QPerspectiveCameraController::commonInitConstructor(void) __ptr64'::`2'::<lambda_1> Is Destroyed
[   707.48 ] D: LambdaFunctionPointerVoidReturnType class `private: void __cdecl DGE::QtWrapper::QMLScene::QThirdPersonController::commonInitConstructor(void) __ptr64'::`2'::<lambda_1> Is Destroyed
[   707.48 ] D: LambdaFunctionPointerVoidReturnType class `protected: void __cdecl DGE::QtWrapper::QMLScene::QPerspectiveCameraController::commonInitConstructor(void) __ptr64'::`2'::<lambda_1> Is Destroyed
[   707.48 ] D: MemberFunctionPointer void (__cdecl DGE::QtWrapper::QMLScene::QComponent3D::*)(void) __ptr64 Is Destroyed
[   707.48 ] D: MemberFunctionPointer void (__cdecl DGE::QtWrapper::QMLScene::QThirdPersonController::*)(class std::shared_ptr<class DGE::Scene::Component>) __ptr64 Is Destroyed
[   707.48 ] D: LambdaFunctionPointerVoidReturnType class `public: __cdecl DGE::QtWrapper::QMLScene::QCameraComponent::QCameraComponent(class DGE::QtWrapper::QMLScene::QNode3D * __ptr64,bool) __ptr64'::`2'::<lambda_1> Is Destroyed
[   707.48 ] D: MemberFunctionPointer void (__cdecl DGE::QtWrapper::QMLScene::QComponent3D::*)(void) __ptr64 Is Destroyed
[   707.48 ] D: LambdaFunctionPointerVoidReturnType class `private: void __cdecl DGE::QtWrapper::QMLScene::QOrthoLens::commonInitConstructor(void) __ptr64'::`2'::<lambda_1> Is Destroyed
[   707.48 ] D: LambdaFunctionPointerVoidReturnType class `public: __cdecl DGE::QtWrapper::QMLScene::QCameraComponent::QCameraComponent(class DGE::QtWrapper::QMLScene::QNode3D * __ptr64,bool) __ptr64'::`2'::<lambda_1> Is Destroyed
[   707.48 ] D: MemberFunctionPointer void (__cdecl DGE::QtWrapper::QMLScene::QComponent3D::*)(void) __ptr64 Is Destroyed
[   707.48 ] D: LambdaFunctionPointerVoidReturnType class `private: void __cdecl DGE::QtWrapper::QMLScene::QPerspectiveLens::commonInitConstructor(void) __ptr64'::`2'::<lambda_1> Is Destroyed
[   707.57 ] D: LambdaFunctionPointerVoidReturnType class `public: __cdecl DGE::QtWrapper::QMLScene::QNode3D::QNode3D(class DGE::QtWrapper::QMLScene::QINode3D * __ptr64) __ptr64'::`2'::<lambda_1> Is Destroyed
[   707.57 ] D: LambdaFunctionPointerVoidReturnType class `public: __cdecl DGE::QtWrapper::QMLScene::QNode3D::QNode3D(class DGE::QtWrapper::QMLScene::QINode3D * __ptr64) __ptr64'::`2'::<lambda_1> Is Destroyed
[   707.57 ] D: LambdaFunctionPointerVoidReturnType class `public: __cdecl DGE::QtWrapper::QMLScene::QNode3D::QNode3D(class DGE::QtWrapper::QMLScene::QINode3D * __ptr64) __ptr64'::`2'::<lambda_1> Is Destroyed
[   707.57 ] D: LambdaFunctionPointerVoidReturnType class `public: __cdecl DGE::QtWrapper::QMLScene::QEntity3D::QEntity3D(class DGE::QtWrapper::QMLScene::QINode3D * __ptr64) __ptr64'::`2'::<lambda_2> Is Destroyed
[   707.57 ] D: LambdaFunctionPointerVoidReturnType class `public: __cdecl DGE::QtWrapper::QMLScene::QNode3D::QNode3D(class DGE::QtWrapper::QMLScene::QINode3D * __ptr64) __ptr64'::`2'::<lambda_1> Is Destroyed
[   707.57 ] D: LambdaFunctionPointerVoidReturnType class `public: __cdecl DGE::QtWrapper::QMLScene::QEntity3D::QEntity3D(class DGE::QtWrapper::QMLScene::QINode3D * __ptr64) __ptr64'::`2'::<lambda_1> Is Destroyed
[   707.57 ] D: LambdaFunctionPointerVoidReturnType class `public: __cdecl DGE::QtWrapper::QMLScene::QDShader::QDShader(class DGE::QtWrapper::QMLScene::QNode3D * __ptr64) __ptr64'::`2'::<lambda_2> Is Destroyed
[   707.57 ] D: LambdaFunctionPointerVoidReturnType class `public: __cdecl DGE::QtWrapper::QMLScene::QDShader::QDShader(class DGE::QtWrapper::QMLScene::QNode3D * __ptr64) __ptr64'::`2'::<lambda_1> Is Destroyed
[   707.57 ] D: MemberFunctionPointer void (__cdecl DGE::QtWrapper::QMLScene::QComponent3D::*)(void) __ptr64 Is Destroyed
[   707.57 ] D: LambdaFunctionPointerVoidReturnType class `public: __cdecl DGE::QtWrapper::QMLScene::QDModel::QDModel(class DGE::QtWrapper::QMLScene::QNode3D * __ptr64) __ptr64'::`2'::<lambda_2> Is Destroyed
[   707.57 ] D: MemberFunctionPointer void (__cdecl DGE::QtWrapper::QMLScene::QComponent3D::*)(void) __ptr64 Is Destroyed
[   707.57 ] D: LambdaFunctionPointerVoidReturnType class `public: __cdecl DGE::QtWrapper::QMLScene::QDModel::QDModel(class DGE::QtWrapper::QMLScene::QNode3D * __ptr64) __ptr64'::`2'::<lambda_1> Is Destroyed
[   707.57 ] D: LambdaFunctionPointerVoidReturnType class `public: __cdecl DGE::QtWrapper::QMLScene::Model::BuiltIn::QDSphere::QDSphere(class QObject * __ptr64) __ptr64'::`2'::<lambda_1> Is Destroyed
[   707.57 ] D: LambdaFunctionPointerVoidReturnType class `public: void __cdecl DGE::QtWrapper::QMLScene::QDModel::modelInitialize(void) __ptr64'::`5'::<lambda_1> Is Destroyed
[   707.57 ] D: LambdaFunctionPointerVoidReturnType class `public: __cdecl `public: __cdecl DGE::QtWrapper::QMLScene::QDModel::QDModel(class DGE::QtWrapper::QMLScene::QNode3D * __ptr64) __ptr64'::`2'::<lambda_2>::operator()(void)const __ptr64'::`2'::<lambda_1> Is Destroyed
[   707.57 ] D: MemberFunctionPointer void (__cdecl DGE::QtWrapper::QMLScene::QComponent3D::*)(void) __ptr64 Is Destroyed
[   707.57 ] D: LambdaFunctionPointerVoidReturnType class `public: __cdecl DGE::QtWrapper::QMLScene::QNode3D::QNode3D(class DGE::QtWrapper::QMLScene::QINode3D * __ptr64) __ptr64'::`2'::<lambda_1> Is Destroyed
[   707.57 ] D: LambdaFunctionPointerVoidReturnType class `public: __cdecl DGE::QtWrapper::QMLScene::QNode3D::QNode3D(class DGE::QtWrapper::QMLScene::QINode3D * __ptr64) __ptr64'::`2'::<lambda_1> Is Destroyed
[   707.57 ] D: LambdaFunctionPointerVoidReturnType class `public: __cdecl DGE::QtWrapper::QMLScene::QNode3D::QNode3D(class DGE::QtWrapper::QMLScene::QINode3D * __ptr64) __ptr64'::`2'::<lambda_1> Is Destroyed
[   707.57 ] D: LambdaFunctionPointerVoidReturnType class `public: __cdecl DGE::QtWrapper::QMLScene::QNode3D::QNode3D(class DGE::QtWrapper::QMLScene::QINode3D * __ptr64) __ptr64'::`2'::<lambda_1> Is Destroyed
[   707.57 ] D: LambdaFunctionPointerVoidReturnType class `public: __cdecl DGE::QtWrapper::QMLScene::QNode3D::QNode3D(class DGE::QtWrapper::QMLScene::QINode3D * __ptr64) __ptr64'::`2'::<lambda_1> Is Destroyed
[   707.57 ] D: LambdaFunctionPointerVoidReturnType class `public: __cdecl DGE::QtWrapper::QMLScene::QNode3D::QNode3D(class DGE::QtWrapper::QMLScene::QINode3D * __ptr64) __ptr64'::`2'::<lambda_1> Is Destroyed
[   707.57 ] D: LambdaFunctionPointerVoidReturnType class `public: __cdecl DGE::QtWrapper::QMLScene::QNode3D::QNode3D(class DGE::QtWrapper::QMLScene::QINode3D * __ptr64) __ptr64'::`2'::<lambda_1> Is Destroyed
[   707.57 ] D: LambdaFunctionPointerVoidReturnType class `public: __cdecl DGE::QtWrapper::QMLScene::QNode3D::QNode3D(class DGE::QtWrapper::QMLScene::QINode3D * __ptr64) __ptr64'::`2'::<lambda_1> Is Destroyed
[   707.57 ] D: LambdaFunctionPointerVoidReturnType class `public: __cdecl DGE::QtWrapper::QMLScene::QNode3D::QNode3D(class DGE::QtWrapper::QMLScene::QINode3D * __ptr64) __ptr64'::`2'::<lambda_1> Is Destroyed
[   707.57 ] D: LambdaFunctionPointerVoidReturnType class `public: __cdecl DGE::QtWrapper::QMLScene::QNode3D::QNode3D(class DGE::QtWrapper::QMLScene::QINode3D * __ptr64) __ptr64'::`2'::<lambda_1> Is Destroyed
[   707.57 ] D: LambdaFunctionPointerVoidReturnType class `public: __cdecl DGE::QtWrapper::QMLScene::QNode3D::QNode3D(class DGE::QtWrapper::QMLScene::QINode3D * __ptr64) __ptr64'::`2'::<lambda_1> Is Destroyed
[   707.57 ] D: LambdaFunctionPointerVoidReturnType class `public: __cdecl DGE::QtWrapper::QMLScene::QNode3D::QNode3D(class DGE::QtWrapper::QMLScene::QINode3D * __ptr64) __ptr64'::`2'::<lambda_1> Is Destroyed
[   707.57 ] D: LambdaFunctionPointerVoidReturnType class `public: __cdecl DGE::QtWrapper::QMLScene::QNode3D::QNode3D(class DGE::QtWrapper::QMLScene::QINode3D * __ptr64) __ptr64'::`2'::<lambda_1> Is Destroyed
[   707.57 ] D: LambdaFunctionPointerVoidReturnType class `public: __cdecl DGE::QtWrapper::QMLScene::QNode3D::QNode3D(class DGE::QtWrapper::QMLScene::QINode3D * __ptr64) __ptr64'::`2'::<lambda_1> Is Destroyed
[   707.57 ] D: LambdaFunctionPointerVoidReturnType class `public: __cdecl DGE::QtWrapper::QMLScene::QNode3D::QNode3D(class DGE::QtWrapper::QMLScene::QINode3D * __ptr64) __ptr64'::`2'::<lambda_1> Is Destroyed
[   707.57 ] D: LambdaFunctionPointerVoidReturnType class `public: __cdecl DGE::QtWrapper::QMLScene::QNode3D::QNode3D(class DGE::QtWrapper::QMLScene::QINode3D * __ptr64) __ptr64'::`2'::<lambda_1> Is Destroyed
[   707.57 ] D: LambdaFunctionPointerVoidReturnType class `public: __cdecl DGE::QtWrapper::QMLScene::QNode3D::QNode3D(class DGE::QtWrapper::QMLScene::QINode3D * __ptr64) __ptr64'::`2'::<lambda_1> Is Destroyed
[   707.57 ] D: LambdaFunctionPointerVoidReturnType class `public: __cdecl DGE::QtWrapper::QMLScene::QNode3D::QNode3D(class DGE::QtWrapper::QMLScene::QINode3D * __ptr64) __ptr64'::`2'::<lambda_1> Is Destroyed
[   707.57 ] D: LambdaFunctionPointerVoidReturnType class `public: __cdecl DGE::QtWrapper::QMLScene::QNode3D::QNode3D(class DGE::QtWrapper::QMLScene::QINode3D * __ptr64) __ptr64'::`2'::<lambda_1> Is Destroyed
[   707.57 ] D: LambdaFunctionPointerVoidReturnType class `public: __cdecl DGE::QtWrapper::QMLScene::QNode3D::QNode3D(class DGE::QtWrapper::QMLScene::QINode3D * __ptr64) __ptr64'::`2'::<lambda_1> Is Destroyed
[   707.57 ] D: Destroy Node with id: 2457 and name: 
[   707.57 ] D: LambdaFunctionPointerVoidReturnType class `public: __cdecl DGE::Scene::Node::Node(class std::shared_ptr<class DGE::GFX::GCore::Renderer>,class std::shared_ptr<class DGE::Core::System::Context>) __ptr64'::`2'::<lambda_1> Is Destroyed
[   707.57 ] D: LambdaFunctionPointerVoidReturnType class `public: void __cdecl DGE::QtWrapper::QMLScene::QNode3D::localScaleInitialize(void) __ptr64'::`5'::<lambda_1> Is Destroyed
[   707.57 ] D: LambdaFunctionPointerVoidReturnType class `public: void __cdecl DGE::QtWrapper::QMLScene::QNode3D::localScaleInitialize(void) __ptr64'::`5'::<lambda_1> Is Destroyed
[   707.57 ] D: LambdaFunctionPointerVoidReturnType class `public: void __cdecl DGE::QtWrapper::QMLScene::QNode3D::localScaleInitialize(void) __ptr64'::`5'::<lambda_1> Is Destroyed
[   707.57 ] D: LambdaFunctionPointerVoidReturnType class `public: void __cdecl DGE::QtWrapper::QMLScene::QNode3D::localRotationInitialize(void) __ptr64'::`5'::<lambda_1> Is Destroyed
[   707.57 ] D: LambdaFunctionPointerVoidReturnType class `public: void __cdecl DGE::QtWrapper::QMLScene::QNode3D::localRotationInitialize(void) __ptr64'::`5'::<lambda_1> Is Destroyed
[   707.57 ] D: LambdaFunctionPointerVoidReturnType class `public: void __cdecl DGE::QtWrapper::QMLScene::QNode3D::localRotationInitialize(void) __ptr64'::`5'::<lambda_1> Is Destroyed
[   707.57 ] D: LambdaFunctionPointerVoidReturnType class `public: void __cdecl DGE::QtWrapper::QMLScene::QNode3D::localPositionInitialize(void) __ptr64'::`5'::<lambda_1> Is Destroyed
[   707.57 ] D: LambdaFunctionPointerVoidReturnType class `public: void __cdecl DGE::QtWrapper::QMLScene::QNode3D::localPositionInitialize(void) __ptr64'::`5'::<lambda_1> Is Destroyed
[   707.57 ] D: LambdaFunctionPointerVoidReturnType class `public: void __cdecl DGE::QtWrapper::QMLScene::QNode3D::localPositionInitialize(void) __ptr64'::`5'::<lambda_1> Is Destroyed
[   707.57 ] D: Destroy Node with id: 2458 and name: 
[   707.57 ] D: LambdaFunctionPointerVoidReturnType class `public: __cdecl DGE::Scene::DEntity::DEntity(class std::shared_ptr<class DGE::GFX::GCore::Renderer>,class std::shared_ptr<class DGE::Core::System::Context>) __ptr64'::`2'::<lambda_1> Is Destroyed
[   707.57 ] D: Destroy Node with id: 2458 and name: 
[   707.57 ] D: LambdaFunctionPointerVoidReturnType class `public: __cdecl DGE::Scene::Node::Node(class std::shared_ptr<class DGE::GFX::GCore::Renderer>,class std::shared_ptr<class DGE::Core::System::Context>) __ptr64'::`2'::<lambda_1> Is Destroyed
[   707.57 ] D: LambdaFunctionPointerVoidReturnType class `public: void __cdecl DGE::QtWrapper::QMLScene::QNode3D::localScaleInitialize(void) __ptr64'::`5'::<lambda_1> Is Destroyed
[   707.57 ] D: LambdaFunctionPointerVoidReturnType class `public: void __cdecl DGE::QtWrapper::QMLScene::QNode3D::localScaleInitialize(void) __ptr64'::`5'::<lambda_1> Is Destroyed
[   707.57 ] D: LambdaFunctionPointerVoidReturnType class `public: void __cdecl DGE::QtWrapper::QMLScene::QNode3D::localScaleInitialize(void) __ptr64'::`5'::<lambda_1> Is Destroyed
[   707.57 ] D: LambdaFunctionPointerVoidReturnType class `public: void __cdecl DGE::QtWrapper::QMLScene::QNode3D::localScaleInitialize(void) __ptr64'::`5'::<lambda_1> Is Destroyed
[   707.58 ] D: LambdaFunctionPointerVoidReturnType class `public: void __cdecl DGE::QtWrapper::QMLScene::QNode3D::localScaleInitialize(void) __ptr64'::`5'::<lambda_1> Is Destroyed
[   707.58 ] D: LambdaFunctionPointerVoidReturnType class `public: void __cdecl DGE::QtWrapper::QMLScene::QNode3D::localScaleInitialize(void) __ptr64'::`5'::<lambda_1> Is Destroyed
[   707.58 ] D: LambdaFunctionPointerVoidReturnType class `public: void __cdecl DGE::QtWrapper::QMLScene::QNode3D::localRotationInitialize(void) __ptr64'::`5'::<lambda_1> Is Destroyed
[   707.58 ] D: LambdaFunctionPointerVoidReturnType class `public: void __cdecl DGE::QtWrapper::QMLScene::QNode3D::localRotationInitialize(void) __ptr64'::`5'::<lambda_1> Is Destroyed
[   707.58 ] D: LambdaFunctionPointerVoidReturnType class `public: void __cdecl DGE::QtWrapper::QMLScene::QNode3D::localRotationInitialize(void) __ptr64'::`5'::<lambda_1> Is Destroyed
[   707.58 ] D: LambdaFunctionPointerVoidReturnType class `public: void __cdecl DGE::QtWrapper::QMLScene::QNode3D::localRotationInitialize(void) __ptr64'::`5'::<lambda_1> Is Destroyed
[   707.58 ] D: LambdaFunctionPointerVoidReturnType class `public: void __cdecl DGE::QtWrapper::QMLScene::QNode3D::localRotationInitialize(void) __ptr64'::`5'::<lambda_1> Is Destroyed
[   707.58 ] D: LambdaFunctionPointerVoidReturnType class `public: void __cdecl DGE::QtWrapper::QMLScene::QNode3D::localRotationInitialize(void) __ptr64'::`5'::<lambda_1> Is Destroyed
[   707.58 ] D: LambdaFunctionPointerVoidReturnType class `public: void __cdecl DGE::QtWrapper::QMLScene::QNode3D::localPositionInitialize(void) __ptr64'::`5'::<lambda_1> Is Destroyed
[   707.58 ] D: LambdaFunctionPointerVoidReturnType class `public: void __cdecl DGE::QtWrapper::QMLScene::QNode3D::localPositionInitialize(void) __ptr64'::`5'::<lambda_1> Is Destroyed
[   707.58 ] D: LambdaFunctionPointerVoidReturnType class `public: void __cdecl DGE::QtWrapper::QMLScene::QNode3D::localPositionInitialize(void) __ptr64'::`5'::<lambda_1> Is Destroyed
[   707.58 ] D: LambdaFunctionPointerVoidReturnType class `public: void __cdecl DGE::QtWrapper::QMLScene::QNode3D::localPositionInitialize(void) __ptr64'::`5'::<lambda_1> Is Destroyed
[   707.58 ] D: LambdaFunctionPointerVoidReturnType class `public: void __cdecl DGE::QtWrapper::QMLScene::QNode3D::localPositionInitialize(void) __ptr64'::`5'::<lambda_1> Is Destroyed
[   707.58 ] D: LambdaFunctionPointerVoidReturnType class `public: void __cdecl DGE::QtWrapper::QMLScene::QNode3D::localPositionInitialize(void) __ptr64'::`5'::<lambda_1> Is Destroyed
[   707.58 ] D: Destroy Node with id: 2459 and name: 
[   707.58 ] D: LambdaFunctionPointerVoidReturnType class `public: __cdecl DGE::Scene::Node::Node(class std::shared_ptr<class DGE::GFX::GCore::Renderer>,class std::shared_ptr<class DGE::Core::System::Context>) __ptr64'::`2'::<lambda_1> Is Destroyed
[   707.58 ] D: LambdaFunctionPointerVoidReturnType class `public: __cdecl DGE::Scene::AnimationController::AnimationController(class std::shared_ptr<class DGE::GFX::GCore::Renderer>,class std::shared_ptr<class DGE::Core::System::Context>) __ptr64'::`2'::<lambda_1> Is Destroyed
[   707.58 ] D: LambdaFunctionPointerVoidReturnType class `public: virtual bool __cdecl DGE::Scene::AnimationController::initialize(class std::map<class DGE::Core::BaseType::DString,class std::any,struct std::less<class DGE::Core::BaseType::DString>,class std::allocator<struct std::pair<class DGE::Core::BaseType::DString const ,class std::any> > > & __ptr64) __ptr64'::`2'::<lambda_2> Is Destroyed
[   707.58 ] D: LambdaFunctionPointer class `public: virtual bool __cdecl DGE::Scene::AnimationController::initialize(class std::map<class DGE::Core::BaseType::DString,class std::any,struct std::less<class DGE::Core::BaseType::DString>,class std::allocator<struct std::pair<class DGE::Core::BaseType::DString const ,class std::any> > > & __ptr64) __ptr64'::`2'::<lambda_1> Is Destroyed
[   707.58 ] D: LambdaFunctionPointerVoidReturnType class `protected: virtual void __cdecl DGE::GFX::Primitives::Sphere::regenerateVertices(bool) __ptr64'::`5'::<lambda_2> Is Destroyed
[   707.58 ] D: LambdaFunctionPointerVoidReturnType class `protected: virtual void __cdecl DGE::GFX::Primitives::Sphere::regenerateVertices(bool) __ptr64'::`5'::<lambda_1> Is Destroyed
[   707.58 ] D: LambdaFunctionPointerVoidReturnType class `public: void __cdecl DGE::QtWrapper::QMLScene::QDShader::fragmentSourceCodeInitialize(void) __ptr64'::`5'::<lambda_1> Is Destroyed
[   707.58 ] D: LambdaFunctionPointerVoidReturnType class `public: void __cdecl DGE::QtWrapper::QMLScene::QDShader::fragmentSourceCodeInitialize(void) __ptr64'::`5'::<lambda_1> Is Destroyed
[   707.58 ] D: LambdaFunctionPointerVoidReturnType class `public: void __cdecl DGE::QtWrapper::QMLScene::QDShader::fragmentSourceCodeInitialize(void) __ptr64'::`5'::<lambda_1> Is Destroyed
[   707.58 ] D: LambdaFunctionPointerVoidReturnType class `public: void __cdecl DGE::QtWrapper::QMLScene::QDShader::fragmentSourceCodeInitialize(void) __ptr64'::`5'::<lambda_1> Is Destroyed
[   707.58 ] D: LambdaFunctionPointerVoidReturnType class `public: void __cdecl DGE::QtWrapper::QMLScene::QDShader::fragmentSourceCodeInitialize(void) __ptr64'::`5'::<lambda_1> Is Destroyed
[   707.58 ] D: LambdaFunctionPointerVoidReturnType class `public: void __cdecl DGE::QtWrapper::QMLScene::QDShader::vertexSourceCodeInitialize(void) __ptr64'::`5'::<lambda_1> Is Destroyed
[   707.58 ] D: LambdaFunctionPointerVoidReturnType class `public: void __cdecl DGE::QtWrapper::QMLScene::QDShader::vertexSourceCodeInitialize(void) __ptr64'::`5'::<lambda_1> Is Destroyed
[   707.58 ] D: LambdaFunctionPointerVoidReturnType class `public: void __cdecl DGE::QtWrapper::QMLScene::QDShader::vertexSourceCodeInitialize(void) __ptr64'::`5'::<lambda_1> Is Destroyed
[   707.58 ] D: LambdaFunctionPointerVoidReturnType class `public: void __cdecl DGE::QtWrapper::QMLScene::QDShader::vertexSourceCodeInitialize(void) __ptr64'::`5'::<lambda_1> Is Destroyed
[   707.58 ] D: LambdaFunctionPointerVoidReturnType class `public: void __cdecl DGE::QtWrapper::QMLScene::QDShader::vertexSourceCodeInitialize(void) __ptr64'::`5'::<lambda_1> Is Destroyed
[   707.58 ] D: -----Released Scene Module-----
[   707.58 ] D: -----Released GFX Module-----
[   707.58 ] I: Log: Log file closed, 1403/6/9 11:07:17
