[     9.98 ] I: Log: Log file open in follow path at 1403/6/25 22:20:28 : C:\Users\AmirPasha\Desktop\Rpos\DAW-3\build2019\debug\Logs\Launch.log
[     9.99 ] I: The subsystem "class DGE::Core::IO::LogSystem::Logger" is registered successfully.
[     9.99 ] I: The subsystem "class DGE::Core::Windows::QtWindow" is registered successfully.
[     9.99 ] D: API version is: 4.60 ,shader version is: 4.60
[     9.99 ] I: The subsystem "class DGE::GFX::GCore::QtWrapper::QtRenderer" is registered successfully.
[     9.99 ] I: Current Render API is: 4.60
[     9.99 ] I: The subsystem "Renderer" is registered successfully.
[     9.99 ] I: The subsystem "class DGE::Core::Platforms::QtPlatform" is registered successfully.
[     9.99 ] I: The subsystem "Platform" is registered successfully.
[     9.99 ] I: The subsystem "class DGE::Core::IO::FileSystem::FileManager" is registered successfully.
[     9.99 ] I: The subsystem "class DGE::Core::CoreModule" is registered successfully.
[     9.99 ] I: The subsystem "class DGE::Core::Profiling::Profiler" is registered successfully.
[     9.99 ] I: The subsystem "class DGE::GFX::DrawablesManager" is registered successfully.
[     9.99 ] I: #version 460 core
#define GLES_Ver 460

[     9.99 ] I: The subsystem "class DGE::GFX::GraphicsManager" is registered successfully.
[     9.99 ] I: The subsystem "class DGE::GFX::GFXModule" is registered successfully.
[    10.28 ] D: Shader Compile successfully.
[    10.29 ] I: The subsystem "class DGE::Scene::ViewportManager" is registered successfully.
[    10.29 ] I: The subsystem "class DGE::Scene::SceneModule" is registered successfully.
[    10.29 ] I: The subsystem "class DGE::Managers::RenderManager" is registered successfully.
[    10.29 ] D: Engine Enabled
[    10.29 ] I: The subsystem "class DGE::Engine" is registered successfully.
[    10.29 ] D: Node with id 1 is added to Qt layer
[    10.29 ] D: Node with id 2460 is added to Qt layer
[    10.29 ] D: Node with id 2462 is added to Qt layer
[    10.29 ] D: Node with id 2464 is added to Qt layer
[    10.29 ] D: Node with id 2466 is added to Qt layer
[    10.30 ] D: Node with id 2468 is added to Qt layer
[    10.30 ] D: Node with id 2470 is added to Qt layer
[    10.30 ] D: Node with id 2472 is added to Qt layer
[    10.30 ] D: Node with id 2474 is added to Qt layer
[    10.30 ] D: Node with id 2476 is added to Qt layer
[    10.30 ] D: Node with id 2478 is added to Qt layer
[    10.30 ] D: Node with id 2480 is added to Qt layer
[    10.30 ] D: Node with id 2482 is added to Qt layer
[    10.31 ] D: Node with id 2484 is added to Qt layer
[    10.31 ] D: Node with id 2486 is added to Qt layer
[    10.31 ] D: Node with id 2487 is added to Qt layer
[    10.31 ] D: Node with id 2489 is added to Qt layer
[    10.31 ] D: Node with id 2491 is added to Qt layer
[    10.31 ] D: Node with id 3 is added to Qt layer
[    10.31 ] D: Node with id 2493 is added to Qt layer
[    10.31 ] S: New view-port registered with id: 1
[    10.31 ] S: New view-port registered with id: 2
[    10.31 ] S: New view-port registered with id: 3
[    10.32 ] S: New view-port registered with id: 4
[    10.32 ] S: New view-port registered with id: 5
[    10.32 ] S: New view-port registered with id: 6
[    11.24 ] D: Creating suitable QNanoBackend for OpenGL 4.6 context
[    11.24 ] D: Using backend: "OpenGL 3"
[    11.40 ] W: Floating point comparison needs context sanity check
[    11.41 ] D: QT onScaleChanged=  144
[    11.59 ] W: ShaderEffectSource: 'recursive' must be set to true when rendering recursively.
[    11.59 ] W: ShaderEffectSource: 'recursive' must be set to true when rendering recursively.
[    11.60 ] W: ShaderEffectSource: 'recursive' must be set to true when rendering recursively.
[    11.61 ] W: ShaderEffectSource: 'recursive' must be set to true when rendering recursively.
[    11.85 ] D: Engine Started.
[    18.58 ] D: P1 -153
[    18.58 ] D: P1 -269
[    18.59 ] D: P1 -285
[    18.59 ] D: P1 -292
[    18.59 ] D: P1 -299
[    18.59 ] D: P1 -314
[    18.60 ] D: P1 -322
[    18.60 ] D: P1 -340
[    18.60 ] D: P14
[    18.61 ] D: P1 -347
[    18.61 ] D: P14
[    18.61 ] D: P1 -352
[    18.61 ] D: P14
[    18.61 ] D: P1 -362
[    18.61 ] D: P14
[    18.62 ] D: P1 -370
[    18.62 ] D: P1 -374
[    18.63 ] D: P1 -378
[    18.63 ] D: P1 -389
[    18.64 ] D: P1 -391
[    18.64 ] D: P1 -396
[    18.65 ] D: P1 -397
[    18.65 ] D: P1 -399
[    18.65 ] D: P1 -399
[    18.66 ] D: P1 -400
[    18.66 ] D: P1 -402
[    18.67 ] D: P1 -403
[    18.68 ] D: P1 -404
[    18.68 ] D: P1 -405
[    18.69 ] D: P1 -405
[    18.70 ] D: P1 -408
[    18.71 ] D: P1 -415
[    18.72 ] D: P1 -417
[    18.72 ] D: P1 -419
[    18.73 ] D: P1 -420
[    18.73 ] D: P1 -423
[    18.73 ] D: P1 -424
[    18.74 ] D: P1 -425
[    18.75 ] D: P1 -426
[    18.82 ] D: P1 -426
[    18.82 ] D: P1 -426
[    18.82 ] D: P1 -425
[    18.82 ] D: P1 -424
[    18.82 ] D: P1 -422
[    18.83 ] D: P1 -421
[    18.83 ] D: P1 -418
[    18.83 ] D: P1 -416
[    18.84 ] D: P1 -410
[    18.84 ] D: P1 -406
[    18.84 ] D: P1 -403
[    18.84 ] D: P1 -401
[    18.85 ] D: P1 -398
[    18.85 ] D: P1 -396
[    18.85 ] D: P1 -391
[    18.86 ] D: P1 -390
[    18.87 ] D: P1 -382
[    18.87 ] D: P1 -378
[    18.88 ] D: P1 -376
[    18.88 ] D: P1 -374
[    18.88 ] D: P1 -371
[    18.90 ] D: P1 -369
[    18.90 ] D: P1 -369
[    18.91 ] D: P1 -369
[    18.92 ] D: P1 -368
[    18.92 ] D: P14
[    18.92 ] D: P1 -368
[    18.92 ] D: P14
[    18.93 ] D: P1 -368
[    18.93 ] D: P14
[    18.93 ] D: P1 -368
[    18.93 ] D: P14
[    18.94 ] D: P1 -368
[    18.94 ] D: P14
[    18.94 ] D: P1 -368
[    18.94 ] D: P14
[    18.95 ] D: P1 -368
[    18.95 ] D: P14
[    18.96 ] D: P1 -368
[    18.96 ] D: P14
[    19.06 ] D: P1 -368
[    19.06 ] D: P14
[    19.07 ] D: P1 -368
[    19.07 ] D: P14
[    19.07 ] D: P1 -368
[    19.07 ] D: P14
[    19.07 ] D: P1 -368
[    19.07 ] D: P14
[    19.08 ] D: P1 -368
[    19.08 ] D: P14
[    19.08 ] D: P1 -368
[    19.08 ] D: P14
[    19.08 ] D: P1 -368
[    19.08 ] D: P14
[    19.09 ] D: P1 -368
[    19.09 ] D: P14
[    19.09 ] D: P1 -368
[    19.09 ] D: P14
[    19.09 ] D: P1 -369
[    19.10 ] D: P1 -369
[    19.10 ] D: P1 -370
[    19.11 ] D: P1 -373
[    19.11 ] D: P1 -373
[    19.12 ] D: P1 -375
[    19.12 ] D: P1 -375
[    19.13 ] D: P1 -376
[    19.13 ] D: P1 -379
[    19.14 ] D: P1 -380
[    19.14 ] D: P1 -380
[    19.15 ] D: P1 -381
[    19.16 ] D: P1 -381
[    19.30 ] D: sltPositionChanged 441000
[    19.30 ] D: frame_offset 0 0 217
[    19.31 ] D: frame_offset 0 1 217
[    19.31 ] D: frame_offset 0 2 217
[    19.31 ] D: findOverlayItems 1 0
[    19.31 ] D: "{a449b1ba-b8d1-4446-b334-b3e730faec80}" i.value()->sampleClip()->startTime()  10000 332833 332833 10000
[    19.31 ] D: findOverlayItems
[    19.31 ] D: frame_offset 0 3 217
[    19.31 ] D: frame_offset 0 4 217
[    19.33 ] D: sltPositionChanged 441000
[    19.33 ] D: frame_offset 0 0 217
[    19.33 ] D: frame_offset 0 1 217
[    19.34 ] D: frame_offset 0 2 217
[    19.34 ] D: frame_offset 0 3 217
[    19.34 ] D: frame_offset 0 4 217
[    19.94 ] D: _requestForLoading false false
[    19.94 ] D: _requestForLoading2
[    19.94 ] D: _numberOfSampleBuffer 1
[    19.94 ] D: START TO load 0
[    19.94 ] D: sltPositionChanged 617400 true
[    19.94 ] D: START TO load 1
[    19.94 ] D: START TO load 2
[    19.94 ] D: START TO load 3
[    19.94 ] D: frame_offset 2 0 217
[    19.95 ] D: frame_offset 2 1 217
[    19.95 ] D: frame_offset 2 2 217
[    19.95 ] D: frame_offset 2 3 217
[    19.95 ] D: frame_offset 2 4 217
[    19.96 ] D: sltFirstBufferFilled ("{a449b1ba-b8d1-4446-b334-b3e730faec80}") "{a449b1ba-b8d1-4446-b334-b3e730faec80}" true
[    19.96 ] D: _requestForLoading true false
[    20.43 ] D: AsyncFileReader 2 7
[    25.64 ] D: _editController->getParameterCount() 9
[    25.78 ] D: trackIndex 0 0
[    29.89 ] D: trackIndex 0 0
[    30.28 ] D: _requestForLoading false false
[    30.28 ] D: _requestForLoading2
[    30.28 ] D: _numberOfSampleBuffer 1
[    30.28 ] D: START TO load 0
[    30.28 ] D: sltPositionChanged 661499 true
[    30.29 ] D: START TO load 1
[    30.29 ] D: START TO load 2
[    30.29 ] D: START TO load 3
[    30.29 ] D: frame_offset 3 0 217
[    30.29 ] D: frame_offset 3 1 217
[    30.29 ] D: frame_offset 3 2 217
[    30.30 ] D: frame_offset 3 3 217
[    30.30 ] D: frame_offset 3 4 217
[    30.30 ] D: sltFirstBufferFilled ("{a449b1ba-b8d1-4446-b334-b3e730faec80}") "{a449b1ba-b8d1-4446-b334-b3e730faec80}" true
