[    10.10 ] I: Log: Log file open in follow path at 1403/6/25 22:29:03 : C:\Users\AmirPasha\Desktop\Rpos\DAW-3\build2019\debug\Logs\Launch.log
[    10.10 ] I: The subsystem "class DGE::Core::IO::LogSystem::Logger" is registered successfully.
[    10.10 ] I: The subsystem "class DGE::Core::Windows::QtWindow" is registered successfully.
[    10.10 ] D: API version is: 4.60 ,shader version is: 4.60
[    10.10 ] I: The subsystem "class DGE::GFX::GCore::QtWrapper::QtRenderer" is registered successfully.
[    10.10 ] I: Current Render API is: 4.60
[    10.10 ] I: The subsystem "Renderer" is registered successfully.
[    10.10 ] I: The subsystem "class DGE::Core::Platforms::QtPlatform" is registered successfully.
[    10.10 ] I: The subsystem "Platform" is registered successfully.
[    10.10 ] I: The subsystem "class DGE::Core::IO::FileSystem::FileManager" is registered successfully.
[    10.10 ] I: The subsystem "class DGE::Core::CoreModule" is registered successfully.
[    10.10 ] I: The subsystem "class DGE::Core::Profiling::Profiler" is registered successfully.
[    10.10 ] I: The subsystem "class DGE::GFX::DrawablesManager" is registered successfully.
[    10.10 ] I: #version 460 core
#define GLES_Ver 460

[    10.10 ] I: The subsystem "class DGE::GFX::GraphicsManager" is registered successfully.
[    10.10 ] I: The subsystem "class DGE::GFX::GFXModule" is registered successfully.
[    10.40 ] D: Shader Compile successfully.
[    10.41 ] I: The subsystem "class DGE::Scene::ViewportManager" is registered successfully.
[    10.41 ] I: The subsystem "class DGE::Scene::SceneModule" is registered successfully.
[    10.41 ] I: The subsystem "class DGE::Managers::RenderManager" is registered successfully.
[    10.41 ] D: Engine Enabled
[    10.41 ] I: The subsystem "class DGE::Engine" is registered successfully.
[    10.41 ] D: Node with id 1 is added to Qt layer
[    10.41 ] D: Node with id 2460 is added to Qt layer
[    10.41 ] D: Node with id 2462 is added to Qt layer
[    10.42 ] D: Node with id 2464 is added to Qt layer
[    10.42 ] D: Node with id 2466 is added to Qt layer
[    10.42 ] D: Node with id 2468 is added to Qt layer
[    10.42 ] D: Node with id 2470 is added to Qt layer
[    10.42 ] D: Node with id 2472 is added to Qt layer
[    10.42 ] D: Node with id 2474 is added to Qt layer
[    10.42 ] D: Node with id 2476 is added to Qt layer
[    10.43 ] D: Node with id 2478 is added to Qt layer
[    10.43 ] D: Node with id 2480 is added to Qt layer
[    10.43 ] D: Node with id 2482 is added to Qt layer
[    10.43 ] D: Node with id 2484 is added to Qt layer
[    10.43 ] D: Node with id 2486 is added to Qt layer
[    10.43 ] D: Node with id 2487 is added to Qt layer
[    10.43 ] D: Node with id 2489 is added to Qt layer
[    10.44 ] D: Node with id 2491 is added to Qt layer
[    10.44 ] D: Node with id 3 is added to Qt layer
[    10.44 ] D: Node with id 2493 is added to Qt layer
[    10.44 ] S: New view-port registered with id: 1
[    10.44 ] S: New view-port registered with id: 2
[    10.44 ] S: New view-port registered with id: 3
[    10.45 ] S: New view-port registered with id: 4
[    10.45 ] S: New view-port registered with id: 5
[    10.46 ] S: New view-port registered with id: 6
[    11.52 ] D: Creating suitable QNanoBackend for OpenGL 4.6 context
[    11.52 ] D: Using backend: "OpenGL 3"
[    11.67 ] W: Floating point comparison needs context sanity check
[    11.67 ] D: QT onScaleChanged=  144
[    11.80 ] W: ShaderEffectSource: 'recursive' must be set to true when rendering recursively.
[    11.84 ] W: ShaderEffectSource: 'recursive' must be set to true when rendering recursively.
[    11.84 ] W: ShaderEffectSource: 'recursive' must be set to true when rendering recursively.
[    11.85 ] W: ShaderEffectSource: 'recursive' must be set to true when rendering recursively.
[    12.09 ] D: Engine Started.
[    35.09 ] D: _editController->getParameterCount() 21
[    35.33 ] D: trackIndex 0 0
[    40.50 ] W: ShaderEffectSource: 'recursive' must be set to true when rendering recursively.
[    41.92 ] D: _pointActive1 false true false
[    42.66 ] D: _pointActive1 false true false
[    43.41 ] D: _pointActive1 false true false
[    44.91 ] D: ADDED 0 "mix" 3
[    44.92 ] D: _tracksModel->getItem(i)->rect( QRect(0,0 1707x111)
[    44.92 ] D: _tracksModel->getItem(i)->rect( QRect(0,195 1707x111)
[    44.92 ] D: _tracksModel->getItem(i)->rect( QRect(0,306 1707x111)
[    44.92 ] D: _tracksModel->getItem(i)->rect( QRect(0,417 1707x111)
[    44.93 ] W: ShaderEffectSource: 'recursive' must be set to true when rendering recursively.
[    44.93 ] W: ShaderEffectSource: 'recursive' must be set to true when rendering recursively.
[    49.78 ] W: ShaderEffectSource: 'recursive' must be set to true when rendering recursively.
[    51.21 ] D: _pointActive1 false true false
[    52.46 ] D: _pointActive1 false true false
[    53.36 ] D: _pointActive1 false true false
[    57.66 ] D: P1 -355
[    57.66 ] D: P14
[    57.68 ] D: P1 -358
[    57.68 ] D: P14
[    57.68 ] D: P1 -371
[    57.68 ] D: P1 -372
[    57.68 ] D: P1 -373
[    57.69 ] D: P1 -374
[    57.71 ] D: P1 -377
[    57.71 ] D: P1 -385
[    57.71 ] D: P1 -386
[    57.73 ] D: P1 -387
[    57.74 ] D: P1 -394
[    57.74 ] D: P1 -395
[    57.74 ] D: P1 -396
[    57.75 ] D: P1 -400
[    57.75 ] D: P1 -401
[    57.76 ] D: P1 -402
[    57.76 ] D: P1 -403
[    57.77 ] D: P1 -405
[    57.77 ] D: P1 -405
[    57.77 ] D: P1 -406
[    57.78 ] D: P1 -408
[    57.79 ] D: P1 -409
[    57.99 ] D: P1 -409
[    58.00 ] D: P1 -409
[    58.00 ] D: P1 -409
[    58.00 ] D: P1 -409
[    58.01 ] D: P1 -409
[    58.01 ] D: P1 -408
[    58.01 ] D: P1 -408
[    58.03 ] D: P1 -406
[    58.03 ] D: P1 -406
[    58.04 ] D: P1 -406
[    58.04 ] D: P1 -405
[    58.04 ] D: P1 -405
[    58.05 ] D: P1 -405
[    58.06 ] D: P1 -404
[    58.06 ] D: P1 -404
[    58.06 ] D: P1 -403
[    58.07 ] D: P1 -403
[    58.08 ] D: P1 -403
[    58.08 ] D: P1 -402
[    58.08 ] D: P1 -402
[    58.09 ] D: P1 -402
[    58.09 ] D: P1 -402
[    58.11 ] D: P1 -401
[    58.11 ] D: P1 -400
[    58.12 ] D: P1 -400
[    58.13 ] D: P1 -398
[    58.13 ] D: P1 -398
[    58.14 ] D: P1 -398
[    58.15 ] D: P1 -397
[    58.16 ] D: P1 -396
[    58.16 ] D: P1 -395
[    58.17 ] D: P1 -395
[    58.18 ] D: P1 -394
[    58.19 ] D: P1 -394
[    58.20 ] D: P1 -394
[    58.21 ] D: P1 -394
[    58.21 ] D: P1 -394
[    58.21 ] D: P1 -393
[    58.22 ] D: P1 -392
[    58.23 ] D: P1 -392
[    58.24 ] D: P1 -392
[    58.26 ] D: P1 -391
[    58.26 ] D: P1 -391
[    58.28 ] D: P1 -391
[    58.28 ] D: P1 -391
[    58.29 ] D: P1 -391
[    58.30 ] D: P1 -390
[    58.31 ] D: P1 -390
[    58.31 ] D: P1 -389
[    58.31 ] D: P1 -389
[    58.32 ] D: P1 -388
[    58.32 ] D: P1 -388
[    58.33 ] D: P1 -388
[    58.34 ] D: P1 -388
[    58.35 ] D: P1 -387
[    58.35 ] D: P1 -387
[    58.35 ] D: P1 -387
[    58.36 ] D: P1 -387
[    58.37 ] D: P1 -387
[    58.37 ] D: P1 -386
[    58.38 ] D: P1 -386
[    58.38 ] D: P1 -386
[    58.39 ] D: P1 -385
[    58.40 ] D: P1 -385
[    58.40 ] D: P1 -385
[    58.41 ] D: P1 -384
[    58.41 ] D: P1 -384
[    58.41 ] D: P1 -384
[    58.43 ] D: P1 -383
[    58.44 ] D: P1 -383
[    58.47 ] D: P1 -383
[    58.49 ] D: P1 -383
[    58.51 ] D: P1 -383
[    58.54 ] D: P1 -383
[    58.57 ] D: P1 -383
[    58.59 ] D: P1 -382
[    58.60 ] D: P1 -382
[    58.60 ] D: P1 -381
[    58.61 ] D: P1 -381
[    58.62 ] D: P1 -381
[    58.65 ] D: P1 -381
[    58.65 ] D: P1 -381
[    58.66 ] D: P1 -381
[    58.67 ] D: P1 -381
[    58.95 ] D: sltPositionChanged 0
[    58.95 ] D: frame_offset 0 0 217
[    58.95 ] D: frame_offset 0 1 217
[    58.96 ] D: frame_offset 0 2 217
[    58.96 ] D: frame_offset 0 3 217
[    58.96 ] D: frame_offset 0 4 217
[    58.96 ] D: findOverlayItems 1 0
[    58.97 ] D: "{86ecf728-7858-41b2-a655-efdd639c8ce2}" i.value()->sampleClip()->startTime()  0 322833 322833 0
[    58.97 ] D: findOverlayItems
[    77.62 ] D: sltStartContentYChanged1
[    77.62 ] D: sltStartContentYChanged2
[    77.62 ] D: sltStartContentYChanged3
[    77.62 ] D: _tracksModel->getItem(i)->rect()1 0 QRect(0,0 1391x111)
[    77.62 ] D: _tracksModel->getItem(i)->rect()1 1 QRect(0,195 1391x111)
[    77.62 ] D: _tracksModel->getItem(i)->rect()1 2 QRect(0,306 1391x111)
[    77.62 ] D: _tracksModel->getItem(i)->rect()1 3 QRect(0,417 1391x111)
[    77.62 ] D: sltStartContentYChanged4
[    77.62 ] D: sltStartContentYChanged1
[    77.62 ] D: sltStartContentYChanged2
[    77.62 ] D: sltStartContentYChanged3
[    77.62 ] D: _tracksModel->getItem(i)->rect()1 0 QRect(0,0 1706x111)
[    77.62 ] D: _tracksModel->getItem(i)->rect()1 1 QRect(0,195 1706x111)
[    77.62 ] D: _tracksModel->getItem(i)->rect()1 2 QRect(0,306 1706x111)
[    77.62 ] D: _tracksModel->getItem(i)->rect()1 3 QRect(0,417 1706x111)
[    77.62 ] D: sltStartContentYChanged4
[    77.70 ] D: sltStartContentYChanged1
[    77.70 ] D: sltStartContentYChanged2
[    77.70 ] D: sltStartContentYChanged3
[    77.70 ] D: _tracksModel->getItem(i)->rect()1 0 QRect(0,0 1353x111)
[    77.70 ] D: _tracksModel->getItem(i)->rect()1 1 QRect(0,195 1353x111)
[    77.70 ] D: _tracksModel->getItem(i)->rect()1 2 QRect(0,306 1353x111)
[    77.70 ] D: _tracksModel->getItem(i)->rect()1 3 QRect(0,417 1353x111)
[    77.70 ] D: sltStartContentYChanged4
[    77.70 ] D: sltStartContentYChanged1
[    77.70 ] D: sltStartContentYChanged2
[    77.70 ] D: sltStartContentYChanged3
[    77.70 ] D: _tracksModel->getItem(i)->rect()1 0 QRect(0,0 1668x111)
[    77.70 ] D: _tracksModel->getItem(i)->rect()1 1 QRect(0,195 1668x111)
[    77.70 ] D: _tracksModel->getItem(i)->rect()1 2 QRect(0,306 1668x111)
[    77.70 ] D: _tracksModel->getItem(i)->rect()1 3 QRect(0,417 1668x111)
[    77.70 ] D: sltStartContentYChanged4
[    77.96 ] D: sltStartContentYChanged1
[    77.96 ] D: sltStartContentYChanged2
[    77.96 ] D: sltStartContentYChanged3
[    77.96 ] D: _tracksModel->getItem(i)->rect()1 0 QRect(0,0 1231x111)
[    77.96 ] D: _tracksModel->getItem(i)->rect()1 1 QRect(0,195 1231x111)
[    77.96 ] D: _tracksModel->getItem(i)->rect()1 2 QRect(0,306 1231x111)
[    77.96 ] D: _tracksModel->getItem(i)->rect()1 3 QRect(0,417 1231x111)
[    77.96 ] D: sltStartContentYChanged4
[    77.96 ] D: sltStartContentYChanged1
[    77.96 ] D: sltStartContentYChanged2
[    77.96 ] D: sltStartContentYChanged3
[    77.96 ] D: _tracksModel->getItem(i)->rect()1 0 QRect(0,0 1546x111)
[    77.96 ] D: _tracksModel->getItem(i)->rect()1 1 QRect(0,195 1546x111)
[    77.96 ] D: _tracksModel->getItem(i)->rect()1 2 QRect(0,306 1546x111)
[    77.96 ] D: _tracksModel->getItem(i)->rect()1 3 QRect(0,417 1546x111)
[    77.96 ] D: sltStartContentYChanged4
[    78.21 ] D: sltStartContentYChanged1
[    78.21 ] D: sltStartContentYChanged2
[    78.21 ] D: sltStartContentYChanged3
[    78.21 ] D: _tracksModel->getItem(i)->rect()1 0 QRect(0,0 935x111)
[    78.21 ] D: _tracksModel->getItem(i)->rect()1 1 QRect(0,195 935x111)
[    78.21 ] D: _tracksModel->getItem(i)->rect()1 2 QRect(0,306 935x111)
[    78.21 ] D: _tracksModel->getItem(i)->rect()1 3 QRect(0,417 935x111)
[    78.21 ] D: sltStartContentYChanged4
[    78.21 ] D: sltStartContentYChanged1
[    78.21 ] D: sltStartContentYChanged2
[    78.21 ] D: sltStartContentYChanged3
[    78.21 ] D: _tracksModel->getItem(i)->rect()1 0 QRect(0,0 1250x111)
[    78.21 ] D: _tracksModel->getItem(i)->rect()1 1 QRect(0,195 1250x111)
[    78.21 ] D: _tracksModel->getItem(i)->rect()1 2 QRect(0,306 1250x111)
[    78.21 ] D: _tracksModel->getItem(i)->rect()1 3 QRect(0,417 1250x111)
[    78.21 ] D: sltStartContentYChanged4
[    78.48 ] D: sltStartContentYChanged1
[    78.48 ] D: sltStartContentYChanged2
[    78.48 ] D: sltStartContentYChanged3
[    78.48 ] D: _tracksModel->getItem(i)->rect()1 0 QRect(0,0 716x111)
[    78.48 ] D: _tracksModel->getItem(i)->rect()1 1 QRect(0,195 716x111)
[    78.48 ] D: _tracksModel->getItem(i)->rect()1 2 QRect(0,306 716x111)
[    78.48 ] D: _tracksModel->getItem(i)->rect()1 3 QRect(0,417 716x111)
[    78.48 ] D: sltStartContentYChanged4
[    78.48 ] D: sltStartContentYChanged1
[    78.48 ] D: sltStartContentYChanged2
[    78.48 ] D: sltStartContentYChanged3
[    78.48 ] D: _tracksModel->getItem(i)->rect()1 0 QRect(0,0 1031x111)
[    78.48 ] D: _tracksModel->getItem(i)->rect()1 1 QRect(0,195 1031x111)
[    78.48 ] D: _tracksModel->getItem(i)->rect()1 2 QRect(0,306 1031x111)
[    78.48 ] D: _tracksModel->getItem(i)->rect()1 3 QRect(0,417 1031x111)
[    78.48 ] D: sltStartContentYChanged4
[    78.73 ] D: sltStar