[     6.25 ] I: Log: Log file open in follow path at 1403/6/24 21:50:16 : C:\Users\AmirPasha\Desktop\Rpos\DAW-3\build2019\debug\Logs\Launch.log
[     6.25 ] I: The subsystem "class DGE::Core::IO::LogSystem::Logger" is registered successfully.
[     6.25 ] I: The subsystem "class DGE::Core::Windows::QtWindow" is registered successfully.
[     6.25 ] D: API version is: 4.60 ,shader version is: 4.60
[     6.25 ] I: The subsystem "class DGE::GFX::GCore::QtWrapper::QtRenderer" is registered successfully.
[     6.25 ] I: Current Render API is: 4.60
[     6.25 ] I: The subsystem "Renderer" is registered successfully.
[     6.25 ] I: The subsystem "class DGE::Core::Platforms::QtPlatform" is registered successfully.
[     6.25 ] I: The subsystem "Platform" is registered successfully.
[     6.25 ] I: The subsystem "class DGE::Core::IO::FileSystem::FileManager" is registered successfully.
[     6.25 ] I: The subsystem "class DGE::Core::CoreModule" is registered successfully.
[     6.25 ] I: The subsystem "class DGE::Core::Profiling::Profiler" is registered successfully.
[     6.25 ] I: The subsystem "class DGE::GFX::DrawablesManager" is registered successfully.
[     6.25 ] I: #version 460 core
#define GLES_Ver 460

[     6.25 ] I: The subsystem "class DGE::GFX::GraphicsManager" is registered successfully.
[     6.26 ] I: The subsystem "class DGE::GFX::GFXModule" is registered successfully.
[     6.41 ] D: Shader Compile successfully.
[     6.41 ] I: The subsystem "class DGE::Scene::ViewportManager" is registered successfully.
[     6.41 ] I: The subsystem "class DGE::Scene::SceneModule" is registered successfully.
[     6.41 ] I: The subsystem "class DGE::Managers::RenderManager" is registered successfully.
[     6.41 ] D: Engine Enabled
[     6.41 ] I: The subsystem "class DGE::Engine" is registered successfully.
[     6.41 ] D: Node with id 1 is added to Qt layer
[     6.41 ] D: Node with id 2460 is added to Qt layer
[     6.41 ] D: Node with id 2462 is added to Qt layer
[     6.41 ] D: Node with id 2464 is added to Qt layer
[     6.41 ] D: Node with id 2466 is added to Qt layer
[     6.42 ] D: Node with id 2468 is added to Qt layer
[     6.42 ] D: Node with id 2470 is added to Qt layer
[     6.42 ] D: Node with id 2472 is added to Qt layer
[     6.42 ] D: Node with id 2474 is added to Qt layer
[     6.42 ] D: Node with id 2476 is added to Qt layer
[     6.42 ] D: Node with id 2478 is added to Qt layer
[     6.42 ] D: Node with id 2480 is added to Qt layer
[     6.42 ] D: Node with id 2482 is added to Qt layer
[     6.42 ] D: Node with id 2484 is added to Qt layer
[     6.42 ] D: Node with id 2486 is added to Qt layer
[     6.42 ] D: Node with id 2487 is added to Qt layer
[     6.42 ] D: Node with id 2489 is added to Qt layer
[     6.43 ] D: Node with id 2491 is added to Qt layer
[     6.43 ] D: Node with id 3 is added to Qt layer
[     6.43 ] D: Node with id 2493 is added to Qt layer
[     6.43 ] S: New view-port registered with id: 1
[     6.43 ] S: New view-port registered with id: 2
[     6.43 ] S: New view-port registered with id: 3
[     6.43 ] S: New view-port registered with id: 4
[     6.43 ] S: New view-port registered with id: 5
[     6.43 ] S: New view-port registered with id: 6
[     6.60 ] D: Creating suitable QNanoBackend for OpenGL 4.6 context
[     6.60 ] D: Using backend: "OpenGL 3"
[     6.67 ] W: Floating point comparison needs context sanity check
[     6.67 ] D: QT onScaleChanged=  144
[     6.72 ] W: ShaderEffectSource: 'recursive' must be set to true when rendering recursively.
[     6.72 ] W: ShaderEffectSource: 'recursive' must be set to true when rendering recursively.
[     6.72 ] W: ShaderEffectSource: 'recursive' must be set to true when rendering recursively.
[     6.74 ] W: ShaderEffectSource: 'recursive' must be set to true when rendering recursively.
[     7.04 ] D: Engine Started.
[    18.24 ] D: _editController->getParameterCount() 7
[    18.25 ] D: addVst3Effect
[    18.31 ] D: ADDED
[    21.60 ] W: ShaderEffectSource: 'recursive' must be set to true when rendering recursively.
[    22.84 ] W: qrc:/TrackPanels/Audio/Automation/AutomationDropMenu.qml:249:5: QML Connections: Implicitly defined onFoo properties in Connections are deprecated. Use this syntax instead: function onFoo(<arguments>) { ... }
[    22.84 ] D: ADDED 0 "feedback" 3
[    22.84 ] D: _tracksModel->getItem(i)->rect( QRect(0,0 1707x111)
[    22.84 ] D: _tracksModel->getItem(i)->rect( QRect(0,195 1707x111)
[    22.84 ] D: _tracksModel->getItem(i)->rect( QRect(0,306 1707x111)
[    22.84 ] D: _tracksModel->getItem(i)->rect( QRect(0,417 1707x111)
[    22.86 ] W: ShaderEffectSource: 'recursive' must be set to true when rendering recursively.
[    22.86 ] W: ShaderEffectSource: 'recursive' must be set to true when rendering recursively.
[    26.33 ] W: ShaderEffectSource: 'recursive' must be set to true when rendering recursively.
[    40.72 ] D: P1 -452
[    40.73 ] D: P1 -406
[    40.73 ] D: P1 -402
[    40.73 ] D: P1 -401
[    40.73 ] D: P1 -399
[    40.74 ] D: P1 -398
[    40.75 ] D: P1 -397
[    40.75 ] D: P1 -395
[    40.77 ] D: P1 -395
[    40.80 ] D: P1 -394
[    40.81 ] D: P1 -394
[    40.81 ] D: P1 -394
[    40.81 ] D: P1 -394
[    40.82 ] D: P1 -394
[    40.83 ] D: P1 -397
[    40.83 ] D: P1 -398
[    40.83 ] D: P1 -399
[    40.84 ] D: P1 -401
[    40.85 ] D: P1 -402
[    40.86 ] D: P1 -405
[    40.86 ] D: P1 -406
[    40.86 ] D: P1 -407
[    40.87 ] D: P1 -407
[    40.88 ] D: P1 -409
[    40.89 ] D: P1 -409
[    40.89 ] D: P1 -409
[    40.89 ] D: P1 -409
[    40.90 ] D: P1 -409
[    40.90 ] D: P1 -409
[    40.91 ] D: P1 -409
[    40.92 ] D: P1 -409
[    40.93 ] D: P1 -409
[    40.94 ] D: P1 -406
[    40.95 ] D: P1 -402
[    40.96 ] D: P1 -400
[    40.96 ] D: P1 -399
[    40.96 ] D: P1 -397
[    40.97 ] D: P1 -397
[    40.98 ] D: P1 -396
[    40.98 ] D: P1 -394
[    40.99 ] D: P1 -394
[    41.00 ] D: P1 -394
[    41.20 ] D: sltPositionChanged 529199
[    41.21 ] D: frame_offset 0 0 217
[    41.21 ] D: frame_offset 0 1 217
[    41.21 ] D: findOverlayItems 1 0
[    41.21 ] D: "{5713eb95-4bae-4f1b-a3b4-0042510eed98}" i.value()->sampleClip()->startTime()  12000 334833 334833 12000
[    41.21 ] D: findOverlayItems
[    41.21 ] D: frame_offset 0 2 217
[    41.21 ] D: frame_offset 0 3 217
[    41.22 ] D: frame_offset 0 4 217
[    41.22 ] D: sltPositionChanged 529199
[    41.22 ] D: frame_offset 0 0 217
[    41.22 ] D: frame_offset 0 1 217
[    41.23 ] D: frame_offset 0 2 217
[    41.23 ] D: frame_offset 0 3 217
[    41.23 ] D: frame_offset 0 4 217
[    42.18 ] D: _pointActive1 false true false
[    43.76 ] W: qrc:/TrackPanels/Audio/Automation/AutomationDropMenu.qml:249:5: QML Connections: Implicitly defined onFoo properties in Connections are deprecated. Use this syntax instead: function onFoo(<arguments>) { ... }
[    43.76 ] D: ADDED 1 "wetDry" 3
[    43.76 ] D: _tracksModel->getItem(i)->rect( QRect(0,0 1707x111)
[    43.76 ] D: _tracksModel->getItem(i)->rect( QRect(0,279 1707x111)
[    43.76 ] D: _tracksModel->getItem(i)->rect( QRect(0,390 1707x111)
[    43.76 ] D: _tracksModel->getItem(i)->rect( QRect(0,501 1707x111)
[    43.84 ] W: qrc:/TrackPanels/Audio/Automation/AutomationDropMenu.qml:249:5: QML Connections: Implicitly defined onFoo properties in Connections are deprecated. Use this syntax instead: function onFoo(<arguments>) { ... }
[    43.88 ] W: ShaderEffectSource: 'recursive' must be set to true when rendering recursively.
[    43.88 ] W: ShaderEffectSource: 'recursive' must be set to true when rendering recursively.
[    43.88 ] W: ShaderEffectSource: 'recursive' must be set to true when rendering recursively.
[    47.20 ] W: ShaderEffectSource: 'recursive' must be set to true when rendering recursively.
[    49.68 ] D: inSelectedLineRETURN3
[    49.68 ] D: inSelectedLineRETURN3
[    49.70 ] D: inSelectedLineRETURN3
[    49.70 ] D: inSelectedLineRETURN3
[    49.73 ] D: inSelectedLineRETURN3
[    49.73 ] D: inSelectedLineRETURN3
[    49.75 ] D: inSelectedLineRETURN3
[    49.75 ] D: inSelectedLineRETURN3
[    49.78 ] D: inSelectedLineRETURN3
[    49.78 ] D: inSelectedLineRETURN3
[    49.81 ] D: inSelectedLineRETURN3
[    49.81 ] D: inSelectedLineRETURN3
[    49.84 ] D: inSelectedLineRETURN3
[    49.84 ] D: inSelectedLineRETURN3
[    49.86 ] D: inSelectedLineRETURN3
[    49.86 ] D: inSelectedLineRETURN3
