[     4.49 ] I: Log: Log file open in follow path at 1403/6/12 09:18:56 : C:\Users\AmirPasha\Desktop\Rpos\DAW-3\build2019\debug\Logs\Launch.log
[     4.49 ] I: The subsystem "class DGE::Core::IO::LogSystem::Logger" is registered successfully.
[     4.49 ] I: The subsystem "class DGE::Core::Windows::QtWindow" is registered successfully.
[     4.49 ] D: API version is: 4.60 ,shader version is: 4.60
[     4.49 ] I: The subsystem "class DGE::GFX::GCore::QtWrapper::QtRenderer" is registered successfully.
[     4.49 ] I: Current Render API is: 4.60
[     4.49 ] I: The subsystem "Renderer" is registered successfully.
[     4.49 ] I: The subsystem "class DGE::Core::Platforms::QtPlatform" is registered successfully.
[     4.49 ] I: The subsystem "Platform" is registered successfully.
[     4.49 ] I: The subsystem "class DGE::Core::IO::FileSystem::FileManager" is registered successfully.
[     4.49 ] I: The subsystem "class DGE::Core::CoreModule" is registered successfully.
[     4.49 ] I: The subsystem "class DGE::Core::Profiling::Profiler" is registered successfully.
[     4.49 ] I: The subsystem "class DGE::GFX::DrawablesManager" is registered successfully.
[     4.49 ] I: #version 460 core
#define GLES_Ver 460

[     4.49 ] I: The subsystem "class DGE::GFX::GraphicsManager" is registered successfully.
[     4.49 ] I: The subsystem "class DGE::GFX::GFXModule" is registered successfully.
[     4.56 ] D: Shader Compile successfully.
[     4.57 ] I: The subsystem "class DGE::Scene::ViewportManager" is registered successfully.
[     4.57 ] I: The subsystem "class DGE::Scene::SceneModule" is registered successfully.
[     4.57 ] I: The subsystem "class DGE::Managers::RenderManager" is registered successfully.
[     4.57 ] D: Engine Enabled
[     4.57 ] I: The subsystem "class DGE::Engine" is registered successfully.
[     4.57 ] D: Node with id 1 is added to Qt layer
[     4.57 ] D: Node with id 2460 is added to Qt layer
[     4.57 ] D: Node with id 2462 is added to Qt layer
[     4.57 ] D: Node with id 2464 is added to Qt layer
[     4.57 ] D: Node with id 2466 is added to Qt layer
[     4.57 ] D: Node with id 2468 is added to Qt layer
[     4.57 ] D: Node with id 2470 is added to Qt layer
[     4.57 ] D: Node with id 2472 is added to Qt layer
[     4.57 ] D: Node with id 2474 is added to Qt layer
[     4.57 ] D: Node with id 2476 is added to Qt layer
[     4.57 ] D: Node with id 2478 is added to Qt layer
[     4.57 ] D: Node with id 2480 is added to Qt layer
[     4.57 ] D: Node with id 2482 is added to Qt layer
[     4.57 ] D: Node with id 2484 is added to Qt layer
[     4.57 ] D: Node with id 2486 is added to Qt layer
[     4.57 ] D: Node with id 2487 is added to Qt layer
[     4.57 ] D: Node with id 2489 is added to Qt layer
[     4.57 ] D: Node with id 2491 is added to Qt layer
[     4.57 ] D: Node with id 3 is added to Qt layer
[     4.57 ] D: Node with id 2493 is added to Qt layer
[     4.57 ] S: New view-port registered with id: 1
[     4.57 ] S: New view-port registered with id: 2
[     4.57 ] S: New view-port registered with id: 3
[     4.57 ] S: New view-port registered with id: 4
[     4.57 ] S: New view-port registered with id: 5
[     4.57 ] S: New view-port registered with id: 6
[     4.67 ] D: Creating suitable QNanoBackend for OpenGL 4.6 context
[     4.67 ] D: Using backend: "OpenGL 3"
[     4.71 ] W: Floating point comparison needs context sanity check
[     4.71 ] D: QT onScaleChanged=  144
[     4.73 ] W: ShaderEffectSource: 'recursive' must be set to true when rendering recursively.
[     4.74 ] W: ShaderEffectSource: 'recursive' must be set to true when rendering recursively.
[     4.74 ] W: ShaderEffectSource: 'recursive' must be set to true when rendering recursively.
[     4.74 ] W: ShaderEffectSource: 'recursive' must be set to true when rendering recursively.
[     4.90 ] D: Engine Started.
[    24.02 ] D: _editController->getParameterCount() 143
[    24.02 ] D: info.stepCount 0x122f945490 0.7 0 0
[    24.02 ] D: info.stepCount 0x122f945490 0.5 0 0
[    24.02 ] D: info.stepCount 0x122f945490 0 1 0
[    24.02 ] D: info.stepCount 0x122f945490 0.5 0 0
[    24.02 ] D: info.stepCount 0x122f945490 0.5 0 0
[    24.02 ] D: info.stepCount 0x122f945490 0.5 0 0
[    24.02 ] D: info.stepCount 0x122f945490 0.5 0 0
[    24.02 ] D: info.stepCount 0x122f945490 0 1 0
[    24.02 ] D: info.stepCount 0x122f945490 0 1 0
[    24.03 ] D: info.stepCount 0x122f945490 0 0 0
[    24.03 ] D: info.stepCount 0x122f945490 0 0 0
[    24.03 ] D: info.stepCount 0x122f945490 0 0 0
[    24.03 ] D: info.stepCount 0x122f945490 0 0 0
[    24.03 ] D: info.stepCount 0x122f945490 0 0 0
[    24.03 ] D: info.stepCount 0x122f945490 0 0 0
[    24.03 ] D: info.stepCount 0x122f945490 0 0 0
[    24.03 ] D: info.stepCount 0x122f945490 0 0 0
[    24.03 ] D: info.stepCount 0x122f945490 0 0 0
[    24.03 ] D: info.stepCount 0x122f945490 0 0 0
[    24.03 ] D: info.stepCount 0x122f945490 0 0 0
[    24.03 ] D: info.stepCount 0x122f945490 0 0 0
[    24.03 ] D: info.stepCount 0x122f945490 0 0 0
[    24.03 ] D: info.stepCount 0x122f945490 0 0 0
[    24.03 ] D: info.stepCount 0x122f945490 0 0 0
[    24.03 ] D: info.stepCount 0x122f945490 0 0 0
[    24.03 ] D: info.stepCount 0x122f945490 0 0 0
[    24.03 ] D: info.stepCount 0x122f945490 0 0 0
[    24.03 ] D: info.stepCount 0x122f945490 0 0 0
[    24.03 ] D: info.stepCount 0x122f945490 0 0 0
[    24.03 ] D: info.stepCount 0x122f945490 0 0 0
[    24.03 ] D: info.stepCount 0x122f945490 0 0 0
[    24.03 ] D: info.stepCount 0x122f945490 0 0 0
[    24.03 ] D: info.stepCount 0x122f945490 0 0 0
[    24.03 ] D: info.stepCount 0x122f945490 0 0 0
[    24.03 ] D: info.stepCount 0x122f945490 0 0 0
[    24.03 ] D: info.stepCount 0x122f945490 0 0 0
[    24.03 ] D: info.stepCount 0x122f945490 0 0 0
[    24.03 ] D: info.stepCount 0x122f945490 0 0 0
[    24.03 ] D: info.stepCount 0x122f945490 0 0 0
[    24.03 ] D: info.stepCount 0x122f945490 0 0 0
[    24.03 ] D: info.stepCount 0x122f945490 0 0 0
[    24.03 ] D: info.stepCount 0x122f945490 0 0 0
[    24.03 ] D: info.stepCount 0x122f945490 0 0 0
[    24.03 ] D: info.stepCount 0x122f945490 0 0 0
[    24.03 ] D: info.stepCount 0x122f945490 0 0 0
[    24.03 ] D: info.stepCount 0x122f945490 0 0 0
[    24.03 ] D: info.stepCount 0x122f945490 0 0 0
[    24.03 ] D: info.stepCount 0x122f945490 0 0 0
[    24.03 ] D: info.stepCount 0x122f945490 0 0 0
[    24.03 ] D: info.stepCount 0x122f945490 0 0 0
[    24.03 ] D: info.stepCount 0x122f945490 0 0 0
[    24.03 ] D: info.stepCount 0x122f945490 0 0 0
[    24.03 ] D: info.stepCount 0x122f945490 0 0 0
[    24.03 ] D: info.stepCount 0x122f945490 0 0 0
[    24.03 ] D: info.stepCount 0x122f945490 0 0 0
[    24.03 ] D: info.stepCount 0x122f945490 0 0 0
[    24.03 ] D: info.stepCount 0x122f945490 0 0 0
[    24.03 ] D: info.stepCount 0x122f945490 0 0 0
[    24.03 ] D: info.stepCount 0x122f945490 0 0 0
[    24.03 ] D: info.stepCount 0x122f945490 0 0 0
[    24.03 ] D: info.stepCount 0x122f945490 0 0 0
[    24.03 ] D: info.stepCount 0x122f945490 0 0 0
[    24.03 ] D: info.stepCount 0x122f945490 0 0 0
[    24.03 ] D: info.stepCount 0x122f945490 0 0 0
[    24.03 ] D: info.stepCount 0x122f945490 0 0 0
[    24.03 ] D: info.stepCount 0x122f945490 0 0 0
[    24.03 ] D: info.stepCount 0x122f945490 0 0 0
[    24.03 ] D: info.stepCount 0x122f945490 0 0 0
[    24.03 ] D: info.stepCount 0x122f945490 0 0 0
[    24.03 ] D: info.stepCount 0x122f945490 0 0 0
[    24.03 ] D: info.stepCount 0x122f945490 0 0 0
[    24.03 ] D: info.stepCount 0x122f945490 0 0 0
[    24.03 ] D: info.stepCount 0x122f945490 0 0 0
[    24.03 ] D: info.stepCount 0x122f945490 0 0 0
[    24.03 ] D: info.stepCount 0x122f945490 0 0 0
[    24.03 ] D: info.stepCount 0x122f945490 0 0 0
[    24.03 ] D: info.stepCount 0x122f945490 0 0 0
[    24.03 ] D: info.stepCount 0x122f945490 0 0 0
[    24.03 ] D: info.stepCount 0x122f945490 0 0 0
[    24.03 ] D: info.stepCount 0x122f945490 0 0 0
[    24.03 ] D: info.stepCount 0x122f945490 0 0 0
[    24.03 ] D: info.stepCount 0x122f945490 0 0 0
[    24.03 ] D: info.stepCount 0x122f945490 0 0 0
[    24.03 ] D: info.stepCount 0x122f945490 0 0 0
[    24.03 ] D: info.stepCount 0x122f945490 0 0 0
[    24.03 ] D: info.stepCount 0x122f945490 0 0 0
[    24.03 ] D: info.stepCount 0x122f945490 0 0 0
[    24.03 ] D: info.stepCount 0x122f945490 0 0 0
[    24.03 ] D: info.stepCount 0x122f945490 0 0 0
[    24.03 ] D: info.stepCount 0x122f945490 0 0 0
[    24.03 ] D: info.stepCount 0x122f945490 0 0 0
[    24.03 ] D: info.stepCount 0x122f945490 0 0 0
[    24.03 ] D: info.stepCount 0x122f945490 0 0 0
[    24.03 ] D: info.stepCount 0x122f945490 0 0 0
[    24.03 ] D: info.stepCount 0x122f945490 0 0 0
[    24.03 ] D: info.stepCount 0x122f945490 0 0 0
[    24.03 ] D: info.stepCount 0x122f945490 0 0 0
[    24.03 ] D: info.stepCount 0x122f945490 0 0 0
[    24.03 ] D: info.stepCount 0x122f945490 0 0 0
[    24.03 ] D: info.stepCount 0x122f945490 0 0 0
[    24.03 ] D: info.stepCount 0x122f945490 0 0 0
[    24.03 ] D: info.stepCount 0x122f945490 0 0 0
[    24.03 ] D: info.stepCount 0x122f945490 0 0 0
[    24.03 ] D: info.stepCount 0x122f945490 0 0 0
[    24.03 ] D: info.stepCount 0x122f945490 0 0 0
[    24.03 ] D: info.stepCount 0x122f945490 0 0 0
[    24.03 ] D: info.stepCount 0x122f945490 0 0 0
[    24.03 ] D: info.stepCount 0x122f945490 0 0 0
[    24.03 ] D: info.stepCount 0x122f945490 0 0 0
[    24.03 ] D: info.stepCount 0x122f945490 0 0 0
[    24.03 ] D: info.stepCount 0x122f945490 0 0 0
[    24.03 ] D: info.stepCount 0x122f945490 0 0 0
[    24.03 ] D: info.stepCount 0x122f945490 0 0 0
[    24.03 ] D: info.stepCount 0x122f945490 0 0 0
[    24.03 ] D: info.stepCount 0x122f945490 0 0 0
[    24.03 ] D: info.stepCount 0x122f945490 0 0 0
[    24.03 ] D: info.stepCount 0x122f945490 0 0 0
[    24.03 ] D: info.stepCount 0x122f945490 0 0 0
[    24.03 ] D: info.stepCount 0x122f945490 0 0 0
[    24.03 ] D: info.stepCount 0x122f945490 0 0 0
[    24.03 ] D: info.stepCount 0x122f945490 0 0 0
[    24.03 ] D: info.stepCount 0x122f945490 0 0 0
[    24.03 ] D: info.stepCount 0x122f945490 0 0 0
[    24.03 ] D: info.stepCount 0x122f945490 0 0 0
[    24.03 ] D: info.stepCount 0x122f945490 0 0 0
[    24.03 ] D: info.stepCount 0x122f945490 0 0 0
[    24.03 ] D: info.stepCount 0x122f945490 0 0 0
[    24.03 ] D: info.stepCount 0x122f945490 0 0 0
[    24.03 ] D: info.stepCount 0x122f945490 0 0 0
[    24.03 ] D: info.stepCount 0x122f945490 0 0 0
[    24.03 ] D: info.stepCount 0x122f945490 0 0 0
[    24.03 ] D: info.stepCount 0x122f945490 0 0 0
[    24.03 ] D: info.stepCount 0x122f945490 0 0 0
[    24.03 ] D: info.stepCount 0x122f945490 0 0 0
[    24.03 ] D: info.stepCount 0x122f945490 0 0 0
[    24.03 ] D: info.stepCount 0x122f945490 0 0 0
[    24.03 ] D: info.stepCount 0x122f945490 0 0 0
[    24.03 ] D: info.stepCount 0x122f945490 0 0 0
[    24.03 ] D: info.stepCount 0x122f945490 0 0 0
[    24.03 ] D: info.stepCount 0x122f945490 0 0 0
[    24.03 ] D: info.stepCount 0x122f945490 0 0 0
[    24.03 ] D: info.stepCount 0x122f945490 0 0 0
[    24.03 ] D: info.stepCount 0x122f945490 0 0 0
[    24.04 ] D: effectModel.controls Vst3Effect(0x1bd5f5ad5e0)
[    24.27 ] D: ADDED
[    50.12 ] D: LambdaFunctionPointerVoidReturnType class `public: __cdecl DGE::QtWrapper::QMLScene::QNode3D::QNode3D(class DGE::QtWrapper::QMLScene::QINode3D * __ptr64) __ptr64'::`2'::<lambda_1> Is Destroyed
[    50.12 ] D: LambdaFunctionPointerVoidReturnType class `public: __cdecl DGE::QtWrapper::QMLScene::QNode3D::QNode3D(class DGE::QtWrapper::QMLScene::QINode3D * __ptr64) __ptr64'::`2'::<lambda_1> Is Destroyed
[    50.13 ] D: LambdaFunctionPointerVoidReturnType class `protected: void __cdecl DGE::QtWrapper::QMLScene::QPerspectiveCameraController::commonInitConstructor(void) __ptr64'::`2'::<lambda_1> Is Destroyed
[    50.13 ] D: LambdaFunctionPointerVoidReturnType class `private: void __cdecl DGE::QtWrapper::QMLScene::QThirdPersonController::commonInitConstructor(void) __ptr64'::`2'::<lambda_1> Is Destroyed
[    50.13 ] D: LambdaFunctionPointerVoidReturnType class `protected: void __cdecl DGE::QtWrapper::QMLScene::QPerspectiveCameraController::commonInitConstructor(void) __ptr64'::`2'::<lambda_1> Is Destroyed
[    50.13 ] D: MemberFunctionPointer void (__cdecl DGE::QtWrapper::QMLScene::QComponent3D::*)(void) __ptr64 Is Destroyed
[    50.13 ] D: MemberFunctionPointer void (__cdecl DGE::QtWrapper::QMLScene::QThirdPersonController::*)(class std::shared_ptr<class DGE::Scene::Component>) __ptr64 Is Destroyed
[    50.13 ] D: LambdaFunctionPointerVoidReturnType class `public: __cdecl DGE::QtWrapper::QMLScene::QCameraComponent::QCameraComponent(class DGE::QtWrapper::QMLScene::QNode3D * __ptr64,bool) __ptr64'::`2'::<lambda_1> Is Destroyed
[    50.13 ] D: MemberFunctionPointer void (__cdecl DGE::QtWrapper::QMLScene::QComponent3D::*)(void) __ptr64 Is Destroyed
[    50.13 ] D: LambdaFunctionPointerVoidReturnType class `private: void __cdecl DGE::QtWrapper::QMLScene::QPerspectiveLens::commonInitConstructor(void) __ptr64'::`2'::<lambda_1> Is Destroyed
[    50.13 ] D: LambdaFunctionPointerVoidReturnType class `protected: void __cdecl DGE::QtWrapper::QMLScene::QPerspectiveCameraController::commonInitConstructor(void) __ptr64'::`2'::<lambda_1> Is Destroyed
[    50.13 ] D: LambdaFunctionPointerVoidReturnType class `private: void __cdecl DGE::QtWrapper::QMLScene::QThirdPersonController::commonInitConstructor(void) __ptr64'::`2'::<lambda_1> Is Destroyed
[    50.13 ] D: LambdaFunctionPointerVoidReturnType class `protected: void __cdecl DGE::QtWrapper::QMLScene::QPerspectiveCameraController::commonInitConstructor(void) __ptr64'::`2'::<lambda_1> Is Destroyed
[    50.13 ] D: MemberFunctionPointer void (__cdecl DGE::QtWrapper::QMLScene::QComponent3D::*)(void) __ptr64 Is Destroyed
[    50.13 ] D: MemberFunctionPointer void (__cdecl DGE::QtWrapper::QMLScene::QThirdPersonController::*)(class std::shared_ptr<class DGE::Scene::Component>) __ptr64 Is Destroyed
[    50.13 ] D: LambdaFunctionPointerVoidReturnType class `public: __cdecl DGE::QtWrapper::QMLScene::QCameraComponent::QCameraComponent(class DGE::QtWrapper::QMLScene::QNode3D * __ptr64,bool) __ptr64'::`2'::<lambda_1> Is Destroyed
[    50.13 ] D: MemberFunctionPointer void (__cdecl DGE::QtWrapper::QMLScene::QComponent3D::*)(void) __ptr64 Is Destroyed
[    50.13 ] D: LambdaFunctionPointerVoidReturnType class `private: void __cdecl DGE::QtWrapper::QMLScene::QOrthoLens::commonInitConstructor(void) __ptr64'::`2'::<lambda_1> Is Destroyed
[    50.13 ] D: LambdaFunctionPointerVoidReturnType class `protected: void __cdecl DGE::QtWrapper::QMLScene::QPerspectiveCameraController::commonInitConstructor(void) __ptr64'::`2'::<lambda_1> Is Destroyed
[    50.13 ] D: LambdaFunctionPointerVoidReturnType class `protected: void __cdecl DGE::QtWrapper::QMLScene::QPerspectiveCameraController::commonInitConstructor(void) __ptr64'::`2'::<lambda_1> Is Destroyed
[    50.13 ] D: LambdaFunctionPointerVoidReturnType class `private: void __cdecl DGE::QtWrapper::QMLScene::QThirdPersonController::commonInitConstructor(void) __ptr64'::`2'::<lambda_1> Is Destroyed
[    50.13 ] D: MemberFunctionPointer void (__cdecl DGE::QtWrapper::QMLScene::QComponent3D::*)(void) __ptr64 Is Destroyed
[    50.13 ] D: MemberFunctionPointer void (__cdecl DGE::QtWrapper::QMLScene::QThirdPersonController::*)(class std::shared_ptr<class DGE::Scene::Component>) __ptr64 Is Destroyed
[    50.13 ] D: LambdaFunctionPointerVoidReturnType class `public: __cdecl DGE::QtWrapper::QMLScene::QCameraComponent::QCameraComponent(class DGE::QtWrapper::QMLScene::QNode3D * __ptr64,bool) __ptr64'::`2'::<lambda_1> Is Destroyed
[    50.13 ] D: MemberFunctionPointer void (__cdecl DGE::QtWrapper::QMLScene::QComponent3D::*)(void) __ptr64 Is Destroyed
[    50.13 ] D: LambdaFunctionPointerVoidReturnType class `private: void __cdecl DGE::QtWrapper::QMLScene::QOrthoLens::commonInitConstructor(void) __ptr64'::`2'::<lambda_1> Is Destroyed
[    50.13 ] D: LambdaFunctionPointerVoidReturnType class `public: __cdecl DGE::QtWrapper::QMLScene::QCameraComponent::QCameraComponent(class DGE::QtWrapper::QMLScene::QNode3D * __ptr64,bool) __ptr64'::`2'::<lambda_1> Is Destroyed
[    50.13 ] D: MemberFunctionPointer void (__cdecl DGE::QtWrapper::QMLScene::QComponent3D::*)(void) __ptr64 Is Destroyed
[    50.13 ] D: LambdaFunctionPointerVoidReturnType class `private: void __cdecl DGE::QtWrapper::QMLScene::QPerspectiveLens::commonInitConstructor(void) __ptr64'::`2'::<lambda_1> Is Destroyed
[    50.14 ] D: LambdaFunctionPointerVoidReturnType class `private: void __cdecl DGE::QtWrapper::QMLScene::QThirdPersonController::commonInitConstructor(void) __ptr64'::`2'::<lambda_1> Is Destroyed
[    50.14 ] D: LambdaFunctionPointerVoidReturnType class `protected: void __cdecl DGE::QtWrapper::QMLScene::QPerspectiveCameraController::commonInitConstructor(void) __ptr64'::`2'::<lambda_1> Is Destroyed
[    50.14 ] D: LambdaFunctionPointerVoidReturnType class `protected: void __cdecl DGE::QtWrapper::QMLScene::QPerspectiveCameraController::commonInitConstructor(void) __ptr64'::`2'::<lambda_1> Is Destroyed
[    50.14 ] D: MemberFunctionPointer void (__cdecl DGE::QtWrapper::QMLScene::QComponent3D::*)(void) __ptr64 Is Destroyed
[    50.14 ] D: MemberFunctionPointer void (__cdecl DGE::QtWrapper::QMLScene::QThirdPersonController::*)(class std::shared_ptr<class DGE::Scene::Component>) __ptr64 Is Destroyed
[    50.14 ] D: LambdaFunctionPointerVoidReturnType class `public: __cdecl DGE::QtWrapper::QMLScene::QCameraComponent::QCameraComponent(class DGE::QtWrapper::QMLScene::QNode3D * __ptr64,bool) __ptr64'::`2'::<lambda_1> Is Destroyed
[    50.14 ] D: MemberFunctionPointer void (__cdecl DGE::QtWrapper::QMLScene::QComponent3D::*)(void) __ptr64 Is Destroyed
[    50.14 ] D: LambdaFunctionPointerVoidReturnType class `private: void __cdecl DGE::QtWrapper::QMLScene::QPerspectiveLens::commonInitConstructor(void) __ptr64'::`2'::<lambda_1> Is Destroyed
[    50.14 ] D: LambdaFunctionPointerVoidReturnType class `protected: void __cdecl DGE::QtWrapper::QMLScene::QPerspectiveCameraController::commonInitConstructor(void) __ptr64'::`2'::<lambda_1> Is Destroyed
[    50.14 ] D: LambdaFunctionPointerVoidReturnType class `private: void __cdecl DGE::QtWrapper::QMLScene::QThirdPersonController::commonInitConstructor(void) __ptr64'::`2'::<lambda_1> Is Destroyed
[    50.14 ] D: LambdaFunctionPointerVoidReturnType class `protected: void __cdecl DGE::QtWrapper::QMLScene::QPerspectiveCameraController::commonInitConstructor(void) __ptr64'::`2'::<lambda_1> Is Destroyed
[    50.14 ] D: MemberFunctionPointer void (__cdecl DGE::QtWrapper::QMLScene::QComponent3D::*)(void) __ptr64 Is Destroyed
[    50.14 ] D: MemberFunctionPointer void (__cdecl DGE::QtWrapper::QMLScene::QThirdPersonController::*)(class std::shared_ptr<class DGE::Scene::Component>) __ptr64 Is Destroyed
[    50.14 ] D: LambdaFunctionPointerVoidReturnType class `public: __cdecl DGE::QtWrapper::QMLScene::QCameraComponent::QCameraComponent(class DGE::QtWrapper::QMLScene::QNode3D * __ptr64,bool) __ptr64'::`2'::<lambda_1> Is Destroyed
[    50.14 ] D: MemberFunctionPointer void (__cdecl DGE::QtWrapper::QMLScene::QComponent3D::*)(void) __ptr64 Is Destroyed
[    50.14 ] D: LambdaFunctionPointerVoidReturnType class `private: void __cdecl DGE::QtWrapper::QMLScene::QOrthoLens::commonInitConstructor(void) __ptr64'::`2'::<lambda_1> Is Destroyed
[    50.14 ] D: LambdaFunctionPointerVoidReturnType class `protected: void __cdecl DGE::QtWrapper::QMLScene::QPerspectiveCameraController::commonInitConstructor(void) __ptr64'::`2'::<lambda_1> Is Destroyed
[    50.14 ] D: LambdaFunctionPointerVoidReturnType class `protected: void __cdecl DGE::QtWrapper::QMLScene::QPerspectiveCameraController::commonInitConstructor(void) __ptr64'::`2'::<lambda_1> Is Destroyed
[    50.14 ] D: LambdaFunctionPointerVoidReturnType class `private: void __cdecl DGE::QtWrapper::QMLScene::QThirdPersonController::commonInitConstructor(void) __ptr64'::`2'::<lambda_1> Is Destroyed
[    50.14 ] D: MemberFunctionPointer void (__cdecl DGE::QtWrapper::QMLScene::QComponent3D::*)(void) __ptr64 Is Destroyed
[    50.14 ] D: MemberFunctionPointer void (__cdecl DGE::QtWrapper::QMLScene::QThirdPersonController::*)(class std::shared_ptr<class DGE::Scene::Component>) __ptr64 Is Destroyed
[    50.14 ] D: LambdaFunctionPointerVoidReturnType class `public: __cdecl DGE::QtWrapper::QMLScene::QCameraComponent::QCameraComponent(class DGE::QtWrapper::QMLScene::QNode3D * __ptr64,bool) __ptr64'::`2'::<lambda_1> Is Destroyed
[    50.14 ] D: MemberFunctionPointer void (__cdecl DGE::QtWrapper::QMLScene::QComponent3D::*)(void) __ptr64 Is Destroyed
[    50.14 ] D: LambdaFunctionPointerVoidReturnType class `private: void __cdecl DGE::QtWrapper::QMLScene::QOrthoLens::commonInitConstructor(void) __ptr64'::`2'::<lambda_1> Is Destroyed
[    50.14 ] D: LambdaFunctionPointerVoidReturnType class `public: __cdecl DGE::QtWrapper::QMLScene::QCameraComponent::QCameraComponent(class DGE::QtWrapper::QMLScene::QNode3D * __ptr64,bool) __ptr64'::`2'::<lambda_1> Is Destroyed
[    50.14 ] D: MemberFunctionPointer void (__cdecl DGE::QtWrapper::QMLScene::QComponent3D::*)(void) __ptr64 Is Destroyed
[    50.14 ] D: LambdaFunctionPointerVoidReturnType class `private: void __cdecl DGE::QtWrapper::QMLScene::QPerspectiveLens::commonInitConstructor(void) __ptr64'::`2'::<lambda_1> Is Destroyed
[    50.15 ] D: LambdaFunctionPointerVoidReturnType class `protected: void __cdecl DGE::QtWrapper::QMLScene::QPerspectiveCameraController::commonInitConstructor(void) __ptr64'::`2'::<lambda_1> Is Destroyed
[    50.15 ] D: LambdaFunctionPointerVoidReturnType class `private: void __cdecl DGE::QtWrapper::QMLScene::QThirdPersonController::commonInitConstructor(void) __ptr64'::`2'::<lambda_1> Is Destroyed
[    50.15 ] D: LambdaFunctionPointerVoidReturnType class `protected: void __cdecl DGE::QtWrapper::QMLScene::QPerspectiveCameraController::commonInitConstructor(void) __ptr64'::`2'::<lambda_1> Is Destroyed
[    50.15 ] D: MemberFunctionPointer void (__cdecl DGE::QtWrapper::QMLScene::QComponent3D::*)(void) __ptr64 Is Destroyed
[    50.15 ] D: MemberFunctionPointer void (__cdecl DGE::QtWrapper::QMLScene::QThirdPersonController::*)(class std::shared_ptr<class DGE::Scene::Component>) __ptr64 Is Destroyed
[    50.15 ] D: LambdaFunctionPointerVoidReturnType class `public: __cdecl DGE::QtWrapper::QMLScene::QCameraComponent::QCameraComponent(class DGE::QtWrapper::QMLScene::QNode3D * __ptr64,bool) __ptr64'::`2'::<lambda_1> Is Destroyed
[    50.15 ] D: MemberFunctionPointer void (__cdecl DGE::QtWrapper::QMLScene::QComponent3D::*)(void) __ptr64 Is Destroyed
[    50.15 ] D: LambdaFunctionPointerVoidReturnType class `private: void __cdecl DGE::QtWrapper::QMLScene::QPerspectiveLens::commonInitConstructor(void) __ptr64'::`2'::<lambda_1> Is Destroyed
[    50.15 ] D: LambdaFunctionPointerVoidReturnType class `protected: void __cdecl DGE::QtWrapper::QMLScene::QPerspectiveCameraController::commonInitConstructor(void) __ptr64'::`2'::<lambda_1> Is Destroyed
[    50.15 ] D: LambdaFunctionPointerVoidReturnType class `protected: void __cdecl DGE::QtWrapper::QMLScene::QPerspectiveCameraController::commonInitConstructor(void) __ptr64'::`2'::<lambda_1> Is Destroyed
[    50.15 ] D: LambdaFunctionPointerVoidReturnType class `private: void __cdecl DGE::QtWrapper::QMLScene::QThirdPersonController::commonInitConstructor(void) __ptr64'::`2'::<lambda_1> Is Destroyed
[    50.15 ] D: MemberFunctionPointer void (__cdecl DGE::QtWrapper::QMLScene::QComponent3D::*)(void) __ptr64 Is Destroyed
[    50.15 ] D: MemberFunctionPointer void (__cdecl DGE::QtWrapper::QMLScene::QThirdPersonController::*)(class std::shared_ptr<class DGE::Scene::Component>) __ptr64 Is Destroyed
[    50.15 ] D: LambdaFunctionPointerVoidReturnType class `public: __cdecl DGE::QtWrapper::QMLScene::QCameraComponent::QCameraComponent(class DGE::QtWrapper::QMLScene::QNode3D * __ptr64,bool) __ptr64'::`2'::<lambda_1> Is Destroyed
[    50.15 ] D: MemberFunctionPointer void (__cdecl DGE::QtWrapper::QMLScene::QComponent3D::*)(void) __ptr64 Is Destroyed
[    50.15 ] D: LambdaFunctionPointerVoidReturnType class `private: void __cdecl DGE::QtWrapper::QMLScene::QOrthoLens::commonInitConstructor(void) __ptr64'::`2'::<lambda_1> Is Destroyed
[    50.15 ] D: LambdaFunctionPointerVoidReturnType class `protected: void __cdecl DGE::QtWrapper::QMLScene::QPerspectiveCameraController::commonInitConstructor(void) __ptr64'::`2'::<lambda_1> Is Destroyed
[    50.15 ] D: LambdaFunctionPointerVoidReturnType class `protected: void __cdecl DGE::QtWrapper::QMLScene::QPerspectiveCameraController::commonInitConstructor(void) __ptr64'::`2'::<lambda_1> Is Destroyed
[    50.15 ] D: LambdaFunctionPointerVoidReturnType class `private: void __cdecl DGE::QtWrapper::QMLScene::QThirdPersonController::commonInitConstructor(void) __ptr64'::`2'::<lambda_1> Is Destroyed
[    50.15 ] D: MemberFunctionPointer void (__cdecl DGE::QtWrapper::QMLScene::QComponent3D::*)(void) __ptr64 Is Destroyed
[    50.15 ] D: MemberFunctionPointer void (__cdecl DGE::QtWrapper::QMLScene::QThirdPersonController::*)(class std::shared_ptr<class DGE::Scene::Component>) __ptr64 Is Destroyed
[    50.15 ] D: LambdaFunctionPointerVoidReturnType class `public: __cdecl DGE::QtWrapper::QMLScene::QCameraComponent::QCameraComponent(class DGE::QtWrapper::QMLScene::QNode3D * __ptr64,bool) __ptr64'::`2'::<lambda_1> Is Destroyed
[    50.15 ] D: MemberFunctionPointer void (__cdecl DGE::QtWrapper::QMLScene::QComponent3D::*)(void) __ptr64 Is Destroyed
[    50.15 ] D: LambdaFunctionPointerVoidReturnType class `private: void __cdecl DGE::QtWrapper::QMLScene::QOrthoLens::commonInitConstructor(void) __ptr64'::`2'::<lambda_1> Is Destroyed
[    50.15 ] D: LambdaFunctionPointerVoidReturnType class `public: __cdecl DGE::QtWrapper::QMLScene::QCameraComponent::QCameraComponent(class DGE::QtWrapper::QMLScene::QNode3D * __ptr64,bool) __ptr64'::`2'::<lambda_1> Is Destroyed
[    50.15 ] D: MemberFunctionPointer void (__cdecl DGE::QtWrapper::QMLScene::QComponent3D::*)(void) __ptr64 Is Destroyed
[    50.15 ] D: LambdaFunctionPointerVoidReturnType class `private: void __cdecl DGE::QtWrapper::QMLScene::QPerspectiveLens::commonInitConstructor(void) __ptr64'::`2'::<lambda_1> Is Destroyed
[    50.24 ] D: LambdaFunctionPointerVoidReturnType class `public: __cdecl AnimationManager::AnimationManager(class QObject * __ptr64) __ptr64'::`2'::<lambda_1> Is Destroyed
[    50.24 ] D: Release a BaseUIItem object
[    50.24 ] D: LambdaFunctionPointerVoidReturnType class `public: __cdecl DGE::QtWrapper::QMLScene::QNode3D::QNode3D(class DGE::QtWrapper::QMLScene::QINode3D * __ptr64) __ptr64'::`2'::<lambda_1> Is Destroyed
[    50.24 ] D: LambdaFunctionPointerVoidReturnType class `public: __cdecl DGE::QtWrapper::QMLScene::QNode3D::QNode3D(class DGE::QtWrapper::QMLScene::QINode3D * __ptr64) __ptr64'::`2'::<lambda_1> Is Destroyed
[    50.24 ] D: LambdaFunctionPointerVoidReturnType class `public: __cdecl DGE::QtWrapper::QMLScene::QNode3D::QNode3D(class DGE::QtWrapper::QMLScene::QINode3D * __ptr64) __ptr64'::`2'::<lambda_1> Is Destroyed
[    50.24 ] D: LambdaFunctionPointerVoidReturnType class `public: __cdecl DGE::QtWrapper::QMLScene::QEntity3D::QEntity3D(class DGE::QtWrapper::QMLScene::QINode3D * __ptr64) __ptr64'::`2'::<lambda_2> Is Destroyed
[    50.24 ] D: LambdaFunctionPointerVoidReturnType class `public: __cdecl DGE::QtWrapper::QMLScene::QEntity3D::QEntity3D(class DGE::QtWrapper::QMLScene::QINode3D * __ptr64) __ptr64'::`2'::<lambda_1> Is Destroyed
[    50.24 ] D: LambdaFunctionPointerVoidReturnType class `public: __cdecl DGE::QtWrapper::QMLScene::QNode3D::QNode3D(class DGE::QtWrapper::QMLScene::QINode3D * __ptr64) __ptr64'::`2'::<lambda_1> Is Destroyed
[    50.24 ] D: LambdaFunctionPointerVoidReturnType class `public: __cdecl DGE::QtWrapper::QMLScene::QDShader::QDShader(class DGE::QtWrapper::QMLScene::QNode3D * __ptr64) __ptr64'::`2'::<lambda_2> Is Destroyed
[    50.24 ] D: LambdaFunctionPointerVoidReturnType class `public: __cdecl DGE::QtWrapper::QMLScene::QDShader::QDShader(class DGE::QtWrapper::QMLScene::QNode3D * __ptr64) __ptr64'::`2'::<lambda_1> Is Destroyed
[    50.24 ] D: MemberFunctionPointer void (__cdecl DGE::QtWrapper::QMLScene::QComponent3D::*)(void) __ptr64 Is Destroyed
[    50.24 ] D: LambdaFunctionPointerVoidReturnType class `public: __cdecl DGE::QtWrapper::QMLScene::QDModel::QDModel(class DGE::QtWrapper::QMLScene::QNode3D * __ptr64) __ptr64'::`2'::<lambda_2> Is Destroyed
[    50.24 ] D: MemberFunctionPointer void (__cdecl DGE::QtWrapper::QMLScene::QComponent3D::*)(void) __ptr64 Is Destroyed
[    50.24 ] D: LambdaFunctionPointerVoidReturnType class `public: __cdecl DGE::QtWrapper::QMLScene::QDModel::QDModel(class DGE::QtWrapper::QMLScene::QNode3D * __ptr64) __ptr64'::`2'::<lambda_1> Is Destroyed
[    50.24 ] D: LambdaFunctionPointerVoidReturnType class `public: __cdecl DGE::QtWrapper::QMLScene::Model::BuiltIn::QDSphere::QDSphere(class QObject * __ptr64) __ptr64'::`2'::<lambda_1> Is Destroyed
[    50.24 ] D: LambdaFunctionPointerVoidReturnType class `public: void __cdecl DGE::QtWrapper::QMLScene::QDModel::modelInitialize(void) __ptr64'::`5'::<lambda_1> Is Destroyed
[    50.24 ] D: LambdaFunctionPointerVoidReturnType class `public: __cdecl `public: __cdecl DGE::QtWrapper::QMLScene::QDModel::QDModel(class DGE::QtWrapper::QMLScene::QNode3D * __ptr64) __ptr64'::`2'::<lambda_2>::operator()(void)const __ptr64'::`2'::<lambda_1> Is Destroyed
[    50.24 ] D: MemberFunctionPointer void (__cdecl DGE::QtWrapper::QMLScene::QComponent3D::*)(void) __ptr64 Is Destroyed
[    50.24 ] D: LambdaFunctionPointerVoidReturnType class `public: __cdecl DGE::QtWrapper::QMLScene::QNode3D::QNode3D(class DGE::QtWrapper::QMLScene::QINode3D * __ptr64) __ptr64'::`2'::<lambda_1> Is Destroyed
[    50.24 ] D: LambdaFunctionPointerVoidReturnType class `public: __cdecl DGE::QtWrapper::QMLScene::QNode3D::QNode3D(class DGE::QtWrapper::QMLScene::QINode3D * __ptr64) __ptr64'::`2'::<lambda_1> Is Destroyed
[    50.24 ] D: LambdaFunctionPointerVoidReturnType class `public: __cdecl DGE::QtWrapper::QMLScene::QNode3D::QNode3D(class DGE::QtWrapper::QMLScene::QINode3D * __ptr64) __ptr64'::`2'::<lambda_1> Is Destroyed
[    50.24 ] D: LambdaFunctionPointerVoidReturnType class `public: __cdecl DGE::QtWrapper::QMLScene::QNode3D::QNode3D(class DGE::QtWrapper::QMLScene::QINode3D * __ptr64) __ptr64'::`2'::<lambda_1> Is Destroyed
[    50.24 ] D: LambdaFunctionPointerVoidReturnType class `public: __cdecl DGE::QtWrapper::QMLScene::QNode3D::QNode3D(class DGE::QtWrapper::QMLScene::QINode3D * __ptr64) __ptr64'::`2'::<lambda_1> Is Destroyed
[    50.24 ] D: LambdaFunctionPointerVoidReturnType class `public: __cdecl DGE::QtWrapper::QMLScene::QNode3D::QNode3D(class DGE::QtWrapper::QMLScene::QINode3D * __ptr64) __ptr64'::`2'::<lambda_1> Is Destroyed
[    50.24 ] D: LambdaFunctionPointerVoidReturnType class `public: __cdecl DGE::QtWrapper::QMLScene::QNode3D::QNode3D(class DGE::QtWrapper::QMLScene::QINode3D * __ptr64) __ptr64'::`2'::<lambda_1> Is Destroyed
[    50.24 ] D: LambdaFunctionPointerVoidReturnType class `public: __cdecl DGE::QtWrapper::QMLScene::QNode3D::QNode3D(class DGE::QtWrapper::QMLScene::QINode3D * __ptr64) __ptr64'::`2'::<lambda_1> Is Destroyed
[    50.24 ] D: LambdaFunctionPointerVoidReturnType class `public: __cdecl DGE::QtWrapper::QMLScene::QNode3D::QNode3D(class DGE::QtWrapper::QMLScene::QINode3D * __ptr64) __ptr64'::`2'::<lambda_1> Is Destroyed
[    50.24 ] D: LambdaFunctionPointerVoidReturnType class `public: __cdecl DGE::QtWrapper::QMLScene::QNode3D::QNode3D(class DGE::QtWrapper::QMLScene::QINode3D * __ptr64) __ptr64'::`2'::<lambda_1> Is Destroyed
[    50.24 ] D: LambdaFunctionPointerVoidReturnType class `public: __cdecl DGE::QtWrapper::QMLScene::QNode3D::QNode3D(class DGE::QtWrapper::QMLScene::QINode3D * __ptr64) __ptr64'::`2'::<lambda_1> Is Destroyed
[    50.24 ] D: LambdaFunctionPointerVoidReturnType class `public: __cdecl DGE::QtWrapper::QMLScene::QNode3D::QNode3D(class DGE::QtWrapper::QMLScene::QINode3D * __ptr64) __ptr64'::`2'::<lambda_1> Is Destroyed
[    50.24 ] D: LambdaFunctionPointerVoidReturnType class `public: __cdecl DGE::QtWrapper::QMLScene::QNode3D::QNode3D(class DGE::QtWrapper::QMLScene::QINode3D * __ptr64) __ptr64'::`2'::<lambda_1> Is Destroyed
[    50.24 ] D: LambdaFunctionPointerVoidReturnType class `public: __cdecl DGE::QtWrapper::QMLScene::QNode3D::QNode3D(class DGE::QtWrapper::QMLScene::QINode3D * __ptr64) __ptr64'::`2'::<lambda_1> Is Destroyed
[    50.24 ] D: LambdaFunctionPointerVoidReturnType class `public: __cdecl DGE::QtWrapper::QMLScene::QNode3D::QNode3D(class DGE::QtWrapper::QMLScene::QINode3D * __ptr64) __ptr64'::`2'::<lambda_1> Is Destroyed
[    50.24 ] D: LambdaFunctionPointerVoidReturnType class `public: __cdecl DGE::QtWrapper::QMLScene::QNode3D::QNode3D(class DGE::QtWrapper::QMLScene::QINode3D * __ptr64) __ptr64'::`2'::<lambda_1> Is Destroyed
[    50.24 ] D: LambdaFunctionPointerVoidReturnType class `public: __cdecl DGE::QtWrapper::QMLScene::QNode3D::QNode3D(class DGE::QtWrapper::QMLScene::QINode3D * __ptr64) __ptr64'::`2'::<lambda_1> Is Destroyed
[    50.24 ] D: LambdaFunctionPointerVoidReturnType class `public: __cdecl DGE::QtWrapper::QMLScene::QNode3D::QNode3D(class DGE::QtWrapper::QMLScene::QINode3D * __ptr64) __ptr64'::`2'::<lambda_1> Is Destroyed
[    50.24 ] D: LambdaFunctionPointerVoidReturnType class `public: __cdecl DGE::QtWrapper::QMLScene::QNode3D::QNode3D(class DGE::QtWrapper::QMLScene::QINode3D * __ptr64) __ptr64'::`2'::<lambda_1> Is Destroyed
[    50.24 ] D: LambdaFunctionPointerVoidReturnType class `public: __cdecl DGE::QtWrapper::QMLScene::QNode3D::QNode3D(class DGE::QtWrapper::QMLScene::QINode3D * __ptr64) __ptr64'::`2'::<lambda_1> Is Destroyed
[    50.24 ] D: Destroy Node with id: 2457 and name: 
[    50.24 ] D: LambdaFunctionPointerVoidReturnType class `public: __cdecl DGE::Scene::Node::Node(class std::shared_ptr<class DGE::GFX::GCore::Renderer>,class std::shared_ptr<class DGE::Core::System::Context>) __ptr64'::`2'::<lambda_1> Is Destroyed
[    50.24 ] D: LambdaFunctionPointerVoidReturnType class `public: void __cdecl DGE::QtWrapper::QMLScene::QNode3D::localScaleInitialize(void) __ptr64'::`5'::<lambda_1> Is Destroyed
[    50.24 ] D: LambdaFunctionPointerVoidReturnType class `public: void __cdecl DGE::QtWrapper::QMLScene::QNode3D::localScaleInitialize(void) __ptr64'::`5'::<lambda_1> Is Destroyed
[    50.24 ] D: LambdaFunctionPointerVoidReturnType class `public: void __cdecl DGE::QtWrapper::QMLScene::QNode3D::localScaleInitialize(void) __ptr64'::`5'::<lambda_1> Is Destroyed
[    50.24 ] D: LambdaFunctionPointerVoidReturnType class `public: void __cdecl DGE::QtWrapper::QMLScene::QNode3D::localRotationInitialize(void) __ptr64'::`5'::<lambda_1> Is Destroyed
[    50.24 ] D: LambdaFunctionPointerVoidReturnType class `public: void __cdecl DGE::QtWrapper::QMLScene::QNode3D::localRotationInitialize(void) __ptr64'::`5'::<lambda_1> Is Destroyed
[    50.24 ] D: LambdaFunctionPointerVoidReturnType class `public: void __cdecl DGE::QtWrapper::QMLScene::QNode3D::localRotationInitialize(void) __ptr64'::`5'::<lambda_1> Is Destroyed
[    50.24 ] D: LambdaFunctionPointerVoidReturnType class `public: void __cdecl DGE::QtWrapper::QMLScene::QNode3D::localPositionInitialize(void) __ptr64'::`5'::<lambda_1> Is Destroyed
[    50.24 ] D: LambdaFunctionPointerVoidReturnType class `public: void __cdecl DGE::QtWrapper::QMLScene::QNode3D::localPositionInitialize(void) __ptr64'::`5'::<lambda_1> Is Destroyed
[    50.24 ] D: LambdaFunctionPointerVoidReturnType class `public: void __cdecl DGE::QtWrapper::QMLScene::QNode3D::localPositionInitialize(void) __ptr64'::`5'::<lambda_1> Is Destroyed
[    50.24 ] D: Destroy Node with id: 2458 and name: 
[    50.24 ] D: LambdaFunctionPointerVoidReturnType class `public: __cdecl DGE::Scene::DEntity::DEntity(class std::shared_ptr<class DGE::GFX::GCore::Renderer>,class std::shared_ptr<class DGE::Core::System::Context>) __ptr64'::`2'::<lambda_1> Is Destroyed
[    50.24 ] D: Destroy Node with id: 2458 and name: 
[    50.24 ] D: LambdaFunctionPointerVoidReturnType class `public: __cdecl DGE::Scene::Node::Node(class std::shared_ptr<class DGE::GFX::GCore::Renderer>,class std::shared_ptr<class DGE::Core::System::Context>) __ptr64'::`2'::<lambda_1> Is Destroyed
[    50.24 ] D: LambdaFunctionPointerVoidReturnType class `public: void __cdecl DGE::QtWrapper::QMLScene::QNode3D::localScaleInitialize(void) __ptr64'::`5'::<lambda_1> Is Destroyed
[    50.24 ] D: LambdaFunctionPointerVoidReturnType class `public: void __cdecl DGE::QtWrapper::QMLScene::QNode3D::localScaleInitialize(void) __ptr64'::`5'::<lambda_1> Is Destroyed
[    50.24 ] D: LambdaFunctionPointerVoidReturnType class `public: void __cdecl DGE::QtWrapper::QMLScene::QNode3D::localScaleInitialize(void) __ptr64'::`5'::<lambda_1> Is Destroyed
[    50.24 ] D: LambdaFunctionPointerVoidReturnType class `public: void __cdecl DGE::QtWrapper::QMLScene::QNode3D::localScaleInitialize(void) __ptr64'::`5'::<lambda_1> Is Destroyed
[    50.24 ] D: LambdaFunctionPointerVoidReturnType class `public: void __cdecl DGE::QtWrapper::QMLScene::QNode3D::localScaleInitialize(void) __ptr64'::`5'::<lambda_1> Is Destroyed
[    50.24 ] D: LambdaFunctionPointerVoidReturnType class `public: void __cdecl DGE::QtWrapper::QMLScene::QNode3D::localScaleInitialize(void) __ptr64'::`5'::<lambda_1> Is Destroyed
[    50.24 ] D: LambdaFunctionPointerVoidReturnType class `public: void __cdecl DGE::QtWrapper::QMLScene::QNode3D::localRotationInitialize(void) __ptr64'::`5'::<lambda_1> Is Destroyed
[    50.24 ] D: LambdaFunctionPointerVoidReturnType class `public: void __cdecl DGE::QtWrapper::QMLScene::QNode3D::localRotationInitialize(void) __ptr64'::`5'::<lambda_1> Is Destroyed
[    50.24 ] D: LambdaFunctionPointerVoidReturnType class `public: void __cdecl DGE::QtWrapper::QMLScene::QNode3D::localRotationInitialize(void) __ptr64'::`5'::<lambda_1> Is Destroyed
[    50.24 ] D: LambdaFunctionPointerVoidReturnType class `public: void __cdecl DGE::QtWrapper::QMLScene::QNode3D::localRotationInitialize(void) __ptr64'::`5'::<lambda_1> Is Destroyed
[    50.24 ] D: LambdaFunctionPointerVoidReturnType class `public: void __cdecl DGE::QtWrapper::QMLScene::QNode3D::localRotationInitialize(void) __ptr64'::`5'::<lambda_1> Is Destroyed
[    50.24 ] D: LambdaFunctionPointerVoidReturnType class `public: void __cdecl DGE::QtWrapper::QMLScene::QNode3D::localRotationInitialize(void) __ptr64'::`5'::<lambda_1> Is Destroyed
[    50.24 ] D: LambdaFunctionPointerVoidReturnType class `public: void __cdecl DGE::QtWrapper::QMLScene::QNode3D::localPositionInitialize(void) __ptr64'::`5'::<lambda_1> Is Destroyed
[    50.24 ] D: LambdaFunctionPointerVoidReturnType class `public: void __cdecl DGE::QtWrapper::QMLScene::QNode3D::localPositionInitialize(void) __ptr64'::`5'::<lambda_1> Is Destroyed
[    50.24 ] D: LambdaFunctionPointerVoidReturnType class `public: void __cdecl DGE::QtWrapper::QMLScene::QNode3D::localPositionInitialize(void) __ptr64'::`5'::<lambda_1> Is Destroyed
[    50.24 ] D: LambdaFunctionPointerVoidReturnType class `public: void __cdecl DGE::QtWrapper::QMLScene::QNode3D::localPositionInitialize(void) __ptr64'::`5'::<lambda_1> Is Destroyed
[    50.24 ] D: LambdaFunctionPointerVoidReturnType class `public: void __cdecl DGE::QtWrapper::QMLScene::QNode3D::localPositionInitialize(void) __ptr64'::`5'::<lambda_1> Is Destroyed
[    50.24 ] D: LambdaFunctionPointerVoidReturnType class `public: void __cdecl DGE::QtWrapper::QMLScene::QNode3D::localPositionInitialize(void) __ptr64'::`5'::<lambda_1> Is Destroyed
[    50.24 ] D: Destroy Node with id: 2459 and name: 
[    50.24 ] D: LambdaFunctionPointerVoidReturnType class `public: __cdecl DGE::Scene::Node::Node(class std::shared_ptr<class DGE::GFX::GCore::Renderer>,class std::shared_ptr<class DGE::Core::System::Context>) __ptr64'::`2'::<lambda_1> Is Destroyed
[    50.24 ] D: LambdaFunctionPointerVoidReturnType class `public: __cdecl DGE::Scene::AnimationController::AnimationController(class std::shared_ptr<class DGE::GFX::GCore::Renderer>,class std::shared_ptr<class DGE::Core::System::Context>) __ptr64'::`2'::<lambda_1> Is Destroyed
[    50.25 ] D: LambdaFunctionPointerVoidReturnType class `public: virtual bool __cdecl DGE::Scene::AnimationController::initialize(class std::map<class DGE::Core::BaseType::DString,class std::any,struct std::less<class DGE::Core::BaseType::DString>,class std::allocator<struct std::pair<class DGE::Core::BaseType::DString const ,class std::any> > > & __ptr64) __ptr64'::`2'::<lambda_2> Is Destroyed
[    50.25 ] D: LambdaFunctionPointer class `public: virtual bool __cdecl DGE::Scene::AnimationController::initialize(class std::map<class DGE::Core::BaseType::DString,class std::any,struct std::less<class DGE::Core::BaseType::DString>,class std::allocator<struct std::pair<class DGE::Core::BaseType::DString const ,class std::any> > > & __ptr64) __ptr64'::`2'::<lambda_1> Is Destroyed
[    50.25 ] D: LambdaFunctionPointerVoidReturnType class `protected: virtual void __cdecl DGE::GFX::Primitives::Sphere::regenerateVertices(bool) __ptr64'::`5'::<lambda_2> Is Destroyed
[    50.25 ] D: LambdaFunctionPointerVoidReturnType class `protected: virtual void __cdecl DGE::GFX::Primitives::Sphere::regenerateVertices(bool) __ptr64'::`5'::<lambda_1> Is Destroyed
[    50.25 ] D: LambdaFunctionPointerVoidReturnType class `public: void __cdecl DGE::QtWrapper::QMLScene::QDShader::fragmentSourceCodeInitialize(void) __ptr64'::`5'::<lambda_1> Is Destroyed
[    50.25 ] D: LambdaFunctionPointerVoidReturnType class `public: void __cdecl DGE::QtWrapper::QMLScene::QDShader::fragmentSourceCodeInitialize(void) __ptr64'::`5'::<lambda_1> Is Destroyed
[    50.25 ] D: LambdaFunctionPointerVoidReturnType class `public: void __cdecl DGE::QtWrapper::QMLScene::QDShader::fragmentSourceCodeInitialize(void) __ptr64'::`5'::<lambda_1> Is Destroyed
[    50.25 ] D: LambdaFunctionPointerVoidReturnType class `public: void __cdecl DGE::QtWrapper::QMLScene::QDShader::fragmentSourceCodeInitialize(void) __ptr64'::`5'::<lambda_1> Is Destroyed
[    50.25 ] D: LambdaFunctionPointerVoidReturnType class `public: void __cdecl DGE::QtWrapper::QMLScene::QDShader::fragmentSourceCodeInitialize(void) __ptr64'::`5'::<lambda_1> Is Destroyed
[    50.25 ] D: LambdaFunctionPointerVoidReturnType class `public: void __cdecl DGE::QtWrapper::QMLScene::QDShader::vertexSourceCodeInitialize(void) __ptr64'::`5'::<lambda_1> Is Destroyed
[    50.25 ] D: LambdaFunctionPointerVoidReturnType class `public: void __cdecl DGE::QtWrapper::QMLScene::QDShader::vertexSourceCodeInitialize(void) __ptr64'::`5'::<lambda_1> Is Destroyed
[    50.25 ] D: LambdaFunctionPointerVoidReturnType class `public: void __cdecl DGE::QtWrapper::QMLScene::QDShader::vertexSourceCodeInitialize(void) __ptr64'::`5'::<lambda_1> Is Destroyed
[    50.25 ] D: LambdaFunctionPointerVoidReturnType class `public: void __cdecl DGE::QtWrapper::QMLScene::QDShader::vertexSourceCodeInitialize(void) __ptr64'::`5'::<lambda_1> Is Destroyed
[    50.25 ] D: LambdaFunctionPointerVoidReturnType class `public: void __cdecl DGE::QtWrapper::QMLScene::QDShader::vertexSourceCodeInitialize(void) __ptr64'::`5'::<lambda_1> Is Destroyed
[    50.25 ] D: -----Released Scene Module-----
[    50.25 ] D: -----Released GFX Module-----
[    50.25 ] I: Log: Log file closed, 1403/6/12 09:19:41
