[     8.54 ] I: Log: Log file open in follow path at 1403/6/21 22:32:02 : C:\Users\AmirPasha\Desktop\Rpos\DAW-3\build2019\debug\Logs\Launch.log
[     8.54 ] I: The subsystem "class DGE::Core::IO::LogSystem::Logger" is registered successfully.
[     8.54 ] I: The subsystem "class DGE::Core::Windows::QtWindow" is registered successfully.
[     8.54 ] D: API version is: 4.60 ,shader version is: 4.60
[     8.54 ] I: The subsystem "class DGE::GFX::GCore::QtWrapper::QtRenderer" is registered successfully.
[     8.54 ] I: Current Render API is: 4.60
[     8.54 ] I: The subsystem "Renderer" is registered successfully.
[     8.55 ] I: The subsystem "class DGE::Core::Platforms::QtPlatform" is registered successfully.
[     8.55 ] I: The subsystem "Platform" is registered successfully.
[     8.55 ] I: The subsystem "class DGE::Core::IO::FileSystem::FileManager" is registered successfully.
[     8.55 ] I: The subsystem "class DGE::Core::CoreModule" is registered successfully.
[     8.55 ] I: The subsystem "class DGE::Core::Profiling::Profiler" is registered successfully.
[     8.55 ] I: The subsystem "class DGE::GFX::DrawablesManager" is registered successfully.
[     8.55 ] I: #version 460 core
#define GLES_Ver 460

[     8.55 ] I: The subsystem "class DGE::GFX::GraphicsManager" is registered successfully.
[     8.55 ] I: The subsystem "class DGE::GFX::GFXModule" is registered successfully.
[     8.67 ] D: Shader Compile successfully.
[     8.67 ] I: The subsystem "class DGE::Scene::ViewportManager" is registered successfully.
[     8.67 ] I: The subsystem "class DGE::Scene::SceneModule" is registered successfully.
[     8.67 ] I: The subsystem "class DGE::Managers::RenderManager" is registered successfully.
[     8.67 ] D: Engine Enabled
[     8.67 ] I: The subsystem "class DGE::Engine" is registered successfully.
[     8.67 ] D: Node with id 1 is added to Qt layer
[     8.67 ] D: Node with id 2460 is added to Qt layer
[     8.67 ] D: Node with id 2462 is added to Qt layer
[     8.67 ] D: Node with id 2464 is added to Qt layer
[     8.67 ] D: Node with id 2466 is added to Qt layer
[     8.67 ] D: Node with id 2468 is added to Qt layer
[     8.68 ] D: Node with id 2470 is added to Qt layer
[     8.68 ] D: Node with id 2472 is added to Qt layer
[     8.68 ] D: Node with id 2474 is added to Qt layer
[     8.68 ] D: Node with id 2476 is added to Qt layer
[     8.68 ] D: Node with id 2478 is added to Qt layer
[     8.68 ] D: Node with id 2480 is added to Qt layer
[     8.68 ] D: Node with id 2482 is added to Qt layer
[     8.68 ] D: Node with id 2484 is added to Qt layer
[     8.68 ] D: Node with id 2486 is added to Qt layer
[     8.68 ] D: Node with id 2487 is added to Qt layer
[     8.68 ] D: Node with id 2489 is added to Qt layer
[     8.68 ] D: Node with id 2491 is added to Qt layer
[     8.68 ] D: Node with id 3 is added to Qt layer
[     8.68 ] D: Node with id 2493 is added to Qt layer
[     8.68 ] S: New view-port registered with id: 1
[     8.68 ] S: New view-port registered with id: 2
[     8.68 ] S: New view-port registered with id: 3
[     8.69 ] S: New view-port registered with id: 4
[     8.69 ] S: New view-port registered with id: 5
[     8.69 ] S: New view-port registered with id: 6
[     8.83 ] D: Creating suitable QNanoBackend for OpenGL 4.6 context
[     8.83 ] D: Using backend: "OpenGL 3"
[     8.89 ] W: Floating point comparison needs context sanity check
[     8.89 ] D: QT onScaleChanged=  144
[     8.94 ] W: ShaderEffectSource: 'recursive' must be set to true when rendering recursively.
[     8.94 ] W: ShaderEffectSource: 'recursive' must be set to true when rendering recursively.
[     8.95 ] W: ShaderEffectSource: 'recursive' must be set to true when rendering recursively.
[     8.95 ] W: ShaderEffectSource: 'recursive' must be set to true when rendering recursively.
[     9.22 ] D: Engine Started.
[    17.08 ] D: _editController->getParameterCount() 1423
[    21.61 ] D: ADDED 0 0 0
[    25.75 ] D: ADDED 1 0 0
[    25.75 ] D: ADDED 2 0 0
[    25.75 ] D: ADDED 3 0 0
[    25.78 ] D: ADDED
[    26.00 ] D: Plugin does not support requested bus layout
[    26.00 ] D: ADDED
[    36.67 ] W: ShaderEffectSource: 'recursive' must be set to true when rendering recursively.
[    40.18 ] D: P1 -344
[    40.18 ] D: P14
[    40.19 ] D: P1 -377
[    40.19 ] D: P1 -383
[    40.19 ] D: P1 -386
[    40.20 ] D: P1 -389
[    40.20 ] D: P1 -396
[    40.20 ] D: P1 -399
[    40.20 ] D: P1 -400
[    40.21 ] D: P1 -402
[    40.21 ] D: P1 -403
[    40.21 ] D: P1 -406
[    40.21 ] D: P1 -407
[    40.22 ] D: P1 -408
[    40.22 ] D: P1 -409
[    40.22 ] D: P1 -409
[    40.22 ] D: P1 -409
[    40.24 ] D: P1 -410
[    40.27 ] D: P1 -413
[    40.27 ] D: P1 -414
[    40.42 ] D: P1 -413
[    40.42 ] D: P1 -412
[    40.42 ] D: P1 -410
[    40.43 ] D: P1 -409
[    40.43 ] D: P1 -405
[    40.44 ] D: P1 -404
[    40.44 ] D: P1 -402
[    40.44 ] D: P1 -401
[    40.44 ] D: P1 -401
[    40.44 ] D: P1 -399
[    40.44 ] D: P1 -398
[    40.45 ] D: P1 -396
[    40.45 ] D: P1 -395
[    40.45 ] D: P1 -395
[    40.45 ] D: P1 -394
[    40.46 ] D: P1 -392
[    40.46 ] D: P1 -392
[    40.47 ] D: P1 -387
[    40.47 ] D: P1 -386
[    40.47 ] D: P1 -385
[    40.48 ] D: P1 -385
[    40.48 ] D: P1 -385
[    40.48 ] D: P1 -384
[    40.48 ] D: P1 -384
[    40.49 ] D: P1 -383
[    40.49 ] D: P1 -382
[    40.49 ] D: P1 -382
[    40.50 ] D: P1 -382
[    40.50 ] D: P1 -381
[    40.51 ] D: P1 -381
[    40.51 ] D: P1 -381
[    40.72 ] D: sltPositionChanged 529199
[    40.72 ] D: frame_offset 0 0 217
[    40.72 ] D: findOverlayItems 1 0
[    40.72 ] D: "{64a34fbe-6201-494f-a67a-875c07781827}" i.value()->sampleClip()->startTime()  12000 334833 334833 12000
[    40.72 ] D: findOverlayItems
[    40.72 ] D: sltPositionChanged 529199
[    40.72 ] D: frame_offset 0 0 217
[    40.73 ] D: frame_offset 0 1 217
[    40.73 ] D: frame_offset 0 2 217
[    40.73 ] D: frame_offset 0 3 217
[    40.73 ] D: frame_offset 0 4 217
[    42.22 ] D: _pointActive1 false false true
[    42.22 ] D: _outerActive1
[    42.22 ] D: _outerActive2
[    42.22 ] D: _outerActive3
[    43.69 ] D: _pointActive1 false true false
[    53.01 ] D: _pointActive1 false true false
[   239.14 ] D: _pointActive1 false true false
[   240.41 ] D: _pointActive1 false true false
[   241.96 ] D: _pointActive1 false true false
[   259.55 ] D: _editController->getParameterCount() 14
[   259.56 ] D: ADDED 0 0 0
[   259.60 ] D: ADDED 1 0 0
[   259.60 ] D: ADDED 2 0 0
[   259.60 ] D: ADDED 3 0 0
[   259.60 ] D: ADDED
[   277.22 ] D: _pointActive1 false true false
[   278.69 ] D: _pointActive1 false true false
[   287.40 ] D: _requestForLoading false false
[   287.40 ] D: _requestForLoading2
[   287.40 ] D: _numberOfSampleBuffer 1
[   287.40 ] D: START TO load 0
[   287.40 ] D: sltPositionChanged 529200 true
[   287.40 ] D: START TO load 1
[   287.40 ] D: START TO load 2
[   287.40 ] D: START TO load 3
[   287.40 ] D: frame_offset 0 0 217
[   287.41 ] D: frame_offset 0 1 217
[   287.41 ] D: frame_offset 0 2 217
[   287.41 ] D: frame_offset 0 3 217
[   287.42 ] D: frame_offset 0 4 217
[   287.53 ] D: sltFirstBufferFilled ("{64a34fbe-6201-494f-a67a-875c07781827}") "{64a34fbe-6201-494f-a67a-875c07781827}" true
[   287.53 ] D: _requestForLoading true false
[   289.03 ] D: AsyncFileReader 0 5
[   290.51 ] D: AsyncFileReader 1 6
[   292.01 ] D: AsyncFileReader 2 7
[   293.49 ] D: AsyncFileReader 3 8
[   294.97 ] D: AsyncFileReader 4 9
[   296.46 ] D: AsyncFileReader 0 10
[   297.95 ] D: AsyncFileReader 1 11
[   299.43 ] D: AsyncFileReader 2 12
[   300.92 ] D: AsyncFileReader 3 13
[   302.13 ] D: _startSelectedClipIndex123 "{64a34fbe-6201-494f-a67a-875c07781827}"
[   302.21 ] D: P1
[   302.40 ] D: AsyncFileReader 4 14
[   302.64 ] D: _requestForLoading false false
[   302.64 ] D: _requestForLoading2
[   302.65 ] D: _numberOfSampleBuffer 1
[   302.65 ] D: START TO load 0
[   302.65 ] D: sltPositionChanged 529200 true
[   302.65 ] D: START TO load 1
[   302.65 ] D: START TO load 2
[   302.65 ] D: START TO load 3
[   302.65 ] D: frame_offset 0 0 217
[   302.65 ] D: frame_offset 0 1 217
[   302.65 ] D: frame_offset 0 2 217
[   302.65 ] D: frame_offset 0 3 217
[   302.66 ] D: frame_offset 0 4 217
[   302.74 ] D: sltFirstBufferFilled ("{64a34fbe-6201-494f-a67a-875c07781827}") "{64a34fbe-6201-494f-a67a-875c07781827}" true
[   302.74 ] D: _requestForLoading true false
[   304.23 ] D: AsyncFileReader 0 5
[   305.71 ] D: AsyncFileReader 1 6
[   307.19 ] D: AsyncFileReader 2 7
[   308.69 ] D: AsyncFileReader 3 8
[   310.17 ] D: AsyncFileReader 4 9
[   311.65 ] D: AsyncFileReader 0 10
[   313.06 ] D: _requestForLoading false false
[   313.07 ] D: _requestForLoading2
[   313.07 ] D: _numberOfSampleBuffer 1
[   313.07 ] D: START TO load 0
[   313.07 ] D: sltPositionChanged 529200 true
[   313.07 ] D: START TO load 1
[   313.07 ] D: START TO load 2
[   313.07 ] D: START TO load 3
[   313.07 ] D: frame_offset 0 0 217
[   313.07 ] D: frame_offset 0 1 217
[   313.07 ] D: frame_offset 0 2 217
[   313.07 ] D: frame_offset 0 3 217
[   313.08 ] D: frame_offset 0 4 217
[   313.15 ] D: sltFirstBufferFilled ("{64a34fbe-6201-494f-a67a-875c07781827}") "{64a34fbe-6201-494f-a67a-875c07781827}" true
[   313.15 ] D: _requestForLoading true false
[   314.38 ] D: _requestForLoading false false
[   314.38 ] D: _requestForLoading2
[   314.38 ] D: _numberOfSampleBuffer 1
[   314.38 ] D: START TO load 0
[   314.38 ] D: sltPositionChanged 529200 true
[   314.38 ] D: START TO load 1
[   314.38 ] D: START TO load 2
[   314.38 ] D: START TO load 3
[   314.38 ] D: frame_offset 0 0 217
[   314.38 ] D: frame_offset 0 1 217
[   314.38 ] D: frame_offset 0 2 217
[   314.38 ] D: frame_offset 0 3 217
[   314.39 ] D: frame_offset 0 4 217
[   314.43 ] D: sltFirstBufferFilled ("{64a34fbe-6201-494f-a67a-875c07781827}") "{64a34fbe-6201-494f-a67a-875c07781827}" true
[   314.43 ] D: _requestForLoading true false
[   319.25 ] D: _requestForLoading false false
[   319.25 ] D: _requestForLoading2
[   319.25 ] D: _numberOfSampleBuffer 1
[   319.25 ] D: START TO load 0
[   319.25 ] D: sltPositionChanged 1014300 true
[   319.25 ] D: START TO load 1
[   319.25 ] D: START TO load 2
[   319.25 ] D: START TO load 3
[   319.25 ] D: frame_offset 7 0 217
[   319.25 ] D: frame_offset 7 1 217
[   319.25 ] D: frame_offset 7 2 217
[   319.26 ] D: frame_offset 7 3 217
[   319.26 ] D: frame_offset 7 4 217
[   319.34 ] D: sltFirstBufferFilled ("{64a34fbe-6201-494f-a67a-875c07781827}") "{64a34fbe-6201-494f-a67a-875c07781827}" true
[   319.34 ] D: _requestForLoading true false
[   320.65 ] D: _requestForLoading false false
[   320.65 ] D: _requestForLoading2
[   320.65 ] D: _numberOfSampleBuffer 1
[   320.65 ] D: START TO load 0
[   320.65 ] D: sltPositionChanged 573300 true
[   320.65 ] D: START TO load 1
[   320.65 ] D: START TO load 2
[   320.65 ] D: START TO load 3
[   320.65 ] D: frame_offset 0 0 217
[   320.65 ] D: frame_offset 0 1 217
[   320.66 ] D: frame_offset 0 2 217
[   320.66 ] D: frame_offset 0 3 217
[   320.66 ] D: frame_offset 0 4 217
[   320.74 ] D: sltFirstBufferFilled ("{64a34fbe-6201-494f-a67a-875c07781827}") "{64a34fbe-6201-494f-a67a-875c07781827}" true
[   320.74 ] D: _requestForLoading true false
[   823.11 ] D: LambdaFunctionPointerVoidReturnType class `public: __cdecl DGE::QtWrapper::QMLScene::QNode3D::QNode3D(class DGE::QtWrapper::QMLScene::QINode3D * __ptr64) __ptr64'::`2'::<lambda_1> Is Destroyed
[   823.11 ] D: LambdaFunctionPointerVoidReturnType class `public: __cdecl DGE::QtWrapper::QMLScene::QNode3D::QNode3D(class DGE::QtWrapper::QMLScene::QINode3D * __ptr64) __ptr64'::`2'::<lambda_1> Is Destroyed
[   823.12 ] D: LambdaFunctionPointerVoidReturnType class `protected: void __cdecl DGE::QtWrapper::QMLScene::QPerspectiveCameraController::commonInitConstructor(void) __ptr64'::`2'::<lambda_1> Is Destroyed
[   823.12 ] D: LambdaFunctionPointerVoidReturnType class `private: void __cdecl DGE::QtWrapper::QMLScene::QThirdPersonController::commonInitConstructor(void) __ptr64'::`2'::<lambda_1> Is Destroyed
[   823.12 ] D: LambdaFunctionPointerVoidReturnType class `protected: void __cdecl DGE::QtWrapper::QMLScene::QPerspectiveCameraController::commonInitConstructor(void) __ptr64'::`2'::<lambda_1> Is Destroyed
[   823.12 ] D: MemberFunctionPointer void (__cdecl DGE::QtWrapper::QMLScene::QComponent3D::*)(void) __ptr64 Is Destroyed
[   823.12 ] D: MemberFunctionPointer void (__cdecl DGE::QtWrapper::QMLScene::QThirdPersonController::*)(class std::shared_ptr<class DGE::Scene::Component>) __ptr64 Is Destroyed
[   823.12 ] D: LambdaFunctionPointerVoidReturnType class `public: __cdecl DGE::QtWrapper::QMLScene::QCameraComponent::QCameraComponent(class DGE::QtWrapper::QMLScene::QNode3D * __ptr64,bool) __ptr64'::`2'::<lambda_1> Is Destroyed
[   823.12 ] D: MemberFunctionPointer void (__cdecl DGE::QtWrapper::QMLScene::QComponent3D::*)(void) __ptr64 Is Destroyed
[   823.12 ] D: LambdaFunctionPointerVoidReturnType class `private: void __cdecl DGE::QtWrapper::QMLScene::QPerspectiveLens::commonInitConstructor(void) __ptr64'::`2'::<lambda_1> Is Destroyed
[   823.12 ] D: LambdaFunctionPointerVoidReturnType class `protected: void __cdecl DGE::QtWrapper::QMLScene::QPerspectiveCameraController::commonInitConstructor(void) __ptr64'::`2'::<lambda_1> Is Destroyed
[   823.12 ] D: LambdaFunctionPointerVoidReturnType class `protected: void __cdecl DGE::QtWrapper::QMLScene::QPerspectiveCameraController::commonInitConstructor(void) __ptr64'::`2'::<lambda_1> Is Destroyed
[   823.12 ] D: LambdaFunctionPointerVoidReturnType class `private: void __cdecl DGE::QtWrapper::QMLScene::QThirdPersonController::commonInitConstructor(void) __ptr64'::`2'::<lambda_1> Is Destroyed
[   823.12 ] D: MemberFunctionPointer void (__cdecl DGE::QtWrapper::QMLScene::QComponent3D::*)(void) __ptr64 Is Destroyed
[   823.12 ] D: MemberFunctionPointer void (__cdecl DGE::QtWrapper::QMLScene::QThirdPersonController::*)(class std::shared_ptr<class DGE::Scene::Component>) __ptr64 Is Destroyed
[   823.12 ] D: LambdaFunctionPointerVoidReturnType class `public: __cdecl DGE::QtWrapper::QMLScene::QCameraComponent::QCameraComponent(class DGE::QtWrapper::QMLScene::QNode3D * __ptr64,bool) __ptr64'::`2'::<lambda_1> Is Destroyed
[   823.12 ] D: MemberFunctionPointer void (__cdecl DGE::QtWrapper::QMLScene::QComponent3D::*)(void) __ptr64 Is Destroyed
[   823.12 ] D: LambdaFunctionPointerVoidReturnType class `private: void __cdecl DGE::QtWrapper::QMLScene::QOrthoLens::commonInitConstructor(void) __ptr64'::`2'::<lambda_1> Is Destroyed
[   823.12 ] D: LambdaFunctionPointerVoidReturnType class `protected: void __cdecl DGE::QtWrapper::QMLScene::QPerspectiveCameraController::commonInitConstructor(void) __ptr64'::`2'::<lambda_1> Is Destroyed
[   823.12 ] D: LambdaFunctionPointerVoidReturnType class `protected: void __cdecl DGE::QtWrapper::QMLScene::QPerspectiveCameraController::commonInitConstructor(void) __ptr64'::`2'::<lambda_1> Is Destroyed
[   823.12 ] D: LambdaFunctionPointerVoidReturnType class `private: void __cdecl DGE::QtWrapper::QMLScene::QThirdPersonController::commonInitConstructor(void) __ptr64'::`2'::<lambda_1> Is Destroyed
[   823.12 ] D: MemberFunctionPointer void (__cdecl DGE::QtWrapper::QMLScene::QComponent3D::*)(void) __ptr64 Is Destroyed
[   823.12 ] D: MemberFunctionPointer void (__cdecl DGE::QtWrapper::QMLScene::QThirdPersonController::*)(class std::shared_ptr<class DGE::Scene::Component>) __ptr64 Is Destroyed
[   823.12 ] D: LambdaFunctionPointerVoidReturnType class `public: __cdecl DGE::QtWrapper::QMLScene::QCameraComponent::QCameraComponent(class DGE::QtWrapper::QMLScene::QNode3D * __ptr64,bool) __ptr64'::`2'::<lambda_1> Is Destroyed
[   823.12 ] D: MemberFunctionPointer void (__cdecl DGE::QtWrapper::QMLScene::QComponent3D::*)(void) __ptr64 Is Destroyed
[   823.12 ] D: LambdaFunctionPointerVoidReturnType class `private: void __cdecl DGE::QtWrapper::QMLScene::QOrthoLens::commonInitConstructor(void) __ptr64'::`2'::<lambda_1> Is Destroyed
[   823.13 ] D: LambdaFunctionPointerVoidReturnType class `public: __cdecl DGE::QtWrapper::QMLScene::QCameraComponent::QCameraComponent(class DGE::QtWrapper::QMLScene::QNode3D * __ptr64,bool) __ptr64'::`2'::<lambda_1> Is Destroyed
[   823.13 ] D: MemberFunctionPointer void (__cdecl DGE::QtWrapper::QMLScene::QComponent3D::*)(void) __ptr64 Is Destroyed
[   823.13 ] D: LambdaFunctionPointerVoidReturnType class `private: void __cdecl DGE::QtWrapper::QMLScene::QPerspectiveLens::commonInitConstructor(void) __ptr64'::`2'::<lambda_1> Is Destroyed
[   823.13 ] D: LambdaFunctionPointerVoidReturnType class `private: void __cdecl DGE::QtWrapper::QMLScene::QThirdPersonController::commonInitConstructor(void) __ptr64'::`2'::<lambda_1> Is Destroyed
[   823.14 ] D: LambdaFunctionPointerVoidReturnType class `protected: void __cdecl DGE::QtWrapper::QMLScene::QPerspectiveCameraController::commonInitConstructor(void) __ptr64'::`2'::<lambda_1> Is Destroyed
[   823.14 ] D: LambdaFunctionPointerVoidReturnType class `protected: void __cdecl DGE::QtWrapper::QMLScene::QPerspectiveCameraController::commonInitConstructor(void) __ptr64'::`2'::<lambda_1> Is Destroyed
[   823.14 ] D: MemberFunctionPointer void (__cdecl DGE::QtWrapper::QMLScene::QComponent3D::*)(void) __ptr64 Is Destroyed
[   823.14 ] D: MemberFunctionPointer void (__cdecl DGE::QtWrapper::QMLScene::QThirdPersonController::*)(class std::shared_ptr<class DGE::Scene::Component>) __ptr64 Is Destroyed
[   823.14 ] D: LambdaFunctionPointerVoidReturnType class `public: __cdecl DGE::QtWrapper::QMLScene::QCameraComponent::QCameraComponent(class DGE::QtWrapper::QMLScene::QNode3D * __ptr64,bool) __ptr64'::`2'::<lambda_1> Is Destroyed
[   823.14 ] D: MemberFunctionPointer void (__cdecl DGE::QtWrapper::QMLScene::QComponent3D::*)(void) __ptr64 Is Destroyed
[   823.14 ] D: LambdaFunctionPointerVoidReturnType class `private: void __cdecl DGE::QtWrapper::QMLScene::QPerspectiveLens::commonInitConstructor(void) __ptr64'::`2'::<lambda_1> Is Destroyed
[   823.14 ] D: LambdaFunctionPointerVoidReturnType class `protected: void __cdecl DGE::QtWrapper::QMLScene::QPerspectiveCameraController::commonInitConstructor(void) __ptr64'::`2'::<lambda_1> Is Destroyed
[   823.14 ] D: LambdaFunctionPointerVoidReturnType class `private: void __cdecl DGE::QtWrapper::QMLScene::QThirdPersonController::commonInitConstructor(void) __ptr64'::`2'::<lambda_1> Is Destroyed
[   823.14 ] D: LambdaFunctionPointerVoidReturnType class `protected: void __cdecl DGE::QtWrapper::QMLScene::QPerspectiveCameraController::commonInitConstructor(void) __ptr64'::`2'::<lambda_1> Is Destroyed
[   823.14 ] D: MemberFunctionPointer void (__cdecl DGE::QtWrapper::QMLScene::QComponent3D::*)(void) __ptr64 Is Destroyed
[   823.14 ] D: MemberFunctionPointer void (__cdecl DGE::QtWrapper::QMLScene::QThirdPersonController::*)(class std::shared_ptr<class DGE::Scene::Component>) __ptr64 Is Destroyed
[   823.14 ] D: LambdaFunctionPointerVoidReturnType class `public: __cdecl DGE::QtWrapper::QMLScene::QCameraComponent::QCameraComponent(class DGE::QtWrapper::QMLScene::QNode3D * __ptr64,bool) __ptr64'::`2'::<lambda_1> Is Destroyed
[   823.14 ] D: MemberFunctionPointer void (__cdecl DGE::QtWrapper::QMLScene::QComponent3D::*)(void) __ptr64 Is Destroyed
[   823.14 ] D: LambdaFunctionPointerVoidReturnType class `private: void __cdecl DGE::QtWrapper::QMLScene::QOrthoLens::commonInitConstructor(void) __ptr64'::`2'::<lambda_1> Is Destroyed
[   823.14 ] D: LambdaFunctionPointerVoidReturnType class `protected: void __cdecl DGE::QtWrapper::QMLScene::QPerspectiveCameraController::commonInitConstructor(void) __ptr64'::`2'::<lambda_1> Is Destroyed
[   823.14 ] D: LambdaFunctionPointerVoidReturnType class `private: void __cdecl DGE::QtWrapper::QMLScene::QThirdPersonController::commonInitConstructor(void) __ptr64'::`2'::<lambda_1> Is Destroyed
[   823.14 ] D: LambdaFunctionPointerVoidReturnType class `protected: void __cdecl DGE::QtWrapper::QMLScene::QPerspectiveCameraController::commonInitConstructor(void) __ptr64'::`2'::<lambda_1> Is Destroyed
[   823.14 ] D: MemberFunctionPointer void (__cdecl DGE::QtWrapper::QMLScene::QComponent3D::*)(void) __ptr64 Is Destroyed
[   823.14 ] D: MemberFunctionPointer void (__cdecl DGE::QtWrapper::QMLScene::QThirdPersonController::*)(class std::shared_ptr<class DGE::Scene::Component>) __ptr64 Is Destroyed
[   823.14 ] D: LambdaFunctionPointerVoidReturnType class `public: __cdecl DGE::QtWrapper::QMLScene::QCameraComponent::QCameraComponent(class DGE::QtWrapper::QMLScene::QNode3D * __ptr64,bool) __ptr64'::`2'::<lambda_1> Is Destroyed
[   823.14 ] D: MemberFunctionPointer void (__cdecl DGE::QtWrapper::QMLScene::QComponent3D::*)(void) __ptr64 Is Destroyed
[   823.14 ] D: LambdaFunctionPointerVoidReturnType class `private: void __cdecl DGE::QtWrapper::QMLScene::QOrthoLens::commonInitConstructor(void) __ptr64'::`2'::<lambda_1> Is Destroyed
[   823.14 ] D: LambdaFunctionPointerVoidReturnType class `public: __cdecl DGE::QtWrapper::QMLScene::QCameraComponent::QCameraComponent(class DGE::QtWrapper::QMLScene::QNode3D * __ptr64,bool) __ptr64'::`2'::<lambda_1> Is Destroyed
[   823.14 ] D: MemberFunctionPointer void (__cdecl DGE::QtWrapper::QMLScene::QComponent3D::*)(void) __ptr64 Is Destroyed
[   823.14 ] D: LambdaFunctionPointerVoidReturnType class `private: void __cdecl DGE::QtWrapper::QMLScene::QPerspectiveLens::commonInitConstructor(void) __ptr64'::`2'::<lambda_1> Is Destroyed
[   823.15 ] D: LambdaFunctionPointerVoidReturnType class `protected: void __cdecl DGE::QtWrapper::QMLScene::QPerspectiveCameraController::commonInitConstructor(void) __ptr64'::`2'::<lambda_1> Is Destroyed
[   823.15 ] D: LambdaFunctionPointerVoidReturnType class `protected: void __cdecl DGE::QtWrapper::QMLScene::QPerspectiveCameraController::commonInitConstructor(void) __ptr64'::`2'::<lambda_1> Is Destroyed
[   823.15 ] D: LambdaFunctionPointerVoidReturnType class `private: void __cdecl DGE::QtWrapper::QMLScene::QThirdPersonController::commonInitConstructor(void) __ptr64'::`2'::<lambda_1> Is Destroyed
[   823.15 ] D: MemberFunctionPointer void (__cdecl DGE::QtWrapper::QMLScene::QComponent3D::*)(void) __ptr64 Is Destroyed
[   823.15 ] D: MemberFunctionPointer void (__cdecl DGE::QtWrapper::QMLScene::QThirdPersonController::*)(class std::shared_ptr<class DGE::Scene::Component>) __ptr64 Is Destroyed
[   823.15 ] D: LambdaFunctionPointerVoidReturnType class `public: __cdecl DGE::QtWrapper::QMLScene::QCameraComponent::QCameraComponent(class DGE::QtWrapper::QMLScene::QNode3D * __ptr64,bool) __ptr64'::`2'::<lambda_1> Is Destroyed
[   823.15 ] D: MemberFunctionPointer void (__cdecl DGE::QtWrapper::QMLScene::QComponent3D::*)(void) __ptr64 Is Destroyed
[   823.15 ] D: LambdaFunctionPointerVoidReturnType class `private: void __cdecl DGE::QtWrapper::QMLScene::QPerspectiveLens::commonInitConstructor(void) __ptr64'::`2'::<lambda_1> Is Destroyed
[   823.15 ] D: LambdaFunctionPointerVoidReturnType class `protected: void __cdecl DGE::QtWrapper::QMLScene::QPerspectiveCameraController::commonInitConstructor(void) __ptr64'::`2'::<lambda_1> Is Destroyed
[   823.15 ] D: LambdaFunctionPointerVoidReturnType class `private: void __cdecl DGE::QtWrapper::QMLScene::QThirdPersonController::commonInitConstructor(void) __ptr64'::`2'::<lambda_1> Is Destroyed
[   823.15 ] D: LambdaFunctionPointerVoidReturnType class `protected: void __cdecl DGE::QtWrapper::QMLScene::QPerspectiveCameraController::commonInitConstructor(void) __ptr64'::`2'::<lambda_1> Is Destroyed
[   823.15 ] D: MemberFunctionPointer void (__cdecl DGE::QtWrapper::QMLScene::QComponent3D::*)(void) __ptr64 Is Destroyed
[   823.15 ] D: MemberFunctionPointer void (__cdecl DGE::QtWrapper::QMLScene::QThirdPersonController::*)(class std::shared_ptr<class DGE::Scene::Component>) __ptr64 Is Destroyed
[   823.15 ] D: LambdaFunctionPointerVoidReturnType class `public: __cdecl DGE::QtWrapper::QMLScene::QCameraComponent::QCameraComponent(class DGE::QtWrapper::QMLScene::QNode3D * __ptr64,bool) __ptr64'::`2'::<lambda_1> Is Destroyed
[   823.15 ] D: MemberFunctionPointer void (__cdecl DGE::QtWrapper::QMLScene::QComponent3D::*)(void) __ptr64 Is Destroyed
[   823.15 ] D: LambdaFunctionPointerVoidReturnType class `private: void __cdecl DGE::QtWrapper::QMLScene::QOrthoLens::commonInitConstructor(void) __ptr64'::`2'::<lambda_1> Is Destroyed
[   823.15 ] D: LambdaFunctionPointerVoidReturnType class `protected: void __cdecl DGE::QtWrapper::QMLScene::QPerspectiveCameraController::commonInitConstructor(void) __ptr64'::`2'::<lambda_1> Is Destroyed
[   823.15 ] D: LambdaFunctionPointerVoidReturnType class `private: void __cdecl DGE::QtWrapper::QMLScene::QThirdPersonController::commonInitConstructor(void) __ptr64'::`2'::<lambda_1> Is Destroyed
[   823.15 ] D: LambdaFunctionPointerVoidReturnType class `protected: void __cdecl DGE::QtWrapper::QMLScene::QPerspectiveCameraController::commonInitConstructor(void) __ptr64'::`2'::<lambda_1> Is Destroyed
[   823.15 ] D: MemberFunctionPointer void (__cdecl DGE::QtWrapper::QMLScene::QComponent3D::*)(void) __ptr64 Is Destroyed
