[     6.96 ] I: Log: Log file open in follow path at 1403/6/21 23:02:29 : C:\Users\AmirPasha\Desktop\Rpos\DAW-3\build2019\debug\Logs\Launch.log
[     6.96 ] I: The subsystem "class DGE::Core::IO::LogSystem::Logger" is registered successfully.
[     6.96 ] I: The subsystem "class DGE::Core::Windows::QtWindow" is registered successfully.
[     6.96 ] D: API version is: 4.60 ,shader version is: 4.60
[     6.96 ] I: The subsystem "class DGE::GFX::GCore::QtWrapper::QtRenderer" is registered successfully.
[     6.96 ] I: Current Render API is: 4.60
[     6.96 ] I: The subsystem "Renderer" is registered successfully.
[     6.96 ] I: The subsystem "class DGE::Core::Platforms::QtPlatform" is registered successfully.
[     6.96 ] I: The subsystem "Platform" is registered successfully.
[     6.97 ] I: The subsystem "class DGE::Core::IO::FileSystem::FileManager" is registered successfully.
[     6.97 ] I: The subsystem "class DGE::Core::CoreModule" is registered successfully.
[     6.97 ] I: The subsystem "class DGE::Core::Profiling::Profiler" is registered successfully.
[     6.97 ] I: The subsystem "class DGE::GFX::DrawablesManager" is registered successfully.
[     6.97 ] I: #version 460 core
#define GLES_Ver 460

[     6.97 ] I: The subsystem "class DGE::GFX::GraphicsManager" is registered successfully.
[     6.97 ] I: The subsystem "class DGE::GFX::GFXModule" is registered successfully.
[     7.16 ] D: Shader Compile successfully.
[     7.16 ] I: The subsystem "class DGE::Scene::ViewportManager" is registered successfully.
[     7.16 ] I: The subsystem "class DGE::Scene::SceneModule" is registered successfully.
[     7.16 ] I: The subsystem "class DGE::Managers::RenderManager" is registered successfully.
[     7.16 ] D: Engine Enabled
[     7.16 ] I: The subsystem "class DGE::Engine" is registered successfully.
[     7.16 ] D: Node with id 1 is added to Qt layer
[     7.16 ] D: Node with id 2460 is added to Qt layer
[     7.16 ] D: Node with id 2462 is added to Qt layer
[     7.16 ] D: Node with id 2464 is added to Qt layer
[     7.16 ] D: Node with id 2466 is added to Qt layer
[     7.17 ] D: Node with id 2468 is added to Qt layer
[     7.17 ] D: Node with id 2470 is added to Qt layer
[     7.17 ] D: Node with id 2472 is added to Qt layer
[     7.17 ] D: Node with id 2474 is added to Qt layer
[     7.17 ] D: Node with id 2476 is added to Qt layer
[     7.17 ] D: Node with id 2478 is added to Qt layer
[     7.17 ] D: Node with id 2480 is added to Qt layer
[     7.17 ] D: Node with id 2482 is added to Qt layer
[     7.17 ] D: Node with id 2484 is added to Qt layer
[     7.18 ] D: Node with id 2486 is added to Qt layer
[     7.18 ] D: Node with id 2487 is added to Qt layer
[     7.18 ] D: Node with id 2489 is added to Qt layer
[     7.18 ] D: Node with id 2491 is added to Qt layer
[     7.18 ] D: Node with id 3 is added to Qt layer
[     7.18 ] D: Node with id 2493 is added to Qt layer
[     7.18 ] S: New view-port registered with id: 1
[     7.18 ] S: New view-port registered with id: 2
[     7.18 ] S: New view-port registered with id: 3
[     7.18 ] S: New view-port registered with id: 4
[     7.18 ] S: New view-port registered with id: 5
[     7.18 ] S: New view-port registered with id: 6
[     7.31 ] D: Creating suitable QNanoBackend for OpenGL 4.6 context
[     7.31 ] D: Using backend: "OpenGL 3"
[     7.36 ] W: Floating point comparison needs context sanity check
[     7.36 ] D: QT onScaleChanged=  144
[     7.39 ] W: ShaderEffectSource: 'recursive' must be set to true when rendering recursively.
[     7.39 ] W: ShaderEffectSource: 'recursive' must be set to true when rendering recursively.
[     7.39 ] W: ShaderEffectSource: 'recursive' must be set to true when rendering recursively.
[     7.40 ] W: ShaderEffectSource: 'recursive' must be set to true when rendering recursively.
[     7.61 ] D: Engine Started.
[    30.77 ] D: P1 -297
[    30.77 ] D: P1 -318
[    30.77 ] D: P1 -321
[    30.78 ] D: P1 -322
[    30.78 ] D: P1 -323
[    30.78 ] D: P1 -325
[    30.79 ] D: P1 -328
[    30.79 ] D: P1 -329
[    30.79 ] D: P1 -330
[    30.79 ] D: P14
[    30.80 ] D: P1 -331
[    30.80 ] D: P14
[    30.80 ] D: P1 -331
[    30.80 ] D: P14
[    30.81 ] D: P1 -332
[    30.81 ] D: P14
[    30.82 ] D: P1 -332
[    30.82 ] D: P14
[    30.82 ] D: P1 -333
[    30.82 ] D: P14
[    30.83 ] D: P1 -333
[    30.83 ] D: P14
[    31.01 ] D: P1 -333
[    31.01 ] D: P14
[    31.02 ] D: P1 -334
[    31.02 ] D: P14
[    31.02 ] D: P1 -334
[    31.02 ] D: P14
[    31.02 ] D: P1 -335
[    31.02 ] D: P14
[    31.03 ] D: P1 -339
[    31.03 ] D: P14
[    31.03 ] D: P1 -339
[    31.03 ] D: P14
[    31.04 ] D: P1 -341
[    31.04 ] D: P14
[    31.05 ] D: P1 -345
[    31.05 ] D: P14
[    31.05 ] D: P1 -347
[    31.05 ] D: P14
[    31.05 ] D: P1 -348
[    31.05 ] D: P14
[    31.06 ] D: P1 -349
[    31.06 ] D: P14
[    31.06 ] D: P1 -351
[    31.06 ] D: P14
[    31.07 ] D: P1 -352
[    31.07 ] D: P14
[    31.08 ] D: P1 -355
[    31.08 ] D: P14
[    31.08 ] D: P1 -356
[    31.08 ] D: P14
[    31.08 ] D: P1 -357
[    31.08 ] D: P14
[    31.09 ] D: P1 -359
[    31.09 ] D: P14
[    31.09 ] D: P1 -360
[    31.09 ] D: P14
[    31.10 ] D: P1 -361
[    31.10 ] D: P14
[    31.11 ] D: P1 -364
[    31.11 ] D: P14
[    31.11 ] D: P1 -365
[    31.11 ] D: P14
[    31.11 ] D: P1 -365
[    31.11 ] D: P14
[    31.12 ] D: P1 -366
[    31.12 ] D: P14
[    31.13 ] D: P1 -371
[    31.13 ] D: P1 -372
[    31.13 ] D: P1 -373
[    31.15 ] D: P1 -374
[    31.15 ] D: P1 -381
[    31.15 ] D: P1 -382
[    31.15 ] D: P1 -382
[    31.16 ] D: P1 -384
[    31.16 ] D: P1 -385
[    31.16 ] D: P1 -386
[    31.16 ] D: P1 -387
[    31.17 ] D: P1 -390
[    31.18 ] D: P1 -391
[    31.18 ] D: P1 -391
[    31.19 ] D: P1 -392
[    31.19 ] D: P1 -394
[    31.19 ] D: P1 -394
[    31.21 ] D: P1 -395
[    31.50 ] D: sltPositionChanged 176400
[    31.50 ] D: frame_offset 0 0 217
[    31.50 ] D: frame_offset 0 1 217
[    31.50 ] D: frame_offset 0 2 217
[    31.51 ] D: frame_offset 0 3 217
[    31.51 ] D: frame_offset 0 4 217
[    31.51 ] D: findOverlayItems 1 0
[    31.51 ] D: "{e55d97a0-9027-4a7f-bb93-e089d60332d2}" i.value()->sampleClip()->startTime()  4000 326833 326833 4000
[    31.51 ] D: findOverlayItems
[    31.52 ] D: sltPositionChanged 176400
[    31.52 ] D: frame_offset 0 0 217
[    31.52 ] D: frame_offset 0 1 217
[    31.52 ] D: frame_offset 0 2 217
[    31.52 ] D: frame_offset 0 3 217
[    31.53 ] D: frame_offset 0 4 217
[    42.76 ] D: _editController->getParameterCount() 143
[    42.79 ] D: ADDED 0 0 0
[    43.20 ] D: ADDED 1 0 0
[    43.20 ] D: ADDED 2 0 0
[    43.21 ] D: ADDED 3 0 0
[    43.24 ] D: ADDED
[    55.26 ] W: ShaderEffectSource: 'recursive' must be set to true when rendering recursively.
[    56.46 ] D: _pointActive1 false true false
[    57.46 ] D: _pointActive1 false true false
[    58.40 ] D: _pointActive1 false true false
[    94.11 ] D: _requestForLoading false false
[    94.11 ] D: _requestForLoading2
[    94.11 ] D: _numberOfSampleBuffer 1
[    94.11 ] D: START TO load 0
[    94.11 ] D: sltPositionChanged 264600 true
[    94.11 ] D: START TO load 1
[    94.11 ] D: START TO load 2
[    94.11 ] D: START TO load 3
[    94.11 ] D: frame_offset 1 0 217
[    94.11 ] D: frame_offset 1 1 217
[    94.12 ] D: frame_offset 1 2 217
[    94.12 ] D: frame_offset 1 3 217
[    94.12 ] D: frame_offset 1 4 217
[    94.13 ] D: sltFirstBufferFilled ("{e55d97a0-9027-4a7f-bb93-e089d60332d2}") "{e55d97a0-9027-4a7f-bb93-e089d60332d2}" true
[    94.13 ] D: _requestForLoading true false
[   261.66 ] D: _requestForLoading false false
[   261.66 ] D: _requestForLoading2
[   261.66 ] D: _numberOfSampleBuffer 1
[   261.66 ] D: START TO load 0
[   261.66 ] D: sltPositionChanged 749700 true
[   261.66 ] D: START TO load 1
[   261.66 ] D: START TO load 2
[   261.66 ] D: START TO load 3
[   261.66 ] D: frame_offset 8 0 217
[   261.66 ] D: frame_offset 8 1 217
[   261.67 ] D: frame_offset 8 2 217
[   261.67 ] D: frame_offset 8 3 217
[   261.67 ] D: frame_offset 8 4 217
[   261.67 ] D: sltFirstBufferFilled ("{e55d97a0-9027-4a7f-bb93-e089d60332d2}") "{e55d97a0-9027-4a7f-bb93-e089d60332d2}" true
[   261.67 ] D: _requestForLoading true false
[   262.04 ] D: AsyncFileReader 3 13
[   263.52 ] D: AsyncFileReader 4 14
[   266.24 ] D: _requestForLoading false false
[   266.24 ] D: _requestForLoading2
[   266.24 ] D: _numberOfSampleBuffer 1
