[     5.00 ] I: Log: Log file open in follow path at 1403/4/13 00:05:56 : C:\Users\AmirPasha\Desktop\Rpos\DAW-3\build2019\debug\Logs\Launch.log
[     5.00 ] I: The subsystem "class DGE::Core::IO::LogSystem::Logger" is registered successfully.
[     5.00 ] I: The subsystem "class DGE::Core::Windows::QtWindow" is registered successfully.
[     5.01 ] D: API version is: 4.60 ,shader version is: 4.60
[     5.01 ] I: The subsystem "class DGE::GFX::GCore::QtWrapper::QtRenderer" is registered successfully.
[     5.01 ] I: Current Render API is: 4.60
[     5.01 ] I: The subsystem "Renderer" is registered successfully.
[     5.01 ] I: The subsystem "class DGE::Core::Platforms::QtPlatform" is registered successfully.
[     5.01 ] I: The subsystem "Platform" is registered successfully.
[     5.01 ] I: The subsystem "class DGE::Core::IO::FileSystem::FileManager" is registered successfully.
[     5.01 ] I: The subsystem "class DGE::Core::CoreModule" is registered successfully.
[     5.01 ] I: The subsystem "class DGE::Core::Profiling::Profiler" is registered successfully.
[     5.01 ] I: The subsystem "class DGE::GFX::DrawablesManager" is registered successfully.
[     5.01 ] I: #version 460 core
#define GLES_Ver 460

[     5.01 ] I: The subsystem "class DGE::GFX::GraphicsManager" is registered successfully.
[     5.01 ] I: The subsystem "class DGE::GFX::GFXModule" is registered successfully.
[     5.10 ] D: Shader Compile successfully.
[     5.11 ] I: The subsystem "class DGE::Scene::ViewportManager" is registered successfully.
[     5.11 ] I: The subsystem "class DGE::Scene::SceneModule" is registered successfully.
[     5.11 ] I: The subsystem "class DGE::Managers::RenderManager" is registered successfully.
[     5.11 ] D: Engine Enabled
[     5.11 ] I: The subsystem "class DGE::Engine" is registered successfully.
[     5.11 ] D: Node with id 1 is added to Qt layer
[     5.11 ] D: Node with id 2460 is added to Qt layer
[     5.11 ] D: Node with id 2462 is added to Qt layer
[     5.11 ] D: Node with id 2464 is added to Qt layer
[     5.11 ] D: Node with id 2466 is added to Qt layer
[     5.11 ] D: Node with id 2468 is added to Qt layer
[     5.11 ] D: Node with id 2470 is added to Qt layer
[     5.11 ] D: Node with id 2472 is added to Qt layer
[     5.11 ] D: Node with id 2474 is added to Qt layer
[     5.11 ] D: Node with id 2476 is added to Qt layer
[     5.11 ] D: Node with id 2478 is added to Qt layer
[     5.11 ] D: Node with id 2480 is added to Qt layer
[     5.11 ] D: Node with id 2482 is added to Qt layer
[     5.11 ] D: Node with id 2484 is added to Qt layer
[     5.11 ] D: Node with id 2486 is added to Qt layer
[     5.11 ] D: Node with id 2487 is added to Qt layer
[     5.11 ] D: Node with id 2489 is added to Qt layer
[     5.11 ] D: Node with id 2491 is added to Qt layer
[     5.11 ] D: Node with id 3 is added to Qt layer
[     5.11 ] D: Node with id 2493 is added to Qt layer
[     5.12 ] S: New view-port registered with id: 1
[     5.12 ] S: New view-port registered with id: 2
[     5.12 ] S: New view-port registered with id: 3
[     5.12 ] S: New view-port registered with id: 4
[     5.12 ] S: New view-port registered with id: 5
[     5.12 ] S: New view-port registered with id: 6
[     5.19 ] D: Creating suitable QNanoBackend for OpenGL 4.6 context
[     5.19 ] D: Using backend: "OpenGL 3"
[     5.23 ] W: Floating point comparison needs context sanity check
[     5.23 ] D: QT onScaleChanged=  144
[     5.47 ] D: Engine Started.
[   155.94 ] D: P1 -394
[   155.94 ] D: P1 -398
[   155.96 ] D: P1 -398
[   155.96 ] D: P1 -399
[   155.96 ] D: P1 -400
[   155.96 ] D: P1 -400
[   155.96 ] D: P1 -400
[   155.97 ] D: P1 -400
[   155.98 ] D: P1 -400
[   155.98 ] D: P1 -400
[   155.98 ] D: P1 -400
[   155.99 ] D: P1 -400
[   155.99 ] D: P1 -400
[   155.99 ] D: P1 -400
[   155.99 ] D: P1 -400
[   156.01 ] D: P1 -400
[   156.01 ] D: P1 -401
[   156.01 ] D: P1 -401
[   156.02 ] D: P1 -402
[   156.03 ] D: P1 -403
[   156.03 ] D: P1 -403
[   156.04 ] D: P1 -403
[   156.04 ] D: P1 -404
[   156.04 ] D: P1 -404
[   156.04 ] D: P1 -405
[