[     6.45 ] I: Log: Log file open in follow path at 1403/6/25 22:19:03 : C:\Users\AmirPasha\Desktop\Rpos\DAW-3\build2019\debug\Logs\Launch.log
[     6.45 ] I: The subsystem "class DGE::Core::IO::LogSystem::Logger" is registered successfully.
[     6.45 ] I: The subsystem "class DGE::Core::Windows::QtWindow" is registered successfully.
[     6.45 ] D: API version is: 4.60 ,shader version is: 4.60
[     6.45 ] I: The subsystem "class DGE::GFX::GCore::QtWrapper::QtRenderer" is registered successfully.
[     6.45 ] I: Current Render API is: 4.60
[     6.45 ] I: The subsystem "Renderer" is registered successfully.
[     6.45 ] I: The subsystem "class DGE::Core::Platforms::QtPlatform" is registered successfully.
[     6.45 ] I: The subsystem "Platform" is registered successfully.
[     6.45 ] I: The subsystem "class DGE::Core::IO::FileSystem::FileManager" is registered successfully.
[     6.45 ] I: The subsystem "class DGE::Core::CoreModule" is registered successfully.
[     6.45 ] I: The subsystem "class DGE::Core::Profiling::Profiler" is registered successfully.
[     6.45 ] I: The subsystem "class DGE::GFX::DrawablesManager" is registered successfully.
[     6.45 ] I: #version 460 core
#define GLES_Ver 460

[     6.45 ] I: The subsystem "class DGE::GFX::GraphicsManager" is registered successfully.
[     6.45 ] I: The subsystem "class DGE::GFX::GFXModule" is registered successfully.
[     6.55 ] D: Shader Compile successfully.
[     6.55 ] I: The subsystem "class DGE::Scene::ViewportManager" is registered successfully.
[     6.55 ] I: The subsystem "class DGE::Scene::SceneModule" is registered successfully.
[     6.56 ] I: The subsystem "class DGE::Managers::RenderManager" is registered successfully.
[     6.56 ] D: Engine Enabled
[     6.56 ] I: The subsystem "class DGE::Engine" is registered successfully.
[     6.56 ] D: Node with id 1 is added to Qt layer
[     6.56 ] D: Node with id 2460 is added to Qt layer
[     6.56 ] D: Node with id 2462 is added to Qt layer
[     6.56 ] D: Node with id 2464 is added to Qt layer
[     6.56 ] D: Node with id 2466 is added to Qt layer
[     6.56 ] D: Node with id 2468 is added to Qt layer
[     6.56 ] D: Node with id 2470 is added to Qt layer
[     6.56 ] D: Node with id 2472 is added to Qt layer
[     6.56 ] D: Node with id 2474 is added to Qt layer
[     6.56 ] D: Node with id 2476 is added to Qt layer
[     6.56 ] D: Node with id 2478 is added to Qt layer
[     6.56 ] D: Node with id 2480 is added to Qt layer
[     6.56 ] D: Node with id 2482 is added to Qt layer
[     6.56 ] D: Node with id 2484 is added to Qt layer
[     6.56 ] D: Node with id 2486 is added to Qt layer
[     6.56 ] D: Node with id 2487 is added to Qt layer
[     6.56 ] D: Node with id 2489 is added to Qt layer
[     6.56 ] D: Node with id 2491 is added to Qt layer
[     6.56 ] D: Node with id 3 is added to Qt layer
[     6.56 ] D: Node with id 2493 is added to Qt layer
[     6.56 ] S: New view-port registered with id: 1
[     6.57 ] S: New view-port registered with id: 2
[     6.57 ] S: New view-port registered with id: 3
[     6.57 ] S: New view-port registered with id: 4
[     6.57 ] S: New view-port registered with id: 5
[     6.57 ] S: New view-port registered with id: 6
[     6.67 ] D: Creating suitable QNanoBackend for OpenGL 4.6 context
[     6.67 ] D: Using backend: "OpenGL 3"
[     6.71 ] W: Floating point comparison needs context sanity check
[     6.71 ] D: QT onScaleChanged=  144
[     6.74 ] W: ShaderEffectSource: 'recursive' must be set to true when rendering recursively.
[     6.76 ] W: ShaderEffectSource: 'recursive' must be set to true when rendering recursively.
[     6.77 ] W: ShaderEffectSource: 'recursive' must be set to true when rendering recursively.
[     6.78 ] W: ShaderEffectSource: 'recursive' must be set to true when rendering recursively.
[     6.95 ] D: Engine Started.
[    22.15 ] D: P1 -286
[    22.15 ] D: P1 -378
[    22.15 ] D: P1 -384
[    22.15 ] D: P1 -387
[    22.15 ] D: P1 -391
[    22.16 ] D: P1 -395
[    22.16 ] D: P1 -397
[    22.16 ] D: P1 -398
[    22.17 ] D: P1 -401
[    22.17 ] D: P1 -402
[    22.17 ] D: P1 -403
[    22.17 ] D: P1 -403
[    22.17 ] D: P1 -403
[    22.19 ] D: P1 -404
[    22.35 ] D: P1 -404
[    22.35 ] D: P1 -405
[    22.35 ] D: P1 -405
[    22.36 ] D: P1 -405
[    22.37 ] D: P1 -408
[    22.37 ] D: P1 -408
[    22.37 ] D: P1 -409
[    22.37 ] D: P1 -409
[    22.39 ] D: P1 -410
[    22.39 ] D: P1 -410
[    22.39 ] D: P1 -410
[    22.39 ] D: P1 -410
[    22.40 ] D: P1 -410
[    22.40 ] D: P1 -410
[    22.40 ] D: P1 -410
[    22.41 ] D: P1 -409
[    22.41 ] D: P1 -409
[    22.42 ] D: P1 -409
[    22.42 ] D: P1 -404
[    22.42 ] D: P1 -403
[    22.42 ] D: P1 -403
[    22.42 ] D: P1 -402
[    22.43 ] D: P1 -399
[    22.44 ] D: P1 -399
[    22.44 ] D: P1 -398
[    22.44 ] D: P1 -398
[    22.44 ] D: P1 -397
[    22.45 ] D: P1 -396
[    22.45 ] D: P1 -395
[    22.45 ] D: P1 -395
[    22.46 ] D: P1 -395
[    22.47 ] D: P1 -395
[    22.47 ] D: P1 -395
[    22.60 ] D: P1 -395
[    22.61 ] D: P1 -395
[    22.62 ] D: P1 -395
[    22.62 ] D: P1 -395
[    22.62 ] D: P1 -395
[    22.64 ] D: P1 -395
[    22.64 ] D: P1 -395
[    22.65 ] D: P1 -395
[    22.72 ] D: P1 -395
[    22.72 ] D: P1 -395
[    22.72 ] D: P1 -396
[    22.74 ] D: P1 -396
[    22.74 ] D: sltPositionChanged 132299
[    22.74 ] D: frame_offset 0 0 217
[    22.74 ] D: frame_offset 0 1 217
[    22.74 ] D: frame_offset 0 2 217
[    22.75 ] D: frame_offset 0 3 217
[    22.75 ] D: frame_offset 0 4 217
[    22.75 ] D: findOverlayItems 1 0
[    22.75 ] D: "{f49cc8fb-d9c2-47a5-8576-1885ff67bae1}" i.value()->sampleClip()->startTime()  3000 325833 325833 3000
[    22.75 ] D: findOverlayItems
[    22.75 ] D: sltPositionChanged 132299
[    22.75 ] D: frame_offset 0 0 217
[    22.75 ] D: frame_offset 0 1 217
[    22.76 ] D: frame_offset 0 2 217
[    22.76 ] D: frame_offset 0 3 217
[    22.76 ] D: frame_offset 0 4 217
[    25.34 ] D: _requestForLoading false false
[    25.34 ] D: _requestForLoading2
[    25.35 ] D: _numberOfSampleBuffer 1
[    25.35 ] D: START TO load 0
[    25.35 ] D: sltPositionChanged 573300 true
[    25.35 ] D: START TO load 1
[    25.35 ] D: START TO load 2
[    25.35 ] D: START TO load 3
[    25.35 ] D: frame_offset 6 0 217
[    25.35 ] D: frame_offset 6 1 217
[    25.35 ] D: frame_offset 6 2 217
[    25.35 ] D: frame_offset 6 3 217
[    25.36 ] D: frame_offset 6 4 217
[    25.37 ] D: sltFirstBufferFilled ("{f49cc8fb-d9c2-47a5-8576-1885ff67bae1}") "{f49cc8fb-d9c2-47a5-8576-1885ff67bae1}" true
[    25.37 ] D: _requestForLoading true false
[    25.78 ] D: AsyncFileReader 1 11
[    27.26 ] D: AsyncFileReader 2 12
[    28.76 ] D: AsyncFileReader 3 13
[    30.24 ] D: AsyncFileReader 4 14
[    31.72 ] D: AsyncFileReader 0 15
[    33.22 ] D: AsyncFileReader 1 16
[    34.70 ] D: AsyncFileReader 2 17
[    36.18 ] D: AsyncFileReader 3 18
[    37.68 ] D: AsyncFileReader 4 19
[    39.16 ] D: AsyncFileReader 0 20
[    40.64 ] D: AsyncFileReader 1 21
[    42.13 ] D: AsyncFileReader 2 22
[    43.55 ] D: _editController->getParameterCount() 21
[    43.61 ] D: AsyncFileReader 3 23
[    43.66 ] D: trackIndex 0 0
[    44.33 ] W: qrc:/TrackPanels/Audio/Automation/AutomationDropMenu.qml:91: TypeError: Cannot read property 'automationLaneModel' of null
[    44.33 ] W: qrc:/TrackPanels/Audio/Automation/AutomationDropMenu.qml:91: TypeError: Cannot read property 'automationLaneModel' of null
[    44.33 ] W: qrc:/TrackPanels/Audio/Automation/AutomationDropMenu.qml:91: TypeError: Cannot read property 'automationLaneModel' of null
[    44.33 ] W: qrc:/TrackPanels/Audio/Automation/AutomationDropMenu.qml:91: TypeError: Cannot read property 'automationLaneModel' of null
[    44.33 ] W: qrc:/TrackPanels/Audio/Automation/AutomationDropMenu.qml:91: TypeError: Cannot read property 'automationLaneModel' of null
[    44.33 ] W: qrc:/TrackPanels/Audio/Automation/AutomationDropMenu.qml:91: TypeError: Cannot read property 'automationLaneModel' of null
[    44.33 ] W: qrc:/TrackPanels/Audio/Automation/AutomationDropMenu.qml:91: TypeError: Cannot read property 'automationLaneModel' of null
[    44.33 ] W: qrc:/TrackPanels/Audio/Automation/AutomationDropMenu.qml:91: TypeError: Cannot read property 'automationLaneModel' of null
[    44.33 ] W: qrc:/TrackPanels/Audio/Automation/AutomationDropMenu.qml:91: TypeError: Cannot read property 'automationLaneModel' of null
