[     5.22 ] I: Log: Log file open in follow path at 1404/1/9 21:13:31 : C:\Users\AmirPasha\Desktop\Rpos\DAW-3\build2019\release\Logs\Launch.log
[     5.22 ] I: The subsystem "class DGE::Core::IO::LogSystem::Logger" is registered successfully.
[     5.22 ] I: The subsystem "class DGE::Core::Windows::QtWindow" is registered successfully.
[     5.22 ] D: OpenGL version flags is:  QFlags(0x1|0x2|0x4|0x8|0x10|0x20|0x40|0x1000|0x2000|0x4000|0x8000|0x10000|0x20000|0x40000|0x80000)
[     5.22 ] D: Graphic API of window is:  2
[     5.22 ] D: API version is: 4.60 ,shader version is: 4.60
[     5.22 ] I: The subsystem "class DGE::GFX::GCore::QtWrapper::QtRenderer" is registered successfully.
[     5.22 ] I: Current Render API is: 4.60
[     5.22 ] I: The subsystem "Renderer" is registered successfully.
[     5.22 ] I: The subsystem "class DGE::Core::Platforms::QtPlatform" is registered successfully.
[     5.22 ] I: The subsystem "Platform" is registered successfully.
[     5.22 ] I: The subsystem "class DGE::Core::IO::FileSystem::FileManager" is registered successfully.
[     5.22 ] I: The subsystem "class DGE::Core::CoreModule" is registered successfully.
[     5.22 ] I: The subsystem "class DGE::Core::Profiling::Profiler" is registered successfully.
[     5.22 ] I: Set path of default assets to :.\Assets\
[     5.22 ] I: The subsystem "class DGE::Core::Assets::ResourceCache" is registered successfully.
[     5.22 ] D: Register resource loader 'Loaders::TextureLoader' for resource type of GFX::Resource::TextureResource
[     5.22 ] D: Register resource loader 'Loaders::ShaderLoader' for resource type of GFX::Resource::ShaderResource
[     5.22 ] D: Register resource loader 'Loaders::MaterialLoader' for resource type of GFX::Resource::MaterialResource
[     5.22 ] I: The subsystem "class DGE::Core::Assets::AssetsManager" is registered successfully.
[     5.22 ] I: The subsystem "class DGE::Managers::InputEventsManager" is registered successfully.
[     5.22 ] I: The subsystem "class DGE::GFX::DrawablesManager" is registered successfully.
[     5.22 ] I: #version 460 core
#define GLES_Ver 460

[     5.22 ] I: The subsystem "class DGE::GFX::GraphicsManager" is registered successfully.
[     5.22 ] I: The subsystem "class DGE::GFX::ShaderLibrary" is registered successfully.
[     5.22 ] I: The subsystem "class DGE::GFX::GFXModule" is registered successfully.
[     5.22 ] I: The subsystem "class DGE::Scene::ViewportManager" is registered successfully.
[     5.22 ] I: The subsystem "class DGE::Scene::SceneModule" is registered successfully.
[     5.22 ] I: The subsystem "class DGE::Managers::RenderManager" is registered successfully.
[     5.22 ] I: The subsystem "class DGE::Engine" is registered successfully.
[     5.24 ] D: Node with id 2458 is added to Qt layer
[     5.24 ] D: Event Object is destroying.
[     5.24 ] D: Node with id 2459 is added to Qt layer
[     5.24 ] D: Node with id 2461 is added to Qt layer
[     5.24 ] D: Node with id 2463 is added to Qt layer
[     5.24 ] D: Node with id 3 is added to Qt layer
[     5.24 ] D: Node with id 2465 is added to Qt layer
[     5.24 ] D: Event Object is destroying.
[     5.24 ] D: Event Object is destroying.
[     5.24 ] D: Event Object is destroying.
[     5.24 ] D: Event Object is destroying.
[     5.24 ] D: Event Object is destroying.
[     5.24 ] D: Event Object is destroying.
[     5.24 ] D: Event Object is destroying.
[     5.24 ] D: Event Object is destroying.
[     5.24 ] D: Event Object is destroying.
[     5.24 ] S: New view-port registered with id: 1
[     5.24 ] D: Event Object is destroying.
[     5.24 ] D: Event Object is destroying.
[     5.24 ] D: Event Object is destroying.
[     5.24 ] D: Event Object is destroying.
[     5.24 ] D: Event Object is destroying.
[     5.24 ] D: Event Object is destroying.
[     5.24 ] D: Event Object is destroying.
[     5.24 ] D: Event Object is destroying.
[     5.24 ] D: Event Object is destroying.
[     5.24 ] S: New view-port registered with id: 2
[     5.24 ] D: Event Object is destroying.
[     5.24 ] D: Event Object is destroying.
[     5.24 ] D: Event Object is destroying.
[     5.24 ] D: Event Object is destroying.
[     5.24 ] D: Event Object is destroying.
[     5.24 ] D: Event Object is destroying.
[     5.24 ] D: Event Object is destroying.
[     5.24 ] D: Event Object is destroying.
[     5.24 ] D: Event Object is destroying.
[     5.24 ] S: New view-port registered with id: 3
[     5.24 ] D: Event Object is destroying.
[     5.24 ] D: Event Object is destroying.
[     5.24 ] D: Event Object is destroying.
[     5.24 ] D: Event Object is destroying.
[     5.24 ] D: Event Object is destroying.
[     5.24 ] D: Event Object is destroying.
[     5.24 ] D: Event Object is destroying.
[     5.24 ] D: Event Object is destroying.
[     5.24 ] D: Event Object is destroying.
[     5.24 ] S: New view-port registered with id: 4
[     5.24 ] D: Event Object is destroying.
[     5.24 ] D: Event Object is destroying.
[     5.24 ] D: Event Object is destroying.
[     5.24 ] D: Event Object is destroying.
[     5.24 ] D: Event Object is destroying.
[     5.24 ] D: Event Object is destroying.
[     5.24 ] D: Event Object is destroying.
[     5.24 ] D: Event Object is destroying.
[     5.24 ] D: Event Object is destroying.
[     5.24 ] S: New view-port registered with id: 5
[     5.24 ] D: Event Object is destroying.
[     5.24 ] D: Event Object is destroying.
[     5.24 ] D: Event Object is destroying.
[     5.24 ] D: Event Object is destroying.
[     5.24 ] D: Event Object is destroying.
[     5.24 ] D: Event Object is destroying.
[     5.24 ] D: Event Object is destroying.
[     5.24 ] D: Event Object is destroying.
[     5.24 ] D: Event Object is destroying.
[     5.24 ] S: New view-port registered with id: 6
[     5.25 ] D: Event Object is destroying.
[     5.25 ] D: Event Object is destroying.
[     5.25 ] D: Event Object is destroying.
[     5.25 ] D: Event Object is destroying.
[     5.25 ] D: Event Object is destroying.
[     5.25 ] D: Event Object is destroying.
[     5.25 ] D: Event Object is destroying.
[     5.25 ] D: Event Object is destroying.
[     5.25 ] D: Event Object is destroying.
[     5.25 ] D: Connected to InputManager
[     5.25 ] D: Shader Compile successfully.
[     5.25 ] D: Added Boundary for ArrowX#2459 with spec:(Position:(0.600000,0.000000,-0.000000), Size:(0.600000,0.120000,0.120000))
[     5.26 ] D: Added Boundary for ArrowZ#2463 with spec:(Position:(-0.000000,0.000000,0.600000), Size:(0.120000,0.120000,0.600000))
[     5.26 ] D: Added Boundary for ArrowY#2461 with spec:(Position:(0.000000,0.600000,-0.000000), Size:(0.120000,0.600000,0.120000))
[     5.30 ] D: Engine Started.
[     5.30 ] D: Create new Entity node of engine.
[     5.30 ] D: Create new Entity node of engine.
[     5.30 ] D: Create new Entity node of engine.
[     5.30 ] D: Create new Entity node of engine.
[     5.30 ] D: Create new Entity node of engine.
[     5.30 ] D: Create new Entity node of engine.
[     5.30 ] D: Create new Entity node of engine.
[     5.30 ] D: Create new Entity node of engine.
[     5.30 ] D: createObject 0 false
[     5.30 ] D: createObject 1 false
[     5.30 ] D: createObject 2 false
[     5.30 ] D: createObject 3 false
[    12.97 ] D: SHOW AreaInfo(0x14cd3a51630) Vst3PluginManager(0x14cd3a008b0)
[    13.03 ] D: Event Object is destroying.
[    13.03 ] D: Event Object is destroying.
[    13.03 ] D: Event Object is destroying.
[    13.03 ] D: Event Object is destroying.
[    13.03 ] D: Event Object is destroying.
[    13.03 ] D: Event Object is destroying.
[    13.03 ] D: Event Object is destroying.
[    13.03 ] D: Event Object is destroying.
[    13.03 ] D: Event Object is destroying.
[    13.03 ] D: Event Object is destroying.
[    13.03 ] D: Event Object is destroying.
[    13.03 ] D: Event Object is destroying.
[    13.03 ] D: Event Object is destroying.
[    13.03 ] D: Event Object is destroying.
[    13.03 ] D: Event Object is destroying.
[    13.03 ] D: Event Object is destroying.
[    13.03 ] D: Event Object is destroying.
[    13.03 ] D: Event Object is destroying.
[    13.03 ] D: Event Object is destroying.
[    13.03 ] D: Event Object is destroying.
[    13.03 ] D: Event Object is destroying.
[    13.03 ] D: Event Object is destroying.
[    13.03 ] D: Event Object is destroying.
[    13.03 ] D: Event Object is destroying.
[    13.03 ] D: Event Object is destroying.
[    13.03 ] D: Event Object is destroying.
[    13.03 ] D: Event Object is destroying.
[    13.03 ] D: Event Object is destroying.
[    13.03 ] D: Event Object is destroying.
[    13.03 ] D: Event Object is destroying.
[    13.03 ] D: Event Object is destroying.
[    13.03 ] D: Event Object is destroying.
[    13.03 ] D: Event Object is destroying.
[    13.03 ] D: Event Object is destroying.
[    13.03 ] D: Event Object is destroying.
[    13.03 ] D: Event Object is destroying.
[    13.03 ] D: Event Object is destroying.
[    13.03 ] D: Event Object is destroying.
[    13.03 ] D: Event Object is destroying.
[    13.03 ] D: Event Object is destroying.
[    13.03 ] D: Event Object is destroying.
[    13.03 ] D: Event Object is destroying.
[    13.03 ] D: Event Object is destroying.
[    13.03 ] D: Event Object is destroying.
[    13.03 ] D: Event Object is destroying.
[    13.03 ] D: Event Object is destroying.
[    13.03 ] D: Event Object is destroying.
[    13.03 ] D: Event Object is destroying.
[    13.03 ] D: Event Object is destroying.
[    13.03 ] D: Event Object is destroying.
[    13.03 ] D: Event Object is destroying.
[    13.03 ] D: Event Object is destroying.
[    13.03 ] D: Event Object is destroying.
[    13.03 ] D: Event Object is destroying.
[    13.03 ] D: Event Object is destroying.
[    13.03 ] D: Event Object is destroying.
[    13.03 ] D: Event Object is destroying.
[    13.03 ] D: Event Object is destroying.
[    13.03 ] D: Event Object is destroying.
[    13.03 ] D: Event Object is destroying.
[    13.03 ] D: Event Object is destroying.
[    13.03 ] D: Event Object is destroying.
[    13.03 ] D: Event Object is destroying.
[    13.03 ] D: Event Object is destroying.
[    13.03 ] D: Event Object is destroying.
[    13.03 ] D: Event Object is destroying.
[    13.03 ] D: Event Object is destroying.
[    13.03 ] D: Event Object is destroying.
[    13.03 ] D: Event Object is destroying.
[    13.03 ] D: Event Object is destroying.
[    13.03 ] D: Event Object is destroying.
[    13.03 ] D: Event Object is destroying.
[    13.03 ] D: Event Object is destroying.
[    13.03 ] D: Event Object is destroying.
[    13.03 ] D: Event Object is destroying.
[    13.03 ] D: Event Object is destroying.
[    13.03 ] D: Event Object is destroying.
[    13.03 ] D: Event Object is destroying.
[    13.03 ] D: Event Object is destroying.
[    13.03 ] D: Event Object is destroying.
[    13.03 ] D: Event Object is destroying.
[    13.03 ] D: Event Object is destroying.
[    13.03 ] D: Event Object is destroying.
[    13.03 ] D: Event Object is destroying.
[    13.03 ] D: Event Object is destroying.
[    13.03 ] D: Event Object is destroying.
[    13.03 ] D: Event Object is destroying.
[    13.03 ] D: Event Object is destroying.
[    13.03 ] D: Event Object is destroying.
[    13.03 ] D: Event Object is destroying.
[    13.03 ] D: Event Object is destroying.
[    13.03 ] D: Event Object is destroying.
[    13.03 ] D: Event Object is destroying.
[    13.03 ] D: Event Object is destroying.
[    13.03 ] D: Event Object is destroying.
[    13.03 ] D: Event Object is destroying.
[    13.03 ] D: Event Object is destroying.
[    13.03 ] D: Event Object is destroying.
[    13.03 ] D: Event Object is destroying.
[    13.03 ] D: Event Object is destroying.
[    13.03 ] D: Event Object is destroying.
[    13.03 ] D: Event Object is destroying.
[    13.03 ] D: Event Object is destroying.
[    13.03 ] D: Event Object is destroying.
[    13.03 ] D: Event Object is destroying.
[    13.03 ] D: Event Object is destroying.
[    13.03 ] D: Event Object is destroying.
[    13.03 ] D: Event Object is destroying.
[    13.03 ] D: Event Object is destroying.
[    13.03 ] D: Event Object is destroying.
[    13.03 ] D: Event Object is destroying.
[    13.03 ] D: Event Object is destroying.
[    13.03 ] D: Event Object is destroying.
[    13.03 ] D: Event Object is destroying.
[    13.03 ] D: Event Object is destroying.
[    13.03 ] D: Event Object is destroying.
[    13.03 ] D: Event Object is destroying.
[    13.03 ] D: Event Object is destroying.
[    13.03 ] D: Event Object is destroying.
[    13.03 ] D: Event Object is destroying.
[    13.03 ] D: Event Object is destroying.
[    13.03 ] D: Event Object is destroying.
[    13.03 ] D: Event Object is destroying.
[    13.03 ] D: Event Object is destroying.
[    13.03 ] D: Event Object is destroying.
[    13.03 ] D: Event Object is destroying.
[    13.03 ] D: Event Object is destroying.
[    13.03 ] D: Event Object is destroying.
[    13.03 ] D: Event Object is destroying.
[    13.03 ] D: Event Object is destroying.
[    13.04 ] D: Event Object is destroying.
[    13.04 ] D: Event Object is destroying.
[    13.04 ] D: Event Object is destroying.
[    13.04 ] D: Event Object is destroying.
[    13.04 ] D: Event Object is destroying.
[    13.04 ] D: Event Object is destroying.
[    13.04 ] D: Event Object is destroying.
[    13.04 ] D: Event Object is destroying.
[    13.04 ] D: Event Object is destroying.
[    13.04 ] D: Event Object is destroying.
[    13.04 ] D: Event Object is destroying.
[    13.04 ] D: Event Object is destroying.
[    13.04 ] D: Event Object is destroying.
[    13.04 ] D: Event Object is destroying.
[    13.04 ] D: Event Object is destroying.
[    13.04 ] D: Event Object is destroying.
[    13.04 ] D: Event Object is destroying.
[    13.04 ] D: Event Object is destroying.
[    13.04 ] D: Event Object is destroying.
[    13.04 ] D: Event Object is destroying.
[    13.04 ] D: Event Object is destroying.
[    13.04 ] D: Event Object is destroying.
[    13.04 ] D: Event Object is destroying.
[    13.04 ] D: Event Object is destroying.
[    13.04 ] D: Event Object is destroying.
[    13.04 ] D: Event Object is destroying.
[    13.04 ] D: Event Object is destroying.
[    13.04 ] D: Event Object is destroying.
[    13.04 ] D: Event Object is destroying.
[    13.04 ] D: Event Object is destroying.
[    13.04 ] D: Event Object is destroying.
[    13.04 ] D: Event Object is destroying.
[    13.04 ] D: Event Object is destroying.
[    13.04 ] D: Event Object is destroying.
[    13.04 ] D: Event Object is destroying.
[    13.04 ] D: Event Object is destroying.
[    13.04 ] D: Event Object is destroying.
[    13.04 ] D: Event Object is destroying.
[    13.04 ] D: Event Object is destroying.
[    13.04 ] D: Event Object is destroying.
[    13.04 ] D: Event Object is destroying.
[    13.04 ] D: Event Object is destroying.
[    13.04 ] D: Event Object is destroying.
[    13.04 ] D: Event Object is destroying.
[    13.04 ] D: Event Object is destroying.
[    13.04 ] D: Event Object is destroying.
[    13.04 ] D: Event Object is destroying.
[    13.04 ] D: Event Object is destroying.
[    13.04 ] D: Event Object is destroying.
[    13.04 ] D: Event Object is destroying.
[    13.04 ] D: Event Object is destroying.
[    13.04 ] D: Event Object is destroying.
[    13.04 ] D: Event Object is destroying.
[    13.04 ] D: Event Object is destroying.
[    13.04 ] D: Event Object is destroying.
[    13.04 ] D: Event Object is destroying.
[    13.04 ] D: Event Object is destroying.
[    13.04 ] D: Event Object is destroying.
[    13.04 ] D: Event Object is destroying.
[    13.04 ] D: Event Object is destroying.
[    13.04 ] D: Event Object is destroying.
[    13.04 ] D: Event Object is destroying.
[    13.04 ] D: Event Object is destroying.
[    13.04 ] D: Event Object is destroying.
[    13.06 ] D: ~ClipArea()
[    13.06 ] D: ~TracksModel()
[    13.06 ] D: ~TrackItem()
[    13.06 ] D: ~AutomationLaneModel()
[    13.06 ] D: ~AutomationItem()
[    13.06 ] D: ~Automation()
[    13.06 ] D: ~AutomationItem()
[    13.06 ] D: ~AutomationItem()
[    13.06 ] D: ~AutomationItem()
[    13.06 ] D: ~AutomationItem()
[    13.06 ] D: ~Automation()
[    13.06 ] D: Event Object is destroying.
[    13.06 ] D: Event Object is destroying.
[    13.06 ] D: Event Object is destroying.
[    13.06 ] D: Event Object is destroying.
[    13.06 ] D: Event Object is destroying.
[    13.06 ] D: Event Object is destroying.
[    13.06 ] D: Event Object is destroying.
[    13.06 ] D: Event Object is destroying.
[    13.06 ] D: Event Object is destroying.
[    13.06 ] D: Event Object is destroying.
[    13.06 ] D: Event Object is destroying.
[    13.06 ] D: Event Object is destroying.
[    13.06 ] D: Event Object is destroying.
[    13.06 ] D: Event Object is destroying.
[    13.06 ] D: Event Object is destroying.
[    13.06 ] D: Event Object is destroying.
[    13.06 ] D: Event Object is destroying.
[    13.06 ] D: Event Object is destroying.
[    13.06 ] D: Event Object is destroying.
[    13.06 ] D: Event Object is destroying.
[    13.06 ] D: Event Object is destroying.
[    13.06 ] D: Event Object is destroying.
[    13.06 ] D: Event Object is destroying.
[    13.06 ] D: Event Object is destroying.
[    13.06 ] D: Event Object is destroying.
[    13.06 ] D: Event Object is destroying.
[    13.06 ] D: Release a BaseUIItem object
[    13.06 ] D: Event Object is destroying.
[    13.06 ] D: Event Object is destroying.
[    13.06 ] D: Event Object is destroying.
[    13.06 ] D: Event Object is destroying.
[    13.06 ] D: Event Object is destroying.
[    13.06 ] D: Event Object is destroying.
[    13.06 ] D: Event Object is destroying.
[    13.06 ] D: Event Object is destroying.
[    13.06 ] D: Event Object is destroying.
[    13.06 ] D: Event Object is destroying.
[    13.06 ] D: Event Object is destroying.
[    13.06 ] D: Event Object is destroying.
[    13.06 ] D: Event Object is destroying.
[    13.06 ] D: Event Object is destroying.
[    13.06 ] D: Event Object is destroying.
[    13.06 ] D: Event Object is destroying.
[    13.06 ] D: Event Object is destroying.
[    13.06 ] D: Event Object is destroying.
[    13.06 ] D: Event Object is destroying.
[    13.06 ] D: Event Object is destroying.
[    13.06 ] D: Event Object is destroying.
[    13.06 ] D: Event Object is destroying.
[    13.06 ] D: Event Object is destroying.
[    13.06 ] D: Event Object is destroying.
[    13.06 ] D: Event Object is destroying.
[    13.06 ] D: Event Object is destroying.
[    13.06 ] D: Event Object is destroying.
[    13.06 ] D: Event Object is destroying.
[    13.06 ] D: Event Object is destroying.
[    13.06 ] D: Event Object is destroying.
[    13.06 ] D: Event Object is destroying.
[    13.06 ] D: Event Object is destroying.
[    13.06 ] D: Event Object is destroying.
[    13.06 ] D: Event Object is destroying.
[    13.06 ] D: Event Object is destroying.
[    13.06 ] D: Event Object is destroying.
[    13.06 ] D: Event Object is destroying.
[    13.06 ] D: Event Object is destroying.
[    13.06 ] D: Event Object is destroying.
[    13.06 ] D: Event Object is destroying.
[    13.06 ] D: Event Object is destroying.
[    13.06 ] D: Event Object is destroying.
[    13.06 ] D: Event Object is destroying.
[    13.06 ] D: Event Object is destroying.
[    13.06 ] D: Event Object is destroying.
[    13.06 ] D: Event Object is destroying.
[    13.06 ] D: Event Object is destroying.
[    13.06 ] D: Event Object is destroying.
[    13.06 ] D: Event Object is destroying.
[    13.06 ] D: Event Object is destroying.
[    13.06 ] D: Event Object is destroying.
[    13.06 ] D: Event Object is destroying.
[    13.06 ] D: Event Object is destroying.
[    13.06 ] D: Event Object is destroying.
[    13.06 ] D: Event Object is destroying.
[    13.06 ] D: Event Object is destroying.
[    13.06 ] D: Event Object is destroying.
[    13.06 ] D: Event Object is destroying.
[    13.06 ] D: Event Object is destroying.
[    13.06 ] D: Event Object is destroying.
[    13.06 ] D: Event Object is destroying.
[    13.06 ] D: Event Object is destroying.
[    13.06 ] D: Event Object is destroying.
[    13.06 ] D: Event Object is destroying.
[    13.06 ] D: Event Object is destroying.
[    13.06 ] D: Event Object is destroying.
[    13.06 ] D: Event Object is destroying.
[    13.06 ] D: Event Object is destroying.
[    13.06 ] D: Event Object is destroying.
[    13.06 ] D: Event Object is destroying.
[    13.06 ] D: Event Object is destroying.
[    13.06 ] D: Event Object is destroying.
[    13.06 ] D: Destroy Node with id: 2457 and name ''
[    13.06 ] D: Event Object is destroying.
[    13.06 ] D: Event Object is destroying.
[    13.06 ] D: Event Object is destroying.
[    13.06 ] D: Event Object is destroying.
[    13.06 ] D: Event Object is destroying.
[    13.06 ] D: Event Object is destroying.
[    13.06 ] D: Event Object is destroying.
[    13.06 ] D: Event Object is destroying.
[    13.06 ] D: Event Object is destroying.
[    13.06 ] D: Event Object is destroying.
[    13.06 ] D: Event Object is destroying.
[    13.06 ] D: Event Object is destroying.
[    13.06 ] D: Event Object is destroying.
[    13.06 ] D: Event Object is destroying.
[    13.06 ] D: Event Object is destroying.
[    13.06 ] D: Event Object is destroying.
[    13.06 ] D: Event Object is destroying.
[    13.06 ] D: Event Object is destroying.
[    13.06 ] D: Event Object is destroying.
[    13.06 ] D: Event Object is destroying.
[    13.06 ] D: Event Object is destroying.
[    13.06 ] D: Event Object is destroying.
[    13.06 ] D: Event Object is destroying.
[    13.06 ] D: Event Object is destroying.
[    13.06 ] D: Event Object is destroying.
[    13.06 ] D: Event Object is destroying.
[    13.06 ] D: Destroy Node with id: 3 and name ''
[    13.06 ] D: Event Object is destroying.
[    13.06 ] D: Event Object is destroying.
[    13.06 ] D: Event Object is destroying.
[    13.06 ] D: Event Object is destroying.
[    13.06 ] D: Event Object is destroying.
[    13.06 ] D: Event Object is destroying.
[    13.06 ] D: Event Object is destroying.
[    13.06 ] D: Event Object is destroying.
[    13.06 ] D: Event Object is destroying.
[    13.06 ] D: Event Object is destroying.
[    13.06 ] D: Event Object is destroying.
[    13.06 ] D: Event Object is destroying.
[    13.06 ] D: Event Object is destroying.
[    13.06 ] D: Event Object is destroying.
[    13.06 ] D: Event Object is destroying.
[    13.06 ] D: Event Object is destroying.
[    13.06 ] D: Event Object is destroying.
[    13.06 ] D: Event Object is destroying.
[    13.06 ] D: Event Object is destroying.
[    13.06 ] D: Event Object is destroying.
[    13.06 ] D: Destroy Node with id: 2465 and name 'Entity#2465'
[    13.06 ] D: Event Object is destroying.
[    13.06 ] D: Event Object is destroying.
[    13.06 ] D: Event Object is destroying.
[    13.06 ] D: Event Object is destroying.
[    13.06 ] D: Event Object is destroying.
[    13.06 ] D: Event Object is destroying.
[    13.06 ] D: Event Object is destroying.
[    13.06 ] D: Event Object is destroying.
[    13.06 ] D: Event Object is destroying.
[    13.06 ] D: Event Object is destroying.
[    13.06 ] D: Event Object is destroying.
[    13.06 ] D: Event Object is destroying.
[    13.06 ] D: Event Object is destroying.
[    13.06 ] D: Event Object is destroying.
[    13.06 ] D: Destroy Node with id: 2465 and name 'Entity#2465'
[    13.06 ] D: Event Object is destroying.
[    13.06 ] D: Event Object is destroying.
[    13.06 ] D: Event Object is destroying.
[    13.06 ] D: Event Object is destroying.
[    13.06 ] D: Event Object is destroying.
[    13.06 ] D: Event Object is destroying.
[    13.06 ] D: Event Object is destroying.
[    13.06 ] D: Event Object is destroying.
[    13.06 ] D: Event Object is destroying.
[    13.06 ] D: Event Object is destroying.
[    13.06 ] D: Event Object is destroying.
[    13.06 ] D: Event Object is destroying.
[    13.06 ] D: Event Object is destroying.
[    13.06 ] D: Event Object is destroying.
[    13.06 ] D: Event Object is destroying.
[    13.06 ] D: Event Object is destroying.
[    13.06 ] D: Event Object is destroying.
[    13.06 ] D: Event Object is destroying.
[    13.06 ] D: Event Object is destroying.
[    13.06 ] D: Event Object is destroying.
[    13.06 ] D: Destroy Node with id: 2466 and name ''
[    13.06 ] D: Event Object is destroying.
[    13.06 ] D: Event Object is destroying.
[    13.06 ] D: Event Object is destroying.
[    13.06 ] D: Event Object is destroying.
[    13.06 ] D: Event Object is destroying.
[    13.06 ] D: Event Object is destroying.
[    13.06 ] D: Event Object is destroying.
[    13.06 ] D: Event Object is destroying.
[    13.06 ] D: Event Object is destroying.
[    13.06 ] D: Event Object is destroying.
[    13.06 ] D: Event Object is destroying.
[    13.06 ] D: Event Object is destroying.
[    13.06 ] D: Event Object is destroying.
[    13.06 ] D: Event Object is destroying.
[    13.06 ] D: Event Object is destroying.
[    13.06 ] D: Event Object is destroying.
[    13.06 ] D: Event Object is destroying.
[    13.06 ] D: Event Object is destroying.
[    13.06 ] D: Event Object is destroying.
[    13.06 ] D: Event Object is destroying.
[    13.06 ] D: Event Object is destroying.
[    13.06 ] D: Event Object is destroying.
[    13.06 ] D: Event Object is destroying.
[    13.06 ] D: Event Object is destroying.
[    13.06 ] D: Event Object is destroying.
[    13.06 ] D: Event Object is destroying.
[    13.06 ] D: Event Object is destroying.
[    13.06 ] D: Event Object is destroying.
[    13.06 ] D: Event Object is destroying.
[    13.06 ] D: Event Object is destroying.
[    13.06 ] D: Event Object is destroying.
[    13.06 ] D: Event Object is destroying.
[    13.06 ] D: Event Object is destroying.
[    13.06 ] D: Event Object is destroying.
[    13.06 ] D: Event Object is destroying.
[    13.06 ] D: Event Object is destroying.
[    13.06 ] D: Event Object is destroying.
[    13.06 ] D: Event Object is destroying.
[    13.06 ] D: Event Object is destroying.
[    13.06 ] D: Event Object is destroying.
[    13.06 ] D: Event Object is destroying.
[    13.06 ] D: Event Object is destroying.
[    13.06 ] D: Event Object is destroying.
[    13.06 ] D: Event Object is destroying.
[    13.06 ] D: Event Object is destroying.
[    13.06 ] D: Event Object is destroying.
[    13.06 ] D: Event Object is destroying.
[    13.06 ] D: Event Object is destroying.
[    13.06 ] D: Event Object is destroying.
[    13.06 ] D: Event Object is destroying.
[    13.06 ] D: Event Object is destroying.
[    13.06 ] D: Event Object is destroying.
[    13.06 ] D: Event Object is destroying.
[    13.06 ] D: Event Object is destroying.
[    13.06 ] D: Event Object is destroying.
[    13.06 ] D: Event Object is destroying.
[    13.06 ] D: Event Object is destroying.
[    13.06 ] D: Event Object is destroying.
[    13.06 ] D: Event Object is destroying.
[    13.06 ] D: Event Object is destroying.
[    13.06 ] D: Event Object is destroying.
[    13.06 ] D: Event Object is destroying.
[    13.06 ] D: Event Object is destroying.
[    13.06 ] D: Event Object is destroying.
[    13.06 ] D: Event Object is destroying.
[    13.06 ] D: Event Object is destroying.
[    13.06 ] D: Event Object is destroying.
[    13.06 ] D: Event Object is destroying.
[    13.06 ] D: Event Object is destroying.
[    13.06 ] D: Event Object is destroying.
[    13.06 ] D: Event Object is destroying.
[    13.06 ] D: Event Object is destroying.
[    13.06 ] D: Event Object is destroying.
[    13.06 ] D: Event Object is destroying.
[    13.06 ] D: Event Object is destroying.
[    13.06 ] D: Event Object is destroying.
[    13.06 ] D: Event Object is destroying.
[    13.06 ] D: Event Object is destroying.
[    13.06 ] D: Event Object is destroying.
[    13.06 ] D: Event Object is destroying.
[    13.06 ] D: Event Object is destroying.
[    13.06 ] D: Event Object is destroying.
[    13.06 ] D: Event Object is destroying.
[    13.06 ] D: Event Object is destroying.
[    13.06 ] D: Event Object is destroying.
[    13.06 ] D: Event Object is destroying.
[    13.06 ] D: Event Object is destroying.
[    13.06 ] D: Event Object is destroying.
[    13.06 ] D: Event Object is destroying.
[    13.06 ] D: Event Object is destroying.
[    13.06 ] D: Event Object is destroying.
[    13.06 ] D: Event Object is destroying.
[    13.06 ] D: Event Object is destroying.
[    13.06 ] D: Event Object is destroying.
[    13.06 ] D: Event Object is destroying.
[    13.06 ] D: Event Object is destroying.
[    13.06 ] D: Event Object is destroying.
[    13.06 ] D: Event Object is destroying.
[    13.06 ] D: Event Object is destroying.
[    13.06 ] D: -----Released Scene Module-----
[    13.06 ] D: -----Released GFX Module-----
[    13.06 ] D: -----Released Assets Manager Module-----
[    13.06 ] I: Log: Log file closed, 1404/1/9 21:13:39
