[     6.88 ] I: Log: Log file open in follow path at 1403/6/21 22:59:41 : C:\Users\AmirPasha\Desktop\Rpos\DAW-3\build2019\debug\Logs\Launch.log
[     6.88 ] I: The subsystem "class DGE::Core::IO::LogSystem::Logger" is registered successfully.
[     6.88 ] I: The subsystem "class DGE::Core::Windows::QtWindow" is registered successfully.
[     6.88 ] D: API version is: 4.60 ,shader version is: 4.60
[     6.88 ] I: The subsystem "class DGE::GFX::GCore::QtWrapper::QtRenderer" is registered successfully.
[     6.88 ] I: Current Render API is: 4.60
[     6.88 ] I: The subsystem "Renderer" is registered successfully.
[     6.88 ] I: The subsystem "class DGE::Core::Platforms::QtPlatform" is registered successfully.
[     6.88 ] I: The subsystem "Platform" is registered successfully.
[     6.88 ] I: The subsystem "class DGE::Core::IO::FileSystem::FileManager" is registered successfully.
[     6.88 ] I: The subsystem "class DGE::Core::CoreModule" is registered successfully.
[     6.88 ] I: The subsystem "class DGE::Core::Profiling::Profiler" is registered successfully.
[     6.88 ] I: The subsystem "class DGE::GFX::DrawablesManager" is registered successfully.
[     6.88 ] I: #version 460 core
#define GLES_Ver 460

[     6.88 ] I: The subsystem "class DGE::GFX::GraphicsManager" is registered successfully.
[     6.88 ] I: The subsystem "class DGE::GFX::GFXModule" is registered successfully.
[     7.00 ] D: Shader Compile successfully.
[     7.01 ] I: The subsystem "class DGE::Scene::ViewportManager" is registered successfully.
[     7.01 ] I: The subsystem "class DGE::Scene::SceneModule" is registered successfully.
[     7.01 ] I: The subsystem "class DGE::Managers::RenderManager" is registered successfully.
[     7.01 ] D: Engine Enabled
[     7.01 ] I: The subsystem "class DGE::Engine" is registered successfully.
[     7.01 ] D: Node with id 1 is added to Qt layer
[     7.01 ] D: Node with id 2460 is added to Qt layer
[     7.01 ] D: Node with id 2462 is added to Qt layer
[     7.01 ] D: Node with id 2464 is added to Qt layer
[     7.01 ] D: Node with id 2466 is added to Qt layer
[     7.01 ] D: Node with id 2468 is added to Qt layer
[     7.01 ] D: Node with id 2470 is added to Qt layer
[     7.01 ] D: Node with id 2472 is added to Qt layer
[     7.01 ] D: Node with id 2474 is added to Qt layer
[     7.01 ] D: Node with id 2476 is added to Qt layer
[     7.01 ] D: Node with id 2478 is added to Qt layer
[     7.02 ] D: Node with id 2480 is added to Qt layer
[     7.02 ] D: Node with id 2482 is added to Qt layer
[     7.02 ] D: Node with id 2484 is added to Qt layer
[     7.02 ] D: Node with id 2486 is added to Qt layer
[     7.02 ] D: Node with id 2487 is added to Qt layer
[     7.02 ] D: Node with id 2489 is added to Qt layer
[     7.02 ] D: Node with id 2491 is added to Qt layer
[     7.02 ] D: Node with id 3 is added to Qt layer
[     7.02 ] D: Node with id 2493 is added to Qt layer
[     7.02 ] S: New view-port registered with id: 1
[     7.02 ] S: New view-port registered with id: 2
[     7.02 ] S: New view-port registered with id: 3
[     7.02 ] S: New view-port registered with id: 4
[     7.02 ] S: New view-port registered with id: 5
[     7.02 ] S: New view-port registered with id: 6
[     7.15 ] D: Creating suitable QNanoBackend for OpenGL 4.6 context
[     7.15 ] D: Using backend: "OpenGL 3"
[     7.21 ] W: Floating point comparison needs context sanity check
[     7.21 ] D: QT onScaleChanged=  144
[     7.24 ] W: ShaderEffectSource: 'recursive' must be set to true when rendering recursively.
[     7.24 ] W: ShaderEffectSource: 'recursive' must be set to true when rendering recursively.
[     7.24 ] W: ShaderEffectSource: 'recursive' must be set to true when rendering recursively.
[     7.25 ] W: ShaderEffectSource: 'recursive' must be set to true when rendering recursively.
[     7.50 ] D: Engine Started.
[     8.63 ] D: P1 -462
[     8.77 ] D: P1 -465
[     8.77 ] D: P1 -459
[     8.78 ] D: P1 -458
[     8.78 ] D: P1 -455
[     8.78 ] D: P1 -452
[     8.79 ] D: P1 -449
[     8.79 ] D: P1 -445
[     8.81 ] D: P1 -443
[