[     4.80 ] I: Log: Log file open in follow path at 1403/6/12 09:03:54 : C:\Users\AmirPasha\Desktop\Rpos\DAW-3\build2019\debug\Logs\Launch.log
[     4.80 ] I: The subsystem "class DGE::Core::IO::LogSystem::Logger" is registered successfully.
[     4.80 ] I: The subsystem "class DGE::Core::Windows::QtWindow" is registered successfully.
[     4.80 ] D: API version is: 4.60 ,shader version is: 4.60
[     4.80 ] I: The subsystem "class DGE::GFX::GCore::QtWrapper::QtRenderer" is registered successfully.
[     4.80 ] I: Current Render API is: 4.60
[     4.80 ] I: The subsystem "Renderer" is registered successfully.
[     4.80 ] I: The subsystem "class DGE::Core::Platforms::QtPlatform" is registered successfully.
[     4.80 ] I: The subsystem "Platform" is registered successfully.
[     4.80 ] I: The subsystem "class DGE::Core::IO::FileSystem::FileManager" is registered successfully.
[     4.80 ] I: The subsystem "class DGE::Core::CoreModule" is registered successfully.
[     4.80 ] I: The subsystem "class DGE::Core::Profiling::Profiler" is registered successfully.
[     4.80 ] I: The subsystem "class DGE::GFX::DrawablesManager" is registered successfully.
[     4.80 ] I: #version 460 core
#define GLES_Ver 460

[     4.80 ] I: The subsystem "class DGE::GFX::GraphicsManager" is registered successfully.
[     4.80 ] I: The subsystem "class DGE::GFX::GFXModule" is registered successfully.
[     4.89 ] D: Shader Compile successfully.
[     4.89 ] I: The subsystem "class DGE::Scene::ViewportManager" is registered successfully.
[     4.89 ] I: The subsystem "class DGE::Scene::SceneModule" is registered successfully.
[     4.89 ] I: The subsystem "class DGE::Managers::RenderManager" is registered successfully.
[     4.89 ] D: Engine Enabled
[     4.89 ] I: The subsystem "class DGE::Engine" is registered successfully.
[     4.89 ] D: Node with id 1 is added to Qt layer
[     4.89 ] D: Node with id 2460 is added to Qt layer
[     4.89 ] D: Node with id 2462 is added to Qt layer
[     4.89 ] D: Node with id 2464 is added to Qt layer
[     4.89 ] D: Node with id 2466 is added to Qt layer
[     4.89 ] D: Node with id 2468 is added to Qt layer
[     4.90 ] D: Node with id 2470 is added to Qt layer
[     4.90 ] D: Node with id 2472 is added to Qt layer
[     4.90 ] D: Node with id 2474 is added to Qt layer
[     4.90 ] D: Node with id 2476 is added to Qt layer
[     4.90 ] D: Node with id 2478 is added to Qt layer
[     4.90 ] D: Node with id 2480 is added to Qt layer
[     4.90 ] D: Node with id 2482 is added to Qt layer
[     4.90 ] D: Node with id 2484 is added to Qt layer
[     4.90 ] D: Node with id 2486 is added to Qt layer
[     4.90 ] D: Node with id 2487 is added to Qt layer
[     4.90 ] D: Node with id 2489 is added to Qt layer
[     4.90 ] D: Node with id 2491 is added to Qt layer
[     4.90 ] D: Node with id 3 is added to Qt layer
[     4.90 ] D: Node with id 2493 is added to Qt layer
[     4.90 ] S: New view-port registered with id: 1
[     4.90 ] S: New view-port registered with id: 2
[     4.90 ] S: New view-port registered with id: 3
[     4.90 ] S: New view-port registered with id: 4
[     4.90 ] S: New view-port registered with id: 5
[     4.90 ] S: New view-port registered with id: 6
[     5.01 ] D: Creating suitable QNanoBackend for OpenGL 4.6 context
[     5.01 ] D: Using backend: "OpenGL 3"
[     5.05 ] W: Floating point comparison needs context sanity check
[     5.05 ] D: QT onScaleChanged=  144
[     5.07 ] W: ShaderEffectSource: 'recursive' must be set to true when rendering recursively.
[     5.08 ] W: ShaderEffectSource: 'recursive' must be set to true when rendering recursively.
[     5.08 ] W: ShaderEffectSource: 'recursive' must be set to true when rendering recursively.
[     5.09 ] W: ShaderEffectSource: 'recursive' must be set to true when rendering recursively.
[     5.25 ] D: Engine Started.
[    42.77 ] D: _editController->getParameterCount() 143
[    42.77 ] D: info.stepCount 0xef075d5390 0.7 0 0
[    42.77 ] D: info.stepCount 0xef075d5390 0.5 0 0
[    42.77 ] D: info.stepCount 0xef075d5390 0 1 0
[    42.77 ] D: info.stepCount 0xef075d5390 0.5 0 0
[    42.77 ] D: info.stepCount 0xef075d5390 0.5 0 0
[    42.77 ] D: info.stepCount 0xef075d5390 0.5 0 0
[    42.77 ] D: info.stepCount 0xef075d5390 0.5 0 0
[    42.77 ] D: info.stepCount 0xef075d5390 0 1 0
[    42.77 ] D: info.stepCount 0xef075d5390 0 1 0
[    42.77 ] D: info.stepCount 0xef075d5390 0 0 0
[    42.77 ] D: info.stepCount 0xef075d5390 0 0 0
[    42.77 ] D: info.stepCount 0xef075d5390 0 0 0
[    42.77 ] D: info.stepCount 0xef075d5390 0 0 0
[    42.77 ] D: info.stepCount 0xef075d5390 0 0 0
[    42.77 ] D: info.stepCount 0xef075d5390 0 0 0
[    42.77 ] D: info.stepCount 0xef075d5390 0 0 0
[    42.77 ] D: info.stepCount 0xef075d5390 0 0 0
[    42.77 ] D: info.stepCount 0xef075d5390 0 0 0
[    42.77 ] D: info.stepCount 0xef075d5390 0 0 0
[    42.77 ] D: info.stepCount 0xef075d5390 0 0 0
[    42.77 ] D: info.stepCount 0xef075d5390 0 0 0
[    42.77 ] D: info.stepCount 0xef075d5390 0 0 0
[    42.77 ] D: info.stepCount 0xef075d5390 0 0 0
[    42.77 ] D: info.stepCount 0xef075d5390 0 0 0
[    42.77 ] D: info.stepCount 0xef075d5390 0 0 0
[    42.77 ] D: info.stepCount 0xef075d5390 0 0 0
[    42.77 ] D: info.stepCount 0xef075d5390 0 0 0
[    42.77 ] D: info.stepCount 0xef075d5390 0 0 0
[    42.77 ] D: info.stepCount 0xef075d5390 0 0 0
[    42.77 ] D: info.stepCount 0xef075d5390 0 0 0
[    42.77 ] D: info.stepCount 0xef075d5390 0 0 0
[    42.77 ] D: info.stepCount 0xef075d5390 0 0 0
[    42.77 ] D: info.stepCount 0xef075d5390 0 0 0
[    42.77 ] D: info.stepCount 0xef075d5390 0 0 0
[    42.77 ] D: info.stepCount 0xef075d5390 0 0 0
[    42.77 ] D: info.stepCount 0xef075d5390 0 0 0
[    42.77 ] D: info.stepCount 0xef075d5390 0 0 0
[    42.77 ] D: info.stepCount 0xef075d5390 0 0 0
[    42.77 ] D: info.stepCount 0xef075d5390 0 0 0
[    42.77 ] D: info.stepCount 0xef075d5390 0 0 0
[    42.77 ] D: info.stepCount 0xef075d5390 0 0 0
[    42.77 ] D: info.stepCount 0xef075d5390 0 0 0
[    42.77 ] D: info.stepCount 0xef075d5390 0 0 0
[    42.77 ] D: info.stepCount 0xef075d5390 0 0 0
[    42.77 ] D: info.stepCount 0xef075d5390 0 0 0
[    42.77 ] D: info.stepCount 0xef075d5390 0 0 0
[    42.77 ] D: info.stepCount 0xef075d5390 0 0 0
[    42.77 ] D: info.stepCount 0xef075d5390 0 0 0
[    42.77 ] D: info.stepCount 0xef075d5390 0 0 0
[    42.77 ] D: info.stepCount 0xef075d5390 0 0 0
[    42.77 ] D: info.stepCount 0xef075d5390 0 0 0
[    42.77 ] D: info.stepCount 0xef075d5390 0 0 0
[    42.77 ] D: info.stepCount 0xef075d5390 0 0 0
[    42.77 ] D: info.stepCount 0xef075d5390 0 0 0
[    42.77 ] D: info.stepCount 0xef075d5390 0 0 0
[    42.77 ] D: info.stepCount 0xef075d5390 0 0 0
[    42.77 ] D: info.stepCount 0xef075d5390 0 0 0
[    42.77 ] D: info.stepCount 0xef075d5390 0 0 0
[    42.78 ] D: info.stepCount 0xef075d5390 0 0 0
[    42.78 ] D: info.stepCount 0xef075d5390 0 0 0
[    42.78 ] D: info.stepCount 0xef075d5390 0 0 0
[    42.78 ] D: info.stepCount 0xef075d5390 0 0 0
[    42.78 ] D: info.stepCount 0xef075d5390 0 0 0
[    42.78 ] D: info.stepCount 0xef075d5390 0 0 0
[    42.78 ] D: info.stepCount 0xef075d5390 0 0 0
[    42.78 ] D: info.stepCount 0xef075d5390 0 0 0
[    42.78 ] D: info.stepCount 0xef075d5390 0 0 0
[    42.78 ] D: info.stepCount 0xef075d5390 0 0 0
[    42.78 ] D: info.stepCount 0xef075d5390 0 0 0
[    42.78 ] D: info.stepCount 0xef075d5390 0 0 0
[    42.78 ] D: info.stepCount 0xef075d5390 0 0 0
[    42.78 ] D: info.stepCount 0xef075d5390 0 0 0
[    42.78 ] D: info.stepCount 0xef075d5390 0 0 0
[    42.78 ] D: info.stepCount 0xef075d5390 0 0 0
[    42.78 ] D: info.stepCount 0xef075d5390 0 0 0
[    42.78 ] D: info.stepCount 0xef075d5390 0 0 0
[    42.78 ] D: info.stepCount 0xef075d5390 0 0 0
[    42.78 ] D: info.stepCount 0xef075d5390 0 0 0
[    42.78 ] D: info.stepCount 0xef075d5390 0 0 0
[    42.78 ] D: info.stepCount 0xef075d5390 0 0 0
[    42.78 ] D: info.stepCount 0xef075d5390 0 0 0
[    42.78 ] D: info.stepCount 0xef075d5390 0 0 0
[    42.78 ] D: info.stepCount 0xef075d5390 0 0 0
[    42.78 ] D: info.stepCount 0xef075d5390 0 0 0
[    42.78 ] D: info.stepCount 0xef075d5390 0 0 0
[    42.78 ] D: info.stepCount 0xef075d5390 0 0 0
[    42.78 ] D: info.stepCount 0xef075d5390 0 0 0
[    42.78 ] D: info.stepCount 0xef075d5390 0 0 0
[    42.78 ] D: info.stepCount 0xef075d5390 0 0 0
[    42.78 ] D: info.stepCount 0xef075d5390 0 0 0
[    42.78 ] D: info.stepCount 0xef075d5390 0 0 0
[    42.78 ] D: info.stepCount 0xef075d5390 0 0 0
[    42.78 ] D: info.stepCount 0xef075d5390 0 0 0
[    42.78 ] D: info.stepCount 0xef075d5390 0 0 0
[    42.78 ] D: info.stepCount 0xef075d5390 0 0 0
[    42.78 ] D: info.stepCount 0xef075d5390 0 0 0
[    42.78 ] D: info.stepCount 0xef075d5390 0 0 0
[    42.78 ] D: info.stepCount 0xef075d5390 0 0 0
[    42.78 ] D: info.stepCount 0xef075d5390 0 0 0
[    42.78 ] D: info.stepCount 0xef075d5390 0 0 0
[    42.78 ] D: info.stepCount 0xef075d5390 0 0 0
[    42.78 ] D: info.stepCount 0xef075d5390 0 0 0
[    42.78 ] D: info.stepCount 0xef075d5390 0 0 0
[    42.78 ] D: info.stepCount 0xef075d5390 0 0 0
[    42.78 ] D: info.stepCount 0xef075d5390 0 0 0
[    42.78 ] D: info.stepCount 0xef075d5390 0 0 0
[    42.78 ] D: info.stepCount 0xef075d5390 0 0 0
[    42.78 ] D: info.stepCount 0xef075d5390 0 0 0
[    42.78 ] D: info.stepCount 0xef075d5390 0 0 0
[    42.78 ] D: info.stepCount 0xef075d5390 0 0 0
[    42.78 ] D: info.stepCount 0xef075d5390 0 0 0
[    42.78 ] D: info.stepCount 0xef075d5390 0 0 0
[    42.78 ] D: info.stepCount 0xef075d5390 0 0 0
[    42.78 ] D: info.stepCount 0xef075d5390 0 0 0
[    42.78 ] D: info.stepCount 0xef075d5390 0 0 0
[    42.78 ] D: info.stepCount 0xef075d5390 0 0 0
[    42.78 ] D: info.stepCount 0xef075d5390 0 0 0
[    42.78 ] D: info.stepCount 0xef075d5390 0 0 0
[    42.78 ] D: info.stepCount 0xef075d5390 0 0 0
[    42.78 ] D: info.stepCount 0xef075d5390 0 0 0
[    42.78 ] D: info.stepCount 0xef075d5390 0 0 0
[    42.78 ] D: info.stepCount 0xef075d5390 0 0 0
[    42.78 ] D: info.stepCount 0xef075d5390 0 0 0
[    42.78 ] D: info.stepCount 0xef075d5390 0 0 0
[    42.78 ] D: info.stepCount 0xef075d5390 0 0 0
[    42.78 ] D: info.stepCount 0xef075d5390 0 0 0
[    42.78 ] D: info.stepCount 0xef075d5390 0 0 0
[    42.78 ] D: info.stepCount 0xef075d5390 0 0 0
[    42.78 ] D: info.stepCount 0xef075d5390 0 0 0
[    42.78 ] D: info.stepCount 0xef075d5390 0 0 0
[    42.78 ] D: info.stepCount 0xef075d5390 0 0 0
[    42.78 ] D: info.stepCount 0xef075d5390 0 0 0
[    42.78 ] D: info.stepCount 0xef075d5390 0 0 0
[    42.78 ] D: info.stepCount 0xef075d5390 0 0 0
[    42.78 ] D: info.stepCount 0xef075d5390 0 0 0
[    42.78 ] D: info.stepCount 0xef075d5390 0 0 0
[    42.78 ] D: info.stepCount 0xef075d5390 0 0 0
[    42.78 ] D: info.stepCount 0xef075d5390 0 0 0
[    42.78 ] D: info.stepCount 0xef075d5390 0 0 0
[    42.78 ] D: info.stepCount 0xef075d5390 0 0 0
[    42.78 ] D: info.stepCount 0xef075d5390 0 0 0
[    42.78 ] D: info.stepCount 0xef075d5390 0 0 0
[    42.78 ] D: info.stepCount 0xef075d5390 0 0 0
[    42.79 ] D: effectModel.controls Vst3Effect(0x28ce0298e50)
[    43.03 ] D: ADDED
[    45.54 ] D: _editController->getParameterCount() 9
[    45.54 ] D: info.stepCount 0xef075d5390 0.5 0 0
[    45.54 ] D: info.stepCount 0xef075d5390 0.500075 0 0
[    45.54 ] D: info.stepCount 0xef075d5390 0.00099001 0 0
[    45.54 ] D: info.stepCount 0xef075d5390 0 0 0
[    45.54 ] D: info.stepCount 0xef075d5390 0.5 0 0
[    45.55 ] D: info.stepCount 0xef075d5390 0.0604027 0 0
[    45.55 ] D: info.stepCount 0xef075d5390 0.331104 0 0
[    45.55 ] D: info.stepCount 0xef075d5390 1 0 0
[    45.55 ] D: info.stepCount 0xef075d5390 0 1 0
[    45.56 ] D: effectModel.controls Vst3Effect(0x28ce029b960)
[    45.76 ] D: ADDED
[    48.35 ] D: P1 -398
[    48.35 ] D: P1 -414
[    48.35 ] D: P1 -415
[    48.36 ] D: P1 -416
[    48.36 ] D: P1 -416
[    48.37 ] D: P1 -418
[    48.37 ] D: P1 -418
[    48.37 ] D: P1 -418
[    48.46 ] D: P1 -418
[    48.79 ] D: sltPositionChanged 264599
[    48.79 ] D: frame_offset 0 0 217
[    48.80 ] D: frame_offset 0 1 217
[    48.80 ] D: frame_offset 0 2 217
[    48.80 ] D: findOverlayItems 1 0
[    48.80 ] D: "{361c5575-e9b1-4fd2-9dbd-0c84131cc2b7}" i.value()->sampleClip()->startTime()  6000 328833 328833 6000
[    48.80 ] D: findOverlayItems
[    48.80 ] D: sltPositionChanged 264599
[    48.80 ] D: frame_offset 0 0 217