[    12.90 ] I: Log: Log file open in follow path at 1403/6/26 20:52:02 : C:\Users\AmirPasha\Desktop\Rpos\DAW-3\build2019\debug\Logs\Launch.log
[    12.90 ] I: The subsystem "class DGE::Core::IO::LogSystem::Logger" is registered successfully.
[    12.90 ] I: The subsystem "class DGE::Core::Windows::QtWindow" is registered successfully.
[    12.90 ] D: API version is: 4.60 ,shader version is: 4.60
[    12.90 ] I: The subsystem "class DGE::GFX::GCore::QtWrapper::QtRenderer" is registered successfully.
[    12.90 ] I: Current Render API is: 4.60
[    12.90 ] I: The subsystem "Renderer" is registered successfully.
[    12.90 ] I: The subsystem "class DGE::Core::Platforms::QtPlatform" is registered successfully.
[    12.90 ] I: The subsystem "Platform" is registered successfully.
[    12.90 ] I: The subsystem "class DGE::Core::IO::FileSystem::FileManager" is registered successfully.
[    12.90 ] I: The subsystem "class DGE::Core::CoreModule" is registered successfully.
[    12.90 ] I: The subsystem "class DGE::Core::Profiling::Profiler" is registered successfully.
[    12.90 ] I: The subsystem "class DGE::GFX::DrawablesManager" is registered successfully.
[    12.90 ] I: #version 460 core
#define GLES_Ver 460

[    12.90 ] I: The subsystem "class DGE::GFX::GraphicsManager" is registered successfully.
[    12.90 ] I: The subsystem "class DGE::GFX::GFXModule" is registered successfully.
[    13.41 ] D: Shader Compile successfully.
[    13.41 ] I: The subsystem "class DGE::Scene::ViewportManager" is registered successfully.
[    13.41 ] I: The subsystem "class DGE::Scene::SceneModule" is registered successfully.
[    13.41 ] I: The subsystem "class DGE::Managers::RenderManager" is registered successfully.
[    13.41 ] D: Engine Enabled
[    13.41 ] I: The subsystem "class DGE::Engine" is registered successfully.
[    13.41 ] D: Node with id 1 is added to Qt layer
[    13.42 ] D: Node with id 2460 is added to Qt layer
[    13.42 ] D: Node with id 2462 is added to Qt layer
[    13.42 ] D: Node with id 2464 is added to Qt layer
[    13.42 ] D: Node with id 2466 is added to Qt layer
[    13.42 ] D: Node with id 2468 is added to Qt layer
[    13.43 ] D: Node with id 2470 is added to Qt layer
[    13.43 ] D: Node with id 2472 is added to Qt layer
[    13.43 ] D: Node with id 2474 is added to Qt layer
[    13.43 ] D: Node with id 2476 is added to Qt layer
[    13.43 ] D: Node with id 2478 is added to Qt layer
[    13.43 ] D: Node with id 2480 is added to Qt layer
[    13.44 ] D: Node with id 2482 is added to Qt layer
[    13.45 ] D: Node with id 2484 is added to Qt layer
[    13.47 ] D: Node with id 2486 is added to Qt layer
[    13.48 ] D: Node with id 2487 is added to Qt layer
[    13.49 ] D: Node with id 2489 is added to Qt layer
[    13.50 ] D: Node with id 2491 is added to Qt layer
[    13.50 ] D: Node with id 3 is added to Qt layer
[    13.53 ] D: Node with id 2493 is added to Qt layer
[    13.54 ] S: New view-port registered with id: 1
[    13.55 ] S: New view-port registered with id: 2
[    13.55 ] S: New view-port registered with id: 3
[    13.55 ] S: New view-port registered with id: 4
[    13.56 ] S: New view-port registered with id: 5
[    13.56 ] S: New view-port registered with id: 6
[    14.79 ] D: Creating suitable QNanoBackend for OpenGL 4.6 context
[    14.79 ] D: Using backend: "OpenGL 3"
[    15.01 ] W: Floating point comparison needs context sanity check
[    15.01 ] D: QT onScaleChanged=  144
[    15.11 ] W: ShaderEffectSource: 'recursive' must be set to true when rendering recursively.
[    15.16 ] W: ShaderEffectSource: 'recursive' must be set to true when rendering recursively.
[    15.26 ] W: ShaderEffectSource: 'recursive' must be set to true when rendering recursively.
[    15.28 ] W: ShaderEffectSource: 'recursive' must be set to true when rendering recursively.
[    15.60 ] D: Engine Started.
[    21.49 ] D: P1 -307
[    21.50 ] D: P1 -412
[    21.50 ] D: P1 -416
[    21.51 ] D: P1 -420
[    21.52 ] D: P1 -424
[    21.53 ] D: P1 -428
[    21.53 ] D: P1 -428
[    21.53 ] D: P1 -429
[    21.54 ] D: P1 -429
[    21.55 ] D: P1 -430
[    21.56 ] D: P1 -431
[    21.57 ] D: P1 -432
[    21.58 ] D: P1 -434
[    21.59 ] D: P1 -436
[    21.59 ] D: P1 -437
[    21.60 ] D: P1 -442
[    21.60 ] D: P1 -445
[    21.61 ] D: P1 -454
[    21.62 ] D: P1 -458
[    21.62 ] D: P1 -461
[    21.75 ] D: P1 -459
[    21.75 ] D: P1 -413
[    21.75 ] D: P1 -404
[    21.76 ] D: P1 -400
[    21.76 ] D: P1 -390
[    21.76 ] D: P1 -386
[    21.77 ] D: P1 -379
[    21.77 ] D: P1 -366
[    21.77 ] D: P14
[    21.78 ] D: P1 -365
[    21.78 ] D: P14
[    21.79 ] D: P1 -361
[    21.79 ] D: P14
[    21.79 ] D: P1 -360
[    21.79 ] D: P14
[    21.80 ] D: P1 -360
[    21.80 ] D: P14
[    21.81 ] D: P1 -359
[    21.81 ] D: P14
[    22.07 ] D: P1 -359
[    22.07 ] D: P14
[    22.10 ] D: P1 -359
[    22.10 ] D: P14
[    22.10 ] D: P1 -359
[    22.10 ] D: P14
[    22.10 ] D: P1 -359
[    22.11 ] D: P14
[    22.12 ] D: P1 -359
[    22.12 ] D: P14
[    22.13 ] D: P1 -360
[    22.13 ] D: P14
[    22.14 ] D: P1 -360
[    22.14 ] D: P14
[    22.22 ] D: sltPositionChanged 176400
[    22.23 ] D: frame_offset 0 0 217
[    22.23 ] D: findOverlayItems 1 0
[    22.23 ] D: frame_offset 0 1 217
[    22.23 ] D: "{b9ab413c-e5bf-4d0d-b207-108ed2a29116}" i.value()->sampleClip()->startTime()  4000 326833 326833 4000
[    22.23 ] D: findOverlayItems
[    22.24 ] D: frame_offset 0 2 217
[    22.24 ] D: frame_offset 0 3 217
[    22.24 ] D: frame_offset 0 4 217
[    22.25 ] D: sltPositionChanged 176400
[    22.25 ] D: frame_offset 0 0 217
[    22.26 ] D: frame_offset 0 1 217
[    22.26 ] D: frame_offset 0 2 217
[    22.27 ] D: frame_offset 0 3 217
[    22.27 ] D: frame_offset 0 4 217
[    28.41 ] D: _editController->getParameterCount() 14
[    28.73 ] D: trackIndex 0 0
[    32.38 ] D: _requestForLoading false false
[    32.38 ] D: _requestForLoading2
[    32.38 ] D: _numberOfSampleBuffer 1
[    32.38 ] D: START TO load 0
[    32.38 ] D: sltPositionChanged 396900 true
[    32.38 ] D: START TO load 1
[    32.38 ] D: START TO load 2
[    32.38 ] D: START TO load 3
[    32.38 ] D: frame_offset 3 0 217
[    32.39 ] D: frame_offset 3 1 217
[    32.39 ] D: frame_offset 3 2 217
[    32.39 ] D: frame_offset 3 3 217
[    32.40 ] D: frame_offset 3 4 217
[    32.41 ] D: sltFirstBufferFilled ("{b9ab413c-e5bf-4d0d-b207-108ed2a29116}") "{b9ab413c-e5bf-4d0d-b207-108ed2a29116}" true
[    32.41 ] D: _requestForLoading true false
[    40.86 ] W: ShaderEffectSource: 'recursive' must be set to true when rendering recursively.
[    42.22 ] D: _pointActive1 false true false
[    43.57 ] D: _startSelectedClipIndex123 "{b9ab413c-e5bf-4d0d-b207-108ed2a29116}"
[    43.57 ] D: copySelectedArea1; QRectF(4000,0 322833x111) QRect(0,0 1707x111)
[    43.57 ] D: copySelectedArea3
[    43.58 ] D: copySelectedArea1; QRectF(4000,0 322833x111) QRect(0,111 1707x111)
[    43.58 ] D: copySelectedArea1; QRectF(4000,0 322833x111) QRect(0,222 1707x111)
[    43.58 ] D: copySelectedArea1; QRectF(4000,0 322833x111) QRect(0,333 1707x111)
[    43.58 ] D: Ok
[    43.58 ] D: OK
[    43.58 ] D: OK
[    43.58 ] D: IOIO 0 0
[    43.58 ] D: RETURN 0 0 -1 1 1 -1
[    43.58 ] D: RETURN
[    43.58 ] D: IOIO 0 0
[    43.58 ] D: RETURN 0 0 -1 1 2 -1
[    43.58 ] D: RETURN
[    43.58 ] D: IOIO 0 0
[    43.58 ] D: RETURN 0 0 -1 1 3 -1
[    43.58 ] D: RETURN
[    43.58 ] D: IOIO 0 0
[    43.59 ] D: inSelectedLineRETURN2
[    43.68 ] D: newTopPixel 20 44 24
[    43.68 ] D: tmp:tmp:tmp:tmp:tmp QPair(0,-1)
[    43.68 ] D: firstIndex 0 0 1 4
[    43.68 ] D: firstIndex2
[    43.68 ] D: firstIndex4 0 1
[    43.68 ] D: firstIndex3 0 1
[    43.68 ] D: firstIndex2 0 4
[    43.68 ] D: firstIndex3.1
[    43.68 ] D: firstIndex3.1 4000 326833 176400 1.44133e+07
[    43.68 ] D: firstIndex3.1.1 SampleClip(0x1ebdca3c960)
[    43.68 ] D: firstIndex3.1.2
[    43.68 ] D: firstIndex3
[    43.69 ] D: inSelectedLineRETURN2
[    43.70 ] D: newTopPixel 22 46 24
[    43.70 ] D: tmp:tmp:tmp:tmp:tmp QPair(0,-1)
[    43.70 ] D: firstIndex 0 0 1 4
[    43.70 ] D: firstIndex2
[    43.70 ] D: firstIndex4 0 1
[    43.70 ] D: firstIndex3 0 1
[    43.71 ] D: firstIndex2 0 4
[    43.71 ] D: firstIndex3.1
[    43.71 ] D: firstIndex3.1 4000 326833 176400 1.44133e+07
[    43.71 ] D: firstIndex3.1.1 SampleClip(0x1ebdca3c960)
[    43.71 ] D: firstIndex3.1.2
[    43.71 ] D: firstIndex3
[    43.71 ] D: newTopPixel 29 53 24
[    43.71 ] D: tmp:tmp:tmp:tmp:tmp QPair(0,-1)
[    43.71 ] D: firstIndex 0 0 1 4
[    43.71 ] D: firstIndex2
[    43.71 ] D: firstIndex4 0 1
[    43.71 ] D: firstIndex3 0 1
[    43.71 ] D: firstIndex2 0 4
[    43.71 ] D: firstIndex3.1
[    43.71 ] D: firstIndex3.1 4000 326833 176400 1.44133e+07
[    43.71 ] D: firstIndex3.1.1 SampleClip(0x1ebdca3c960)
[    43.71 ] D: firstIndex3.1.2
[    43.71 ] D: firstIndex3
[    43.71 ] D: inSelectedLineRETURN2
[    43.74 ] D: newTopPixel 31 55 24
[    43.74 ] D: tmp:tmp:tmp:tmp:tmp QPair(0,-1)
[    43.74 ] D: firstIndex 0 0 1 4
[    43.74 ] D: firstIndex2
[    43.74 ] D: firstIndex4 0 1
[    43.74 ] D: firstIndex3 0 1
[    43.74 ] D: firstIndex2 0 4
[    43.74 ] D: firstIndex3.1
[    43.74 ] D: firstIndex3.1 4000 326833 176400 1.44133e+07
[    43.74 ] D: firstIndex3.1.1 SampleClip(0x1ebdca3c960)
[    43.74 ] D: firstIndex3.1.2
[    43.74 ] D: firstIndex3
[    43.74 ] D: inSelectedLineRETURN2
[    43.76 ] D: newTopPixel 35 59 24
[    43.76 ] D: tmp:tmp:tmp:tmp:tmp QPair(0,-1)
[    43.76 ] D: firstIndex 0 0 1 4
[    43.76 ] D: firstIndex2
[    43.76 ] D: firstIndex4 0 1
[    43.76 ] D: firstIndex3 0 1
[    43.76 ] D: firstIndex2 0 4
[    43.76 ] D: firstIndex3.1
[    43.76 ] D: firstIndex3.1 4000 326833 176400 1.44133e+07
[    43.76 ] D: firstIndex3.1.1 SampleClip(0x1ebdca3c960)
[    43.76 ] D: firstIndex3.1.2
[    43.76 ] D: firstIndex3
[    43.76 ] D: inSelectedLineRETURN2
[    43.78 ] D: newTopPixel 37 61 24
[    43.78 ] D: tmp:tmp:tmp:tmp:tmp QPair(0,-1)
[    43.78 ] D: firstIndex 0 0 1 4
[    43.78 ] D: firstIndex2
[    43.78 ] D: firstIndex4 0 1
[    43.78 ] D: firstIndex3 0 1
[    43.78 ] D: firstIndex2 0 4
[    43.79 ] D: firstIndex3.1
[    43.79 ] D: firstIndex3.1 4000 326833 176400 1.44133e+07
[    43.79 ] D: firstIndex3.1.1 SampleClip(0x1ebdca3c960)
[    43.79 ] D: firstIndex3.1.2
[    43.79 ] D: firstIndex3
[    43.79 ] D: inSelectedLineRETURN2
[    43.80 ] D: newTopPixel 38 62 24
[    43.80 ] D: tmp:tmp:tmp:tmp:tmp QPair(0,-1)
[    43.80 ] D: firstIndex 0 0 1 4
[    43.81 ] D: firstIndex2
[    43.81 ] D: firstIndex4 0 1
[    43.81 ] D: firstIndex3 0 1
[    43.81 ] D: firstIndex2 0 4
[    43.81 ] D: firstIndex3.1
[    43.81 ] D: firstIndex3.1 4000 326833 176400 1.44133e+07
[    43.81 ] D: firstIndex3.1.1 SampleClip(0x1ebdca3c960)
[    43.81 ] D: firstIndex3.1.2
[    43.81 ] D: firstIndex3
[    43.81 ] D: newTopPixel 39 63 24
[    43.81 ] D: tmp:tmp:tmp:tmp:tmp QPair(0,-1)
[    43.81 ] D: firstIndex 0 0 1 4
[    43.81 ] D: firstIndex2
[    43.81 ] D: firstIndex4 0 1
[    43.81 ] D: firstIndex3 0 1
[    43.81 ] D: firstIndex2 0 4
[    43.81 ] D: firstIndex3.1
[    43.81 ] D: firstIndex3.1 4000 326833 176400 1.44133e+07
[    43.81 ] D: firstIndex3.1.1 SampleClip(0x1ebdca3c960)
[    43.81 ] D: firstIndex3.1.2
[    43.81 ] D: firstIndex3
[    43.81 ] D: inSelectedLineRETURN2
[    43.83 ] D: newTopPixel 39 63 24
[    43.83 ] D: tmp:tmp:tmp:tmp:tmp QPair(0,-1)
[    43.83 ] D: firstIndex 0 0 1 4
[    43.83 ] D: firstIndex2
[    43.83 ] D: firstIndex4 0 1
[    43.83 ] D: firstIndex3 0 1
[    43.83 ] D: firstIndex2 0 4
[    43.83 ] D: firstIndex3.1
[    43.83 ] D: firstIndex3.1 4000 326833 176400 1.44133e+07
[    43.83 ] D: firstIndex3.1.1 SampleClip(0x1ebdca3c960)
[    43.83 ] D: firstIndex3.1.2
[    43.83 ] D: firstIndex3
[    43.83 ] D: newTopPixel 39 63 24
[    43.83 ] D: tmp:tmp:tmp:tmp:tmp QPair(0,-1)
[    43.83 ] D: firstIndex 0 0 1 4
[    43.83 ] D: firstIndex2
[    43.83 ] D: firstIndex4 0 1
[    43.83 ] D: firstIndex3 0 1
[    43.83 ] D: firstIndex2 0 4
[    43.83 ] D: firstIndex3.1
[    43.83 ] D: firstIndex3.1 4000 326833 176400 1.44133e+07
[    43.83 ] D: firstIndex3.1.1 SampleClip(0x1ebdca3c960)
[    43.84 ] D: firstIndex3.1.2
[    43.84 ] D: firstIndex3
[    43.84 ] D: inSelectedLineRETURN2
[    43.85 ] D: newTopPixel 39 63 24
[    43.86 ] D: tmp:tmp:tmp:tmp:tmp QPair(0,-1)
[    43.86 ] D: firstIndex 0 0 1 4
[    43.86 ] D: firstIndex2
[    43.86 ] D: firstIndex4 0 1
[    43.86 ] D: firstIndex3 0 1
[    43.86 ] D: firstIndex2 0 4
[    43.86 ] D: firstIndex3.1
[    43.86 ] D: firstIndex3.1 4000 326833 176400 1.44133e+07
[    43.86 ] D: firstIndex3.1.1 SampleClip(0x1ebdca3c960)
[    43.86 ] D: firstIndex3.1.2
[    43.86 ] D: firstIndex3
[    43.86 ] D: newTopPixel 39 63 24
[    43.86 ] D: tmp:tmp:tmp:tmp:tmp QPair(0,-1)
[    43.86 ] D: firstIndex 0 0 1 4
[    43.86 ] D: firstIndex2
[    43.86 ] D: firstIndex4 0 1
[    43.86 ] D: firstIndex3 0 1
[    43.86 ] D: firstIndex2 0 4
[    43.86 ] D: firstIndex3.1
[    43.86 ] D: firstIndex3.1 4000 326833 176400 1.44133e+07
[    43.86 ] D: firstIndex3.1.1 SampleClip(0x1ebdca3c960)
[    43.86 ] D: firstIndex3.1.2
[    43.86 ] D: firstIndex3
[    43.87 ] D: newTopPixel 39 63 24
[    43.87 ] D: tmp:tmp:tmp:tmp:tmp QPair(0,-1)
[    43.87 ] D: firstIndex 0 0 1 4
[    43.87 ] D: firstIndex2
[    43.87 ] D: firstIndex4 0 1
[    43.87 ] D: firstIndex3 0 1
[    43.87 ] D: firstIndex2 0 4
[    43.87 ] D: firstIndex3.1
[    43.87 ] D: firstIndex3.1 4000 326833 176400 1.44133e+07
[    43.87 ] D: firstIndex3.1.1 SampleClip(0x1ebdca3c960)
[    43.87 ] D: firstIndex3.1.2
[    43.87 ] D: firstIndex3
[    43.88 ] D: newTopPixel 39 63 24
[    43.88 ] D: tmp:tmp:tmp:tmp:tmp QPair(0,-1)
[    43.88 ] D: firstIndex 0 0 1 4
[    43.88 ] D: firstIndex2
[    43.88 ] D: firstIndex4 0 1
[    43.88 ] D: firstIndex3 0 1
[    43.88 ] D: firstIndex2 0 4
[    43.88 ] D: firstIndex3.1
[    43.88 ] D: firstIndex3.1 4000 326833 176400 1.44133e+07
[    43.88 ] D: firstIndex3.1.1 SampleClip(0x1ebdca3c960)
[    43.88 ] D: firstIndex3.1.2
[    43.88 ] D: firstIndex3
[    43.89 ] D: newTopPixel 39 63 24
[    43.89 ] D: tmp:tmp:tmp:tmp:tmp QPair(0,-1)
[    43.89 ] D: firstIndex 0 0 1 4
[    43.89 ] D: firstIndex2
[    43.89 ] D: firstIndex4 0 1
[    43.89 ] D: firstIndex3 0 1
[    43.89 ] D: firstIndex2 0 4
[    43.89 ] D: firstIndex3.1
[    43.89 ] D: firstIndex3.1 4000 326833 176400 1.44133e+07
[    43.89 ] D: firstIndex3.1.1 SampleClip(0x1ebdca3c960)
[    43.89 ] D: firstIndex3.1.2
[    43.89 ] D: firstIndex3
[    43.91 ] D: newTopPixel 39 63 24
[    43.91 ] D: tmp:tmp:tmp:tmp:tmp QPair(0,-1)
[    43.91 ] D: firstIndex 0 0 1 4
[    43.91 ] D: firstIndex2
[    43.91 ] D: firstIndex4 0 1
[    43.91 ] D: firstIndex3 0 1
[    43.91 ] D: firstIndex2 0 4
[    43.91 ] D: firstIndex3.1
[    43.91 ] D: firstIndex3.1 4000 326833 176400 1.44133e+07
[    43.92 ] D: firstIndex3.1.1 SampleClip(0x1ebdca3c960)
[    43.92 ] D: firstIndex3.1.2
[    43.92 ] D: firstIndex3
[    43.92 ] D: newTopPixel 39 63 24
[    43.92 ] D: tmp:tmp:tmp:tmp:tmp QPair(0,-1)
[    43.92 ] D: firstIndex 0 0 1 4
[    43.92 ] D: firstIndex2
[    43.92 ] D: firstIndex4 0 1
[    43.92 ] D: firstIndex3 0 1
[    43.92 ] D: firstIndex2 0 4
[    43.92 ] D: firstIndex3.1
[    43.92 ] D: firstIndex3.1 4000 326833 176400 1.44133e+07
[    43.92 ] D: firstIndex3.1.1 SampleClip(0x1ebdca3c960)
[    43.92 ] D: firstIndex3.1.2
[    43.92 ] D: firstIndex3
[    43.93 ] D: newTopPixel 39 63 24
[    43.93 ] D: tmp:tmp:tmp:tmp:tmp QPair(0,-1)
[    43.93 ] D: firstIndex 0 0 1 4
[    43.93 ] D: firstIndex2
[    43.93 ] D: firstIndex4 0 1
[    43.93 ] D: firstIndex3 0 1
[    43.93 ] D: firstIndex2 0 4
[    43.93 ] D: firstIndex3.1
[    43.93 ] D: firstIndex3.1 4000 326833 176400 1.44133e+07
[    43.93 ] D: firstIndex3.1.1 SampleClip(0x1ebdca3c960)
[    43.93 ] D: firstIndex3.1.2
[    43.93 ] D: firstIndex3
[    43.94 ] D: newTopPixel 39 63 24
[    43.94 ] D: tmp:tmp:tmp:tmp:tmp QPair(0,-1)
[    43.94 ] D: firstIndex 0 0 1 4
[    43.94 ] D: firstIndex2
[    43.94 ] D: firstIndex4 0 1
[    43.94 ] D: firstIndex3 0 1
[    43.94 ] D: firstIndex2 0 4
[    43.94 ] D: firstIndex3.1
[    43.94 ] D: firstIndex3.1 4000 326833 176400 1.44133e+07
[    43.94 ] D: firstIndex3.1.1 SampleClip(0x1ebdca3c960)
[    43.94 ] D: firstIndex3.1.2
[    43.94 ] D: firstIndex3
[    43.95 ] D: newTopPixel 39 63 24
[    43.95 ] D: tmp:tmp:tmp:tmp:tmp QPair(0,-1)
[    43.95 ] D: firstIndex 0 0 1 4
[    43.95 ] D: firstIndex2
[    43.95 ] D: firstIndex4 0 1
[    43.95 ] D: firstIndex3 0 1
[    43.95 ] D: firstIndex2 0 4
[    43.95 ] D: firstIndex3.1
[    43.95 ] D: firstIndex3.1 4000 326833 176400 1.44133e+07
[    43.95 ] D: firstIndex3.1.1 SampleClip(0x1ebdca3c960)
[    43.95 ] D: firstIndex3.1.2
[    43.95 ] D: firstIndex3
[    43.99 ] D: inSelectedLineRETURN2
[    44.04 ] D: inSelectedLineRETURN2
[    44.05 ] D: inSelectedLineRETURN2
[    44.07 ] D: inSelectedLineRETURN2
[    44.09 ] D: inSelectedLineRETURN2
[    44.10 ] D: inSelectedLineRETURN2
[    44.12 ] D: inSelectedLineRETURN2
[    44.14 ] D: inSelectedLineRETURN2
[    44.15 ] D: inSelectedLineRETURN2
[    44.17 ] D: inSelectedLineRETURN2
[    44.44 ] D: inSelectedLineRETURN2
[    44.46 ] D: inSelectedLineRETURN2
[    44.47 ] D: inSelectedLineRETURN2
[    44.49 ] D: inSelectedLineRETURN2
[    44.51 ] D: inSelectedLineRETURN2
[    44.54 ] D: inSelectedLineRETURN2
[    44.57 ] D: inSelectedLineRETURN2
[    44.59 ] D: inSelectedLineRETURN2
[    44.90 ] D: inSelectedLineRETURN2
[    45.01 ] D: _pointActive1 false true false
[    45.01 ] D: inSelectedLineRETURN2
[    45.01 ] D: inSelectedLineRETURN2
[    45.02 ] D: inSelectedLineRETURN2
[    45.05 ] D: inSelectedLineRETURN2
[    45.07 ] D: inSelectedLineRETURN2
[    45.09 ] D: inSelectedLineRETURN2
[    45.10 ] D: inSelectedLineRETURN2
[    45.12 ] D: inSelectedLineRETURN2
[    45.14 ] D: inSelectedLineRETURN2
[    45.16 ] D: inSelectedLineRETURN2
[    45.17 ] D: inSelectedLineRETURN2
[    45.19 ] D: inSelectedLineRETURN2
[    45.22 ] D: inSelectedLineRETURN2
[    45.24 ] D: inSelectedLineRETURN2
[    45.26 ] D: inSelectedLineRETURN2
[    45.27 ] D: inSelectedLineRETURN2
[    45.29 ] D: inSelectedLineRETURN2
[    45.30 ] D: inSelectedLineRETURN2
[    45.32 ] D: inSelectedLineRETURN2
[    45.34 ] D: inSelectedLineRETURN2
[    45.36 ] D: inSelectedLineRETURN2
[    45.37 ] D: inSelectedLineRETURN2
[    45.39 ] D: inSelectedLineRETURN2
[    45.40 ] D: inSelectedLineRETURN2
[    45.42 ] D: inSelectedLineRETURN2
[    45.44 ] D: inSelectedLineRETURN2
[    45.46 ] D: inSelectedLineRETURN2
[    45.47 ] D: inSelectedLineRETURN2
[    45.49 ] D: inSelectedLineRETURN2
[    45.54 ] D: inSelectedLineRETURN2
[    45.55 ] D: inSelectedLineRETURN2
[    45.60 ] D: inSelectedLineRETURN2
[    45.62 ] D: inSelectedLineRETURN2
[    45.66 ] D: inSelectedLineRETURN2
[    45.68 ] D: inSelectedLineRETURN2
[    45.70 ] D: inSelectedLineRETURN2
[    45.71 ] D: inSelectedLineRETURN2
[    45.72 ] D: inSelectedLineRETURN2
[    45.74 ] D: inSelectedLineRETURN2
[    45.76 ] D: inSelectedLineRETURN2
[    45.77 ] D: inSelectedLineRETURN2
[    45.79 ] D: inSelectedLineRETURN2
[    45.81 ] D: inSelectedLineRETURN2
[    45.82 ] D: inSelectedLineRETURN2
[    45.84 ] D: inSelectedLineRETURN2
[    47.28 ] D: _requestForLoading false false
[    47.28 ] D: _requestForLoading2
[    47.28 ] D: _numberOfSampleBuffer 1
[    47.28 ] D: START TO load 0
[    47.28 ] D: sltPositionChanged 308700 true
[    47.28 ] D: START TO load 1
[    47.28 ] D: frame_offset 2 0 217
[    47.28 ] D: START TO load 2
[    47.28 ] D: START TO load 3
[    47.29 ] D: frame_offset 2 1 217
[    47.29 ] D: frame_offset 2 2 217
[    47.29 ] D: frame_offset 2 3 217
[    47.30 ] D: frame_offset 2 4 217
[    47.30 ] D: sltFirstBufferFilled ("{b9ab413c-e5bf-4d0d-b207-108ed2a29116}") "{b9ab413c-e5bf-4d0d-b207-108ed2a29116}" true
[    47.30 ] D: _requestForLoading true false
[    48.76 ] D: AsyncFileReader 2 7
[    50.26 ] D: AsyncFileReader 3 8
[    51.74 ] D: AsyncFileReader 4 9
[    53.22 ] D: AsyncFileReader 0 10
[    55.66 ] D: ADDED 0 "wetDry" 3
[    55.66 ] D: _tracksModel->getItem(i)->rect( QRect(0,0 1707x111)
[    55.66 ] D: _tracksModel->getItem(i)->rect( QRect(0,195 1707x111)
[    55.66 ] D: _tracksModel->getItem(i)->rect( QRect(0,306 1707x111)
[    55.66 ] D: _tracksModel->getItem(i)->rect( QRect(0,417 1707x111)
[    55.71 ] W: ShaderEffectSource: 'recursive' must be set to true when rendering recursively.
[    55.71 ] W: ShaderEffectSource: 'recursive' must be set to true when rendering recursively.
[    60.18 ] W: ShaderEffectSource: 'recursive' must be set to true when rendering recursively.
[    64.36 ] D: _pointActive1 false true false
[    65.57 ] D: _pointActive1 false true false
[   465.33 ] W: Retrying to obtain clipboard.
[  2589.55 ] D: trackIndex 0 0
[ 35679.87 ] D: _requestForLoading false false
[ 35679.87 ] D: _requestForLoading2
