[     4.45 ] I: Log: Log file open in follow path at 1403/5/28 22:15:54 : C:\Users\AmirPasha\Desktop\Rpos\DAW-3\build2019\debug\Logs\Launch.log
[     4.45 ] I: The subsystem "class DGE::Core::IO::LogSystem::Logger" is registered successfully.
[     4.45 ] I: The subsystem "class DGE::Core::Windows::QtWindow" is registered successfully.
[     4.46 ] D: API version is: 4.60 ,shader version is: 4.60
[     4.46 ] I: The subsystem "class DGE::GFX::GCore::QtWrapper::QtRenderer" is registered successfully.
[     4.46 ] I: Current Render API is: 4.60
[     4.46 ] I: The subsystem "Renderer" is registered successfully.
[     4.46 ] I: The subsystem "class DGE::Core::Platforms::QtPlatform" is registered successfully.
[     4.46 ] I: The subsystem "Platform" is registered successfully.
[     4.46 ] I: The subsystem "class DGE::Core::IO::FileSystem::FileManager" is registered successfully.
[     4.46 ] I: The subsystem "class DGE::Core::CoreModule" is registered successfully.
[     4.46 ] I: The subsystem "class DGE::Core::Profiling::Profiler" is registered successfully.
[     4.46 ] I: The subsystem "class DGE::GFX::DrawablesManager" is registered successfully.
[     4.46 ] I: #version 460 core
#define GLES_Ver 460

[     4.46 ] I: The subsystem "class DGE::GFX::GraphicsManager" is registered successfully.
[     4.46 ] I: The subsystem "class DGE::GFX::GFXModule" is registered successfully.
[     4.53 ] D: Shader Compile successfully.
[     4.53 ] I: The subsystem "class DGE::Scene::ViewportManager" is registered successfully.
[     4.53 ] I: The subsystem "class DGE::Scene::SceneModule" is registered successfully.
[     4.53 ] I: The subsystem "class DGE::Managers::RenderManager" is registered successfully.
[     4.53 ] D: Engine Enabled
[     4.53 ] I: The subsystem "class DGE::Engine" is registered successfully.
[     4.53 ] D: Node with id 1 is added to Qt layer
[     4.53 ] D: Node with id 2460 is added to Qt layer
[     4.53 ] D: Node with id 2462 is added to Qt layer
[     4.53 ] D: Node with id 2464 is added to Qt layer
[     4.53 ] D: Node with id 2466 is added to Qt layer
[     4.53 ] D: Node with id 2468 is added to Qt layer
[     4.53 ] D: Node with id 2470 is added to Qt layer
[     4.53 ] D: Node with id 2472 is added to Qt layer
[     4.53 ] D: Node with id 2474 is added to Qt layer
[     4.53 ] D: Node with id 2476 is added to Qt layer
[     4.53 ] D: Node with id 2478 is added to Qt layer
[     4.54 ] D: Node with id 2480 is added to Qt layer
[     4.54 ] D: Node with id 2482 is added to Qt layer
[     4.54 ] D: Node with id 2484 is added to Qt layer
[     4.54 ] D: Node with id 2486 is added to Qt layer
[     4.54 ] D: Node with id 2487 is added to Qt layer
[     4.54 ] D: Node with id 2489 is added to Qt layer
[     4.54 ] D: Node with id 2491 is added to Qt layer
[     4.54 ] D: Node with id 3 is added to Qt layer
[     4.54 ] D: Node with id 2493 is added to Qt layer
[     4.54 ] S: New view-port registered with id: 1
[     4.54 ] S: New view-port registered with id: 2
[     4.54 ] S: New view-port registered with id: 3
[     4.54 ] S: New view-port registered with id: 4
[     4.54 ] S: New view-port registered with id: 5
[     4.54 ] S: New view-port registered with id: 6
[     4.64 ] D: Creating suitable QNanoBackend for OpenGL 4.6 context
[     4.64 ] D: Using backend: "OpenGL 3"
[     4.67 ] W: Floating point comparison needs context sanity check
[     4.67 ] D: QT onScaleChanged=  144
[     4.69 ] W: ShaderEffectSource: 'recursive' must be set to true when rendering recursively.
[     4.70 ] W: ShaderEffectSource: 'recursive' must be set to true when rendering recursively.
[     4.70 ] W: ShaderEffectSource: 'recursive' must be set to true when rendering recursively.
[     4.71 ] W: ShaderEffectSource: 'recursive' must be set to true when rendering recursively.
[     4.87 ] D: Engine Started.
[    13.57 ] W: qrc:/TrackPanels/Audio/Automation/Automation.qml:0: ReferenceError: theme is not defined
[    14.69 ] D: findTrackIndexByPoint 0 QRect(0,0 1707x111) true QPointF(81,75)
[    14.70 ] D: createSelectedPoints 0 -1
[    15.03 ] D: findTrackIndexByPoint 0 QRect(0,0 1707x111) true QPointF(144,74)
[    15.05 ] D: createSelectedPoints 0 -1
[    15.08 ] D: _automationChanging true
[    15.08 ] D: mouseMove2
[    15.09 ] D: _automationChanging true
[    15.09 ] D: mouseMove2
[    15.09 ] D: _automationChanging true
[    15.09 ] D: mouseMove2
[    15.10 ] D: _automationChanging true
[    15.10 ] D: mouseMove2
[    15.12 ] D: _automationChanging true
[    15.12 ] D: mouseMove2
[    15.13 ] D: _automationChanging true
[    15.13 ] D: mouseMove2
[    15.14 ] D: _automationChanging true
[    15.14 ] D: mouseMove2
[    15.15 ] D: _pointActive1 false true false
[    15.15 ] D: _automationChanging true
[    15.15 ] D: _currentMouseY 153 64 144 74 QSizeF(9, -10)
[    15.15 ] D: mouseMove2
[    15.16 ] D: _automationChanging true
[    15.16 ] D: _currentMouseY 153 63 144 74 QSizeF(0, -1)
[    15.16 ] D: mouseMove2
[    15.17 ] D: _automationChanging true
[    15.17 ] D: _pointActive2 false 0
[    15.17 ] D: createSelectedPoints 0 -1
[    15.17 ] D: _currentMouseY 154 62 144 74 QSizeF(1, -1)
[    15.17 ] D: mouseMove2
[    15.17 ] D: _automationChanging true
[    15.17 ] D: _currentMouseY 160 58 144 74 QSizeF(6, -4)
[    15.17 ] D: mouseMove2
[    15.17 ] D: _automationChanging true
[    15.17 ] D: _currentMouseY 160 57 144 74 QSizeF(0, -1)
[    15.18 ] D: mouseMove2
[    15.18 ] D: _pointActive2 false 0
[    15.18 ] D: _automationChanging true
[    15.18 ] D: createSelectedPoints 0 -1
[    15.19 ] D: _currentMouseY 163 54 144 74 QSizeF(3, -3)
[    15.19 ] D: mouseMove2
[    15.19 ] D: _automationChanging true
[    15.19 ] D: _currentMouseY 164 54 144 74 QSizeF(1, 0)
[    15.19 ] D: mouseMove2
[    15.20 ] D: _pointActive2 false 0
[    15.20 ] D: _automationChanging true
[    15.20 ] D: createSelectedPoints 0 -1
[    15.20 ] D: _currentMouseY 167 51 144 74 QSizeF(3, -3)
[    15.20 ] D: mouseMove2
[    15.20 ] D: _automationChanging true
[    15.20 ] D: _currentMouseY 168 51 144 74 QSizeF(1, 0)
[    15.21 ] D: mouseMove2
[    15.22 ] D: _pointActive2 false 0
[    15.22 ] D: _automationChanging true
[    15.22 ] D: createSelectedPoints 0 -1
[    15.22 ] D: _currentMouseY 170 49 144 74 QSizeF(2, -2)
[    15.22 ] D: mouseMove2
[    15.23 ] D: _pointActive2 false 0
[    15.23 ] D: _automationChanging true
[    15.23 ] D: createSelectedPoints 0 -1
[    15.24 ] D: _currentMouseY 170 48 144 74 QSizeF(0, -1)
[    15.24 ] D: mouseMove2
[    15.24 ] D: _automationChanging true
[    15.24 ] D: _currentMouseY 171 47 144 74 QSizeF(1, -1)
[    15.24 ] D: mouseMove2
[    15.25 ] D: _pointActive2 false 0
[    15.25 ] D: createSelectedPoints 0 -1
[    15.25 ] D: _automationChanging true
[    15.25 ] D: _currentMouseY 171 47 144 74 QSizeF(0, 0)
[    15.25 ] D: mouseMove2
[    15.27 ] D: _pointActive2 false 0
[    15.27 ] D: createSelectedPoints 0 -1
[    15.42 ] D: createSelectedPoints 0 -1
[    15.78 ] D: findTrackIndexByPoint 0 QRect(0,0 1707x111) true QPointF(230,51)
[    15.79 ] D: _automationChanging true
[    15.79 ] D: mouseMove2
[    15.80 ] D: createSelectedPoints 0 -1
[    15.81 ] D: _automationChanging true
[    15.81 ] D: mouseMove2
[    15.82 ] D: _automationChanging true
[    15.82 ] D: mouseMove2
[    15.83 ] D: _automationChanging true
[    15.83 ] D: mouseMove2
[    15.84 ] D: _automationChanging true
[    15.84 ] D: mouseMove2
[    15.85 ] D: _automationChanging true
[    15.85 ] D: mouseMove2
[    15.85 ] D: _automationChanging true
[    15.85 ] D: mouseMove2
[    15.87 ] D: _automationChanging true
[    15.87 ] D: mouseMove2
[    15.87 ] D: _automationChanging true
[    15.87 ] D: mouseMove2
[    15.87 ] D: _automationChanging true
[    15.87 ] D: mouseMove2
[    15.88 ] D: _automationChanging true
[    15.88 ] D: mouseMove2
[    15.89 ] D: _automationChanging true
[    15.89 ] D: mouseMove2
[    15.89 ] D: _automationChanging true
[    15.89 ] D: mouseMove2
[    15.89 ] D: _automationChanging true
[    15.89 ] D: mouseMove2
[    15.90 ] D: _pointActive1 false true false
[    15.90 ] D: _automationChanging true
[    15.90 ] D: _currentMouseY 249 67 230 51 QSizeF(19, 16)
[    15.90 ] D: mouseMove2
[    15.90 ] D: _automationChanging true
[    15.90 ] D: _currentMouseY 250 67 230 51 QSizeF(1, 0)
[    15.90 ] D: mouseMove2
[    15.92 ] D: _pointActive2 false 0
[    15.92 ] D: _automationChanging true
[    15.92 ] D: createSelectedPoints 0 -1
[    15.92 ] D: _currentMouseY 256 71 230 51 QSizeF(6, 4)
[    15.92 ] D: mouseMove2
[    15.92 ] D: _automationChanging true
[    15.92 ] D: _currentMouseY 257 71 230 51 QSizeF(1, 0)
[    15.92 ] D: mouseMove2
[    15.92 ] D: _automationChanging true
[    15.92 ] D: _currentMouseY 258 72 230 51 QSizeF(1, 1)
[    15.92 ] D: mouseMove2
[    15.93 ] D: _pointActive2 false 0
[    15.93 ] D: _automationChanging true
[    15.93 ] D: createSelectedPoints 0 -1
[    15.94 ] D: _currentMouseY 261 74 230 51 QSizeF(3, 2)
[    15.94 ] D: mouseMove2
[    15.94 ] D: _automationChanging true
[    15.94 ] D: _currentMouseY 265 78 230 51 QSizeF(4, 4)
[    15.94 ] D: mouseMove2
[    15.95 ] D: _pointActive2 false 0
[    15.95 ] D: createSelectedPoints 0 -1
[    15.95 ] D: _automationChanging true
[    15.95 ] D: _currentMouseY 267 79 230 51 QSizeF(2, 1)
[    15.95 ] D: mouseMove2
[    15.95 ] D: _automationChanging true
[    15.95 ] D: _currentMouseY 270 81 230 51 QSizeF(3, 2)
[    15.96 ] D: mouseMove2
[    15.97 ] D: _pointActive2 false 0
[    15.97 ] D: _automationChanging true
[    15.97 ] D: createSelectedPoints 0 -1
[    15.97 ] D: _currentMouseY 271 81 230 51 QSizeF(1, 0)
[    15.97 ] D: mouseMove2
[    15.98 ] D: _pointActive2 false 0
[    15.98 ] D: createSelectedPoints 0 -1
[    15.98 ] D: _automationChanging true
[    15.98 ] D: _currentMouseY 272 82 230 51 QSizeF(1, 1)
[    15.99 ] D: mouseMove2
[    16.00 ] D: _pointActive2 false 0
[    16.00 ] D: _automationChanging true
[    16.00 ] D: createSelectedPoints 0 -1
[    16.00 ] D: _currentMouseY 272 83 230 51 QSizeF(0, 1)
[    16.00 ] D: mouseMove2
[    16.02 ] D: _pointActive2 false 0
[    16.02 ] D: createSelectedPoints 0 -1
[    16.02 ] D: _automationChanging true
[    16.02 ] D: _currentMouseY 272 83 230 51 QSizeF(0, 0)
[    16.02 ] D: mouseMove2
[    16.02 ] D: _automationChanging true
[    16.02 ] D: _currentMouseY 273 83 230 51 QSizeF(1, 0)
[    16.02 ] D: mouseMove2
[    16.03 ] D: _pointActive2 false 0
[    16.03 ] D: createSelectedPoints 0 -1
[    16.03 ] D: _automationChanging true
[    16.03 ] D: _currentMouseY 273 83 230 51 QSizeF(0, 0)
[    16.04 ] D: mouseMove2
[    16.05 ] D: _pointActive2 false 0
[    16.05 ] D: createSelectedPoints 0 -1
[    16.18 ] D: createSelectedPoints 0 -1
[    16.55 ] D: findTrackIndexByPoint 0 QRect(0,0 1707x111) true QPointF(366,86)
[    16.57 ] D: createSelectedPoints 0 -1
[    16.60 ] D: _automationChanging true
[    16.60 ] D: mouseMove2
[    16.60 ] D: _automationChanging true
[    16.60 ] D: mouseMove2
[    16.62 ] D: _automationChanging true
[    16.62 ] D: mouseMove2
[    16.62 ] D: _automationChanging true
[    16.62 ] D: mouseMove2
[    16.62 ] D: _automationChanging true
[    16.62 ] D: mouseMove2
[    16.63 ] D: _automationChanging true
[    16.63 ] D: mouseMove2
[    16.63 ] D: _automationChanging true
[    16.63 ] D: mouseMove2
[    16.64 ] D: _automationChanging true
[    16.64 ] D: mouseMove2
[    16.64 ] D: _automationChanging true
[    16.64 ] D: mouseMove2
[    16.65 ] D: _automationChanging true
[    16.65 ] D: mouseMove2
[    16.65 ] D: _automationChanging true
[    16.65 ] D: mouseMove2
[    16.65 ] D: _automationChanging true
[    16.65 ] D: mouseMove2
[    16.66 ] D: _automationChanging true
[    16.66 ] D: mouseMove2
[    16.67 ] D: _automationChanging true
[    16.67 ] D: _pointActive1 false true false
[    16.67 ] D: _currentMouseY 387 74 366 86 QSizeF(21, -12)
[    16.67 ] D: mouseMove2
[    16.67 ] D: _automationChanging true
[    16.67 ] D: _currentMouseY 414 60 366 86 QSizeF(27, -14)
[    16.67 ] D: mouseMove2
[    16.67 ] D: _automationChanging true
[    16.67 ] D: _currentMouseY 415 59 366 86 QSizeF(1, -1)
[    16.67 ] D: mouseMove2
[    16.68 ] D: _pointActive2 false 0
[    16.68 ] D: _automationChanging true
[    16.68 ] D: createSelectedPoints 0 -1
[    16.69 ] D: _currentMouseY 420 56 366 86 QSizeF(5, -3)
[    16.69 ] D: mouseMove2
[    16.69 ] D: _automationChanging true
[    16.69 ] D: _currentMouseY 428 51 366 86 QSizeF(8, -5)
[    16.69 ] D: mouseMove2
[    16.70 ] D: _pointActive2 false 0
[    16.70 ] D: _automationChanging true
[    16.70 ] D: createSelectedPoints 0 -1
[    16.70 ] D: _currentMouseY 433 48 366 86 QSizeF(5, -3)
[    16.70 ] D: mouseMove2
[    16.70 ] D: _automationChanging true
[    16.70 ] D: _currentMouseY 439 45 366 86 QSizeF(6, -3)
[    16.71 ] D: mouseMove2
[    16.71 ] D: _automationChanging true
[    16.71 ] D: _currentMouseY 439 44 366 86 QSizeF(0, -1)
[    16.71 ] D: mouseMove2
[    16.72 ] D: _automationChanging true
[    16.72 ] D: _pointActive2 false 0
[    16.72 ] D: createSelectedPoints 0 -1
[    16.72 ] D: _currentMouseY 440 44 366 86 QSizeF(1, 0)
[    16.72 ] D: mouseMove2
[    16.72 ] D: _automationChanging true
[    16.72 ] D: _currentMouseY 445 42 366 86 QSizeF(5, -2)
[    16.72 ] D: mouseMove2
[    16.73 ] D: _pointActive2 false 0
[    16.73 ] D: _automationChanging true
[    16.73 ] D: createSelectedPoints 0 -1
[    16.74 ] D: _currentMouseY 447 41 366 86 QSizeF(2, -1)
[    16.74 ] D: mouseMove2
[    16.74 ] D: _automationChanging true
[    16.74 ] D: _currentMouseY 448 41 366 86 QSizeF(1, 0)
[    16.74 ] D: mouseMove2
[    16.75 ] D: _pointActive2 false 0
[    16.75 ] D: createSelectedPoints 0 -1
[    16.75 ] D: _automationChanging true
[    16.75 ] D: _currentMouseY 449 40 366 86 QSizeF(1, -1)
[    16.75 ] D: mouseMove2
[    16.77 ] D: _pointActive2 false 0
[    16.77 ] D: createSelectedPoints 0 -1
[    16.77 ] D: _automationChanging true
[    16.77 ] D: _currentMouseY 449 40 366 86 QSizeF(0, 0)
[    16.77 ] D: mouseMove2
[    16.78 ] D: _pointActive2 false 0
[    16.78 ] D: createSelectedPoints 0 -1
[    16.83 ] D: createSelectedPoints 0 -1
[    21.23 ] D: automationLaneControl "Pan"
[    21.35 ] W: qrc:/TrackPanels/Audio/Automation/AutomationDropMenu.qml:250:5: QML Connections: Implicitly defined onFoo properties in Connections are deprecated. Use this syntax instead: function onFoo(<arguments>) { ... }
[    21.36 ] W: qrc:/TrackPanels/Audio/Automation/AutomationChild.qml:650: ReferenceError: scaleSize2 is not defined
[    21.36 ] W: qrc:/TrackPanels/Audio/Automation/AutomationChild.qml:636: ReferenceError: scaleSize2 is not defined
[    21.36 ] W: qrc:/TrackPanels/Audio/Automation/AutomationChild.qml:625: ReferenceError: scaleSize2 is not defined
[    21.36 ] W: qrc:/TrackPanels/Audio/Automation/AutomationChild.qml:614: ReferenceError: scaleSize2 is not defined
[    21.36 ] W: qrc:/TrackPanels/Audio/Automation/AutomationChild.qml:50: ReferenceError: refSize is not defined
[    21.36 ] W: qrc:/TrackPanels/Audio/Automation/AutomationChild.qml:66: ReferenceError: theme is not defined
[    21.36 ] W: qrc:/TrackPanels/Audio/Automation/AutomationChild.qml:81: ReferenceError: theme is not defined
[    21.36 ] W: qrc:/TrackPanels/Audio/Automation/AutomationChild.qml:65: ReferenceError: topWidth is not defined
[    21.36 ] W: qrc:/TrackPanels/Audio/Automation/AutomationChild.qml:64: ReferenceError: theme is not defined
[    21.36 ] W: qrc:/TrackPanels/Audio/Automation/AutomationChild.qml:108: ReferenceError: scaleSize2 is not defined
[    21.36 ] W: qrc:/TrackPanels/Audio/Automation/AutomationChild.qml:104: ReferenceError: scaleSize2 is not defined
[    21.36 ] W: qrc:/TrackPanels/Audio/Automation/AutomationChild.qml:117: ReferenceError: scaleSize2 is not defined
[    21.36 ] W: qrc:/TrackPanels/Audio/Automation/AutomationChild.qml:136: ReferenceError: theme is not defined
[    21.36 ] W: qrc:/TrackPanels/Audio/Automation/AutomationChild.qml:135: ReferenceError: theme is not defined
[    21.36 ] W: qrc:/TrackPanels/Audio/Automation/AutomationChild.qml:211: ReferenceError: scaleSize2 is not defined
[    21.36 ] W: qrc:/TrackPanels/Audio/Automation/AutomationChild.qml:210: ReferenceError: scaleSize2 is not defined
[    21.36 ] W: qrc:/TrackPanels/Audio/Automation/AutomationChild.qml:209: ReferenceError: scaleSize2 is not defined
[    21.36 ] W: qrc:/TrackPanels/Audio/Automation/AutomationChild.qml:223: ReferenceError: topRadius is not defined
[    21.36 ] W: qrc:/TrackPanels/Audio/Automation/AutomationChild.qml:245: ReferenceError: theme is not defined
[    21.36 ] W: qrc:/TrackPanels/Audio/Automation/AutomationChild.qml:244: ReferenceError: theme is not defined
[    21.36 ] W: qrc:/TrackPanels/Audio/Automation/AutomationChild.qml:269: ReferenceError: theme is not defined
[    21.36 ] W: qrc:/TrackPanels/Audio/Automation/AutomationChild.qml:268: ReferenceError: theme is not defined
[    21.36 ] W: qrc:/TrackPanels/Audio/Automation/AutomationChild.qml:293: ReferenceError: theme is not defined
[    21.36 ] W: qrc:/TrackPanels/Audio/Automation/AutomationChild.qml:292: ReferenceError: theme is not defined
[    21.36 ] W: qrc:/TrackPanels/Audio/Automation/AutomationChild.qml:373: ReferenceError: scaleSize2 is not defined
[    21.36 ] W: qrc:/TrackPanels/Audio/Automation/AutomationChild.qml:372: ReferenceError: scaleSize2 is not defined
[    21.36 ] W: qrc:/TrackPanels/Audio/Automation/AutomationChild.qml:371: ReferenceError: scaleSize2 is not defined
[    21.36 ] W: qrc:/TrackPanels/Audio/Automation/AutomationChild.qml:393: ReferenceError: theme is not defined
[    21.36 ] W: qrc:/TrackPanels/Audio/Automation/AutomationChild.qml:392: ReferenceError: theme is not defined
[    21.36 ] W: qrc:/TrackPanels/Audio/Automation/AutomationChild.qml:426: ReferenceError: theme is not defined
[    21.36 ] W: qrc:/TrackPanels/Audio/Automation/AutomationChild.qml:425: ReferenceError: theme is not defined
[    21.36 ] W: qrc:/TrackPanels/Audio/Automation/AutomationChild.qml:459: ReferenceError: theme is not defined
[    21.36 ] W: qrc:/TrackPanels/Audio/Automation/AutomationChild.qml:458: ReferenceError: theme is not defined
[    21.36 ] W: qrc:/TrackPanels/Audio/Automation/AutomationChild.qml:496: ReferenceError: scaleSize2 is not defined
[    21.36 ] W: qrc:/TrackPanels/Audio/Automation/AutomationChild.qml:39: ReferenceError: scaleSize2 is not defined
[    21.36 ] D: ADDED 0 "Pan" 3
[    21.36 ] D: setSubTrackIndex 0
[    21.36 ] W: qrc:/TrackPanels/Audio/TrackAudio.qml:143: ReferenceError: scaleSize2 is not defined
[    21.36 ] W: qrc:/TrackPanels/Audio/Seperator.qml:6: ReferenceError: scaleSize2 is not defined
[    21.36 ] W: qrc:/TrackPanels/Audio/Automation/Automation.qml:0: ReferenceError: theme is not defined
[    21.36 ] W: qrc:/TrackPanels/Audio/TrackAudio.qml:143: ReferenceError: scaleSize2 is not defined
[    21.37 ] D: _tracksModel->getItem(i)->rect( QRect(0,0 1707x111)
[    21.37 ] D: _tracksModel->getItem(i)->rect( QRect(0,195 1707x111)
[    21.37 ] D: _tracksModel->getItem(i)->rect( QRect(0,306 1707x111)
[    21.37 ] D: _tracksModel->getItem(i)->rect( QRect(0,417 1707x111)
[    21.37 ] D: setTracksRect
[    21.37 ] W: qrc:/TrackPanels/Audio/Automation/AutomationChild.qml:636: ReferenceError: scaleSize2 is not defined
[    23.88 ] W: qrc:/TrackPanels/Audio/AutomationListView.qml:35: ReferenceError: cursorPosition is not defined
[    24.58 ] W: qrc:/TrackPanels/Audio/AutomationListView.qml:35: ReferenceError: cursorPosition is not defined
[    25.39 ] W: qrc:/TrackPanels/Audio/AutomationListView.qml:35: ReferenceError: cursorPosition is not defined
[    25.93 ] D: findTrackIndexByPoint 0 QRect(0,0 1707x195) true QPointF(333,77)
[    25.95 ] D: createSelectedPoints 0 0
[    26.09 ] D: _automationChanging false
[    26.09 ] D: findTrackIndexByPoint 0 QRect(0,0 1707x195) true QPointF(334,76)
[    26.09 ] D: mouseMove2
[    26.09 ] D: _automationChanging false
[    26.09 ] D: findTrackIndexByPoint 0 QRect(0,0 1707x195) true QPointF(335,76)
[    26.09 ] D: mouseMove2
[    26.10 ] D: _automationChanging false
[    26.10 ] D: findTrackIndexByPoint 0 QRect(0,0 1707x195) true QPointF(336,74)
[    26.10 ] D: mouseMove2
[    26.10 ] D: _automationChanging false
[    26.10 ] D: findTrackIndexByPoint 0 QRect(0,0 1707x195) true QPointF(337,73)
[    26.10 ] D: mouseMove2
[    26.10 ] D: _automationChanging false
[    26.10 ] D: findTrackIndexByPoint 0 QRect(0,0 1707x195) true QPointF(338,72)
[    26.10 ] D: mouseMove2
[    26.10 ] D: _automationChanging false
[    26.10 ] D: findTrackIndexByPoint 0 QRect(0,0 1707x195) true QPointF(339,71)
[    26.10 ] D: mouseMove2
[    26.11 ] D: _automationChanging false
[    26.11 ] D: findTrackIndexByPoint 0 QRect(0,0 1707x195) true QPointF(341,71)
[    26.11 ] D: mouseMove2
[    26.12 ] D: _automationChanging false
[    26.12 ] D: findTrackIndexByPoint 0 QRect(0,0 1707x195) true QPointF(348,64)
[    26.12 ] D: mouseMove2
[    26.12 ] D: _automationChanging false
[    26.12 ] D: findTrackIndexByPoint 0 QRect(0,0 1707x195) true QPointF(350,63)
[    26.12 ] D: mouseMove2
[    26.12 ] D: _automationChanging false
[    26.12 ] D: findTrackIndexByPoint 0 QRect(0,0 1707x195) true QPointF(351,62)
[    26.12 ] D: mouseMove2
[    26.13 ] D: createSelectedPoints 0 0
[    26.13 ] D: _automationChanging false
[    26.13 ] D: findTrackIndexByPoint 0 QRect(0,0 1707x195) true QPointF(362,56)
[    26.13 ] D: mouseMove2
[    26.14 ] D: _automationChanging false
[    26.14 ] D: findTrackIndexByPoint 0 QRect(0,0 1707x195) true QPointF(363,55)
[    26.14 ] D: mouseMove2
[    26.14 ] D: _automationChanging false
[    26.14 ] D: findTrackIndexByPoint 0 QRect(0,0 1707x195) true QPointF(365,54)
[    26.14 ] D: mouseMove2
[    26.14 ] D: _automationChanging false
[    26.14 ] D: findTrackIndexByPoint 0 QRect(0,0 1707x195) true QPointF(367,53)
[    26.14 ] D: mouseMove2
[    26.15 ] D: _automationChanging false
[    26.15 ] D: findTrackIndexByPoint 0 QRect(0,0 1707x195) true QPointF(375,48)
[    26.15 ] D: mouseMove2
[    26.15 ] D: _automationChanging false
[    26.15 ] D: findTrackIndexByPoint 0 QRect(0,0 1707x195) true QPointF(376,47)
[    26.15 ] D: mouseMove2
[    26.15 ] D: _automationChanging false
[    26.15 ] D: findTrackIndexByPoint 0 QRect(0,0 1707x195) true QPointF(378,47)
[    26.15 ] D: mouseMove2
[    26.16 ] D: _automationChanging false
[    26.16 ] D: findTrackIndexByPoint 0 QRect(0,0 1707x195) true QPointF(380,46)
[    26.16 ] D: mouseMove2
[    26.17 ] D: createSelectedPoints 0 0
[    26.17 ] D: _automationChanging false
[    26.17 ] D: findTrackIndexByPoint 0 QRect(0,0 1707x195) true QPointF(389,42)
[    26.17 ] D: mouseMove2
[    26.17 ] D: _automationChanging false
[    26.17 ] D: findTrackIndexByPoint 0 QRect(0,0 1707x195) true QPointF(391,42)
[    26.17 ] D: mouseMove2
[    26.17 ] D: _automationChanging false
[    26.17 ] D: findTrackIndexByPoint 0 QRect(0,0 1707x195) true QPointF(392,41)
[    26.17 ] D: mouseMove2
[    26.17 ] D: _automationChanging false
[    26.17 ] D: findTrackIndexByPoint 0 QRect(0,0 1707x195) true QPointF(394,41)
[    26.17 ] D: mouseMove2
[    26.18 ] D: createSelectedPoints 0 0
[    26.18 ] D: _automationChanging false
[    26.18 ] D: findTrackIndexByPoint 0 QRect(0,0 1707x195) true QPointF(399,40)
[    26.18 ] D: mouseMove2
[    26.18 ] D: _automationChanging false
[    26.18 ] D: findTrackIndexByPoint 0 QRect(0,0 1707x195) true QPointF(400,39)
[    26.18 ] D: mouseMove2
[    26.19 ] D: _automationChanging false
[    26.19 ] D: findTrackIndexByPoint 0 QRect(0,0 1707x195) true QPointF(401,39)
[    26.19 ] D: mouseMove2
[    26.20 ] D: _automationChanging false
[    26.20 ] D: findTrackIndexByPoint 0 QRect(0,0 1707x195) true QPointF(404,38)
[    26.20 ] D: mouseMove2
[    26.20 ] D: _automationChanging false
[    26.20 ] D: findTrackIndexByPoint 0 QRect(0,0 1707x195) true QPointF(405,37)
[    26.20 ] D: mouseMove2
[    26.22 ] D: _automationChanging false
[    26.22 ] D: createSelectedPoints 0 0
[    26.22 ] D: findTrackIndexByPoint 0 QRect(0,0 1707x195) true QPointF(407,37)
[    26.22 ] D: mouseMove2
[    26.25 ] D: _automationChanging false
[    26.25 ] D: findTrackIndexByPoint 0 QRect(0,0 1707x195) true QPointF(408,37)
[    26.25 ] D: mouseMove2
[    26.28 ] D: _automationChanging false
[    26.28 ] D: findTrackIndexByPoint 0 QRect(0,0 1707x195) true QPointF(409,37)
[    26.28 ] D: mouseMove2
[    26.30 ] D: _automationChanging false
[    26.30 ] D: findTrackIndexByPoint 0 QRect(0,0 1707x195) true QPointF(410,37)
[    26.30 ] D: mouseMove2
[    26.30 ] D: _automationChanging false
[    26.30 ] D: findTrackIndexByPoint 0 QRect(0,0 1707x195) true QPointF(411,37)
[    26.30 ] D: mouseMove2
[    26.32 ] D: _automationChanging false
[    26.32 ] D: findTrackIndexByPoint 0 QRect(0,0 1707x195) true QPointF(413,36)
[    26.32 ] D: mouseMove2
[    26.32 ] D: _automationChanging false
[    26.32 ] D: findTrackIndexByPoint 0 QRect(0,0 1707x195) true QPointF(414,36)
[    26.32 ] D: mouseMove2
[    26.32 ] D: _automationChanging false
[    26.32 ] D: findTrackIndexByPoint 0 QRect(0,0 1707x195) true QPointF(415,36)
[    26.32 ] D: mouseMove2
[    26.33 ] D: _automationChanging false
[    26.33 ] D: findTrackIndexByPoint 0 QRect(0,0 1707x195) true QPointF(420,36)
[    26.33 ] D: mouseMove2
[    26.34 ] D: _automationChanging false
[    26.34 ] D: findTrackIndexByPoint 0 QRect(0,0 1707x195) true QPointF(421,36)
[    26.34 ] D: mouseMove2
[    26.34 ] D: _automationChanging false
[    26.34 ] D: findTrackIndexByPoint 0 QRect(0,0 1707x195) true QPointF(422,36)
[    26.34 ] D: mouseMove2
[    26.35 ] D: _automationChanging false
[    26.35 ] D: findTrackIndexByPoint 0 QRect(0,0 1707x195) true QPointF(430,36)
[    26.35 ] D: mouseMove2
[    26.35 ] D: _automationChanging false
[    26.35 ] D: findTrackIndexByPoint 0 QRect(0,0 1707x195) true QPointF(431,36)
[    26.35 ] D: mouseMove2
[    26.35 ] D: _automationChanging false
[    26.35 ] D: findTrackIndexByPoint 0 QRect(0,0 1707x195) true QPointF(432,36)
[    26.35 ] D: mouseMove2
[    26.36 ] D: _automationChanging false
[    26.36 ] D: findTrackIndexByPoint 0 QRect(0,0 1707x195) true QPointF(434,36)
[    26.36 ] D: mouseMove2
[    26.37 ] D: createSelectedPoints 0 0
[    26.37 ] D: _automationChanging false
[    26.37 ] D: findTrackIndexByPoint 0 QRect(0,0 1707x195) true QPointF(443,38)
[    26.37 ] D: mouseMove2
[    26.37 ] D: _automationChanging false
[    26.37 ] D: findTrackIndexByPoint 0 QRect(0,0 1707x195) true QPointF(446,38)
[    26.37 ] D: mouseMove2
[    26.37 ] D: _automationChanging false
[    26.37 ] D: findTrackIndexByPoint 0 QRect(0,0 1707x195) true QPointF(447,38)
[    26.37 ] D: mouseMove2
[    26.38 ] D: createSelectedPoints 0 0
[    26.38 ] D: _automationChanging false
[    26.38 ] D: findTrackIndexByPoint 0 QRect(0,0 1707x195) true QPointF(461,39)
[    26.38 ] D: mouseMove2
[    26.39 ] D: _automationChanging false
[    26.39 ] D: findTrackIndexByPoint 0 QRect(0,0 1707x195) true QPointF(463,39)
[    26.39 ] D: mouseMove2
[    26.39 ] D: _automationChanging false
[    26.39 ] D: findTrackIndexByPoint 0 QRect(0,0 1707x195) true QPointF(465,40)
[    26.39 ] D: mouseMove2
[    26.39 ] D: _automationChanging false
[    26.39 ] D: findTrackIndexByPoint 0 QRect(0,0 1707x195) true QPointF(468,40)
[    26.39 ] D: mouseMove2
[    26.40 ] D: createSelectedPoints 0 0
[    26.40 ] D: _automationChanging false
[    26.40 ] D: findTrackIndexByPoint 0 QRect(0,0 1707x195) true QPointF(479,42)
[    26.40 ] D: mouseMove2
[    26.40 ] D: _automationChanging false
[    26.40 ] D: findTrackIndexByPoint 0 QRect(0,0 1707x195) true QPointF(481,42)
[    26.40 ] D: mouseMove2
[    26.40 ] D: _automationChanging false
[    26.40 ] D: findTrackIndexByPoint 0 QRect(0,0 1707x195) true QPointF(484,42)
[    26.40 ] D: mouseMove2
[    26.41 ] D: _automationChanging false
[    26.41 ] D: findTrackIndexByPoint 0 QRect(0,0 1707x195) true QPointF(485,43)
[    26.41 ] D: mouseMove2
[    26.42 ] D: createSelectedPoints 0 0
[    26.42 ] D: _automationChanging false
[    26.42 ] D: findTrackIndexByPoint 0 QRect(0,0 1707x195) true QPointF(499,44)
[    26.42 ] D: mouseMove2
[    26.42 ] D: _automationChanging false
[    26.42 ] D: findTrackIndexByPoint 0 QRect(0,0 1707x195) true QPointF(501,44)
[    26.42 ] D: mouseMove2
[    26.42 ] D: _automationChanging false
[    26.42 ] D: findTrackIndexByPoint 0 QRect(0,0 1707x195) true QPointF(504,44)
[    26.42 ] D: mouseMove2
[    26.42 ] D: _automationChanging false
[    26.42 ] D: findTrackIndexByPoint 0 QRect(0,0 1707x195) true QPointF(506,44)
[    26.42 ] D: mouseMove2
[    26.43 ] D: _automationChanging false
[    26.43 ] D: createSelectedPoints 0 0
[    26.43 ] D: findTrackIndexByPoint 0 QRect(0,0 1707x195) true QPointF(518,46)
[    26.43 ] D: mouseMove2
[    26.43 ] D: _automationChanging false
[    26.43 ] D: findTrackIndexByPoint 0 QRect(0,0 1707x195) true QPointF(521,46)
[    26.43 ] D: mouseMove2
[    26.44 ] D: _automationChanging false
[    26.44 ] D: findTrackIndexByPoint 0 QRect(0,0 1707x195) true QPointF(524,46)
[    26.44 ] D: mouseMove2
[    26.44 ] D: _automationChanging false
[    26.44 ] D: findTrackIndexByPoint 0 QRect(0,0 1707x195) true QPointF(525,46)
[    26.44 ] D: mouseMove2
[    26.45 ] D: createSelectedPoints 0 0
[    26.45 ] D: _automationChanging false
[    26.45 ] D: findTrackIndexByPoint 0 QRect(0,0 1707x195) true QPointF(540,48)
[    26.45 ] D: mouseMove2
[    26.45 ] D: _automationChanging false
[    26.45 ] D: findTrackIndexByPoint 0 QRect(0,0 1707x195) true QPointF(542,48)
[    26.45 ] D: mouseMove2
[    26.45 ] D: _automationChanging false
[    26.45 ] D: findTrackIndexByPoint 0 QRect(0,0 1707x195) true QPointF(545,48)
[    26.45 ] D: mouseMove2
[    26.47 ] D: _automationChanging false
[    26.47 ] D: createSelectedPoints 0 0
[    26.47 ] D: findTrackIndexByPoint 0 QRect(0,0 1707x195) true QPointF(557,49)
[    26.47 ] D: mouseMove2
[    26.47 ] D: _automationChanging false
[    26.47 ] D: findTrackIndexByPoint 0 QRect(0,0 1707x195) true QPointF(560,50)
[    26.47 ] D: mouseMove2
[    26.47 ] D: _automationChanging false
[    26.47 ] D: findTrackIndexByPoint 0 QRect(0,0 1707x195) true QPointF(561,50)
[    26.47 ] D: mouseMove2
[    26.47 ] D: _automationChanging false
[    26.47 ] D: findTrackIndexByPoint 0 QRect(0,0 1707x195) true QPointF(564,50)
[    26.47 ] D: mouseMove2
[    26.48 ] D: createSelectedPoints 0 0
[    26.48 ] D: _automationChanging false
[    26.48 ] D: findTrackIndexByPoint 0 QRect(0,0 1707x195) true QPointF(575,50)
[    26.48 ] D: mouseMove2
[    26.49 ] D: _automationChanging false
[    26.49 ] D: findTrackIndexByPoint 0 QRect(0,0 1707x195) true QPointF(577,50)
[    26.49 ] D: mouseMove2
[    26.49 ] D: _automationChanging false
[    26.49 ] D: findTrackIndexByPoint 0 QRect(0,0 1707x195) true QPointF(580,50)
[    26.49 ] D: mouseMove2
[    26.49 ] D: _automationChanging false
[    26.49 ] D: findTrackIndexByPoint 0 QRect(0,0 1707x195) true QPointF(582,50)
[    26.49 ] D: mouseMove2
[    26.50 ] D: createSelectedPoints 0 0
[    26.50 ] D: _automationChanging false
[    26.50 ] D: findTrackIndexByPoint 0 QRect(0,0 1707x195) true QPointF(596,50)
[    26.50 ] D: mouseMove2
[    26.50 ] D: _automationChanging false
[    26.50 ] D: findTrackIndexByPoint 0 QRect(0,0 1707x195) true QPointF(597,50)
[    26.50 ] D: mouseMove2
[    26.50 ] D: _automationChanging false
[    26.50 ] D: findTrackIndexByPoint 0 QRect(0,0 1707x195) true QPointF(600,50)
[    26.50 ] D: mouseMove2
[    26.52 ] D: createSelectedPoints 0 0
[    26.52 ] D: _automationChanging false
[    26.52 ] D: findTrackIndexByPoint 0 QRect(0,0 1707x195) true QPointF(612,50)
[    26.52 ] D: mouseMove2
[    26.52 ] D: _automationChanging false
[    26.52 ] D: findTrackIndexByPoint 0 QRect(0,0 1707x195) true QPointF(614,50)
[    26.52 ] D: mouseMove2
[    26.52 ] D: _automationChanging false
[    26.52 ] D: findTrackIndexByPoint 0 QRect(0,0 1707x195) true QPointF(616,50)
[    26.52 ] D: mouseMove2
[    26.52 ] D: _automationChanging false
[    26.52 ] D: findTrackIndexByPoint 0 QRect(0,0 1707x195) true QPointF(619,50)
[    26.52 ] D: mouseMove2
[    26.53 ] D: createSelectedPoints 0 0
[    26.53 ] D: _automationChanging false
[    26.53 ] D: findTrackIndexByPoint 0 QRect(0,0 1707x195) true QPointF(630,50)
[    26.53 ] D: mouseMove2
[    26.53 ] D: _automationChanging false
[    26.53 ] D: findTrackIndexByPoint 0 QRect(0,0 1707x195) true QPointF(632,50)
[    26.53 ] D: mouseMove2
[    26.54 ] D: _automationChanging false
[    26.54 ] D: findTrackIndexByPoint 0 QRect(0,0 1707x195) true QPointF(636,50)
[    26.54 ] D: mouseMove2
[    26.54 ] D: _automationChanging false
[    26.54 ] D: findTrackIndexByPoint 0 QRect(0,0 1707x195) true QPointF(638,50)
[    26.54 ] D: mouseMove2
[    26.55 ] D: createSelectedPoints 0 0
[    26.55 ] D: _automationChanging false
[    26.55 ] D: findTrackIndexByPoint 0 QRect(0,0 1707x195) true QPointF(653,51)
[    26.55 ] D: mouseMove2
[    26.55 ] D: _automationChanging false
[    26.55 ] D: findTrackIndexByPoint 0 QRect(0,0 1707x195) true QPointF(657,52)
[    26.55 ] D: mouseMove2
[    26.55 ] D: _automationChanging false
[    26.55 ] D: findTrackIndexByPoint 0 QRect(0,0 1707x195) true QPointF(660,52)
[    26.55 ] D: mouseMove2
[    26.56 ] D: _automationChanging false
[    26.56 ] D: findTrackIndexByPoint 0 QRect(0,0 1707x195) true QPointF(664,52)
[    26.56 ] D: mouseMove2
[    26.56 ] D: _automationChanging false
[    26.56 ] D: findTrackIndexByPoint 0 QRect(0,0 1707x195) true QPointF(668,52)
[    26.56 ] D: mouseMove2
[    26.57 ] D: createSelectedPoints 0 0
[    26.57 ] D: _automationChanging false
[    26.57 ] D: findTrackIndexByPoint 0 QRect(0,0 1707x195) true QPointF(687,52)
[    26.57 ] D: mouseMove2
[    26.57 ] D: _automationChanging false
[    26.57 ] D: findTrackIndexByPoint 0 QRect(0,0 1707x195) true QPointF(692,52)
[    26.57 ] D: mouseMove2
[    26.57 ] D: _automationChanging false
[    26.57 ] D: findTrackIndexByPoint 0 QRect(0,0 1707x195) true QPointF(695,52)
[    26.57 ] D: mouseMove2
[    26.57 ] D: _automationChanging false
[    26.57 ] D: findTrackIndexByPoint 0 QRect(0,0 1707x195) true QPointF(699,52)
[    26.57 ] D: mouseMove2
[    26.58 ] D: createSelectedPoints 0 0
[    26.58 ] D: _automationChanging false
[    26.58 ] D: findTrackIndexByPoint 0 QRect(0,0 1707x195) true QPointF(717,52)
[    26.58 ] D: mouseMove2
[    26.58 ] D: _automationChanging false
[    26.58 ] D: findTrackIndexByPoint 0 QRect(0,0 1707x195) true QPointF(720,52)
[    26.58 ] D: mouseMove2
[    26.59 ] D: _automationChanging false
[    26.59 ] D: findTrackIndexByPoint 0 QRect(0,0 1707x195) true QPointF(723,52)
[    26.59 ] D: mouseMove2
[    26.59 ] D: _automationChanging false
[    26.59 ] D: findTrackIndexByPoint 0 QRect(0,0 1707x195) true QPointF(726,52)
[    26.59 ] D: mouseMove2
[    26.60 ] D: createSelectedPoints 0 0
[    26.60 ] D: _automationChanging false
[    26.60 ] D: findTrackIndexByPoint 0 QRect(0,0 1707x195) true QPointF(742,52)
[    26.60 ] D: mouseMove2
[    26.60 ] D: _automationChanging false
[    26.60 ] D: findTrackIndexByPoint 0 QRect(0,0 1707x195) true QPointF(745,52)
[    26.60 ] D: mouseMove2
[    26.60 ] D: _automationChanging false
[    26.60 ] D: findTrackIndexByPoint 0 QRect(0,0 1707x195) true QPointF(747,52)
[    26.60 ] D: mouseMove2
[    26.61 ] D: _automationChanging false
[    26.61 ] D: findTrackIndexByPoint 0 QRect(0,0 1707x195) true QPointF(750,52)
[    26.61 ] D: mouseMove2
[    26.62 ] D: createSelectedPoints 0 0
[    26.62 ] D: _automationChanging false
[    26.62 ] D: findTrackIndexByPoint 0 QRect(0,0 1707x195) true QPointF(759,52)
[    26.62 ] D: mouseMove2
[    26.62 ] D: _automationChanging false
[    26.62 ] D: findTrackIndexByPoint 0 QRect(0,0 1707x195) true QPointF(761,52)
[    26.62 ] D: mouseMove2
[    26.62 ] D: _automationChanging false
[    26.62 ] D: findTrackIndexByPoint 0 QRect(0,0 1707x195) true QPointF(763,53)
[    26.62 ] D: mouseMove2
[    26.63 ] D: _automationChanging false
[    26.63 ] D: findTrackIndexByPoint 0 QRect(0,0 1707x195) true QPointF(771,53)
[    26.63 ] D: mouseMove2
[    26.64 ] D: _automationChanging false
[    26.64 ] D: findTrackIndexByPoint 0 QRect(0,0 1707x195) true QPointF(773,54)
[    26.64 ] D: mouseMove2
[    26.64 ] D: _automationChanging false
[    26.64 ] D: findTrackIndexByPoint 0 QRect(0,0 1707x195) true QPointF(775,54)
[    26.64 ] D: mouseMove2
[    26.65 ] D: createSelectedPoints 0 0
[    26.65 ] D: _automationChanging false
[    26.65 ] D: findTrackIndexByPoint 0 QRect(0,0 1707x195) true QPointF(780,54)
[    26.65 ] D: mouseMove2
[    26.65 ] D: _automationChanging false
[    26.65 ] D: findTrackIndexByPoint 0 QRect(0,0 1707x195) true QPointF(782,55)
[    26.65 ] D: mouseMove2
[    26.66 ] D: _automationChanging false
[    26.66 ] D: findTrackIndexByPoint 0 QRect(0,0 1707x195) true QPointF(783,55)
[    26.66 ] D: mouseMove2
[    26.67 ] D: _automationChanging false
[    26.67 ] D: createSelectedPoints 0 0
[    26.67 ] D: findTrackIndexByPoint 0 QRect(0,0 1707x195) true QPointF(787,55)
[    26.67 ] D: mouseMove2
[    26.67 ] D: _automationChanging false
[    26.67 ] D: findTrackIndexByPoint 0 QRect(0,0 1707x195) true QPointF(788,55)
[    26.67 ] D: mouseMove2
[    26.67 ] D: _automationChanging false
[    26.67 ] D: findTrackIndexByPoint 0 QRect(0,0 1707x195) true QPointF(789,55)
[    26.67 ] D: mouseMove2
[    26.68 ] D: _automationChanging false
[    26.68 ] D: findTrackIndexByPoint 0 QRect(0,0 1707x195) true QPointF(790,55)
[    26.68 ] D: mouseMove2
[    26.68 ] D: _automationChanging false
[    26.68 ] D: findTrackIndexByPoint 0 QRect(0,0 1707x195) true QPointF(793,55)
[    26.68 ] D: mouseMove2
[    26.68 ] D: _automationChanging false
[    26.68 ] D: findTrackIndexByPoint 0 QRect(0,0 1707x195) true QPointF(794,55)
[    26.68 ] D: mouseMove2
[    26.70 ] D: _automationChanging false
[    26.70 ] D: findTrackIndexByPoint 0 QRect(0,0 1707x195) true QPointF(796,55)
[    26.70 ] D: mouseMove2
[    26.71 ] D: _automationChanging false
[    26.71 ] D: findTrackIndexByPoint 0 QRect(0,0 1707x195) true QPointF(797,55)
[    26.71 ] D: mouseMove2
[    26.72 ] D: _automationChanging false
[    26.72 ] D: findTrackIndexByPoint 0 QRect(0,0 1707x195) true QPointF(798,55)
[    26.72 ] D: mouseMove2
[    26.72 ] D: _automationChanging false
[    26.72 ] D: findTrackIndexByPoint 0 QRect(0,0 1707x195) true QPointF(799,55)
[    26.72 ] D: mouseMove2
[    26.73 ] D: _automationChanging false
[    26.73 ] D: findTrackIndexByPoint 0 QRect(0,0 1707x195) true QPointF(802,55)
[    26.73 ] D: mouseMove2
[    26.74 ] D: _automationChanging false
[    26.74 ] D: findTrackIndexByPoint 0 QRect(0,0 1707x195) true QPointF(803,55)
[    26.74 ] D: mouseMove2
[    26.74 ] D: _automationChanging false
[    26.74 ] D: findTrackIndexByPoint 0 QRect(0,0 1707x195) true QPointF(804,55)
[    26.74 ] D: mouseMove2
[    26.74 ] D: _automationChanging false
[    26.74 ] D: findTrackIndexByPoint 0 QRect(0,0 1707x195) true QPointF(805,55)
[    26.74 ] D: mouseMove2
[    26.75 ] D: createSelectedPoints 0 0
[    26.75 ] D: _automationChanging false
[    26.75 ] D: findTrackIndexByPoint 0 QRect(0,0 1707x195) true QPointF(809,55)
[    26.75 ] D: mouseMove2
[    26.75 ] D: _automationChanging false
[    26.75 ] D: findTrackIndexByPoint 0 QRect(0,0 1707x195) true QPointF(810,55)
[    26.75 ] D: mouseMove2
[    26.75 ] D: _automationChanging false
[    26.75 ] D: findTrackIndexByPoint 0 QRect(0,0 1707x195) true QPointF(811,55)
[    26.75 ] D: mouseMove2
[    26.76 ] D: _automationChanging false
[    26.76 ] D: findTrackIndexByPoint 0 QRect(0,0 1707x195) true QPointF(812,55)
[    26.76 ] D: mouseMove2
[    26.77 ] D: _automationChanging false
[    26.77 ] D: findTrackIndexByPoint 0 QRect(0,0 1707x195) true QPointF(815,55)
[    26.77 ] D: mouseMove2
[    26.77 ] D: _automationChanging false
[    26.77 ] D: findTrackIndexByPoint 0 QRect(0,0 1707x195) true QPointF(816,55)
[    26.77 ] D: mouseMove2
[    26.77 ] D: _automationChanging false
[    26.77 ] D: findTrackIndexByPoint 0 QRect(0,0 1707x195) true QPointF(817,55)
[    26.77 ] D: mouseMove2
[    26.78 ] D: _automationChanging false
[    26.78 ] D: findTrackIndexByPoint 0 QRect(0,0 1707x195) true QPointF(820,55)
[    26.78 ] D: mouseMove2
[    26.79 ] D: _automationChanging false
[    26.79 ] D: findTrackIndexByPoint 0 QRect(0,0 1707x195) true QPointF(821,55)
[    26.79 ] D: mouseMove2
[    26.80 ] D: createSelectedPoints 0 0
[    26.80 ] D: _automationChanging false
[    26.80 ] D: findTrackIndexByPoint 0 QRect(0,0 1707x195) true QPointF(823,55)
[    26.80 ] D: mouseMove2
[    27.06 ] D: findTrackIndexByPoint 0 QRect(0,0 1707x195) true QPointF(823,55)
[    27.65 ] D: findTrackIndexByPoint 0 QRect(0,0 1707x195) true QPointF(746,17)
[    27.66 ] D: _automationChanging false
[    27.66 ] D: findTrackIndexByPoint 0 QRect(0,0 1707x195) true QPointF(746,16)
[    27.66 ] D: mouseMove2
[    27.67 ] D: _automationChanging false
[    27.67 ] D: findTrackIndexByPoint 0 QRect(0,0 1707x195) true QPointF(747,16)
[    27.67 ] D: mouseMove2
[    27.67 ] D: createSelectedPoints 0 0
[    27.67 ] D: inSelectedLineRETURN2
[    27.68 ] D: inSelectedLineRETURN2
[    27.73 ] D: inSelectedLineRETURN2
[    27.83 ] D: inSelectedLineRETURN2
[    27.85 ] D: inSelectedLineRETURN2
[    27.87 ] D: inSelectedLineRETURN2
[    27.88 ] D: inSelectedLineRETURN2
[    27.90 ] D: inSelectedLineRETURN2
[    27.92 ] D: inSelectedLineRETURN2
[    27.93 ] D: inSelectedLineRETURN2
[    28.04 ] D: findTrackIndexByPoint 0 QRect(0,0 1707x195) true QPointF(759,12)
[    28.05 ] D: createSelectedPoints 0 0
[    28.08 ] D: _automationChanging false
[    28.08 ] D: findTrackIndexByPoint 0 QRect(0,0 1707x195) true QPointF(758,12)
[    28.08 ] D: mouseMove2
[    28.08 ] D: _automationChanging false
[    28.08 ] D: findTrackIndexByPoint 0 QRect(0,0 1707x195) true QPointF(757,12)
[    28.08 ] D: mouseMove2
[    28.08 ] D: _automationChanging false
[    28.08 ] D: findTrackIndexByPoint 0 QRect(0,0 1707x195) true QPointF(755,12)
[    28.08 ] D: mouseMove2
[    28.08 ] D: _automationChanging false
[    28.08 ] D: findTrackIndexByPoint 0 QRect(0,0 1707x195) true QPointF(754,12)
[    28.08 ] D: mouseMove2
[    28.09 ] D: _automationChanging false
[    28.09 ] D: findTrackIndexByPoint 0 QRect(0,0 1707x195) true QPointF(753,12)
[    28.09 ] D: mouseMove2
[    28.09 ] D: _automationChanging false
[    28.09 ] D: findTrackIndexByPoint 0 QRect(0,0 1707x195) true QPointF(752,13)
[    28.09 ] D: mouseMove2
[    28.10 ] D: _automationChanging false
[    28.10 ] D: findTrackIndexByPoint 0 QRect(0,0 1707x195) true QPointF(740,15)
[    28.10 ] D: mouseMove2
[    28.10 ] D: _automationChanging false
[    28.10 ] D: findTrackIndexByPoint 0 QRect(0,0 1707x195) true QPointF(738,16)
[    28.10 ] D: mouseMove2
[    28.10 ] D: _automationChanging false
[    28.10 ] D: findTrackIndexByPoint 0 QRect(0,0 1707x195) true QPointF(735,17)
[    28.10 ] D: mouseMove2
[    28.11 ] D: _automationChanging false
[    28.11 ] D: findTrackIndexByPoint 0 QRect(0,0 1707x195) true QPointF(732,18)
[    28.11 ] D: mouseMove2
[    28.12 ] D: createSelectedPoints 0 0
[    28.12 ] D: _automationChanging false
[    28.12 ] D: findTrackIndexByPoint 0 QRect(0,0 1707x195) true QPointF(717,20)
[    28.12 ] D: mouseMove2
[    28.12 ] D: inSelectedLineRETURN2
[    28.12 ] D: _automationChanging false
[    28.12 ] D: findTrackIndexByPoint 0 QRect(0,0 1707x195) true QPointF(714,21)
[    28.12 ] D: mouseMove2
[    28.12 ] D: _automationChanging false
[    28.12 ] D: findTrackIndexByPoint 0 QRect(0,0 1707x195) true QPointF(709,21)
[    28.12 ] D: mouseMove2
[    28.12 ] D: _automationChanging false
[    28.12 ] D: findTrackIndexByPoint 0 QRect(0,0 1707x195) true QPointF(705,22)
[    28.12 ] D: mouseMove2
[    28.13 ] D: createSelectedPoints 0 0
[    28.13 ] D: _automationChanging false
[    28.13 ] D: findTrackIndexByPoint 0 QRect(0,0 1707x195) true QPointF(684,24)
[    28.13 ] D: mouseMove2
[    28.14 ] D: inSelectedLineRETURN2
[    28.14 ] D: _automationChanging false
[    28.14 ] D: findTrackIndexByPoint 0 QRect(0,0 1707x195) true QPointF(681,24)
[    28.14 ] D: mouseMove2
[    28.14 ] D: _automationChanging false
[    28.14 ] D: findTrackIndexByPoint 0 QRect(0,0 1707x195) true QPointF(675,24)
[    28.14 ] D: mouseMove2
[    28.14 ] D: _automationChanging false
[    28.14 ] D: findTrackIndexByPoint 0 QRect(0,0 1707x195) true QPointF(670,24)
[    28.14 ] D: mouseMove2
[    28.15 ] D: createSelectedPoints 0 0
[    28.15 ] D: _automationChanging false
[    28.15 ] D: inSelectedLineRETURN2
[    28.15 ] D: findTrackIndexByPoint 0 QRect(0,0 1707x195) true QPointF(637,25)
[    28.15 ] D: mouseMove2
[    28.15 ] D: _automationChanging false
[    28.15 ] D: findTrackIndexByPoint 0 QRect(0,0 1707x195) true QPointF(629,25)
[    28.15 ] D: mouseMove2
[    28.16 ] D: _automationChanging false
[    28.16 ] D: findTrackIndexByPoint 0 QRect(0,0 1707x195) true QPointF(622,25)
[    28.16 ] D: mouseMove2
[    28.16 ] D: _automationChanging false
[    28.16 ] D: findTrackIndexByPoint 0 QRect(0,0 1707x195) true QPointF(616,25)
[    28.16 ] D: mouseMove2
[    28.17 ] D: createSelectedPoints 0 0
[    28.17 ] D: _automationChanging false
[    28.17 ] D: findTrackIndexByPoint 0 QRect(0,0 1707x195) true QPointF(582,25)
[    28.17 ] D: mouseMove2
[    28.17 ] D: inSelectedLineRETURN2
[    28.17 ] D: _automationChanging false
[    28.17 ] D: findTrackIndexByPoint 0 QRect(0,0 1707x195) true QPointF(574,25)
[    28.17 ] D: mouseMove2
[    28.17 ] D: _automationChanging false
[    28.17 ] D: findTrackIndexByPoint 0 QRect(0,0 1707x195) true QPointF(566,25)
[    28.17 ] D: mouseMove2
[    28.17 ] D: _automationChanging false
[    28.17 ] D: findTrackIndexByPoint 0 QRect(0,0 1707x195) true QPointF(559,25)
[    28.17 ] D: mouseMove2
[    28.18 ] D: createSelectedPoints 0 0
[    28.18 ] D: _automationChanging false
[    28.18 ] D: findTrackIndexByPoint 0 QRect(0,0 1707x195) true QPointF(516,25)
[    28.18 ] D: mouseMove2
[    28.18 ] D: inSelectedLineRETURN2
[    28.18 ] D: _automationChanging false
[    28.18 ] D: findTrackIndexByPoint 0 QRect(0,0 1707x195) true QPointF(508,25)
[    28.18 ] D: mouseMove2
[    28.19 ] D: _automationChanging false
[    28.19 ] D: findTrackIndexByPoint 0 QRect(0,0 1707x195) true QPointF(499,25)
[    28.19 ] D: mouseMove2
[    28.19 ] D: _automationChanging false
[    28.19 ] D: findTrackIndexByPoint 0 QRect(0,0 1707x195) true QPointF(490,25)
[    28.19 ] D: mouseMove2
[    28.20 ] D: createSelectedPoints 0 0
[    28.20 ] D: _automationChanging false
[    28.20 ] D: findTrackIndexByPoint 0 QRect(0,0 1707x195) true QPointF(441,25)
[    28.20 ] D: mouseMove2
[    28.20 ] D: inSelectedLineRETURN2
[    28.20 ] D: _automationChanging false
[    28.20 ] D: findTrackIndexByPoint 0 QRect(0,0 1707x195) true QPointF(433,25)
[    28.20 ] D: mouseMove2
[    28.20 ] D: _automationChanging false
[    28.20 ] D: findTrackIndexByPoint 0 QRect(0,0 1707x195) true QPointF(427,25)
[    28.20 ] D: mouseMove2
[    28.21 ] D: _automationChanging false
[    28.21 ] D: findTrackIndexByPoint 0 QRect(0,0 1707x195) true QPointF(419,25)
[    28.21 ] D: mouseMove2
[    28.22 ] D: _automationChanging false
[    28.22 ] D: createSelectedPoints 0 0
[    28.22 ] D: findTrackIndexByPoint 0 QRect(0,0 1707x195) true QPointF(388,25)
[    28.22 ] D: mouseMove2
[    28.22 ] D: inSelectedLineRETURN2
[    28.22 ] D: _automationChanging false
[    28.22 ] D: findTrackIndexByPoint 0 QRect(0,0 1707x195) true QPointF(381,25)
[    28.22 ] D: mouseMove2
[    28.22 ] D: _automationChanging false
[    28.22 ] D: findTrackIndexByPoint 0 QRect(0,0 1707x195) true QPointF(376,25)
[    28.22 ] D: mouseMove2
[    28.22 ] D: _automationChanging false
[    28.22 ] D: findTrackIndexByPoint 0 QRect(0,0 1707x195) true QPointF(371,25)
[    28.22 ] D: mouseMove2
[    28.23 ] D: createSelectedPoints 0 0
[    28.23 ] D: _automationChanging false
[    28.23 ] D: findTrackIndexByPoint 0 QRect(0,0 1707x195) true QPointF(345,27)
[    28.23 ] D: mouseMove2
[    28.24 ] D: inSelectedLineRETURN2
[    28.24 ] D: _automationChanging false
[    28.24 ] D: findTrackIndexByPoint 0 QRect(0,0 1707x195) true QPointF(341,27)
[    28.24 ] D: mouseMove2
[    28.24 ] D: _automationChanging false
[    28.24 ] D: findTrackIndexByPoint 0 QRect(0,0 1707x195) true QPointF(336,27)
[    28.24 ] D: mouseMove2
[    28.24 ] D: _automationChanging false
[    28.24 ] D: findTrackIndexByPoint 0 QRect(0,0 1707x195) true QPointF(333,27)
[    28.24 ] D: mouseMove2
[    28.25 ] D: createSelectedPoints 0 0
[    28.25 ] D: _automationChanging false
[    28.25 ] D: findTrackIndexByPoint 0 QRect(0,0 1707x195) true QPointF(312,29)
[    28.25 ] D: inSelectedLineRETURN2
[    28.25 ] D: mouseMove2
[    28.25 ] D: _automationChanging false
[    28.25 ] D: findTrackIndexByPoint 0 QRect(0,0 1707x195) true QPointF(309,30)
[    28.25 ] D: mouseMove2
[    28.25 ] D: _automationChanging false
[    28.25 ] D: findTrackIndexByPoint 0 QRect(0,0 1707x195) true QPointF(306,30)
[    28.25 ] D: mouseMove2
[    28.26 ] D: _automationChanging false
[    28.26 ] D: findTrackIndexByPoint 0 QRect(0,0 1707x195) true QPointF(303,31)
[    28.26 ] D: mouseMove2
[    28.27 ] D: createSelectedPoints 0 0
[    28.27 ] D: inSelectedLineRETURN2
[    28.27 ] D: _automationChanging false
[    28.27 ] D: findTrackIndexByPoint 0 QRect(0,0 1707x195) true QPointF(291,32)
[    28.27 ] D: mouseMove2
[    28.27 ] D: _automationChanging false
[    28.27 ] D: findTrackIndexByPoint 0 QRect(0,0 1707x195) true QPointF(290,32)
[    28.27 ] D: mouseMove2
[    28.27 ] D: _automationChanging false
[    28.27 ] D: findTrackIndexByPoint 0 QRect(0,0 1707x195) true QPointF(287,32)
[    28.27 ] D: mouseMove2
[    28.27 ] D: _automationChanging false
[    28.27 ] D: findTrackIndexByPoint 0 QRect(0,0 1707x195) true QPointF(285,32)
[    28.27 ] D: mouseMove2
[    28.28 ] D: createSelectedPoints 0 0
[    28.28 ] D: _automationChanging false
[    28.28 ] D: findTrackIndexByPoint 0 QRect(0,0 1707x195) true QPointF(277,34)
[    28.28 ] D: inSelectedLineRETURN2
[    28.28 ] D: mouseMove2
[    28.28 ] D: _automationChanging false
[    28.28 ] D: findTrackIndexByPoint 0 QRect(0,0 1707x195) true QPointF(275,34)
[    28.28 ] D: mouseMove2
[    28.29 ] D: _automationChanging false
[    28.29 ] D: findTrackIndexByPoint 0 QRect(0,0 1707x195) true QPointF(273,35)
[    28.29 ] D: mouseMove2
[    28.29 ] D: _automationChanging false
[    28.29 ] D: findTrackIndexByPoint 0 QRect(0,0 1707x195) true QPointF(272,35)
[    28.29 ] D: mouseMove2
[    28.30 ] D: createSelectedPoints 0 0
[    28.30 ] D: _automationChanging false
[    28.30 ] D: findTrackIndexByPoint 0 QRect(0,0 1707x195) true QPointF(264,36)
[    28.30 ] D: inSelectedLineRETURN2
[    28.30 ] D: mouseMove2
[    28.30 ] D: _automationChanging false
[    28.30 ] D: findTrackIndexByPoint 0 QRect(0,0 1707x195) true QPointF(263,37)
[    28.30 ] D: mouseMove2
[    28.31 ] D: _automationChanging false
[    28.31 ] D: findTrackIndexByPoint 0 QRect(0,0 1707x195) true QPointF(261,37)
[    28.31 ] D: mouseMove2
[    28.32 ] D: _automationChanging false
[    28.32 ] D: findTrackIndexByPoint 0 QRect(0,0 1707x195) true QPointF(255,38)
[    28.32 ] D: inSelectedLineRETURN2
[    28.32 ] D: mouseMove2
[    28.32 ] D: _automationChanging false
[    28.32 ] D: findTrackIndexByPoint 0 QRect(0,0 1707x195) true QPointF(254,38)
[    28.32 ] D: mouseMove2
[    28.32 ] D: _automationChanging false
[    28.32 ] D: findTrackIndexByPoint 0 QRect(0,0 1707x195) true QPointF(253,38)
[    28.32 ] D: mouseMove2
[    28.32 ] D: _automationChanging false
[    28.32 ] D: findTrackIndexByPoint 0 QRect(0,0 1707x195) true QPointF(252,38)
[    28.32 ] D: mouseMove2
[    28.33 ] D: createSelectedPoints 0 0
[    28.33 ] D: _automationChanging false
[    28.33 ] D: inSelectedLineRETURN2
[    28.33 ] D: findTrackIndexByPoint 0 QRect(0,0 1707x195) true QPointF(247,39)
[    28.33 ] D: mouseMove2
[    28.33 ] D: _automationChanging false
[    28.33 ] D: findTrackIndexByPoint 0 QRect(0,0 1707x195) true QPointF(246,39)
[    28.33 ] D: mouseMove2
[    28.34 ] D: _automationChanging false
[    28.34 ] D: findTrackIndexByPoint 0 QRect(0,0 1707x195) true QPointF(245,39)
[    28.34 ] D: mouseMove2
[    28.34 ] D: _automationChanging false
[    28.34 ] D: findTrackIndexByPoint 0 QRect(0,0 1707x195) true QPointF(244,39)
[    28.34 ] D: mouseMove2
[    28.35 ] D: _automationChanging false
[    28.35 ] D: findTrackIndexByPoint 0 QRect(0,0 1707x195) true QPointF(239,41)
[    28.35 ] D: mouseMove2
[    28.35 ] D: inSelectedLineRETURN2
[    28.35 ] D: _automationChanging false
[    28.35 ] D: findTrackIndexByPoint 0 QRect(0,0 1707x195) true QPointF(238,41)
[    28.35 ] D: mouseMove2
[    28.36 ] D: _automationChanging false
[    28.36 ] D: findTrackIndexByPoint 0 QRect(0,0 1707x195) true QPointF(237,41)
[    28.36 ] D: mouseMove2
[    28.37 ] D: createSelectedPoints 0 0
[    28.37 ] D: _automationChanging false
[    28.37 ] D: findTrackIndexByPoint 0 QRect(0,0 1707x195) true QPointF(234,42)
[    28.37 ] D: mouseMove2
[    28.37 ] D: inSelectedLineRETURN2
[    28.37 ] D: _automationChanging false
[    28.37 ] D: findTrackIndexByPoint 0 QRect(0,0 1707x195) true QPointF(233,42)
[    28.37 ] D: mouseMove2
[    28.37 ] D: _automationChanging false
[    28.37 ] D: findTrackIndexByPoint 0 QRect(0,0 1707x195) true QPointF(232,42)
[    28.37 ] D: mouseMove2
[    28.38 ] D: _automationChanging false
[    28.38 ] D: inSelectedLineRETURN2
[    28.38 ] D: findTrackIndexByPoint 0 QRect(0,0 1707x195) true QPointF(229,43)
[    28.39 ] D: mouseMove2
[    28.39 ] D: _automationChanging false
[    28.39 ] D: findTrackIndexByPoint 0 QRect(0,0 1707x195) true QPointF(228,43)
[    28.39 ] D: mouseMove2
[    28.39 ] D: _automationChanging false
[    28.39 ] D: findTrackIndexByPoint 0 QRect(0,0 1707x195) true QPointF(228,44)
[    28.39 ] D: mouseMove2
[    28.39 ] D: _automationChanging false
[    28.39 ] D: findTrackIndexByPoint 0 QRect(0,0 1707x195) true QPointF(227,44)
[    28.39 ] D: mouseMove2
[    28.40 ] D: _automationChanging false
[    28.40 ] D: inSelectedLineRETURN2
[    28.40 ] D: findTrackIndexByPoint 0 QRect(0,0 1707x195) true QPointF(222,44)
[    28.40 ] D: mouseMove2
[    28.40 ] D: _automationChanging false
[    28.40 ] D: findTrackIndexByPoint 0 QRect(0,0 1707x195) true QPointF(221,45)
[    28.40 ] D: mouseMove2
[    28.42 ] D: createSelectedPoints 0 0
[    28.42 ] D: _automationChanging false
[    28.42 ] D: findTrackIndexByPoint 0 QRect(0,0 1707x195) true QPointF(215,46)
[    28.42 ] D: mouseMove2
[    28.42 ] D: inSelectedLineRETURN2
[    28.42 ] D: _automationChanging false
[    28.42 ] D: findTrackIndexByPoint 0 QRect(0,0 1707x195) true QPointF(214,46)
[    28.42 ] D: mouseMove2
[    28.42 ] D: _automationChanging false
[    28.42 ] D: findTrackIndexByPoint 0 QRect(0,0 1707x195) true QPointF(213,46)
[    28.42 ] D: mouseMove2
[    28.42 ] D: _automationChanging false
[    28.42 ] D: findTrackIndexByPoint 0 QRect(0,0 1707x195) true QPointF(211,47)
[    28.42 ] D: mouseMove2
[    28.43 ] D: _automationChanging false
[    28.43 ] D: findTrackIndexByPoint 0 QRect(0,0 1707x195) true QPointF(206,48)
[    28.43 ] D: mouseMove2
[    28.43 ] D: inSelectedLineRETURN2
[    28.43 ] D: _automationChanging false
[    28.43 ] D: findTrackIndexByPoint 0 QRect(0,0 1707x195) true QPointF(205,48)
[    28.43 ] D: mouseMove2
[    28.44 ] D: _automationChanging false
[    28.44 ] D: findTrackIndexByPoint 0 QRect(0,0 1707x195) true QPointF(204,48)
[    28.44 ] D: mouseMove2
[    28.44 ] D: _automationChanging false
[    28.44 ] D: findTrackIndexByPoint 0 QRect(0,0 1707x195) true QPointF(203,48)
[    28.44 ] D: mouseMove2
[    28.45 ] D: createSelectedPoints 0 0
[    28.45 ] D: _automationChanging false
[    28.45 ] D: findTrackIndexByPoint 0 QRect(0,0 1707x195) true QPointF(197,49)
[    28.45 ] D: mouseMove2
[    28.45 ] D: inSelectedLineRETURN2
[    28.45 ] D: _automationChanging false
[    28.45 ] D: findTrackIndexByPoint 0 QRect(0,0 1707x195) true QPointF(195,49)
[    28.45 ] D: mouseMove2
[    28.47 ] D: _automationChanging false
[    28.47 ] D: findTrackIndexByPoint 0 QRect(0,0 1707x195) true QPointF(188,49)
[    28.47 ] D: mouseMove2
[    28.47 ] D: inSelectedLineRETURN2
[    28.47 ] D: _automationChanging false
[    28.47 ] D: findTrackIndexByPoint 0 QRect(0,0 1707x195) true QPointF(187,49)
[    28.47 ] D: mouseMove2
[    28.47 ] D: _automationChanging false
[    28.47 ] D: findTrackIndexByPoint 0 QRect(0,0 1707x195) true QPointF(186,49)
[    28.47 ] D: mouseMove2
[    28.47 ] D: _automationChanging false
[    28.47 ] D: findTrackIndexByPoint 0 QRect(0,0 1707x195) true QPointF(185,49)
[    28.47 ] D: mouseMove2
[    28.48 ] D: createSelectedPoints 0 0
[    28.48 ] D: _automationChanging false
[    28.48 ] D: findTrackIndexByPoint 0 QRect(0,0 1707x195) true QPointF(179,50)
[    28.48 ] D: mouseMove2
[    28.48 ] D: inSelectedLineRETURN2
[    28.49 ] D: _automationChanging false
[    28.49 ] D: findTrackIndexByPoint 0 QRect(0,0 1707x195) true QPointF(177,51)
[    28.49 ] D: mouseMove2
[    28.49 ] D: _automationChanging false
[    28.49 ] D: findTrackIndexByPoint 0 QRect(0,0 1707x195) true QPointF(176,51)
[    28.49 ] D: mouseMove2
[    28.49 ] D: _automationChanging false
[    28.49 ] D: findTrackIndexByPoint 0 QRect(0,0 1707x195) true QPointF(175,51)
[    28.49 ] D: mouseMove2
[    28.50 ] D: _automationChanging false
[    28.50 ] D: inSelectedLineRETURN2
[    28.50 ] D: findTrackIndexByPoint 0 QRect(0,0 1707x195) true QPointF(168,52)
[    28.50 ] D: mouseMove2
[    28.50 ] D: _automationChanging false
[    28.50 ] D: findTrackIndexByPoint 0 QRect(0,0 1707x195) true QPointF(167,52)
[    28.50 ] D: mouseMove2
[    28.50 ] D: _automationChanging false
[    28.50 ] D: findTrackIndexByPoint 0 QRect(0,0 1707x195) true QPointF(166,52)
[    28.50 ] D: mouseMove2
[    28.51 ] D: _automationChanging false
[    28.51 ] D: findTrackIndexByPoint 0 QRect(0,0 1707x195) true QPointF(164,52)
[    28.51 ] D: mouseMove2
[    28.52 ] D: createSelectedPoints 0 0
[    28.52 ] D: inSelectedLineRETURN2
[    28.52 ] D: _automationChanging false
[    28.52 ] D: findTrackIndexByPoint 0 QRect(0,0 1707x195) true QPointF(159,54)
[    28.52 ] D: mouseMove2
[    28.52 ] D: _automationChanging false
[    28.52 ] D: findTrackIndexByPoint 0 QRect(0,0 1707x195) true QPointF(158,54)
[    28.52 ] D: mouseMove2
[    28.52 ] D: _automationChanging false
[    28.52 ] D: findTrackIndexByPoint 0 QRect(0,0 1707x195) true QPointF(157,54)
[    28.52 ] D: mouseMove2
[    28.52 ] D: _automationChanging false
[    28.52 ] D: findTrackIndexByPoint 0 QRect(0,0 1707x195) true QPointF(156,54)
[    28.52 ] D: mouseMove2
[    28.53 ] D: _automationChanging false
[    28.53 ] D: inSelectedLineRETURN2
[    28.53 ] D: findTrackIndexByPoint 0 QRect(0,0 1707x195) true QPointF(152,54)
[    28.53 ] D: mouseMove2
[    28.53 ] D: _automationChanging false
[    28.53 ] D: findTrackIndexByPoint 0 QRect(0,0 1707x195) true QPointF(151,54)
[    28.53 ] D: mouseMove2
[    28.54 ] D: _automationChanging false
[    28.54 ] D: findTrackIndexByPoint 0 QRect(0,0 1707x195) true QPointF(151,55)
[    28.54 ] D: mouseMove2
[    28.54 ] D: _automationChanging false
[    28.54 ] D: findTrackIndexByPoint 0 QRect(0,0 1707x195) true QPointF(150,55)
[    28.54 ] D: mouseMove2
[    28.55 ] D: createSelectedPoints 0 0
[    28.55 ] D: _automationChanging false
[    28.55 ] D: findTrackIndexByPoint 0 QRect(0,0 1707x195) true QPointF(148,56)
[    28.55 ] D: mouseMove2
[    28.55 ] D: inSelectedLineRETURN2
[    28.55 ] D: _automationChanging false
[    28.55 ] D: findTrackIndexByPoint 0 QRect(0,0 1707x195) true QPointF(147,56)
[    28.55 ] D: mouseMove2
[    28.57 ] D: _automationChanging false
[    28.57 ] D: findTrackIndexByPoint 0 QRect(0,0 1707x195) true QPointF(146,56)
[    28.57 ] D: inSelectedLineRETURN2
[    28.57 ] D: mouseMove2
[    28.58 ] D: inSelectedLineRETURN2
[    28.58 ] D: _automationChanging false
[    28.58 ] D: findTrackIndexByPoint 0 QRect(0,0 1707x195) true QPointF(145,56)
[    28.58 ] D: mouseMove2
[    28.60 ] D: inSelectedLineRETURN2
[    28.73 ] D: inSelectedLineRETURN2
[    28.89 ] D: findTrackIndexByPoint 0 QRect(0,0 1707x195) true QPointF(145,56)
[    28.90 ] D: inSelectedLineRETURN2
[    28.95 ] D: inSelectedLineRETURN2
[    29.03 ] D: inSelectedLineRETURN2
[    29.05 ] D: inSelectedLineRETURN2
[    29.07 ] D: inSelectedLineRETURN2
[    29.08 ] D: inSelectedLineRETURN2
[    29.10 ] D: inSelectedLineRETURN2
[    29.12 ] D: inSelectedLineRETURN2
[    29.13 ] D: inSelectedLineRETURN2
[    29.15 ] D: inSelectedLineRETURN2
[    29.17 ] D: inSelectedLineRETURN2
[    29.18 ] D: inSelectedLineRETURN2
[    29.20 ] D: inSelectedLineRETURN2
[    29.22 ] D: inSelectedLineRETURN2
[    29.23 ] D: inSelectedLineRETURN2
[    29.25 ] D: inSelectedLineRETURN2
[    29.29 ] D: findTrackIndexByPoint 0 QRect(0,0 1707x195) true QPointF(91,56)
[    29.30 ] D: inSelectedLineRETURN2
[    29.40 ] D: inSelectedLineRETURN2
[    29.50 ] D: inSelectedLineRETURN2
[    29.52 ] D: inSelectedLineRETURN2
[    29.53 ] D: inSelectedLineRETURN2
[    29.55 ] D: inSelectedLineRETURN2
[    29.57 ] D: inSelectedLineRETURN2
[    29.58 ] D: inSelectedLineRETURN2
[    29.60 ] D: inSelectedLineRETURN2
[    29.62 ] D: inSelectedLineRETURN2
[    29.63 ] D: inSelectedLineRETURN2
[    29.65 ] D: inSelectedLineRETURN2
[    29.67 ] D: inSelectedLineRETURN2
[    29.68 ] D: inSelectedLineRETURN2
[    29.70 ] D: inSelectedLineRETURN2
[    30.08 ] D: inSelectedLineRETURN2
[    30.10 ] D: inSelectedLineRETURN2
[    30.12 ] D: inSelectedLineRETURN2
[    30.13 ] D: inSelectedLineRETURN2
[    30.15 ] D: inSelectedLineRETURN2
[    30.17 ] D: inSelectedLineRETURN2
[    30.18 ] D: inSelectedLineRETURN2
[    30.20 ] D: inSelectedLineRETURN2
[    30.20 ] D: findTrackIndexByPoint 0 QRect(0,0 1707x195) true QPointF(169,68)
[    30.22 ] D: createSelectedPoints 0 0
[    30.65 ] D: findTrackIndexByPoint 0 QRect(0,0 1707x195) true QPointF(345,63)
[    30.67 ] D: _automationChanging false
[    30.67 ] D: mouseMove2
[    30.78 ] D: _automationChanging false
[    30.78 ] D: mouseMove2
[    30.78 ] D: _automationChanging false
[    30.78 ] D: mouseMove2
[    30.79 ] D: _automationChanging false
[    30.79 ] D: mouseMove2
[    30.80 ] D: _automationChanging false
[    30.80 ] D: mouseMove2
[    30.80 ] D: _automationChanging false
[    30.80 ] D: mouseMove2
[    30.81 ] D: _automationChanging false
[    30.81 ] D: mouseMove2
[    30.82 ] D: _automationChanging false
[    30.82 ] D: mouseMove2
[    30.82 ] D: _automationChanging false
[    30.82 ] D: mouseMove2
[    30.82 ] D: _automationChanging false
[    30.82 ] D: mouseMove2
[    30.82 ] D: _automationChanging false
[    30.82 ] D: mouseMove2
[    30.83 ] D: _automationChanging false
[    30.83 ] D: mouseMove2
[    30.83 ] D: _automationChanging false
[    30.83 ] D: mouseMove2
[    30.84 ] D: _automationChanging false
[    30.84 ] D: mouseMove2
[    30.84 ] D: _automationChanging false
[    30.84 ] D: mouseMove2
[    30.85 ] D: _automationChanging false
[    30.85 ] D: mouseMove2
[    30.85 ] D: _automationChanging false
[    30.85 ] D: mouseMove2
[    30.85 ] D: _automationChanging false
[    30.85 ] D: mouseMove2
[    30.86 ] D: _automationChanging false
[    30.86 ] D: mouseMove2
[    30.87 ] D: _automationChanging false
[    30.87 ] D: mouseMove2
[    30.87 ] D: _automationChanging false
[    30.87 ] D: mouseMove2
[    30.87 ] D: _automationChanging false
[    30.87 ] D: mouseMove2
[    30.87 ] D: _automationChanging false
[    30.87 ] D: mouseMove2
[    30.88 ] D: _automationChanging false
[    30.89 ] D: mouseMove2
[    30.89 ] D: _automationChanging false
[    30.89 ] D: mouseMove2
[    30.89 ] D: _automationChanging false
[    30.89 ] D: mouseMove2
[    30.89 ] D: _automationChanging false
[    30.89 ] D: mouseMove2
[    30.90 ] D: _automationChanging false
[    30.90 ] D: mouseMove2
[    30.91 ] D: _automationChanging false
[    30.91 ] D: mouseMove2
[    30.92 ] D: _automationChanging false
[    30.92 ] D: mouseMove2
[    31.43 ] D: findTrackIndexByPoint 0 QRect(0,0 1707x195) true QPointF(517,155)
[    31.44 ] D: _automationChanging false
[    31.44 ] D: findTrackIndexByPoint 0 QRect(0,0 1707x195) true QPointF(518,155)
[    31.44 ] D: mouseMove2
[    31.45 ] D: createSelectedPoints 0 0
[    31.48 ] D: _automationChanging false
[    31.48 ] D: findTrackIndexByPoint 0 QRect(0,0 1707x195) true QPointF(519,155)
[    31.48 ] D: mouseMove2
[    31.51 ] D: _automationChanging false
[    31.51 ] D: findTrackIndexByPoint 0 QRect(0,0 1707x195) true QPointF(520,155)
[    31.51 ] D: mouseMove2
[    31.53 ] D: _automationChanging false
[    31.53 ] D: findTrackIndexByPoint 0 QRect(0,0 1707x195) true QPointF(523,155)
[    31.53 ] D: mouseMove2
[    31.54 ] D: _automationChanging false
[    31.54 ] D: findTrackIndexByPoint 0 QRect(0,0 1707x195) true QPointF(524,155)
[    31.54 ] D: mouseMove2
[    31.55 ] D: _automationChanging false
[    31.55 ] D: findTrackIndexByPoint 0 QRect(0,0 1707x195) true QPointF(528,155)
[    31.55 ] D: mouseMove2
[    31.55 ] D: _automationChanging false
[    31.55 ] D: findTrackIndexByPoint 0 QRect(0,0 1707x195) true QPointF(529,155)
[    31.55 ] D: mouseMove2
[    31.56 ] D: _automationChanging false
[    31.56 ] D: findTrackIndexByPoint 0 QRect(0,0 1707x195) true QPointF(530,155)
[    31.56 ] D: mouseMove2
[    31.57 ] D: _automationChanging false
[    31.57 ] D: findTrackIndexByPoint 0 QRect(0,0 1707x195) true QPointF(535,154)
[    31.57 ] D: mouseMove2
[    31.57 ] D: inSelectedLineRETURN3
[    31.57 ] D: _automationChanging false
[    31.57 ] D: findTrackIndexByPoint 0 QRect(0,0 1707x195) true QPointF(536,154)
[    31.57 ] D: mouseMove2
[    31.57 ] D: _automationChanging false
[    31.57 ] D: findTrackIndexByPoint 0 QRect(0,0 1707x195) true QPointF(537,154)
[    31.57 ] D: mouseMove2
[    31.57 ] D: _automationChanging false
[    31.57 ] D: findTrackIndexByPoint 0 QRect(0,0 1707x195) true QPointF(538,154)
[    31.57 ] D: mouseMove2
[    31.58 ] D: createSelectedPoints 0 0
[    31.58 ] D: createSelectedPoints 3 3 0.1625 0.1625
[    31.58 ] D: _automationChanging false
[    31.58 ] D: findTrackIndexByPoint 0 QRect(0,0 1707x195) true QPointF(543,154)
[    31.58 ] D: mouseMove2
[    31.58 ] D: _automationChanging false
[    31.58 ] D: findTrackIndexByPoint 0 QRect(0,0 1707x195) true QPointF(545,154)
[    31.58 ] D: mouseMove2
[    31.59 ] D: _automationChanging false
[    31.59 ] D: findTrackIndexByPoint 0 QRect(0,0 1707x195) true QPointF(546,154)
[    31.59 ] D: mouseMove2
[    31.59 ] D: _automationChanging false
[    31.59 ] D: findTrackIndexByPoint 0 QRect(0,0 1707x195) true QPointF(547,154)
[    31.59 ] D: mouseMove2
[    31.60 ] D: _automationChanging false
[    31.60 ] D: findTrackIndexByPoint 0 QRect(0,0 1707x195) true QPointF(554,154)
[    31.60 ] D: mouseMove2
[    31.60 ] D: _automationChanging false
[    31.60 ] D: findTrackIndexByPoint 0 QRect(0,0 1707x195) true QPointF(556,154)
[    31.60 ] D: mouseMove2
[    31.60 ] D: _automationChanging false
[    31.60 ] D: findTrackIndexByPoint 0 QRect(0,0 1707x195) true QPointF(557,154)
[    31.60 ] D: mouseMove2
[    31.61 ] D: _automationChanging false
[    31.61 ] D: findTrackIndexByPoint 0 QRect(0,0 1707x195) true QPointF(558,154)
[    31.61 ] D: mouseMove2
[    31.62 ] D: createSelectedPoints 0 0
[    31.62 ] D: createSelectedPoints 3 3 0.1625 0.1625
[    31.62 ] D: _automationChanging false
[    31.62 ] D: findTrackIndexByPoint 0 QRect(0,0 1707x195) true QPointF(564,154)
[    31.62 ] D: mouseMove2
[    31.62 ] D: _automationChanging false
[    31.62 ] D: findTrackIndexByPoint 0 QRect(0,0 1707x195) true QPointF(565,154)
[    31.62 ] D: mouseMove2
[    31.62 ] D: _automationChanging false
[    31.62 ] D: findTrackIndexByPoint 0 QRect(0,0 1707x195) true QPointF(567,154)
[    31.62 ] D: mouseMove2
[    31.62 ] D: _automationChanging false
[    31.62 ] D: findTrackIndexByPoint 0 QRect(0,0 1707x195) true QPointF(568,154)
[    31.62 ] D: mouseMove2
[    31.63 ] D: createSelectedPoints 0 0
[    31.63 ] D: _automationChanging false
[    31.63 ] D: createSelectedPoints 3 3 0.1625 0.1625
[    31.64 ] D: findTrackIndexByPoint 0 QRect(0,0 1707x195) true QPointF(574,154)
[    31.64 ] D: mouseMove2
[    31.64 ] D: _automationChanging false
[    31.64 ] D: findTrackIndexByPoint 0 QRect(0,0 1707x195) true QPointF(575,154)
[    31.64 ] D: mouseMove2
[    31.64 ] D: _automationChanging false
[    31.64 ] D: findTrackIndexByPoint 0 QRect(0,0 1707x195) true QPointF(576,154)
[    31.64 ] D: mouseMove2
[    31.64 ] D: _automationChanging false
[    31.64 ] D: findTrackIndexByPoint 0 QRect(0,0 1707x195) true QPointF(577,154)
[    31.64 ] D: mouseMove2
[    31.65 ] D: _automationChanging false
[    31.65 ] D: findTrackIndexByPoint 0 QRect(0,0 1707x195) true QPointF(582,154)
[    31.65 ] D: mouseMove2
[    31.65 ] D: _automationChanging false
[    31.65 ] D: findTrackIndexByPoint 0 QRect(0,0 1707x195) true QPointF(583,154)
[    31.65 ] D: mouseMove2
[    31.66 ] D: _automationChanging false
[    31.66 ] D: findTrackIndexByPoint 0 QRect(0,0 1707x195) true QPointF(585,154)
[    31.66 ] D: mouseMove2
[    31.67 ] D: _automationChanging false
[    31.67 ] D: findTrackIndexByPoint 0 QRect(0,0 1707x195) true QPointF(588,154)
[    31.67 ] D: mouseMove2
[    31.67 ] D: _automationChanging false
[    31.67 ] D: findTrackIndexByPoint 0 QRect(0,0 1707x195) true QPointF(589,154)
[    31.67 ] D: mouseMove2
[    31.68 ] D: createSelectedPoints 0 0
[    31.68 ] D: _automationChanging false
[    31.68 ] D: createSelectedPoints 3 3 0.1625 0.1625
[    31.68 ] D: findTrackIndexByPoint 0 QRect(0,0 1707x195) true QPointF(593,155)
[    31.68 ] D: mouseMove2
[    31.69 ] D: _automationChanging false
[    31.69 ] D: findTrackIndexByPoint 0 QRect(0,0 1707x195) true QPointF(594,155)
[    31.69 ] D: mouseMove2
[    31.70 ] D: _automationChanging false
[    31.70 ] D: findTrackIndexByPoint 0 QRect(0,0 1707x195) true QPointF(598,156)
[    31.70 ] D: mouseMove2
[    31.70 ] D: _automationChanging false
[    31.70 ] D: findTrackIndexByPoint 0 QRect(0,0 1707x195) true QPointF(599,156)
[    31.70 ] D: mouseMove2
[    31.71 ] D: _automationChanging false
[    31.71 ] D: findTrackIndexByPoint 0 QRect(0,0 1707x195) true QPointF(600,156)
[    31.71 ] D: mouseMove2
[    31.72 ] D: _automationChanging false
[    31.72 ] D: findTrackIndexByPoint 0 QRect(0,0 1707x195) true QPointF(603,157)
[    31.72 ] D: mouseMove2
[    31.72 ] D: _automationChanging false
[    31.72 ] D: findTrackIndexByPoint 0 QRect(0,0 1707x195) true QPointF(604,157)
[    31.72 ] D: mouseMove2
[    31.72 ] D: _automationChanging false
[    31.72 ] D: findTrackIndexByPoint 0 QRect(0,0 1707x195) true QPointF(605,157)
[    31.72 ] D: mouseMove2
[    31.73 ] D: createSelectedPoints 0 0
[    31.73 ] D: _automationChanging false
[    31.73 ] D: createSelectedPoints 3 3 0.1625 0.1625
[    31.74 ] D: findTrackIndexByPoint 0 QRect(0,0 1707x195) true QPointF(607,158)
[    31.74 ] D: mouseMove2
[    31.74 ] D: _automationChanging false
[    31.74 ] D: findTrackIndexByPoint 0 QRect(0,0 1707x195) true QPointF(608,158)
[    31.74 ] D: mouseMove2
[    31.74 ] D: _automationChanging false
[    31.74 ] D: findTrackIndexByPoint 0 QRect(0,0 1707x195) true QPointF(609,158)
[    31.74 ] D: mouseMove2
[    31.75 ] D: _automationChanging false
[    31.75 ] D: findTrackIndexByPoint 0 QRect(0,0 1707x195) true QPointF(613,159)
[    31.75 ] D: mouseMove2
[    31.75 ] D: _automationChanging false
[    31.75 ] D: findTrackIndexByPoint 0 QRect(0,0 1707x195) true QPointF(614,159)
[    31.75 ] D: mouseMove2
[    31.76 ] D: _automationChanging false
[    31.76 ] D: findTrackIndexByPoint 0 QRect(0,0 1707x195) true QPointF(615,159)
[    31.76 ] D: mouseMove2
[    31.77 ] D: _automationChanging false
[    31.77 ] D: findTrackIndexByPoint 0 QRect(0,0 1707x195) true QPointF(617,159)
[    31.77 ] D: mouseMove2
[    31.77 ] D: _automationChanging false
[    31.77 ] D: findTrackIndexByPoint 0 QRect(0,0 1707x195) true QPointF(618,159)
[    31.77 ] D: mouseMove2
[    31.78 ] D: _automationChanging false
[    31.78 ] D: findTrackIndexByPoint 0 QRect(0,0 1707x195) true QPointF(620,159)
[    31.78 ] D: mouseMove2
[    33.28 ] D: findTrackIndexByPoint 0 QRect(0,0 1707x195) true QPointF(582,162)
[    33.30 ] D: createSelectedPoints 0 0
[    33.35 ] D: _automationChanging false
[    33.35 ] D: findTrackIndexByPoint 0 QRect(0,0 1707x195) true QPointF(581,160)
[    33.35 ] D: mouseMove2
[    33.35 ] D: _automationChanging false
[    33.35 ] D: findTrackIndexByPoint 0 QRect(0,0 1707x195) true QPointF(580,160)
[    33.35 ] D: mouseMove2
[    33.35 ] D: _automationChanging false
[    33.35 ] D: findTrackIndexByPoint 0 QRect(0,0 1707x195) true QPointF(579,160)
[    33.35 ] D: mouseMove2
[    33.37 ] D: _automationChanging false
[    33.37 ] D: findTrackIndexByPoint 0 QRect(0,0 1707x195) true QPointF(575,159)
[    33.37 ] D: mouseMove2
[    33.37 ] D: _automationChanging false
[    33.37 ] D: findTrackIndexByPoint 0 QRect(0,0 1707x195) true QPointF(574,159)
[    33.37 ] D: mouseMove2
[    33.37 ] D: _automationChanging false
[    33.37 ] D: findTrackIndexByPoint 0 QRect(0,0 1707x195) true QPointF(573,159)
[    33.37 ] D: mouseMove2
[    33.37 ] D: _automationChanging false
[    33.37 ] D: findTrackIndexByPoint 0 QRect(0,0 1707x195) true QPointF(572,159)
[    33.37 ] D: mouseMove2
[    33.38 ] D: _automationChanging false
[    33.38 ] D: findTrackIndexByPoint 0 QRect(0,0 1707x195) true QPointF(565,158)
[    33.38 ] D: mouseMove2
[    33.38 ] D: _automationChanging false
[    33.38 ] D: findTrackIndexByPoint 0 QRect(0,0 1707x195) true QPointF(562,158)
[    33.38 ] D: mouseMove2
[    33.39 ] D: _automationChanging false
[    33.39 ] D: findTrackIndexByPoint 0 QRect(0,0 1707x195) true QPointF(561,158)
[    33.39 ] D: mouseMove2
[    33.39 ] D: _automationChanging false
[    33.39 ] D: findTrackIndexByPoint 0 QRect(0,0 1707x195) true QPointF(559,158)
[    33.39 ] D: mouseMove2
[    33.40 ] D: createSelectedPoints 0 0
[    33.40 ] D: createSelectedPoints 3 3 0.1625 0.1625
[    33.40 ] D: _automationChanging false
[    33.40 ] D: findTrackIndexByPoint 0 QRect(0,0 1707x195) true QPointF(543,158)
[    33.40 ] D: mouseMove2
[    33.40 ] D: _automationChanging false
[    33.40 ] D: findTrackIndexByPoint 0 QRect(0,0 1707x195) true QPointF(540,158)
[    33.40 ] D: mouseMove2
[    33.40 ] D: _automationChanging false
[    33.40 ] D: findTrackIndexByPoint 0 QRect(0,0 1707x195) true QPointF(537,157)
[    33.40 ] D: mouseMove2
[    33.41 ] D: _automationChanging false
[    33.41 ] D: findTrackIndexByPoint 0 QRect(0,0 1707x195) true QPointF(534,157)
[    33.41 ] D: mouseMove2
[    33.42 ] D: _automationChanging false
[    33.42 ] D: createSelectedPoints 0 0
[    33.42 ] D: findTrackIndexByPoint 0 QRect(0,0 1707x195) true QPointF(516,157)
[    33.42 ] D: mouseMove2
[    33.42 ] D: createSelectedPoints 3 3 0.1625 0.1625
[    33.42 ] D: _automationChanging false
[    33.42 ] D: findTrackIndexByPoint 0 QRect(0,0 1707x195) true QPointF(512,157)
[    33.42 ] D: mouseMove2
[    33.42 ] D: _automationChanging false
[    33.42 ] D: findTrackIndexByPoint 0 QRect(0,0 1707x195) true QPointF(509,157)
[    33.42 ] D: mouseMove2
[    33.42 ] D: _automationChanging false
[    33.42 ] D: findTrackIndexByPoint 0 QRect(0,0 1707x195) true QPointF(505,157)
[    33.42 ] D: mouseMove2
[    33.44 ] D: createSelectedPoints 0 0
[    33.44 ] D: _automationChanging false
[    33.44 ] D: createSelectedPoints 3 3 0.1625 0.1625
[    33.44 ] D: findTrackIndexByPoint 0 QRect(0,0 1707x195) true QPointF(485,157)
[    33.44 ] D: mouseMove2
[    33.44 ] D: _automationChanging false
[    33.44 ] D: findTrackIndexByPoint 0 QRect(0,0 1707x195) true QPointF(481,157)
[    33.44 ] D: mouseMove2
[    33.44 ] D: _automationChanging false
[    33.44 ] D: findTrackIndexByPoint 0 QRect(0,0 1707x195) true QPointF(478,157)
[    33.44 ] D: mouseMove2
[    33.44 ] D: _automationChanging false
[    33.44 ] D: findTrackIndexByPoint 0 QRect(0,0 1707x195) true QPointF(473,157)
[    33.44 ] D: mouseMove2
[    33.45 ] D: createSelectedPoints 0 0
[    33.45 ] D: _automationChanging false
[    33.45 ] D: createSelectedPoints 3 3 0.1625 0.1625
[    33.45 ] D: findTrackIndexByPoint 0 QRect(0,0 1707x195) true QPointF(449,157)
[    33.45 ] D: mouseMove2
[    33.45 ] D: _automationChanging false
[    33.45 ] D: findTrackIndexByPoint 0 QRect(0,0 1707x195) true QPointF(444,157)
[    33.45 ] D: mouseMove2
[    33.46 ] D: _automationChanging false
[    33.46 ] D: findTrackIndexByPoint 0 QRect(0,0 1707x195) true QPointF(440,157)
[    33.46 ] D: mouseMove2
[    33.46 ] D: _automationChanging false
[    33.46 ] D: findTrackIndexByPoint 0 QRect(0,0 1707x195) true QPointF(436,157)
[    33.46 ] D: mouseMove2
[    33.47 ] D: _automationChanging false
[    33.47 ] D: createSelectedPoints 0 0
[    33.47 ] D: findTrackIndexByPoint 0 QRect(0,0 1707x195) true QPointF(411,157)
[    33.47 ] D: mouseMove2
[    33.47 ] D: createSelectedPoints 2 3 0.21625 0.1625
[    33.47 ] D: _trackIndex::_selected_point_index 0
[    33.47 ] D: _automationChanging false
[    33.47 ] D: findTrackIndexByPoint 0 QRect(0,0 1707x195) true QPointF(406,157)
[    33.47 ] D: mouseMove2
[    33.47 ] D: _automationChanging false
[    33.47 ] D: findTrackIndexByPoint 0 QRect(0,0 1707x195) true QPointF(400,158)
[    33.47 ] D: mouseMove2
[    33.47 ] D: _automationChanging false
[    33.47 ] D: findTrackIndexByPoint 0 QRect(0,0 1707x195) true QPointF(394,158)
[    33.47 ] D: mouseMove2
[    33.48 ] D: createSelectedPoints 0 0
[    33.48 ] D: createSelectedPoints 2 3 0.32375 0.1625
[    33.49 ] D: _trackIndex::_selected_point_index 0
[    33.49 ] D: _automationChanging false
[    33.49 ] D: findTrackIndexByPoint 0 QRect(0,0 1707x195) true QPointF(368,158)
[    33.49 ] D: mouseMove2
[    33.49 ] D: _automationChanging false
[    33.49 ] D: findTrackIndexByPoint 0 QRect(0,0 1707x195) true QPointF(363,158)
[    33.49 ] D: mouseMove2
[    33.49 ] D: _automationChanging false
[    33.49 ] D: findTrackIndexByPoint 0 QRect(0,0 1707x195) true QPointF(358,158)
[    33.49 ] D: mouseMove2
[    33.49 ] D: _automationChanging false
[    33.49 ] D: findTrackIndexByPoint 0 QRect(0,0 1707x195) true QPointF(353,158)
[    33.49 ] D: mouseMove2
[    33.50 ] D: createSelectedPoints 0 0
[    33.50 ] D: _automationChanging false
[    33.50 ] D: createSelectedPoints 2 3 0.43125 0.1625
[    33.50 ] D: findTrackIndexByPoint 0 QRect(0,0 1707x195) true QPointF(325,158)
[    33.50 ] D: _trackIndex::_selected_point_index 0
[    33.50 ] D: mouseMove2
[    33.50 ] D: _automationChanging false
[    33.50 ] D: findTrackIndexByPoint 0 QRect(0,0 1707x195) true QPointF(321,158)
[    33.50 ] D: mouseMove2
[    33.51 ] D: _automationChanging false
[    33.51 ] D: findTrackIndexByPoint 0 QRect(0,0 1707x195) true QPointF(317,158)
[    33.51 ] D: mouseMove2
[    33.51 ] D: _automationChanging false
[    33.51 ] D: findTrackIndexByPoint 0 QRect(0,0 1707x195) true QPointF(313,158)
[    33.51 ] D: mouseMove2
[    33.52 ] D: createSelectedPoints 0 0
[    33.52 ] D: createSelectedPoints 2 3 0.5925 0.1625
[    33.52 ] D: _automationChanging false
[    33.52 ] D: _trackIndex::_selected_point_index 0
[    33.52 ] D: findTrackIndexByPoint 0 QRect(0,0 1707x195) true QPointF(294,158)
[    33.52 ] D: mouseMove2
[    33.52 ] D: _automationChanging false
[    33.52 ] D: findTrackIndexByPoint 0 QRect(0,0 1707x195) true QPointF(289,158)
[    33.52 ] D: mouseMove2
[    33.52 ] D: _automationChanging false
[    33.52 ] D: findTrackIndexByPoint 0 QRect(0,0 1707x195) true QPointF(284,157)
[    33.52 ] D: mouseMove2
[    33.52 ] D: _automationChanging false
[    33.52 ] D: findTrackIndexByPoint 0 QRect(0,0 1707x195) true QPointF(282,157)
[    33.52 ] D: mouseMove2
[    33.53 ] D: createSelectedPoints 0 0
[    33.53 ] D: createSelectedPoints 2 3 0.64625 0.1625
[    33.53 ] D: _trackIndex::_selected_point_index 0
[    33.53 ] D: _automationChanging false
[    33.53 ] D: findTrackIndexByPoint 0 QRect(0,0 1707x195) true QPointF(261,156)
[    33.53 ] D: mouseMove2
[    33.53 ] D: _automationChanging false
[    33.53 ] D: findTrackIndexByPoint 0 QRect(0,0 1707x195) true QPointF(258,156)
[    33.53 ] D: mouseMove2
[    33.54 ] D: _automationChanging false
[    33.54 ] D: findTrackIndexByPoint 0 QRect(0,0 1707x195) true QPointF(253,156)
[    33.54 ] D: mouseMove2
[    33.54 ] D: _automationChanging false
[    33.54 ] D: findTrackIndexByPoint 0 QRect(0,0 1707x195) true QPointF(249,155)
[    33.54 ] D: mouseMove2
[    33.55 ] D: createSelectedPoints 0 0
[    33.55 ] D: createSelectedPoints 1 3 0.61 0.1625
[    33.55 ] D: _automationChanging false
[    33.55 ] D: _trackIndex::_selected_point_index 0
[    33.55 ] D: _trackIndex::_selected_point_index 0
[    33.55 ] D: findTrackIndexByPoint 0 QRect(0,0 1707x195) true QPointF(227,154)
[    33.55 ] D: mouseMove2
[    33.55 ] D: _automationChanging false
[    33.55 ] D: findTrackIndexByPoint 0 QRect(0,0 1707x195) true QPointF(223,154)
[    33.55 ] D: mouseMove2
[    33.56 ] D: _automationChanging false
[    33.56 ] D: findTrackIndexByPoint 0 QRect(0,0 1707x195) true QPointF(221,154)
[    33.56 ] D: mouseMove2
[    33.56 ] D: _automationChanging false
[    33.56 ] D: findTrackIndexByPoint 0 QRect(0,0 1707x195) true QPointF(217,153)
[    33.56 ] D: mouseMove2
[    33.57 ] D: createSelectedPoints 0 0
[    33.57 ] D: _automationChanging false
[    33.57 ] D: createSelectedPoints 1 3 0.43 0.1625
[    33.57 ] D: findTrackIndexByPoint 0 QRect(0,0 1707x195) true QPointF(204,152)
[    33.57 ] D: _trackIndex::_selected_point_index 0
[    33.57 ] D: _trackIndex::_selected_point_index 0
[    33.57 ] D: mouseMove2
[    33.57 ] D: _automationChanging false
[    33.57 ] D: findTrackIndexByPoint 0 QRect(0,0 1707x195) true QPointF(201,152)
[    33.57 ] D: mouseMove2
[    33.57 ] D: _automationChanging false
[    33.57 ] D: findTrackIndexByPoint 0 QRect(0,0 1707x195) true QPointF(198,152)
[    33.57 ] D: mouseMove2
[    33.57 ] D: _automationChanging false
[    33.57 ] D: findTrackIndexByPoint 0 QRect(0,0 1707x195) true QPointF(197,152)
[    33.57 ] D: mouseMove2
[    33.58 ] D: createSelectedPoints 0 0
[    33.58 ] D: createSelectedPoints 1 3 0.34 0.1625
[    33.58 ] D: _trackIndex::_selected_point_index 0
[    33.58 ] D: _automationChanging false
[    33.58 ] D: _trackIndex::_selected_point_index 0
[    33.58 ] D: findTrackIndexByPoint 0 QRect(0,0 1707x195) true QPointF(184,151)
[    33.58 ] D: mouseMove2
[    33.58 ] D: _automationChanging false
[    33.58 ] D: findTrackIndexByPoint 0 QRect(0,0 1707x195) true QPointF(182,150)
[    33.58 ] D: mouseMove2
[    33.59 ] D: _automationChanging false
[    33.59 ] D: findTrackIndexByPoint 0 QRect(0,0 1707x195) true QPointF(180,150)
[    33.59 ] D: mouseMove2
[    33.59 ] D: _automationChanging false
[    33.59 ] D: findTrackIndexByPoint 0 QRect(0,0 1707x195) true QPointF(177,150)
[    33.59 ] D: mouseMove2
[    33.60 ] D: _automationChanging false
[    33.60 ] D: createSelectedPoints 0 0
[    33.60 ] D: findTrackIndexByPoint 0 QRect(0,0 1707x195) true QPointF(166,150)
[    33.60 ] D: createSelectedPoints 1 3 0.25 0.1625
[    33.60 ] D: mouseMove2
[    33.60 ] D: _trackIndex::_selected_point_index 0
[    33.60 ] D: _trackIndex::_selected_point_index 0
[    33.60 ] D: _automationChanging false
[    33.60 ] D: findTrackIndexByPoint 0 QRect(0,0 1707x195) true QPointF(164,150)
[    33.60 ] D: mouseMove2
[    33.60 ] D: _automationChanging false
[    33.60 ] D: findTrackIndexByPoint 0 QRect(0,0 1707x195) true QPointF(163,150)
