[     4.31 ] I: Log: Log file open in follow path at 1403/4/14 10:18:06 : C:\Users\AmirPasha\Desktop\Rpos\DAW-3\build2019\debug\Logs\Launch.log
[     4.31 ] I: The subsystem "class DGE::Core::IO::LogSystem::Logger" is registered successfully.
[     4.31 ] I: The subsystem "class DGE::Core::Windows::QtWindow" is registered successfully.
[     4.31 ] D: API version is: 4.60 ,shader version is: 4.60
[     4.31 ] I: The subsystem "class DGE::GFX::GCore::QtWrapper::QtRenderer" is registered successfully.
[     4.31 ] I: Current Render API is: 4.60
[     4.31 ] I: The subsystem "Renderer" is registered successfully.
[     4.31 ] I: The subsystem "class DGE::Core::Platforms::QtPlatform" is registered successfully.
[     4.31 ] I: The subsystem "Platform" is registered successfully.
[     4.31 ] I: The subsystem "class DGE::Core::IO::FileSystem::FileManager" is registered successfully.
[     4.31 ] I: The subsystem "class DGE::Core::CoreModule" is registered successfully.
[     4.31 ] I: The subsystem "class DGE::Core::Profiling::Profiler" is registered successfully.
[     4.31 ] I: The subsystem "class DGE::GFX::DrawablesManager" is registered successfully.
[     4.31 ] I: #version 460 core
#define GLES_Ver 460

[     4.31 ] I: The subsystem "class DGE::GFX::GraphicsManager" is registered successfully.
[     4.31 ] I: The subsystem "class DGE::GFX::GFXModule" is registered successfully.
[     4.38 ] D: Shader Compile successfully.
[     4.39 ] I: The subsystem "class DGE::Scene::ViewportManager" is registered successfully.
[     4.39 ] I: The subsystem "class DGE::Scene::SceneModule" is registered successfully.
[     4.39 ] I: The subsystem "class DGE::Managers::RenderManager" is registered successfully.
[     4.39 ] D: Engine Enabled
[     4.39 ] I: The subsystem "class DGE::Engine" is registered successfully.
[     4.39 ] D: Node with id 1 is added to Qt layer
[     4.39 ] D: Node with id 2460 is added to Qt layer
[     4.39 ] D: Node with id 2462 is added to Qt layer
[     4.39 ] D: Node with id 2464 is added to Qt layer
[     4.39 ] D: Node with id 2466 is added to Qt layer
[     4.39 ] D: Node with id 2468 is added to Qt layer
[     4.39 ] D: Node with id 2470 is added to Qt layer
[     4.39 ] D: Node with id 2472 is added to Qt layer
[     4.39 ] D: Node with id 2474 is added to Qt layer
[     4.39 ] D: Node with id 2476 is added to Qt layer
[     4.39 ] D: Node with id 2478 is added to Qt layer
[     4.39 ] D: Node with id 2480 is added to Qt layer
[     4.39 ] D: Node with id 2482 is added to Qt layer
[     4.39 ] D: Node with id 2484 is added to Qt layer
[     4.39 ] D: Node with id 2486 is added to Qt layer
[     4.39 ] D: Node with id 2487 is added to Qt layer
[     4.39 ] D: Node with id 2489 is added to Qt layer
[     4.39 ] D: Node with id 2491 is added to Qt layer
[     4.39 ] D: Node with id 3 is added to Qt layer
[     4.39 ] D: Node with id 2493 is added to Qt layer
[     4.39 ] S: New view-port registered with id: 1
[     4.39 ] S: New view-port registered with id: 2
[     4.39 ] S: New view-port registered with id: 3
[     4.39 ] S: New view-port registered with id: 4
[     4.39 ] S: New view-port registered with id: 5
[     4.39 ] S: New view-port registered with id: 6
[     4.48 ] D: Creating suitable QNanoBackend for OpenGL 4.6 context
[     4.48 ] D: Using backend: "OpenGL 3"
[     4.51 ] W: Floating point comparison needs context sanity check
[     4.51 ] D: QT onScaleChanged=  144
[     4.70 ] D: Engine Started.
[    32.06 ] W: Model size of -60 is less than 0
[    66.29 ] D: "C:/Users/AmirPasha/Desktop/Rpos/DAW-3/daw-3-SampleEditor/visr_config/generic/bs2051-9+10+3-subwoofers-xover.xml"
[    66.31 ] D: numberOfSpeakersAndSubs 24
[    66.37 ] D: "C:/Users/AmirPasha/Desktop/Rpos/DAW-3/daw-3-SampleEditor/visr_config/generic/bs2051-9+10+3-subwoofers-xover.xml"
[    66.39 ] D: numberOfSpeakersAndSubs 24
[    66.41 ] D: "C:/Users/AmirPasha/Desktop/Rpos/DAW-3/daw-3-SampleEditor/visr_config/generic/bs2051-9+10+3-subwoofers-xover.xml"
[    66.42 ] D: numberOfSpeakersAndSubs 24
[    66.45 ] D: "C:/Users/AmirPasha/Desktop/Rpos/DAW-3/daw-3-SampleEditor/visr_config/generic/bs2051-9+10+3-subwoofers-xover.xml"
[    66.46 ] D: numberOfSpeakersAndSubs 24
[    66.48 ] D: "C:/Users/AmirPasha/Desktop/Rpos/DAW-3/daw-3-SampleEditor/visr_config/generic/bs2051-9+10+3-subwoofers-xover.xml"
[    66.50 ] D: numberOfSpeakersAndSubs 24
[    66.56 ] D: "C:/Users/AmirPasha/Desktop/Rpos/DAW-3/daw-3-SampleEditor/visr_config/generic/bs2051-9+10+3-subwoofers-xover.xml"
[    66.58 ] D: numberOfSpeakersAndSubs 24
[    66.60 ] D: "C:/Users/AmirPasha/Desktop/Rpos/DAW-3/daw-3-SampleEditor/visr_config/generic/bs2051-9+10+3-subwoofers-xover.xml"
[    66.61 ] D: numberOfSpeakersAndSubs 24
[    66.64 ] D: "C:/Users/AmirPasha/Desktop/Rpos/DAW-3/daw-3-SampleEditor/visr_config/generic/bs2051-9+10+3-subwoofers-xover.xml"
[    66.65 ] D: numberOfSpeakersAndSubs 24
[    66.67 ] D: "C:/Users/AmirPasha/Desktop/Rpos/DAW-3/daw-3-SampleEditor/visr_config/generic/bs2051-9+10+3-subwoofers-xover.xml"
[    66.68 ] D: numberOfSpeakersAndSubs 24
[    66.75 ] D: "C:/Users/AmirPasha/Desktop/Rpos/DAW-3/daw-3-SampleEditor/visr_config/generic/bs2051-9+10+3-subwoofers-xover.xml"
[    66.77 ] D: numberOfSpeakersAndSubs 24
[    66.79 ] D: "C:/Users/AmirPasha/Desktop/Rpos/DAW-3/daw-3-SampleEditor/visr_config/generic/bs2051-9+10+3-subwoofers-xover.xml"
[    66.81 ] D: numberOfSpeakersAndSubs 24
[    66.83 ] D: "C:/Users/AmirPasha/Desktop/Rpos/DAW-3/daw-3-SampleEditor/visr_config/generic/bs2051-9+10+3-subwoofers-xover.xml"
[    66.84 ] D: numberOfSpeakersAndSubs 24
[    66.87 ] D: "C:/Users/AmirPasha/Desktop/Rpos/DAW-3/daw-3-SampleEditor/visr_config/generic/bs2051-9+10+3-subwoofers-xover.xml"
[    66.88 ] D: numberOfSpeakersAndSubs 24
[    66.95 ] D: "C:/Users/AmirPasha/Desktop/Rpos/DAW-3/daw-3-SampleEditor/visr_config/generic/bs2051-9+10+3-subwoofers-xover.xml"
[    66.96 ] D: numberOfSpeakersAndSubs 24
[    66.99 ] D: "C:/Users/AmirPasha/Desktop/Rpos/DAW-3/daw-3-SampleEditor/visr_config/generic/bs2051-9+10+3-subwoofers-xover.xml"
[    67.00 ] D: numberOfSpeakersAndSubs 24
[    67.02 ] D: "C:/Users/AmirPasha/Desktop/Rpos/DAW-3/daw-3-SampleEditor/visr_config/generic/bs2051-9+10+3-subwoofers-xover.xml"
[    67.03 ] D: numberOfSpeakersAndSubs 24
[    67.06 ] D: setTracksRect
[    67.06 ] D: sltStartContentYChanged1
[    67.06 ] D: sltStartContentYChanged2
[    67.06 ] D: sltStartContentYChanged3
[    67.06 ] D: _tracksModel->getItem(i)->rect()1 0 QRect(0,0 1957x111)
[    67.06 ] D: _tracksModel->getItem(i)->rect()1 1 QRect(0,111 1957x111)
[    67.06 ] D: _tracksModel->getItem(i)->rect()1 2 QRect(0,222 1957x111)
[    67.06 ] D: _tracksModel->getItem(i)->rect()1 3 QRect(0,333 1957x111)
[    67.06 ] D: setTracksRect
[    67.06 ] D: setTracksRect
[    67.06 ] D: sltStartContentYChanged4
[    67.08 ] W: Model size of -1 is less than 0
[    75.38 ] D: P1 -880
[    75.39 ] D: P1 -884
[    75.39 ] D: P1 -884
[    75.39 ] D: P1 -886
[    75.40 ] D: P1 -887
[    75.40 ] D: P14
[    75.40 ] D: P1 -888
[    75.40 ] D: P14
[    75.41 ] D: P1 -888
[    75.41 ] D: P14
[    75.41 ] D: P1 -891
[    75.41 ] D: P14
[    75.41 ] D: P1 -892
[    75.41 ] D: P14
[    75.41 ] D: P1 -892
[    75.41 ] D: P14
[    75.43 ] D: P1 -892
[    75.43 ] D: P14
[    75.43 ] D: P1 -895
[    75.43 ] D: P14
[    75.43 ] D: P1 -896
[    75.43 ] D: P14
[    75.43 ] D: P1 -897
[    75.43 ] D: P14
[    75.43 ] D: P1 -898
[    75.43 ] D: P14
[    75.44 ] D: P1 -901
[    75.44 ] D: P14
[    75.45 ] D: P1 -902
[    75.45 ] D: P14
[    75.45 ] D: P1 -902
[    75.45 ] D: P14
[    75.45 ] D: P1 -903
[    75.45 ] D: P14
[    75.45 ] D: P1 -904
[    75.45 ] D: P14
[    75.46 ] D: P1 -906
[    75.46 ] D: P14
[    75.46 ] D: P1 -906
[    75.46 ] D: P14
[    75.46 ] D: P1 -907
[    75.46 ] D: P14
[    75.47 ] D: P1 -908
[    75.47 ] D: P14
[    75.48 ] D: P1 -908
[    75.48 ] D: P14
[    75.48 ] D: P1 -911
[    75.48 ] D: P14
[    75.48 ] D: P1 -911
[    75.48 ] D: P14
[    75.48 ] D: P1 -911
[    75.48 ] D: P14
[    75.49 ] D: P1 -912
[    75.49 ] D: P14
[    75.49 ] D: P1 -914
[    75.49 ] D: P14
[    75.50 ] D: P1 -915
[    75.50 ] D: P14
[    75.50 ] D: P1 -915
[    75.50 ] D: P14
[    75.50 ] D: P1 -916
[    75.50 ] D: P14
[    75.51 ] D: P1 -918
[    75.51 ] D: P14
[    75.51 ] D: P1 -918
[    75.51 ] D: P14
