[     2.47 ] I: Log: Log file open in follow path at 1403/3/5 10:17:24 : C:\Projects\SampleEditor\build2019\debug\Logs\Launch.log
[     2.47 ] I: The subsystem "class DGE::Core::IO::LogSystem::Logger" is registered successfully.
[     2.47 ] I: The subsystem "class DGE::Core::Windows::QtWindow" is registered successfully.
[     2.47 ] D: API version is: 4.60 - Build 31.0.101.4502 ,shader version is: 4.60 - Build 31.0.101.4502
[     2.47 ] I: The subsystem "class DGE::GFX::GCore::QtWrapper::QtRenderer" is registered successfully.
[     2.47 ] I: Current Render API is: 4.60 - Build 31.0.101.4502
[     2.47 ] I: The subsystem "Renderer" is registered successfully.
[     2.47 ] I: The subsystem "class DGE::Core::Platforms::QtPlatform" is registered successfully.
[     2.47 ] I: The subsystem "Platform" is registered successfully.
[     2.47 ] I: The subsystem "class DGE::Core::IO::FileSystem::FileManager" is registered successfully.
[     2.47 ] I: The subsystem "class DGE::Core::CoreModule" is registered successfully.
[     2.47 ] I: The subsystem "class DGE::Core::Profiling::Profiler" is registered successfully.
[     2.48 ] I: The subsystem "class DGE::GFX::DrawablesManager" is registered successfully.
[     2.48 ] I: #version 460 core
#define GLES_Ver 460

[     2.48 ] I: The subsystem "class DGE::GFX::GraphicsManager" is registered successfully.
[     2.48 ] I: The subsystem "class DGE::GFX::GFXModule" is registered successfully.
[     2.48 ] D: Shader Compile successfully.
[     2.48 ] I: The subsystem "class DGE::Scene::ViewportManager" is registered successfully.
[     2.48 ] I: The subsystem "class DGE::Scene::SceneModule" is registered successfully.
[     2.48 ] I: The subsystem "class DGE::Managers::RenderManager" is registered successfully.
[     2.48 ] D: Engine Enabled
[     2.48 ] I: The subsystem "class DGE::Engine" is registered successfully.
[     2.48 ] D: Node with id 1 is added to Qt layer
[     2.48 ] D: Node with id 2460 is added to Qt layer
[     2.48 ] D: Node with id 2462 is added to Qt layer
[     2.48 ] D: Node with id 2464 is added to Qt layer
[     2.48 ] D: Node with id 2466 is added to Qt layer
[     2.48 ] D: Node with id 2468 is added to Qt layer
[     2.48 ] D: Node with id 2470 is added to Qt layer
[     2.48 ] D: Node with id 2472 is added to Qt layer
[     2.48 ] D: Node with id 2474 is added to Qt layer
[     2.48 ] D: Node with id 2476 is added to Qt layer
[     2.48 ] D: Node with id 2478 is added to Qt layer
[     2.48 ] D: Node with id 2480 is added to Qt layer
[     2.48 ] D: Node with id 2482 is added to Qt layer
[     2.48 ] D: Node with id 2484 is added to Qt layer
[     2.48 ] D: Node with id 2486 is added to Qt layer
[     2.48 ] D: Node with id 2487 is added to Qt layer
[     2.48 ] D: Node with id 2489 is added to Qt layer
[     2.48 ] D: Node with id 2491 is added to Qt layer
[     2.48 ] D: Node with id 3 is added to Qt layer
[     2.48 ] D: Node with id 2493 is added to Qt layer
[     2.48 ] S: New view-port registered with id: 1
[     2.48 ] S: New view-port registered with id: 2
[     2.48 ] S: New view-port registered with id: 3
[     2.48 ] S: New view-port registered with id: 4
[     2.48 ] S: New view-port registered with id: 5
[     2.48 ] S: New view-port registered with id: 6
[     2.55 ] D: Creating suitable QNanoBackend for OpenGL 4.6 context
[     2.55 ] D: Using backend: "OpenGL 3"
[     2.56 ] E: Src: D:\QD-27-3dEnvironmentToolbox\EngineLib\Core/System/Context.hpp:47:DGE::Core::System::Context::registerEvent:  A duplicate event with name "nodeAddedToScene" is registered for object "class DGE::Scene::SceneNode_SceneNode1"
[     2.56 ] E: Src: D:\QD-27-3dEnvironmentToolbox\EngineLib\Core/System/Context.hpp:47:DGE::Core::System::Context::registerEvent:  A duplicate event with name "nodeRemovedFromScene" is registered for object "class DGE::Scene::SceneNode_SceneNode1"
[     2.56 ] E: Src: D:\QD-27-3dEnvironmentToolbox\EngineLib\Core/System/Context.hpp:47:DGE::Core::System::Context::registerEvent:  A duplicate event with name "componentAddedToScene" is registered for object "class DGE::Scene::SceneNode_SceneNode1"
[     2.56 ] E: Src: D:\QD-27-3dEnvironmentToolbox\EngineLib\Core/System/Context.hpp:47:DGE::Core::System::Context::registerEvent:  A duplicate event with name "componentRemovedFromScene" is registered for object "class DGE::Scene::SceneNode_SceneNode1"
[     2.56 ] D: Shader Compile successfully.
[     2.56 ] D: Shader Compile successfully.
[     2.56 ] D: Shader Compile successfully.
[     2.56 ] D: Shader Compile successfully.
[     2.56 ] D: Shader Compile successfully.
[     2.57 ] D: Shader Compile successfully.
[     2.57 ] D: Shader Compile successfully.
[     2.57 ] D: Shader Compile successfully.
[     2.57 ] D: Shader Compile successfully.
[     2.57 ] D: Shader Compile successfully.
[     2.57 ] D: Shader Compile successfully.
[     2.57 ] D: Shader Compile successfully.
[     2.57 ] D: Shader Compile successfully.
[     2.58 ] D: Shader Compile successfully.
[     2.58 ] D: Shader Compile successfully.
[     2.58 ] D: Shader Compile successfully.
[     2.58 ] D: Shader Compile successfully.
[     2.60 ] W: Floating point comparison needs context sanity check
[     2.60 ] D: QT onScaleChanged=  96
[     2.69 ] D: Engine Started.
[    96.91 ] D: findOverlayItems 1 0
[    96.91 ] D: "{09952dfb-a482-498c-984c-4834d5c88da0}" i.value()->sampleClip()->startTime()  21000 36483.9 36483.9 21000
[    99.15 ] D: setRowsExpandedCount 3
[    99.30 ] D: setRowsExpandedCount 2
[   100.00 ] D: setRowsExpandedCount 3
[   100.52 ] D: setRowsExpandedCount 4
[   103.93 ] W: ShaderEffectSource: 'recursive' must be set to true when rendering recursively.
[   107.47 ] D: value.toBool() true
[   122.80 ] D: _startSelectedClipIndex123 "{09952dfb-a482-498c-984c-4834d5c88da0}"
[   122.80 ] D: copySelectedArea1; QRectF(21000,0 15483.9x74) QRect(0,0 1855x74)
[   122.80 ] D: copySelectedArea3
[   122.81 ] D: copySelectedArea1; QRectF(21000,0 15483.9x74) QRect(0,74 1855x74)
[   122.81 ] D: copySelectedArea1; QRectF(21000,0 15483.9x74) QRect(0,148 1855x74)
[   122.81 ] D: copySelectedArea1; QRectF(21000,0 15483.9x74) QRect(0,222 1855x74)
[   122.81 ] D: Ok
[   122.81 ] D: OK
[   122.81 ] D: OK
[   122.81 ] D: IOIO 0 0
[   122.81 ] D: RETURN 0 0 -1 1 1 -1
[   122.81 ] D: RETURN
[   122.81 ] D: IOIO 0 0
[   122.81 ] D: RETURN 0 0 -1 1 2 -1
[   122.81 ] D: RETURN
[   122.81 ] D: IOIO 0 0
[   122.81 ] D: RETURN 0 0 -1 1 3 -1
[   122.81 ] D: RETURN
[   122.81 ] D: IOIO 0 0
[   123.73 ] D: D1
[   123.73 ] D: REMOVED1 0 -1 false 0 0 -1 1 21000 36483.9 0
[   123.73 ] D: REMOVED1 0 -1 false 0 0 -1 1 21000 36483.9 0
[   123.73 ] D: D1
[   123.73 ] D: REMOVED1 1 -1 false 0 0 -1 1 21000 36483.9 0
[   123.73 ] D: REMOVED1 1 -1 false 0 0 -1 1 21000 36483.9 0
[   123.73 ] D: D1
[   123.73 ] D: REMOVED1 2 -1 false 0 0 -1 1 21000 36483.9 0
[   123.73 ] D: REMOVED1 2 -1 false 0 0 -1 1 21000 36483.9 0
[   123.73 ] D: D1
[   123.73 ] D: REMOVED1 3 -1 false 0 0 -1 1 21000 36483.9 0
[   123.73 ] D: REMOVED1 3 -1 false 0 0 -1 1 21000 36483.9 0
[   123.73 ] D: deleteSelectedArea QRectF(21000,0 15483.9x74) QRect(0,0 1855x74)
[   123.73 ] D: findOverlayItems 1 0
[   123.73 ] D: "{09952dfb-a482-498c-984c-4834d5c88da0}" i.value()->sampleClip()->startTime()  21000 36483.9 36483.9 21000
[   123.73 ] D: deleteSelectedArea1 21000 36483.9
[   123.73 ] D: deleteSelectedArea3
[   123.75 ] D: deleteSelectedArea QRectF(21000,0 15483.9x74) QRect(0,74 1855x74)
[   123.75 ] D: deleteSelectedArea QRectF(21000,0 15483.9x74) QRect(0,148 1855x74)
[   123.75 ] D: deleteSelectedArea QRectF(21000,0 15483.9x74) QRect(0,222 1855x74)
[   143.69 ] D: createSelectedPoints 0 -1
[   143.69 ] D: inSelectedLineRETURN1
[   209.69 ] D: inSelectedLineRETURN1
[   209.72 ] D: inSelectedLineRETURN1
[   209.73 ] D: inSelectedLineRETURN1
[   209.74 ] D: inSelectedLineRETURN1
[   209.76 ] D: inSelectedLineRETURN1
[   209.77 ] D: inSelectedLineRETURN1
[   209.79 ] D: inSelectedLineRETURN1
[   209.81 ] D: inSelectedLineRETURN1
[   209.82 ] D: inSelectedLineRETURN1
[   209.85 ] D: inSelectedLineRETURN1
[   209.86 ] D: inSelectedLineRETURN1
[   209.87 ] D: inSelectedLineRETURN1
[   209.89 ] D: inSelectedLineRETURN1
[   209.91 ] D: inSelectedLineRETURN1
[   209.92 ] D: inSelectedLineRETURN1
[   209.94 ] D: inSelectedLineRETURN1
[   209.96 ] D: inSelectedLineRETURN1
[   209.97 ] D: inSelectedLineRETURN1
[   209.99 ] D: inSelectedLineRETURN1
[   210.01 ] D: inSelectedLineRETURN1
[   210.02 ] D: inSelectedLineRETURN1
[   210.04 ] D: inSelectedLineRETURN1
[   210.06 ] D: inSelectedLineRETURN1
[   210.07 ] D: inSelectedLineRETURN1
[   210.09 ] D: inSelectedLineRETURN1
[   210.11 ] D: inSelectedLineRETURN1
[   210.12 ] D: inSelectedLineRETURN1
[   210.14 ] D: inSelectedLineRETURN1
[   210.16 ] D: inSelectedLineRETURN1
[   210.17 ] D: inSelectedLineRETURN1
[   210.21 ] D: inSelectedLineRETURN1
[   210.27 ] D: inSelectedLineRETURN1
[   210.34 ] D: inSelectedLineRETURN1
[   210.36 ] D: inSelectedLineRETURN1
[   210.37 ] D: inSelectedLineRETURN1
[   210.39 ] D: inSelectedLineRETURN1
[   210.41 ] D: inSelectedLineRETURN1
[   210.42 ] D: inSelectedLineRETURN1
[   210.44 ] D: inSelectedLineRETURN1
[   210.46 ] D: inSelectedLineRETURN1
[   210.47 ] D: inSelectedLineRETURN1
[   210.49 ] D: inSelectedLineRETURN1
[   210.51 ] D: inSelectedLineRETURN1
[   210.52 ] D: inSelectedLineRETURN1
[   210.54 ] D: inSelectedLineRETURN1
[   210.57 ] D: inSelectedLineRETURN1
[   210.58 ] D: inSelectedLineRETURN1
[   210.59 ] D: inSelectedLineRETURN1
[   210.61 ] D: inSelectedLineRETURN1
[   210.62 ] D: inSelectedLineRETURN1
[   210.64 ] D: inSelectedLineRETURN1
[   210.66 ] D: inSelectedLineRETURN1
[   210.68 ] D: inSelectedLineRETURN1
[   210.69 ] D: inSelectedLineRETURN1
[   210.71 ] D: inSelectedLineRETURN1
[   210.73 ] D: inSelectedLineRETURN1
[   210.74 ] D: inSelectedLineRETURN1
[   210.76 ] D: inSelectedLineRETURN1
[   210.77 ] D: inSelectedLineRETURN1
[   210.79 ] D: inSelectedLineRETURN1
[   210.81 ] D: inSelectedLineRETURN1
[   210.82 ] D: inSelectedLineRETURN1
[   210.84 ] D: inSelectedLineRETURN1
[   210.87 ] D: inSelectedLineRETURN1
[   210.88 ] D: inSelectedLineRETURN1
[   210.89 ] D: inSelectedLineRETURN1
[   210.91 ] D: inSelectedLineRETURN1
[   210.92 ] D: inSelectedLineRETURN1
[   210.94 ] D: inSelectedLineRETURN1
[   211.07 ] D: inSelectedLineRETURN1
[   211.09 ] D: inSelectedLineRETURN1
[   211.11 ] D: inSelectedLineRETURN1
[   211.12 ] D: inSelectedLineRETURN1
[   211.14 ] D: inSelectedLineRETURN1
[   211.16 ] D: inSelectedLineRETURN1
[   211.18 ] D: inSelectedLineRETURN1
[   211.19 ] D: inSelectedLineRETURN1
[   211.21 ] D: inSelectedLineRETURN1
[   211.22 ] D: inSelectedLineRETURN1
[   211.24 ] D: inSelectedLineRETURN1
[   211.26 ] D: inSelectedLineRETURN1
[   211.27 ] D: inSelectedLineRETURN1
[   211.29 ] D: inSelectedLineRETURN1
[   211.31 ] D: inSelectedLineRETURN1
[   211.32 ] D: inSelectedLineRETURN1
[   211.34 ] D: inSelectedLineRETURN1
[   211.37 ] D: inSelectedLineRETURN1
[   211.39 ] D: inSelectedLineRETURN1
[   211.41 ] D: inSelectedLineRETURN1
[   211.42 ] D: inSelectedLineRETURN1
[   211.44 ] D: inSelectedLineRETURN1
[   211.46 ] D: inSelectedLineRETURN1
[   211.47 ] D: inSelectedLineRETURN1
[   211.49 ] D: inSelectedLineRETURN1
[   211.51 ] D: inSelectedLineRETURN1
[   211.52 ] D: inSelectedLineRETURN1
[   211.54 ] D: inSelectedLineRETURN1
[   211.56 ] D: inSelectedLineRETURN1
[   211.57 ] D: inSelectedLineRETURN1
[   211.59 ] D: inSelectedLineRETURN1
[   211.61 ] D: inSelectedLineRETURN1
[   211.63 ] D: inSelectedLineRETURN1
[   211.65 ] D: inSelectedLineRETURN1
[   211.66 ] D: inSelectedLineRETURN1
[   211.67 ] D: inSelectedLineRETURN1
[   211.69 ] D: inSelectedLineRETURN1
[   211.71 ] D: inSelectedLineRETURN1
[   211.72 ] D: inSelectedLineRETURN1
[   211.75 ] D: inSelectedLineRETURN1
[   211.76 ] D: inSelectedLineRETURN1
[   211.77 ] D: inSelectedLineRETURN1
[   211.79 ] D: inSelectedLineRETURN1
[   211.81 ] D: inSelectedLineRETURN1
[   211.83 ] D: inSelectedLineRETURN1
[   211.84 ] D: inSelectedLineRETURN1
[   211.86 ] D: inSelectedLineRETURN1
[   211.88 ] D: inSelectedLineRETURN1
[   211.90 ] D: inSelectedLineRETURN1
[   211.91 ] D: inSelectedLineRETURN1
[   211.92 ] D: inSelectedLineRETURN1
[   211.94 ] D: inSelectedLineRETURN1
[   211.96 ] D: inSelectedLineRETURN1
[   211.97 ] D: inSelectedLineRETURN1
[   211.99 ] D: inSelectedLineRETURN1
[   212.01 ] D: inSelectedLineRETURN1
[   212.02 ] D: inSelectedLineRETURN1
[   212.04 ] D: inSelectedLineRETURN1
[   212.06 ] D: inSelectedLineRETURN1
[   212.07 ] D: inSelectedLineRETURN1
[   212.09 ] D: inSelectedLineRETURN1
[   212.11 ] D: inSelectedLineRETURN1
[   212.12 ] D: inSelectedLineRETURN1
[   212.14 ] D: inSelectedLineRETURN1
[   212.16 ] D: inSelectedLineRETURN1
[   212.18 ] D: inSelectedLineRETURN1
[   212.19 ] D: inSelectedLineRETURN1
[   212.21 ] D: inSelectedLineRETURN1
[   212.22 ] D: inSelectedLineRETURN1
[   212.24 ] D: inSelectedLineRETURN1
[   212.26 ] D: inSelectedLineRETURN1
[   212.68 ] D: inSelectedLineRETURN1
[   212.71 ] D: inSelectedLineRETURN1
[   212.92 ] D: inSelectedLineRETURN1
[   212.94 ] D: inSelectedLineRETURN1
[   212.97 ] D: inSelectedLineRETURN1
[   213.01 ] D: inSelectedLineRETURN1
[   213.02 ] D: inSelectedLineRETURN1
[   213.04 ] D: inSelectedLineRETURN1
[   213.06 ] D: inSelectedLineRETURN1
[   213.07 ] D: inSelectedLineRETURN1
[   213.09 ] D: inSelectedLineRETURN1
[   213.11 ] D: inSelectedLineRETURN1
[   213.12 ] D: inSelectedLineRETURN1
[   213.14 ] D: inSelectedLineRETURN1
[   213.16 ] D: inSelectedLineRETURN1
[   213.17 ] D: inSelectedLineRETURN1
[   213.19 ] D: inSelectedLineRETURN1
[   213.21 ] D: inSelectedLineRETURN1
[   213.22 ] D: inSelectedLineRETURN1
[   213.24 ] D: inSelectedLineRETURN1
[   213.26 ] D: inSelectedLineRETURN1
[   213.27 ] D: inSelectedLineRETURN1
[   213.29 ] D: inSelectedLineRETURN1
[   213.31 ] D: inSelectedLineRETURN1
[   213.32 ] D: inSelectedLineRETURN1
[   213.34 ] D: inSelectedLineRETURN1
[   213.36 ] D: inSelectedLineRETURN1
[   213.37 ] D: inSelectedLineRETURN1
[   213.39 ] D: inSelectedLineRETURN1
[   213.41 ] D: inSelectedLineRETURN1
[   213.42 ] D: inSelectedLineRETURN1
[   213.59 ] D: inSelectedLineRETURN1
[   213.61 ] D: inSelectedLineRETURN1
[   213.62 ] D: inSelectedLineRETURN1
[   213.64 ] D: inSelectedLineRETURN1
[   213.66 ] D: inSelectedLineRETURN1
[   213.67 ] D: inSelectedLineRETURN1
[   213.69 ] D: inSelectedLineRETURN1
[   213.71 ] D: inSelectedLineRETURN1
[   213.79 ] D: inSelectedLineRETURN1
[   213.82 ] D: inSelectedLineRETURN1
[   213.94 ] D: inSelectedLineRETURN1
[   213.99 ] D: inSelectedLineRETURN1
[   214.82 ] D: inSelectedLineRETURN1
[   214.84 ] D: inSelectedLineRETURN1
[   214.96 ] D: inSelectedLineRETURN1
[   215.04 ] D: inSelectedLineRETURN1
[   215.82 ] D: inSelectedLineRETURN1
[   215.91 ] D: inSelectedLineRETURN1
[   215.97 ] D: inSelectedLineRETURN1
[   216.11 ] D: inSelectedLineRETURN1
[   216.84 ] D: inSelectedLineRETURN1
[   216.91 ] D: inSelectedLineRETURN1
[   216.97 ] D: inSelectedLineRETURN1
[   216.99 ] D: inSelectedLineRETURN1
[   217.51 ] D: inSelectedLineRETURN1
[   217.52 ] D: inSelectedLineRETURN1
[   217.54 ] D: inSelectedLineRETURN1
[   217.56 ] D: inSelectedLineRETURN1
[   217.57 ] D: inSelectedLineRETURN1
[   217.59 ] D: inSelectedLineRETURN1
[   217.61 ] D: inSelectedLineRETURN1
[   217.62 ] D: inSelectedLineRETURN1
[   217.64 ] D: inSelectedLineRETURN1
[   217.66 ] D: inSelectedLineRETURN1
[   217.67 ] D: inSelectedLineRETURN1
[   217.69 ] D: inSelectedLineRETURN1
[   217.71 ] D: inSelectedLineRETURN1
[   217.72 ] D: inSelectedLineRETURN1
[   217.74 ] D: inSelectedLineRETURN1
[   217.76 ] D: inSelectedLineRETURN1
[   217.77 ] D: inSelectedLineRETURN1
[   217.79 ] D: inSelectedLineRETURN1
[   217.81 ] D: inSelectedLineRETURN1
[   217.83 ] D: inSelectedLineRETURN1
[   217.84 ] D: inSelectedLineRETURN1
[   217.86 ] D: inSelectedLineRETURN1
[   217.87 ] D: inSelectedLineRETURN1
[   217.89 ] D: inSelectedLineRETURN1
[   217.91 ] D: inSelectedLineRETURN1
[   217.93 ] D: inSelectedLineRETURN1
[   217.95 ] D: inSelectedLineRETURN1
[   217.96 ] D: inSelectedLineRETURN1
[   217.98 ] D: inSelectedLineRETURN1
[   217.99 ] D: inSelectedLineRETURN1
[   218.01 ] D: inSelectedLineRETURN1
[   218.02 ] D: inSelectedLineRETURN1
[   218.04 ] D: inSelectedLineRETURN1
[   218.06 ] D: inSelectedLineRETURN1
[   218.08 ] D: inSelectedLineRETURN1
[   218.09 ] D: inSelectedLineRETURN1
[   218.11 ] D: inSelectedLineRETURN1
[   218.12 ] D: inSelectedLineRETURN1
[   218.14 ] D: inSelectedLineRETURN1
[   218.17 ] D: inSelectedLineRETURN1
[   218.18 ] D: inSelectedLineRETURN1
[   218.19 ] D: inSelectedLineRETURN1
[   218.21 ] D: inSelectedLineRETURN1
[   218.23 ] D: inSelectedLineRETURN1
[   218.24 ] D: inSelectedLineRETURN1
[   218.26 ] D: inSelectedLineRETURN1
[   218.27 ] D: inSelectedLineRETURN1
[   218.29 ] D: inSelectedLineRETURN1
[   218.31 ] D: inSelectedLineRETURN1
[   218.32 ] D: inSelectedLineRETURN1
[   218.34 ] D: inSelectedLineRETURN1
[   218.36 ] D: inSelectedLineRETURN1
[   218.37 ] D: inSelectedLineRETURN1
[   218.39 ] D: inSelectedLineRETURN1
[   218.41 ] D: inSelectedLineRETURN1
[   218.42 ] D: inSelectedLineRETURN1
[   218.69 ] D: inSelectedLineRETURN1
[   218.71 ] D: inSelectedLineRETURN1
[   218.72 ] D: inSelectedLineRETURN1
[   218.74 ] D: inSelectedLineRETURN1
[   218.76 ] D: inSelectedLineRETURN1
[   218.77 ] D: inSelectedLineRETURN1
[   218.79 ] D: inSelectedLineRETURN1
[   218.81 ] D: inSelectedLineRETURN1
[   218.82 ] D: inSelectedLineRETURN1
[   218.85 ] D: inSelectedLineRETURN1
[   218.86 ] D: inSelectedLineRETURN1
[   218.87 ] D: inSelectedLineRETURN1
[   218.89 ] D: inSelectedLineRETURN1
[   223.01 ] D: inSelectedLineRETURN1
[   223.02 ] D: inSelectedLineRETURN1
[   223.04 ] D: inSelectedLineRETURN1
[   223.07 ] D: inSelectedLineRETURN1
[   223.08 ] D: inSelectedLineRETURN1
[   223.09 ] D: inSelectedLineRETURN1
[   223.11 ] D: inSelectedLineRETURN1
[   223.12 ] D: inSelectedLineRETURN1
[   223.14 ] D: inSelectedLineRETURN1
[   223.16 ] D: inSelectedLineRETURN1
[   223.18 ] D: inSelectedLineRETURN1
[   223.19 ] D: inSelectedLineRETURN1
[   223.21 ] D: inSelectedLineRETURN1
[   223.25 ] D: inSelectedLineRETURN1
[   223.26 ] D: inSelectedLineRETURN1
[   223.27 ] D: inSelectedLineRETURN1
[   223.31 ] D: inSelectedLineRETURN1
[   223.32 ] D: inSelectedLineRETURN1
[   223.37 ] D: inSelectedLineRETURN1
[   223.42 ] D: inSelectedLineRETURN1
[   223.44 ] D: inSelectedLineRETURN1
[   223.47 ] D: inSelectedLineRETURN1
[   223.54 ] D: inSelectedLineRETURN1
[   223.59 ] D: inSelectedLineRETURN1
[   223.62 ] D: inSelectedLineRETURN1
[   223.67 ] D: inSelectedLineRETURN1
[   223.79 ] D: inSelectedLineRETURN1
[   223.81 ] D: inSelectedLineRETURN1
[   223.82 ] D: inSelectedLineRETURN1
[   223.84 ] D: inSelectedLineRETURN1
[   223.86 ] D: inSelectedLineRETURN1
[   223.88 ] D: inSelectedLineRETURN1
[   223.89 ] D: inSelectedLineRETURN1
[   223.91 ] D: inSelectedLineRETURN1
[   223.92 ] D: inSelectedLineRETURN1
[   223.94 ] D: inSelectedLineRETURN1
[   223.96 ] D: inSelectedLineRETURN1
[   223.97 ] D: inSelectedLineRETURN1
[   223.99 ] D: inSelectedLineRETURN1
[   224.01 ] D: inSelectedLineRETURN1
[   224.02 ] D: inSelectedLineRETURN1
[   224.04 ] D: inSelectedLineRETURN1
[   224.06 ] D: inSelectedLineRETURN1
[   224.09 ] D: inSelectedLineRETURN1
[   224.09 ] D: inSelectedLineRETURN1
[   224.11 ] D: inSelectedLineRETURN1
[   224.12 ] D: inSelectedLineRETURN1
[   224.14 ] D: inSelectedLineRETURN1
[   224.16 ] D: inSelectedLineRETURN1
[   224.18 ] D: inSelectedLineRETURN1
[   230.71 ] D: inSelectedLineRETURN1
[   230.79 ] D: inSelectedLineRETURN1
[   231.06 ] D: inSelectedLineRETURN1
[   231.22 ] D: inSelectedLineRETURN1
[   231.51 ] D: inSelectedLineRETURN1
[   234.40 ] D: inSelectedLineRETURN1
[   234.43 ] D: inSelectedLineRETURN1
[   234.48 ] D: inSelectedLineRETURN1
[   234.51 ] D: inSelectedLineRETURN1
[   234.56 ] D: inSelectedLineRETURN1
[   234.59 ] D: inSelectedLineRETURN1
[   234.61 ] D: inSelectedLineRETURN1
[   234.63 ] D: inSelectedLineRETURN1
[   234.66 ] D: inSelectedLineRETURN1
[   234.68 ] D: inSelectedLineRETURN1
[   234.70 ] D: inSelectedLineRETURN1
[   234.73 ] D: inSelectedLineRETURN1
[   234.74 ] D: inSelectedLineRETURN1
[   234.77 ] D: inSelectedLineRETURN1
[   234.79 ] D: inSelectedLineRETURN1
[   234.82 ] D: inSelectedLineRETURN1
[   234.84 ] D: inSelectedLineRETURN1
[   234.86 ] D: inSelectedLineRETURN1
[   234.90 ] D: inSelectedLineRETURN1
[   234.92 ] D: inSelectedLineRETURN1
[   234.94 ] D: inSelectedLineRETURN1
[   234.96 ] D: inSelectedLineRETURN1
[   234.98 ] D: inSelectedLineRETURN1
[   235.03 ] D: inSelectedLineRETURN1
[   235.05 ] D: inSelectedLineRETURN1
[   235.07 ] D: inSelectedLineRETURN1
[   235.10 ] D: inSelectedLineRETURN1
[   235.12 ] D: inSelectedLineRETURN1
[   235.14 ] D: inSelectedLineRETURN1
[   235.16 ] D: inSelectedLineRETURN1
[   235.18 ] D: inSelectedLineRETURN1
[   235.23 ] D: inSelectedLineRETURN1
[   235.27 ] D: inSelectedLineRETURN1
[   235.31 ] D: inSelectedLineRETURN1
[   235.33 ] D: inSelectedLineRETURN1
[   235.38 ] D: inSelectedLineRETURN1
[   235.41 ] D: inSelectedLineRETURN1
[   235.45 ] D: inSelectedLineRETURN1
[   235.48 ] D: inSelectedLineRETURN1
[   235.50 ] D: inSelectedLineRETURN1
[   235.52 ] D: inSelectedLineRETURN1
[   235.55 ] D: inSelectedLineRETURN1
[   235.58 ] D: inSelectedLineRETURN1
[   235.60 ] D: inSelectedLineRETURN1
[   235.62 ] D: inSelectedLineRETURN1
[   235.63 ] D: inSelectedLineRETURN1
[   235.66 ] D: inSelectedLineRETURN1
[   235.69 ] D: inSelectedLineRETURN1
[   235.72 ] D: inSelectedLineRETURN1
[   235.73 ] D: inSelectedLineRETURN1
[   235.76 ] D: inSelectedLineRETURN1
[   235.78 ] D: inSelectedLineRETURN1
[   235.80 ] D: inSelectedLineRETURN1
[   235.83 ] D: inSelectedLineRETURN1
[   235.84 ] D: inSelectedLineRETURN1
[   235.88 ] D: inSelectedLineRETURN1
[   235.89 ] D: inSelectedLineRETURN1
[   235.93 ] D: inSelectedLineRETURN1
[   235.94 ] D: inSelectedLineRETURN1
[   235.99 ] D: inSelectedLineRETURN1
[   236.01 ] D: inSelectedLineRETURN1
[   236.03 ] D: inSelectedLineRETURN1
[   236.06 ] D: inSelectedLineRETURN1
[   236.08 ] D: inSelectedLineRETURN1
[   236.10 ] D: inSelectedLineRETURN1
[   236.13 ] D: inSelectedLineRETURN1
[   236.15 ] D: inSelectedLineRETURN1
[   236.17 ] D: inSelectedLineRETURN1
[   236.19 ] D: inSelectedLineRETURN1
[   236.21 ] D: inSelectedLineRETURN1
[   236.23 ] D: inSelectedLineRETURN1
[   236.26 ] D: inSelectedLineRETURN1
[   236.27 ] D: inSelectedLineRETURN1
[   236.29 ] D: inSelectedLineRETURN1
[   236.31 ] D: inSelectedLineRETURN1
[   236.33 ] D: inSelectedLineRETURN1
[   236.35 ] D: inSelectedLineRETURN1
[   236.37 ] D: inSelectedLineRETURN1
[   236.38 ] D: inSelectedLineRETURN1
[   236.40 ] D: inSelectedLineRETURN1
[   236.42 ] D: inSelectedLineRETURN1
[   236.44 ] D: inSelectedLineRETURN1
[   236.46 ] D: inSelectedLineRETURN1
[   236.48 ] D: inSelectedLineRETURN1
[   236.49 ] D: inSelectedLineRETURN1
[   236.51 ] D: inSelectedLineRETURN1
[   236.53 ] D: inSelectedLineRETURN1
[   236.55 ] D: inSelectedLineRETURN1
[   236.57 ] D: inSelectedLineRETURN1
[   236.58 ] D: inSelectedLineRETURN1
[   236.60 ] D: inSelectedLineRETURN1
[   236.62 ] D: inSelectedLineRETURN1
[   236.64 ] D: inSelectedLineRETURN1
[   236.66 ] D: inSelectedLineRETURN1
[   236.79 ] D: inSelectedLineRETURN1
[   236.84 ] D: inSelectedLineRETURN1
[   236.88 ] D: inSelectedLineRETURN1
[   236.91 ] D: inSelectedLineRETURN1
[   236.94 ] D: inSelectedLineRETURN1
[   236.98 ] D: inSelectedLineRETURN1
[   237.01 ] D: inSelectedLineRETURN1
[   237.02 ] D: inSelectedLineRETURN1
[   237.04 ] D: inSelectedLineRETURN1
[   237.07 ] D: inSelectedLineRETURN1
[   237.09 ] D: inSelectedLineRETURN1
[   237.11 ] D: inSelectedLineRETURN1
[   237.13 ] D: inSelectedLineRETURN1
[   237.15 ] D: inSelectedLineRETURN1
[   237.17 ] D: inSelectedLineRETURN1
[   237.19 ] D: inSelectedLineRETURN1
[   237.21 ] D: inSelectedLineRETURN1
[   237.24 ] D: inSelectedLineRETURN1
[   237.27 ] D: inSelectedLineRETURN1
[   237.28 ] D: inSelectedLineRETURN1
[   237.32 ] D: inSelectedLineRETURN1
[   237.33 ] D: inSelectedLineRETURN1
[   237.36 ] D: inSelectedLineRETURN1
[   237.38 ] D: inSelectedLineRETURN1
[   237.40 ] D: inSelectedLineRETURN1
[   237.42 ] D: inSelectedLineRETURN1
[   237.45 ] D: inSelectedLineRETURN1
[   237.47 ] D: inSelectedLineRETURN1
[   237.49 ] D: inSelectedLineRETURN1
[   237.50 ] D: inSelectedLineRETURN1
[   237.52 ] D: inSelectedLineRETURN1
[   237.54 ] D: inSelectedLineRETURN1
[   237.56 ] D: inSelectedLineRETURN1
[   237.58 ] D: inSelectedLineRETURN1
[   237.60 ] D: inSelectedLineRETURN1
[   237.62 ] D: inSelectedLineRETURN1
[   237.64 ] D: inSelectedLineRETURN1
[   237.66 ] D: inSelectedLineRETURN1
[   237.69 ] D: inSelectedLineRETURN1
[   237.71 ] D: inSelectedLineRETURN1
[   237.73 ] D: inSelectedLineRETURN1
[   237.75 ] D: inSelectedLineRETURN1
[   237.77 ] D: inSelectedLineRETURN1
[   237.78 ] D: inSelectedLineRETURN1
[   237.81 ] D: inSelectedLineRETURN1
[   237.83 ] D: inSelectedLineRETURN1
[   237.85 ] D: inSelectedLineRETURN1
[   238.38 ] D: inSelectedLineRETURN1
[   238.41 ] D: inSelectedLineRETURN1
[   238.44 ] D: inSelectedLineRETURN1
[   238.48 ] D: inSelectedLineRETURN1
[   238.49 ] D: inSelectedLineRETURN1
[   238.51 ] D: inSelectedLineRETURN1
[   238.54 ] D: inSelectedLineRETURN1
[   238.58 ] D: inSelectedLineRETURN1
[   238.60 ] D: inSelectedLineRETURN1
[   238.63 ] D: inSelectedLineRETURN1
[   238.65 ] D: inSelectedLineRETURN1
[   238.68 ] D: inSelectedLineRETURN1
[   238.69 ] D: inSelectedLineRETURN1
[   238.71 ] D: inSelectedLineRETURN1
[   238.73 ] D: inSelectedLineRETURN1
[   238.76 ] D: inSelectedLineRETURN1
[   238.78 ] D: inSelectedLineRETURN1
[   238.79 ] D: inSelectedLineRETURN1
[   238.83 ] D: inSelectedLineRETURN1
[   238.84 ] D: inSelectedLineRETURN1
[   238.86 ] D: inSelectedLineRETURN1
[   238.88 ] D: inSelectedLineRETURN1
[   238.90 ] D: inSelectedLineRETURN1
[   238.91 ] D: inSelectedLineRETURN1
[   238.94 ] D: inSelectedLineRETURN1
[   238.96 ] D: inSelectedLineRETURN1
[   238.98 ] D: inSelectedLineRETURN1
[   239.00 ] D: inSelectedLineRETURN1
[   239.02 ] D: inSelectedLineRETURN1
[   239.51 ] D: inSelectedLineRETURN1
[   239.52 ] D: inSelectedLineRETURN1
[   239.54 ] D: inSelectedLineRETURN1
[   239.58 ] D: inSelectedLineRETURN1
[   239.61 ] D: inSelectedLineRETURN1
[   239.63 ] D: inSelectedLineRETURN1
[   239.65 ] D: inSelectedLineRETURN1
[   239.68 ] D: inSelectedLineRETURN1
[   239.71 ] D: inSelectedLineRETURN1
[   239.74 ] D: inSelectedLineRETURN1
[   239.76 ] D: inSelectedLineRETURN1
[   239.78 ] D: inSelectedLineRETURN1
[   239.81 ] D: inSelectedLineRETURN1
[   239.85 ] D: inSelectedLineRETURN1
[   239.86 ] D: inSelectedLineRETURN1
[   239.89 ] D: inSelectedLineRETURN1
[   239.91 ] D: inSelectedLineRETURN1
[   239.94 ] D: inSelectedLineRETURN1
[   239.96 ] D: inSelectedLineRETURN1
[   240.03 ] D: inSelectedLineRETURN1
[   240.04 ] D: inSelectedLineRETURN1
[   240.06 ] D: inSelectedLineRETURN1
[   240.09 ] D: inSelectedLineRETURN1
[   240.14 ] D: inSelectedLineRETURN1
[   240.15 ] D: inSelectedLineRETURN1
[   240.18 ] D: inSelectedLineRETURN1
[   240.21 ] D: inSelectedLineRETURN1
[   240.23 ] D: inSelectedLineRETURN1
[   240.25 ] D: inSelectedLineRETURN1
[   240.26 ] D: inSelectedLineRETURN1
[   240.31 ] D: inSelectedLineRETURN1
[   240.32 ] D: inSelectedLineRETURN1
[   240.35 ] D: inSelectedLineRETURN1
[   240.37 ] D: inSelectedLineRETURN1
[   240.39 ] D: inSelectedLineRETURN1
[   240.43 ] D: inSelectedLineRETURN1
[   240.48 ] D: inSelectedLineRETURN1
[   240.51 ] D: inSelectedLineRETURN1
[   240.56 ] D: inSelectedLineRETURN1
[   240.58 ] D: inSelectedLineRETURN1
[   240.60 ] D: inSelectedLineRETURN1
[   240.62 ] D: inSelectedLineRETURN1
[   240.64 ] D: inSelectedLineRETURN1
[   240.65 ] D: inSelectedLineRETURN1
[   240.67 ] D: inSelectedLineRETURN1
[   240.69 ] D: inSelectedLineRETURN1
[   240.71 ] D: inSelectedLineRETURN1
[   240.73 ] D: inSelectedLineRETURN1
[   240.75 ] D: inSelectedLineRETURN1
[   240.76 ] D: inSelectedLineRETURN1
[   240.78 ] D: inSelectedLineRETURN1
[   240.80 ] D: inSelectedLineRETURN1
[   240.82 ] D: inSelectedLineRETURN1
[   240.84 ] D: inSelectedLineRETURN1
[   240.88 ] D: inSelectedLineRETURN1
[   240.91 ] D: inSelectedLineRETURN1
[   240.94 ] D: inSelectedLineRETURN1
[   240.98 ] D: inSelectedLineRETURN1
[   241.01 ] D: inSelectedLineRETURN1
[   241.04 ] D: inSelectedLineRETURN1
[   241.28 ] D: inSelectedLineRETURN1
[   241.32 ] D: inSelectedLineRETURN1
[   241.36 ] D: inSelectedLineRETURN1
[   241.37 ] D: inSelectedLineRETURN1
[   241.39 ] D: inSelectedLineRETURN1
[   241.41 ] D: inSelectedLineRETURN1
[   241.43 ] D: inSelectedLineRETURN1
[   241.44 ] D: inSelectedLineRETURN1
[   241.46 ] D: inSelectedLineRETURN1
[   241.47 ] D: inSelectedLineRETURN1
[   241.49 ] D: inSelectedLineRETURN1
[   241.51 ] D: inSelectedLineRETURN1
[   241.52 ] D: inSelectedLineRETURN1
[   241.54 ] D: inSelectedLineRETURN1
[   241.56 ] D: inSelectedLineRETURN1
[   241.57 ] D: inSelectedLineRETURN1
[   241.59 ] D: inSelectedLineRETURN1
[   241.61 ] D: inSelectedLineRETURN1
[   241.62 ] D: inSelectedLineRETURN1
[   241.64 ] D: inSelectedLineRETURN1
[   244.27 ] D: inSelectedLineRETURN1
[   244.29 ] D: inSelectedLineRETURN1
[   244.31 ] D: inSelectedLineRETURN1
[   244.32 ] D: inSelectedLineRETURN1
[   244.35 ] D: inSelectedLineRETURN1
[   244.36 ] D: inSelectedLineRETURN1
[   244.38 ] D: inSelectedLineRETURN1
[   244.40 ] D: inSelectedLineRETURN1
[   244.41 ] D: inSelectedLineRETURN1
[   244.42 ] D: inSelectedLineRETURN1
[   244.44 ] D: inSelectedLineRETURN1
[   244.46 ] D: inSelectedLineRETURN1
[   244.47 ] D: inSelectedLineRETURN1
[   246.21 ] W: qrc:/Items/SpanVertical.qml:88: ReferenceError: trackMasterLighting is not defined
[   248.52 ] D: setRowsExpandedCount 3
[   248.54 ] D: inSelectedLineRETURN1
[   248.57 ] D: setRowsExpandedCount 2
[   248.59 ] D: inSelectedLineRETURN1
[   248.62 ] D: setRowsExpandedCount 1
[   248.64 ] D: inSelectedLineRETURN1
[   250.23 ] D: setRowsExpandedCount 3
[   250.26 ] D: inSelectedLineRETURN1
[   250.27 ] D: setRowsExpandedCount 2
[   250.30 ] D: inSelectedLineRETURN1
[   250.30 ] D: setRowsExpandedCount 1
[   250.32 ] D: inSelectedLineRETURN1
[   252.13 ] D: setRowsExpandedCount 3
[   252.16 ] D: inSelectedLineRETURN1
[   252.17 ] D: setRowsExpandedCount 2
[   252.19 ] D: inSelectedLineRETURN1
[   252.20 ] D: setRowsExpandedCount 1
[   252.22 ] D: inSelectedLineRETURN1
[   253.38 ] D: setRowsExpandedCount 3
[   253.41 ] D: inSelectedLineRETURN1
[   253.43 ] D: setRowsExpandedCount 2
[   253.50 ] D: setRowsExpandedCount 1
[   254.57 ] D: setRowsExpandedCount 2
[   254.63 ] D: setRowsExpandedCount 3
[   254.66 ] D: inSelectedLineRETURN1
[   254.75 ] D: setRowsExpandedCount 4
[   254.77 ] D: inSelectedLineRETURN1
[   254.87 ] D: setRowsExpandedCount 5
[   254.89 ] D: inSelectedLineRETURN1
[   255.34 ] D: setRowsExpandedCount 4
[   255.36 ] D: inSelectedLineRETURN1
[   261.44 ] D: inSelectedLineRETURN1
[   261.46 ] D: inSelectedLineRETURN1
[   261.47 ] D: inSelectedLineRETURN1
[   261.49 ] D: inSelectedLineRETURN1
[   261.51 ] D: inSelectedLineRETURN1
[   261.52 ] D: inSelectedLineRETURN1
[   261.54 ] D: inSelectedLineRETURN1
[   261.56 ] D: inSelectedLineRETURN1
[   261.58 ] D: inSelectedLineRETURN1
[   261.59 ] D: inSelectedLineRETURN1
[   261.61 ] D: inSelectedLineRETURN1
[   261.63 ] D: inSelectedLineRETURN1
[   261.65 ] D: inSelectedLineRETURN1
[   261.67 ] D: inSelectedLineRETURN1
[   261.72 ] D: inSelectedLineRETURN1
[   261.74 ] D: inSelectedLineRETURN1
[   261.76 ] D: inSelectedLineRETURN1
[   261.77 ] D: inSelectedLineRETURN1
[   261.79 ] D: inSelectedLineRETURN1
[   261.81 ] D: inSelectedLineRETURN1
[   261.83 ] D: inSelectedLineRETURN1
[   261.84 ] D: inSelectedLineRETURN1
[   261.97 ] D: inSelectedLineRETURN1
[   261.99 ] D: inSelectedLineRETURN1
[   262.01 ] D: inSelectedLineRETURN1
[   262.02 ] D: inSelectedLineRETURN1
[   262.20 ] D: inSelectedLineRETURN1
[   262.29 ] D: inSelectedLineRETURN1
[   262.51 ] D: inSelectedLineRETURN1
[   262.67 ] D: inSelectedLineRETURN1
[   262.84 ] D: inSelectedLineRETURN1
[   262.86 ] D: inSelectedLineRETURN1
[   262.87 ] D: inSelectedLineRETURN1
[   391.23 ] D: setRowsExpandedCount 3
[   391.26 ] D: inSelectedLineRETURN1
[   391.30 ] D: setRowsExpandedCount 2
[   391.40 ] D: setRowsExpandedCount 1
[   392.36 ] D: setRowsExpandedCount 2
[   392.42 ] D: setRowsExpandedCount 3
[   392.45 ] D: inSelectedLineRETURN1
[   392.50 ] D: setRowsExpandedCount 4
[   392.52 ] D: inSelectedLineRETURN1
[   392.60 ] D: setRowsExpandedCount 5
[   392.62 ] D: inSelectedLineRETURN1
[   392.70 ] D: setRowsExpandedCount 6
[   392.73 ] D: inSelectedLineRETURN1
[   393.00 ] D: setRowsExpandedCount 5
[   393.02 ] D: inSelectedLineRETURN1
[   393.03 ] D: setRowsExpandedCount 4
[   393.07 ] D: inSelectedLineRETURN1
[   393.07 ] D: setRowsExpandedCount 3
[   393.07 ] D: setRowsExpandedCount 2
[   393.10 ] D: setRowsExpandedCount 1
[   393.53 ] D: setRowsExpandedCount 2
[   393.57 ] D: setRowsExpandedCount 3
[   393.59 ] D: inSelectedLineRETURN1
[   393.60 ] D: setRowsExpandedCount 4
[   393.62 ] D: inSelectedLineRETURN1
[   393.63 ] D: setRowsExpandedCount 5
[   393.66 ] D: inSelectedLineRETURN1
[   393.67 ] D: setRowsExpandedCount 6
[   393.69 ] D: inSelectedLineRETURN1
[   393.75 ] D: setRowsExpandedCount 7
[   393.77 ] D: inSelectedLineRETURN1
[   394.14 ] D: setRowsExpandedCount 6
[   394.16 ] D: inSelectedLineRETURN1
[   394.17 ] D: setRowsExpandedCount 5
[   394.19 ] D: inSelectedLineRETURN1
[   394.20 ] D: setRowsExpandedCount 4
[   394.23 ] D: inSelectedLineRETURN1
[   394.23 ] D: setRowsExpandedCount 3
[   394.26 ] D: inSelectedLineRETURN1
[   394.27 ] D: setRowsExpandedCount 2
[   394.30 ] D: setRowsExpandedCount 1
[   402.90 ] D: setRowsExpandedCount 2
[   403.08 ] D: setRowsExpandedCount 3
[   403.11 ] D: inSelectedLineRETURN1
[   403.20 ] D: setRowsExpandedCount 4
[   403.23 ] D: inSelectedLineRETURN1
[   403.39 ] D: setRowsExpandedCount 5
[   403.41 ] D: inSelectedLineRETURN1
[   403.98 ] D: setRowsExpandedCount 4
[   404.01 ] D: inSelectedLineRETURN1
[   404.08 ] D: setRowsExpandedCount 3
[   404.11 ] D: inSelectedLineRETURN1
[   405.32 ] D: setRowsExpandedCount 4
[   405.34 ] D: inSelectedLineRETURN1
[   405.76 ] D: setRowsExpandedCount 5
[   405.77 ] D: inSelectedLineRETURN1
[   405.85 ] D: setRowsExpandedCount 6
[   405.88 ] D: inSelectedLineRETURN1
[   406.00 ] D: setRowsExpandedCount 7
[   406.04 ] D: inSelectedLineRETURN1
[   406.35 ] D: setRowsExpandedCount 6
[   406.38 ] D: inSelectedLineRETURN1
[   406.43 ] D: setRowsExpandedCount 5
[   406.46 ] D: inSelectedLineRETURN1
[   406.52 ] D: setRowsExpandedCount 4
[   406.54 ] D: inSelectedLineRETURN1
[   406.58 ] D: setRowsExpandedCount 3
[   406.61 ] D: inSelectedLineRETURN1
[   406.68 ] D: setRowsExpandedCount 2
[   406.95 ] D: setRowsExpandedCount 1
[   408.52 ] D: setRowsExpandedCount 2
[   408.60 ] D: setRowsExpandedCount 3
[   408.63 ] D: inSelectedLineRETURN1
[   408.68 ] D: setRowsExpandedCount 4
[   408.71 ] D: inSelectedLineRETURN1
[   408.78 ] D: setRowsExpandedCount 5
[   408.81 ] D: inSelectedLineRETURN1
[   408.84 ] D: setRowsExpandedCount 6
[   408.86 ] D: inSelectedLineRETURN1
[   408.90 ] D: setRowsExpandedCount 7
[   408.93 ] D: inSelectedLineRETURN1
[   408.95 ] D: setRowsExpandedCount 8
[   408.98 ] D: inSelectedLineRETURN1
[   409.00 ] D: setRowsExpandedCount 9
[   409.02 ] D: inSelectedLineRETURN1
[   409.06 ] D: setRowsExpandedCount 10
[   409.08 ] D: inSelectedLineRETURN1
[   409.12 ] D: setRowsExpandedCount 11
[   409.14 ] D: inSelectedLineRETURN1
[   409.18 ] D: setRowsExpandedCount 12
[   409.21 ] D: inSelectedLineRETURN1
[   409.43 ] D: setRowsExpandedCount 11
[   409.46 ] D: inSelectedLineRETURN1
[   409.47 ] D: setRowsExpandedCount 10
[   409.49 ] D: inSelectedLineRETURN1
[   409.50 ] D: setRowsExpandedCount 9
[   409.52 ] D: inSelectedLineRETURN1
[   409.53 ] D: setRowsExpandedCount 8
[   409.56 ] D: inSelectedLineRETURN1
[   409.57 ] D: setRowsExpandedCount 7
[   409.59 ] D: inSelectedLineRETURN1
[   409.60 ] D: setRowsExpandedCount 6
[   409.62 ] D: inSelectedLineRETURN1
[   409.63 ] D: setRowsExpandedCount 5
[   409.66 ] D: inSelectedLineRETURN1
[   409.72 ] D: setRowsExpandedCount 4
[   409.74 ] D: inSelectedLineRETURN1
[   410.35 ] D: setRowsExpandedCount 5
[   410.38 ] D: inSelectedLineRETURN1
[   410.42 ] D: setRowsExpandedCount 6
[   410.44 ] D: inSelectedLineRETURN1
[   410.50 ] D: setRowsExpandedCount 7
[   410.52 ] D: inSelectedLineRETURN1
[   410.57 ] D: setRowsExpandedCount 8
[   410.59 ] D: inSelectedLineRETURN1
[   410.75 ] D: setRowsExpandedCount 9
[   410.77 ] D: inSelectedLineRETURN1
[   410.87 ] D: setRowsExpandedCount 10
[   410.89 ] D: inSelectedLineRETURN1
[   410.98 ] D: setRowsExpandedCount 11
[   411.01 ] D: inSelectedLineRETURN1
[   411.47 ] D: setRowsExpandedCount 10
[   411.49 ] D: inSelectedLineRETURN1
[   411.50 ] D: setRowsExpandedCount 9
[   411.52 ] D: inSelectedLineRETURN1
[   411.53 ] D: setRowsExpandedCount 8
[   411.54 ] D: setRowsExpandedCount 7
[   411.56 ] D: inSelectedLineRETURN1
[   411.57 ] D: setRowsExpandedCount 6
[   411.59 ] D: inSelectedLineRETURN1
[   411.60 ] D: setRowsExpandedCount 5
[   411.63 ] D: inSelectedLineRETURN1
[   411.67 ] D: setRowsExpandedCount 4
[   411.69 ] D: inSelectedLineRETURN1
[   411.97 ] D: setRowsExpandedCount 5
[   411.99 ] D: inSelectedLineRETURN1
[   412.02 ] D: setRowsExpandedCount 6
[   412.04 ] D: inSelectedLineRETURN1
[   412.07 ] D: setRowsExpandedCount 7
[   412.10 ] D: inSelectedLineRETURN1
[   412.12 ] D: setRowsExpandedCount 8
[   412.16 ] D: inSelectedLineRETURN1
[   412.19 ] D: setRowsExpandedCount 9
[   412.21 ] D: inSelectedLineRETURN1
[   412.28 ] D: setRowsExpandedCount 10
[   412.31 ] D: inSelectedLineRETURN1
[   412.39 ] D: setRowsExpandedCount 11
[   412.41 ] D: inSelectedLineRETURN1
[   412.58 ] D: setRowsExpandedCount 12
[   412.61 ] D: inSelectedLineRETURN1
[   412.93 ] D: setRowsExpandedCount 11
[   412.96 ] D: inSelectedLineRETURN1
[   412.97 ] D: setRowsExpandedCount 10
[   412.99 ] D: inSelectedLineRETURN1
[   413.02 ] D: setRowsExpandedCount 9
[   413.04 ] D: inSelectedLineRETURN1
[   413.05 ] D: setRowsExpandedCount 8
[   413.08 ] D: inSelectedLineRETURN1
[   413.08 ] D: setRowsExpandedCount 7
[   413.12 ] D: inSelectedLineRETURN1
[   413.12 ] D: setRowsExpandedCount 6
[   413.15 ] D: inSelectedLineRETURN1
[   413.17 ] D: setRowsExpandedCount 5
[   413.19 ] D: inSelectedLineRETURN1
[   413.22 ] D: setRowsExpandedCount 4
[   413.24 ] D: inSelectedLineRETURN1
[   413.30 ] D: setRowsExpandedCount 3
[   413.33 ] D: inSelectedLineRETURN1
[   413.40 ] D: setRowsExpandedCount 2
[   413.75 ] D: setRowsExpandedCount 3
[   413.78 ] D: inSelectedLineRETURN1
[   413.82 ] D: setRowsExpandedCount 4
[   413.84 ] D: inSelectedLineRETURN1
[   413.89 ] D: setRowsExpandedCount 5
[   413.91 ] D: inSelectedLineRETURN1
[   414.60 ] D: setRowsExpandedCount 4
[   414.62 ] D: inSelectedLineRETURN1
[   415.47 ] D: setRowsExpandedCount 3
[   415.49 ] D: inSelectedLineRETURN1
[   415.54 ] D: setRowsExpandedCount 2
[   415.88 ] D: setRowsExpandedCount 3
[   415.91 ] D: inSelectedLineRETURN1
[   415.92 ] D: setRowsExpandedCount 4
[   415.94 ] D: inSelectedLineRETURN1
[   415.95 ] D: setRowsExpandedCount 5
[   415.98 ] D: inSelectedLineRETURN1
[   520.47 ] D: LambdaFunctionPointerVoidReturnType class `public: __cdecl DGE::QtWrapper::QMLScene::QNode3D::QNode3D(class DGE::QtWrapper::QMLScene::QINode3D * __ptr64) __ptr64'::`2'::<lambda_1> Is Destroyed
[   520.47 ] D: LambdaFunctionPointerVoidReturnType class `public: __cdecl DGE::QtWrapper::QMLScene::QNode3D::QNode3D(class DGE::QtWrapper::QMLScene::QINode3D * __ptr64) __ptr64'::`2'::<lambda_1> Is Destroyed
[   520.47 ] D: LambdaFunctionPointerVoidReturnType class `protected: void __cdecl DGE::QtWrapper::QMLScene::QPerspectiveCameraController::commonInitConstructor(void) __ptr64'::`2'::<lambda_1> Is Destroyed
[   520.47 ] D: LambdaFunctionPointerVoidReturnType class `private: void __cdecl DGE::QtWrapper::QMLScene::QThirdPersonController::commonInitConstructor(void) __ptr64'::`2'::<lambda_1> Is Destroyed
[   520.47 ] D: LambdaFunctionPointerVoidReturnType class `protected: void __cdecl DGE::QtWrapper::QMLScene::QPerspectiveCameraController::commonInitConstructor(void) __ptr64'::`2'::<lambda_1> Is Destroyed
[   520.47 ] D: MemberFunctionPointer void (__cdecl DGE::QtWrapper::QMLScene::QComponent3D::*)(void) __ptr64 Is Destroyed
[   520.47 ] D: MemberFunctionPointer void (__cdecl DGE::QtWrapper::QMLScene::QThirdPersonController::*)(class std::shared_ptr<class DGE::Scene::Component>) __ptr64 Is Destroyed
[   520.47 ] D: LambdaFunctionPointerVoidReturnType class `public: __cdecl DGE::QtWrapper::QMLScene::QCameraComponent::QCameraComponent(class DGE::QtWrapper::QMLScene::QNode3D * __ptr64,bool) __ptr64'::`2'::<lambda_1> Is Destroyed
[   520.47 ] D: MemberFunctionPointer void (__cdecl DGE::QtWrapper::QMLScene::QComponent3D::*)(void) __ptr64 Is Destroyed
[   520.47 ] D: LambdaFunctionPointerVoidReturnType class `private: void __cdecl DGE::QtWrapper::QMLScene::QPerspectiveLens::commonInitConstructor(void) __ptr64'::`2'::<lambda_1> Is Destroyed
[   520.47 ] D: LambdaFunctionPointerVoidReturnType class `protected: void __cdecl DGE::QtWrapper::QMLScene::QPerspectiveCameraController::commonInitConstructor(void) __ptr64'::`2'::<lambda_1> Is Destroyed
[   520.47 ] D: LambdaFunctionPointerVoidReturnType class `protected: void __cdecl DGE::QtWrapper::QMLScene::QPerspectiveCameraController::commonInitConstructor(void) __ptr64'::`2'::<lambda_1> Is Destroyed
[   520.47 ] D: LambdaFunctionPointerVoidReturnType class `private: void __cdecl DGE::QtWrapper::QMLScene::QThirdPersonController::commonInitConstructor(void) __ptr64'::`2'::<lambda_1> Is Destroyed
[   520.48 ] D: MemberFunctionPointer void (__cdecl DGE::QtWrapper::QMLScene::QComponent3D::*)(void) __ptr64 Is Destroyed
[   520.48 ] D: MemberFunctionPointer void (__cdecl DGE::QtWrapper::QMLScene::QThirdPersonController::*)(class std::shared_ptr<class DGE::Scene::Component>) __ptr64 Is Destroyed
[   520.48 ] D: LambdaFunctionPointerVoidReturnType class `public: __cdecl DGE::QtWrapper::QMLScene::QCameraComponent::QCameraComponent(class DGE::QtWrapper::QMLScene::QNode3D * __ptr64,bool) __ptr64'::`2'::<lambda_1> Is Destroyed
[   520.48 ] D: MemberFunctionPointer void (__cdecl DGE::QtWrapper::QMLScene::QComponent3D::*)(void) __ptr64 Is Destroyed
[   520.48 ] D: LambdaFunctionPointerVoidReturnType class `private: void __cdecl DGE::QtWrapper::QMLScene::QOrthoLens::commonInitConstructor(void) __ptr64'::`2'::<lambda_1> Is Destroyed
[   520.48 ] D: LambdaFunctionPointerVoidReturnType class `protected: void __cdecl DGE::QtWrapper::QMLScene::QPerspectiveCameraController::commonInitConstructor(void) __ptr64'::`2'::<lambda_1> Is Destroyed
[   520.48 ] D: LambdaFunctionPointerVoidReturnType class `private: void __cdecl DGE::QtWrapper::QMLScene::QThirdPersonController::commonInitConstructor(void) __ptr64'::`2'::<lambda_1> Is Destroyed
[   520.48 ] D: LambdaFunctionPointerVoidReturnType class `protected: void __cdecl DGE::QtWrapper::QMLScene::QPerspectiveCameraController::commonInitConstructor(void) __ptr64'::`2'::<lambda_1> Is Destroyed
[   520.48 ] D: MemberFunctionPointer void (__cdecl DGE::QtWrapper::QMLScene::QComponent3D::*)(void) __ptr64 Is Destroyed
[   520.48 ] D: MemberFunctionPointer void (__cdecl DGE::QtWrapper::QMLScene::QThirdPersonController::*)(class std::shared_ptr<class DGE::Scene::Component>) __ptr64 Is Destroyed
[   520.48 ] D: LambdaFunctionPointerVoidReturnType class `public: __cdecl DGE::QtWrapper::QMLScene::QCameraComponent::QCameraComponent(class DGE::QtWrapper::QMLScene::QNode3D * __ptr64,bool) __ptr64'::`2'::<lambda_1> Is Destroyed
[   520.48 ] D: MemberFunctionPointer void (__cdecl DGE::QtWrapper::QMLScene::QComponent3D::*)(void) __ptr64 Is Destroyed
[   520.48 ] D: LambdaFunctionPointerVoidReturnType class `private: void __cdecl DGE::QtWrapper::QMLScene::QOrthoLens::commonInitConstructor(void) __ptr64'::`2'::<lambda_1> Is Destroyed
[   520.48 ] D: LambdaFunctionPointerVoidReturnType class `public: __cdecl DGE::QtWrapper::QMLScene::QCameraComponent::QCameraComponent(class DGE::QtWrapper::QMLScene::QNode3D * __ptr64,bool) __ptr64'::`2'::<lambda_1> Is Destroyed
[   520.48 ] D: MemberFunctionPointer void (__cdecl DGE::QtWrapper::QMLScene::QComponent3D::*)(void) __ptr64 Is Destroyed
[   520.48 ] D: LambdaFunctionPointerVoidReturnType class `private: void __cdecl DGE::QtWrapper::QMLScene::QPerspectiveLens::commonInitConstructor(void) __ptr64'::`2'::<lambda_1> Is Destroyed
[   520.48 ] D: LambdaFunctionPointerVoidReturnType class `protected: void __cdecl DGE::QtWrapper::QMLScene::QPerspectiveCameraController::commonInitConstructor(void) __ptr64'::`2'::<lambda_1> Is Destroyed
[   520.48 ] D: LambdaFunctionPointerVoidReturnType class `private: void __cdecl DGE::QtWrapper::QMLScene::QThirdPersonController::commonInitConstructor(void) __ptr64'::`2'::<lambda_1> Is Destroyed
[   520.48 ] D: LambdaFunctionPointerVoidReturnType class `protected: void __cdecl DGE::QtWrapper::QMLScene::QPerspectiveCameraController::commonInitConstructor(void) __ptr64'::`2'::<lambda_1> Is Destroyed
[   520.48 ] D: MemberFunctionPointer void (__cdecl DGE::QtWrapper::QMLScene::QComponent3D::*)(void) __ptr64 Is Destroyed
[   520.48 ] D: MemberFunctionPointer void (__cdecl DGE::QtWrapper::QMLScene::QThirdPersonController::*)(class std::shared_ptr<class DGE::Scene::Component>) __ptr64 Is Destroyed
[   520.48 ] D: LambdaFunctionPointerVoidReturnType class `public: __cdecl DGE::QtWrapper::QMLScene::QCameraComponent::QCameraComponent(class DGE::QtWrapper::QMLScene::QNode3D * __ptr64,bool) __ptr64'::`2'::<lambda_1> Is Destroyed
[   520.48 ] D: MemberFunctionPointer void (__cdecl DGE::QtWrapper::QMLScene::QComponent3D::*)(void) __ptr64 Is Destroyed
[   520.48 ] D: LambdaFunctionPointerVoidReturnType class `private: void __cdecl DGE::QtWrapper::QMLScene::QPerspectiveLens::commonInitConstructor(void) __ptr64'::`2'::<lambda_1> Is Destroyed
[   520.48 ] D: LambdaFunctionPointerVoidReturnType class `protected: void __cdecl DGE::QtWrapper::QMLScene::QPerspectiveCameraController::commonInitConstructor(void) __ptr64'::`2'::<lambda_1> Is Destroyed
[   520.48 ] D: LambdaFunctionPointerVoidReturnType class `private: void __cdecl DGE::QtWrapper::QMLScene::QThirdPersonController::commonInitConstructor(void) __ptr64'::`2'::<lambda_1> Is Destroyed
[   520.48 ] D: LambdaFunctionPointerVoidReturnType class `protected: void __cdecl DGE::QtWrapper::QMLScene::QPerspectiveCameraController::commonInitConstructor(void) __ptr64'::`2'::<lambda_1> Is Destroyed
[   520.48 ] D: MemberFunctionPointer void (__cdecl DGE::QtWrapper::QMLScene::QComponent3D::*)(void) __ptr64 Is Destroyed
[   520.48 ] D: MemberFunctionPointer void (__cdecl DGE::QtWrapper::QMLScene::QThirdPersonController::*)(class std::shared_ptr<class DGE::Scene::Component>) __ptr64 Is Destroyed
[   520.48 ] D: LambdaFunctionPointerVoidReturnType class `public: __cdecl DGE::QtWrapper::QMLScene::QCameraComponent::QCameraComponent(class DGE::QtWrapper::QMLScene::QNode3D * __ptr64,bool) __ptr64'::`2'::<lambda_1> Is Destroyed
[   520.48 ] D: MemberFunctionPointer void (__cdecl DGE::QtWrapper::QMLScene::QComponent3D::*)(void) __ptr64 Is Destroyed
[   520.48 ] D: LambdaFunctionPointerVoidReturnType class `private: void __cdecl DGE::QtWrapper::QMLScene::QOrthoLens::commonInitConstructor(void) __ptr64'::`2'::<lambda_1> Is Destroyed
[   520.48 ] D: LambdaFunctionPointerVoidReturnType class `protected: void __cdecl DGE::QtWrapper::QMLScene::QPerspectiveCameraController::commonInitConstructor(void) __ptr64'::`2'::<lambda_1> Is Destroyed
[   520.48 ] D: LambdaFunctionPointerVoidReturnType class `private: void __cdecl DGE::QtWrapper::QMLScene::QThirdPersonController::commonInitConstructor(void) __ptr64'::`2'::<lambda_1> Is Destroyed
[   520.48 ] D: LambdaFunctionPointerVoidReturnType class `protected: void __cdecl DGE::QtWrapper::QMLScene::QPerspectiveCameraController::commonInitConstructor(void) __ptr64'::`2'::<lambda_1> Is Destroyed
[   520.48 ] D: MemberFunctionPointer void (__cdecl DGE::QtWrapper::QMLScene::QComponent3D::*)(void) __ptr64 Is Destroyed
[   520.48 ] D: MemberFunctionPointer void (__cdecl DGE::QtWrapper::QMLScene::QThirdPersonController::*)(class std::shared_ptr<class DGE::Scene::Component>) __ptr64 Is Destroyed
[   520.48 ] D: LambdaFunctionPointerVoidReturnType class `public: __cdecl DGE::QtWrapper::QMLScene::QCameraComponent::QCameraComponent(class DGE::QtWrapper::QMLScene::QNode3D * __ptr64,bool) __ptr64'::`2'::<lambda_1> Is Destroyed
[   520.48 ] D: MemberFunctionPointer void (__cdecl DGE::QtWrapper::QMLScene::QComponent3D::*)(void) __ptr64 Is Destroyed
[   520.48 ] D: LambdaFunctionPointerVoidReturnType class `private: void __cdecl DGE::QtWrapper::QMLScene::QOrthoLens::commonInitConstructor(void) __ptr64'::`2'::<lambda_1> Is Destroyed
[   520.48 ] D: LambdaFunctionPointerVoidReturnType class `public: __cdecl DGE::QtWrapper::QMLScene::QCameraComponent::QCameraComponent(class DGE::QtWrapper::QMLScene::QNode3D * __ptr64,bool) __ptr64'::`2'::<lambda_1> Is Destroyed
[   520.48 ] D: MemberFunctionPointer void (__cdecl DGE::QtWrapper::QMLScene::QComponent3D::*)(void) __ptr64 Is Destroyed
[   520.48 ] D: LambdaFunctionPointerVoidReturnType class `private: void __cdecl DGE::QtWrapper::QMLScene::QPerspectiveLens::commonInitConstructor(void) __ptr64'::`2'::<lambda_1> Is Destroyed
[   520.49 ] D: LambdaFunctionPointerVoidReturnType class `protected: void __cdecl DGE::QtWrapper::QMLScene::QPerspectiveCameraController::commonInitConstructor(void) __ptr64'::`2'::<lambda_1> Is Destroyed
[   520.49 ] D: LambdaFunctionPointerVoidReturnType class `protected: void __cdecl DGE::QtWrapper::QMLScene::QPerspectiveCameraController::commonInitConstructor(void) __ptr64'::`2'::<lambda_1> Is Destroyed
[   520.49 ] D: LambdaFunctionPointerVoidReturnType class `private: void __cdecl DGE::QtWrapper::QMLScene::QThirdPersonController::commonInitConstructor(void) __ptr64'::`2'::<lambda_1> Is Destroyed
[   520.49 ] D: MemberFunctionPointer void (__cdecl DGE::QtWrapper::QMLScene::QComponent3D::*)(void) __ptr64 Is Destroyed
[   520.49 ] D: MemberFunctionPointer void (__cdecl DGE::QtWrapper::QMLScene::QThirdPersonController::*)(class std::shared_ptr<class DGE::Scene::Component>) __ptr64 Is Destroyed
[   520.49 ] D: LambdaFunctionPointerVoidReturnType class `public: __cdecl DGE::QtWrapper::QMLScene::QCameraComponent::QCameraComponent(class DGE::QtWrapper::QMLScene::QNode3D * __ptr64,bool) __ptr64'::`2'::<lambda_1> Is Destroyed
[   520.49 ] D: MemberFunctionPointer void (__cdecl DGE::QtWrapper::QMLScene::QComponent3D::*)(void) __ptr64 Is Destroyed
[   520.49 ] D: LambdaFunctionPointerVoidReturnType class `private: void __cdecl DGE::QtWrapper::QMLScene::QPerspectiveLens::commonInitConstructor(void) __ptr64'::`2'::<lambda_1> Is Destroyed
[   520.49 ] D: LambdaFunctionPointerVoidReturnType class `protected: void __cdecl DGE::QtWrapper::QMLScene::QPerspectiveCameraController::commonInitConstructor(void) __ptr64'::`2'::<lambda_1> Is Destroyed
[   520.49 ] D: LambdaFunctionPointerVoidReturnType class `private: void __cdecl DGE::QtWrapper::QMLScene::QThirdPersonController::commonInitConstructor(void) __ptr64'::`2'::<lambda_1> Is Destroyed
[   520.49 ] D: LambdaFunctionPointerVoidReturnType class `protected: void __cdecl DGE::QtWrapper::QMLScene::QPerspectiveCameraController::commonInitConstructor(void) __ptr64'::`2'::<lambda_1> Is Destroyed
[   520.49 ] D: MemberFunctionPointer void (__cdecl DGE::QtWrapper::QMLScene::QComponent3D::*)(void) __ptr64 Is Destroyed
[   520.49 ] D: MemberFunctionPointer void (__cdecl DGE::QtWrapper::QMLScene::QThirdPersonController::*)(class std::shared_ptr<class DGE::Scene::Component>) __ptr64 Is Destroyed
[   520.49 ] D: LambdaFunctionPointerVoidReturnType class `public: __cdecl DGE::QtWrapper::QMLScene::QCameraComponent::QCameraComponent(class DGE::QtWrapper::QMLScene::QNode3D * __ptr64,bool) __ptr64'::`2'::<lambda_1> Is Destroyed
[   520.49 ] D: MemberFunctionPointer void (__cdecl DGE::QtWrapper::QMLScene::QComponent3D::*)(void) __ptr64 Is Destroyed
[   520.49 ] D: LambdaFunctionPointerVoidReturnType class `private: void __cdecl DGE::QtWrapper::QMLScene::QOrthoLens::commonInitConstructor(void) __ptr64'::`2'::<lambda_1> Is Destroyed
[   520.49 ] D: LambdaFunctionPointerVoidReturnType class `protected: void __cdecl DGE::QtWrapper::QMLScene::QPerspectiveCameraController::commonInitConstructor(void) __ptr64'::`2'::<lambda_1> Is Destroyed
[   520.49 ] D: LambdaFunctionPointerVoidReturnType class `private: void __cdecl DGE::QtWrapper::QMLScene::QThirdPersonController::commonInitConstructor(void) __ptr64'::`2'::<lambda_1> Is Destroyed
[   520.49 ] D: LambdaFunctionPointerVoidReturnType class `protected: void __cdecl DGE::QtWrapper::QMLScene::QPerspectiveCameraController::commonInitConstructor(void) __ptr64'::`2'::<lambda_1> Is Destroyed
[   520.49 ] D: MemberFunctionPointer void (__cdecl DGE::QtWrapper::QMLScene::QComponent3D::*)(void) __ptr64 Is Destroyed
[   520.49 ] D: MemberFunctionPointer void (__cdecl DGE::QtWrapper::QMLScene::QThirdPersonController::*)(class std::shared_ptr<class DGE::Scene::Component>) __ptr64 Is Destroyed
[   520.49 ] D: LambdaFunctionPointerVoidReturnType class `public: __cdecl DGE::QtWrapper::QMLScene::QCameraComponent::QCameraComponent(class DGE::QtWrapper::QMLScene::QNode3D * __ptr64,bool) __ptr64'::`2'::<lambda_1> Is Destroyed
[   520.49 ] D: MemberFunctionPointer void (__cdecl DGE::QtWrapper::QMLScene::QComponent3D::*)(void) __ptr64 Is Destroyed
[   520.49 ] D: LambdaFunctionPointerVoidReturnType class `private: void __cdecl DGE::QtWrapper::QMLScene::QOrthoLens::commonInitConstructor(void) __ptr64'::`2'::<lambda_1> Is Destroyed
[   520.49 ] D: LambdaFunctionPointerVoidReturnType class `public: __cdecl DGE::QtWrapper::QMLScene::QCameraComponent::QCameraComponent(class DGE::QtWrapper::QMLScene::QNode3D * __ptr64,bool) __ptr64'::`2'::<lambda_1> Is Destroyed
[   520.49 ] D: MemberFunctionPointer void (__cdecl DGE::QtWrapper::QMLScene::QComponent3D::*)(void) __ptr64 Is Destroyed
[   520.49 ] D: LambdaFunctionPointerVoidReturnType class `private: void __cdecl DGE::QtWrapper::QMLScene::QPerspectiveLens::commonInitConstructor(void) __ptr64'::`2'::<lambda_1> Is Destroyed
[   520.53 ] D: -----Released Scene Module-----
[   520.53 ] D: -----Released GFX Module-----
[   520.53 ] I: Log: Log file closed, 1403/3/5 10:26:02
