[     4.64 ] I: Log: Log file open in follow path at 1403/5/28 22:20:19 : C:\Users\AmirPasha\Desktop\Rpos\DAW-3\build2019\debug\Logs\Launch.log
[     4.64 ] I: The subsystem "class DGE::Core::IO::LogSystem::Logger" is registered successfully.
[     4.64 ] I: The subsystem "class DGE::Core::Windows::QtWindow" is registered successfully.
[     4.64 ] D: API version is: 4.60 ,shader version is: 4.60
[     4.64 ] I: The subsystem "class DGE::GFX::GCore::QtWrapper::QtRenderer" is registered successfully.
[     4.64 ] I: Current Render API is: 4.60
[     4.64 ] I: The subsystem "Renderer" is registered successfully.
[     4.64 ] I: The subsystem "class DGE::Core::Platforms::QtPlatform" is registered successfully.
[     4.64 ] I: The subsystem "Platform" is registered successfully.
[     4.64 ] I: The subsystem "class DGE::Core::IO::FileSystem::FileManager" is registered successfully.
[     4.64 ] I: The subsystem "class DGE::Core::CoreModule" is registered successfully.
[     4.64 ] I: The subsystem "class DGE::Core::Profiling::Profiler" is registered successfully.
[     4.64 ] I: The subsystem "class DGE::GFX::DrawablesManager" is registered successfully.
[     4.64 ] I: #version 460 core
#define GLES_Ver 460

[     4.64 ] I: The subsystem "class DGE::GFX::GraphicsManager" is registered successfully.
[     4.64 ] I: The subsystem "class DGE::GFX::GFXModule" is registered successfully.
[     4.72 ] D: Shader Compile successfully.
[     4.72 ] I: The subsystem "class DGE::Scene::ViewportManager" is registered successfully.
[     4.72 ] I: The subsystem "class DGE::Scene::SceneModule" is registered successfully.
[     4.72 ] I: The subsystem "class DGE::Managers::RenderManager" is registered successfully.
[     4.72 ] D: Engine Enabled
[     4.72 ] I: The subsystem "class DGE::Engine" is registered successfully.
[     4.72 ] D: Node with id 1 is added to Qt layer
[     4.72 ] D: Node with id 2460 is added to Qt layer
[     4.72 ] D: Node with id 2462 is added to Qt layer
[     4.72 ] D: Node with id 2464 is added to Qt layer
[     4.72 ] D: Node with id 2466 is added to Qt layer
[     4.72 ] D: Node with id 2468 is added to Qt layer
[     4.72 ] D: Node with id 2470 is added to Qt layer
[     4.72 ] D: Node with id 2472 is added to Qt layer
[     4.72 ] D: Node with id 2474 is added to Qt layer
[     4.72 ] D: Node with id 2476 is added to Qt layer
[     4.72 ] D: Node with id 2478 is added to Qt layer
[     4.72 ] D: Node with id 2480 is added to Qt layer
[     4.72 ] D: Node with id 2482 is added to Qt layer
[     4.72 ] D: Node with id 2484 is added to Qt layer
[     4.72 ] D: Node with id 2486 is added to Qt layer
[     4.72 ] D: Node with id 2487 is added to Qt layer
[     4.72 ] D: Node with id 2489 is added to Qt layer
[     4.72 ] D: Node with id 2491 is added to Qt layer
[     4.72 ] D: Node with id 3 is added to Qt layer
[     4.72 ] D: Node with id 2493 is added to Qt layer
[     4.72 ] S: New view-port registered with id: 1
[     4.73 ] S: New view-port registered with id: 2
[     4.73 ] S: New view-port registered with id: 3
[     4.73 ] S: New view-port registered with id: 4
[     4.73 ] S: New view-port registered with id: 5
[     4.73 ] S: New view-port registered with id: 6
[     4.83 ] D: Creating suitable QNanoBackend for OpenGL 4.6 context
[     4.83 ] D: Using backend: "OpenGL 3"
[     4.86 ] W: Floating point comparison needs context sanity check
[     4.86 ] D: QT onScaleChanged=  144
[     4.88 ] W: ShaderEffectSource: 'recursive' must be set to true when rendering recursively.
[     4.89 ] W: ShaderEffectSource: 'recursive' must be set to true when rendering recursively.
[     4.89 ] W: ShaderEffectSource: 'recursive' must be set to true when rendering recursively.
[     4.90 ] W: ShaderEffectSource: 'recursive' must be set to true when rendering recursively.
[     5.07 ] D: Engine Started.
[     7.72 ] D: findTrackIndexByPoint 0 QRect(0,0 1707x111) true QPointF(212,79)
[     9.91 ] W: qrc:/TrackPanels/Audio/Automation/AutomationDropMenu.qml:239: ReferenceError: scaleSize2 is not defined
[     9.91 ] W: qrc:/TrackPanels/Audio/Automation/AutomationDropMenu.qml:237: ReferenceError: scaleSize2 is not defined
[     9.92 ] W: qrc:/TrackPanels/Audio/Automation/AutomationDropMenu.qml:218: ReferenceError: scaleSize2 is not defined
[     9.92 ] W: qrc:/TrackPanels/Audio/Automation/AutomationDropMenu.qml:199: ReferenceError: scaleSize2 is not defined
[     9.92 ] W: qrc:/TrackPanels/Audio/Automation/AutomationDropMenu.qml:198: ReferenceError: scaleSize2 is not defined
[     9.92 ] W: qrc:/TrackPanels/Audio/Automation/AutomationDropMenu.qml:208: ReferenceError: scaleSize2 is not defined
[     9.92 ] W: qrc:/TrackPanels/Audio/Automation/AutomationDropMenu.qml:204: ReferenceError: scaleSize2 is not defined
[     9.92 ] W: qrc:/TrackPanels/Audio/Automation/AutomationDropMenu.qml:195: ReferenceError: scaleSize2 is not defined
[     9.92 ] W: qrc:/TrackPanels/Audio/Automation/AutomationDropMenu.qml:218: ReferenceError: scaleSize2 is not defined
[     9.92 ] W: qrc:/TrackPanels/Audio/Automation/AutomationDropMenu.qml:199: ReferenceError: scaleSize2 is not defined
[     9.92 ] W: qrc:/TrackPanels/Audio/Automation/AutomationDropMenu.qml:198: ReferenceError: scaleSize2 is not defined
[     9.92 ] W: qrc:/TrackPanels/Audio/Automation/AutomationDropMenu.qml:208: ReferenceError: scaleSize2 is not defined
[     9.92 ] W: qrc:/TrackPanels/Audio/Automation/AutomationDropMenu.qml:204: ReferenceError: scaleSize2 is not defined
[     9.92 ] W: qrc:/TrackPanels/Audio/Automation/AutomationDropMenu.qml:195: ReferenceError: scaleSize2 is not defined
[     9.92 ] W: qrc:/TrackPanels/Audio/Automation/AutomationDropMenu.qml:218: ReferenceError: scaleSize2 is not defined
[     9.93 ] W: qrc:/TrackPanels/Audio/Automation/AutomationDropMenu.qml:199: ReferenceError: scaleSize2 is not defined
[     9.93 ] W: qrc:/TrackPanels/Audio/Automation/AutomationDropMenu.qml:198: ReferenceError: scaleSize2 is not defined
[     9.93 ] W: qrc:/TrackPanels/Audio/Automation/AutomationDropMenu.qml:208: ReferenceError: scaleSize2 is not defined
[     9.93 ] W: qrc:/TrackPanels/Audio/Automation/AutomationDropMenu.qml:204: ReferenceError: scaleSize2 is not defined
[     9.93 ] W: qrc:/TrackPanels/Audio/Automation/AutomationDropMenu.qml:195: ReferenceError: scaleSize2 is not defined
[     9.93 ] W: qrc:/TrackPanels/Audio/Automation/AutomationDropMenu.qml:218: ReferenceError: scaleSize2 is not defined
[     9.93 ] W: qrc:/TrackPanels/Audio/Automation/AutomationDropMenu.qml:199: ReferenceError: scaleSize2 is not defined
[     9.93 ] W: qrc:/TrackPanels/Audio/Automation/AutomationDropMenu.qml:198: ReferenceError: scaleSize2 is not defined
[     9.93 ] W: qrc:/TrackPanels/Audio/Automation/AutomationDropMenu.qml:208: ReferenceError: scaleSize2 is not defined
[     9.93 ] W: qrc:/TrackPanels/Audio/Automation/AutomationDropMenu.qml:204: ReferenceError: scaleSize2 is not defined
[     9.93 ] W: qrc:/TrackPanels/Audio/Automation/AutomationDropMenu.qml:195: ReferenceError: scaleSize2 is not defined
[     9.93 ] W: qrc:/TrackPanels/Audio/Automation/AutomationDropMenu.qml:218: ReferenceError: scaleSize2 is not defined
[     9.93 ] W: qrc:/TrackPanels/Audio/Automation/AutomationDropMenu.qml:199: ReferenceError: scaleSize2 is not defined
[     9.93 ] W: qrc:/TrackPanels/Audio/Automation/AutomationDropMenu.qml:198: ReferenceError: scaleSize2 is not defined
[     9.93 ] W: qrc:/TrackPanels/Audio/Automation/AutomationDropMenu.qml:208: ReferenceError: scaleSize2 is not defined
[     9.93 ] W: qrc:/TrackPanels/Audio/Automation/AutomationDropMenu.qml:204: ReferenceError: scaleSize2 is not defined
[     9.93 ] W: qrc:/TrackPanels/Audio/Automation/AutomationDropMenu.qml:195: ReferenceError: scaleSize2 is not defined
[     9.93 ] W: qrc:/TrackPanels/Audio/Automation/AutomationDropMenu.qml:218: ReferenceError: scaleSize2 is not defined
[     9.93 ] W: qrc:/TrackPanels/Audio/Automation/AutomationDropMenu.qml:199: ReferenceError: scaleSize2 is not defined
[     9.93 ] W: qrc:/TrackPanels/Audio/Automation/AutomationDropMenu.qml:198: ReferenceError: scaleSize2 is not defined
[     9.93 ] W: qrc:/TrackPanels/Audio/Automation/AutomationDropMenu.qml:208: ReferenceError: scaleSize2 is not defined
[     9.93 ] W: qrc:/TrackPanels/Audio/Automation/AutomationDropMenu.qml:204: ReferenceError: scaleSize2 is not defined
[     9.93 ] W: qrc:/TrackPanels/Audio/Automation/AutomationDropMenu.qml:195: ReferenceError: scaleSize2 is not defined
[     9.94 ] W: qrc:/TrackPanels/Audio/Automation/AutomationDropMenu.qml:218: ReferenceError: scaleSize2 is not defined
[     9.94 ] W: qrc:/TrackPanels/Audio/Automation/AutomationDropMenu.qml:199: ReferenceError: scaleSize2 is not defined
[     9.94 ] W: qrc:/TrackPanels/Audio/Automation/AutomationDropMenu.qml:198: ReferenceError: scaleSize2 is not defined
[     9.94 ] W: qrc:/TrackPanels/Audio/Automation/AutomationDropMenu.qml:208: ReferenceError: scaleSize2 is not defined
[     9.94 ] W: qrc:/TrackPanels/Audio/Automation/AutomationDropMenu.qml:204: ReferenceError: scaleSize2 is not defined
[     9.94 ] W: qrc:/TrackPanels/Audio/Automation/AutomationDropMenu.qml:195: ReferenceError: scaleSize2 is not defined
[     9.94 ] W: qrc:/TrackPanels/Audio/Automation/AutomationDropMenu.qml:218: ReferenceError: scaleSize2 is not defined
[     9.94 ] W: qrc:/TrackPanels/Audio/Automation/AutomationDropMenu.qml:199: ReferenceError: scaleSize2 is not defined
[     9.94 ] W: qrc:/TrackPanels/Audio/Automation/AutomationDropMenu.qml:198: ReferenceError: scaleSize2 is not defined
[     9.94 ] W: qrc:/TrackPanels/Audio/Automation/AutomationDropMenu.qml:208: ReferenceError: scaleSize2 is not defined
[     9.94 ] W: qrc:/TrackPanels/Audio/Automation/AutomationDropMenu.qml:204: ReferenceError: scaleSize2 is not defined
[     9.94 ] W: qrc:/TrackPanels/Audio/Automation/AutomationDropMenu.qml:195: ReferenceError: scaleSize2 is not defined
[     9.94 ] W: qrc:/TrackPanels/Audio/Automation/AutomationDropMenu.qml:218: ReferenceError: scaleSize2 is not defined
[     9.94 ] W: qrc:/TrackPanels/Audio/Automation/AutomationDropMenu.qml:199: ReferenceError: scaleSize2 is not defined
[     9.94 ] W: qrc:/TrackPanels/Audio/Automation/AutomationDropMenu.qml:198: ReferenceError: scaleSize2 is not defined
[     9.94 ] W: qrc:/TrackPanels/Audio/Automation/AutomationDropMenu.qml:208: ReferenceError: scaleSize2 is not defined
[     9.94 ] W: qrc:/TrackPanels/Audio/Automation/AutomationDropMenu.qml:204: ReferenceError: scaleSize2 is not defined
[     9.94 ] W: qrc:/TrackPanels/Audio/Automation/AutomationDropMenu.qml:195: ReferenceError: scaleSize2 is not defined
[     9.94 ] W: qrc:/TrackPanels/Audio/Automation/AutomationDropMenu.qml:218: ReferenceError: scaleSize2 is not defined
[     9.94 ] W: qrc:/TrackPanels/Audio/Automation/AutomationDropMenu.qml:199: ReferenceError: scaleSize2 is not defined
[     9.94 ] W: qrc:/TrackPanels/Audio/Automation/AutomationDropMenu.qml:198: ReferenceError: scaleSize2 is not defined
[     9.94 ] W: qrc:/TrackPanels/Audio/Automation/AutomationDropMenu.qml:208: ReferenceError: scaleSize2 is not defined
[     9.94 ] W: qrc:/TrackPanels/Audio/Automation/AutomationDropMenu.qml:204: ReferenceError: scaleSize2 is not defined
[     9.94 ] W: qrc:/TrackPanels/Audio/Automation/AutomationDropMenu.qml:195: ReferenceError: scaleSize2 is not defined
[     9.95 ] W: qrc:/TrackPanels/Audio/Automation/AutomationDropMenu.qml:218: ReferenceError: scaleSize2 is not defined
[     9.95 ] W: qrc:/TrackPanels/Audio/Automation/AutomationDropMenu.qml:199: ReferenceError: scaleSize2 is not defined
[     9.95 ] W: qrc:/TrackPanels/Audio/Automation/AutomationDropMenu.qml:198: ReferenceError: scaleSize2 is not defined
[     9.95 ] W: qrc:/TrackPanels/Audio/Automation/AutomationDropMenu.qml:208: ReferenceError: scaleSize2 is not defined
[     9.95 ] W: qrc:/TrackPanels/Audio/Automation/AutomationDropMenu.qml:204: ReferenceError: scaleSize2 is not defined
[     9.95 ] W: qrc:/TrackPanels/Audio/Automation/AutomationDropMenu.qml:195: ReferenceError: scaleSize2 is not defined
[     9.95 ] W: qrc:/TrackPanels/Audio/Automation/AutomationDropMenu.qml:218: ReferenceError: scaleSize2 is not defined
[     9.95 ] W: qrc:/TrackPanels/Audio/Automation/AutomationDropMenu.qml:199: ReferenceError: scaleSize2 is not defined
[     9.95 ] W: qrc:/TrackPanels/Audio/Automation/AutomationDropMenu.qml:198: ReferenceError: scaleSize2 is not defined
[     9.95 ] W: qrc:/TrackPanels/Audio/Automation/AutomationDropMenu.qml:208: ReferenceError: scaleSize2 is not defined
[     9.95 ] W: qrc:/TrackPanels/Audio/Automation/AutomationDropMenu.qml:204: ReferenceError: scaleSize2 is not defined
[     9.95 ] W: qrc:/TrackPanels/Audio/Automation/AutomationDropMenu.qml:195: ReferenceError: scaleSize2 is not defined
[    19.97 ] W: qrc:/TrackPanels/Audio/Automation/Automation.qml:0: ReferenceError: theme is not defined
[    19.99 ] D: p1 QRect(0,27 1707x81) -4.67861e+10 -1.03969e+07 -842150451
[    20.22 ] D: p1 QRect(0,27 1707x81) 166.667 1.46914 146
[    20.23 ] D: p1 QRect(0,27 1707x81) 833.333 1.4321 142
[    20.25 ] D: p1 QRect(0,27 1707x81) 2000 1.37037 138
[    20.27 ] D: p1 QRect(0,27 1707x81) 3166.67 1.30864 133
[    20.28 ] D: p1 QRect(0,27 1707x81) 4555.56 1.20988 125
[    20.30 ] D: p1 QRect(0,27 1707x81) 5888.89 1.12346 118
[    20.32 ] D: p1 QRect(0,27 1707x81) 7222.22 1.03704 111
[    20.33 ] D: p1 QRect(0,27 1707x81) 8111.11 0.975309 106
[    20.35 ] D: p1 QRect(0,27 1707x81) 8611.11 0.938272 103
[    20.37 ] D: p1 QRect(0,27 1707x81) 8722.22 0.925926 102
[    20.40 ] D: p1 QRect(0,27 1707x81) 8777.78 0.925926 102
[    20.42 ] D: p1 QRect(0,27 1707x81) 8833.33 0.91358 101
[    20.43 ] D: p1 QRect(0,27 1707x81) 9000 0.901235 100
[    20.45 ] D: p1 QRect(0,27 1707x81) 9111.11 0.864198 97
[    20.47 ] D: p1 QRect(0,27 1707x81) 9277.78 0.82716 94
[    20.49 ] D: p1 QRect(0,27 1707x81) 9444.44 0.765432 89
[    20.50 ] D: p1 QRect(0,27 1707x81) 9555.56 0.728395 86
[    20.52 ] D: p1 QRect(0,27 1707x81) 9722.22 0.691358 83
[    20.53 ] D: p1 QRect(0,27 1707x81) 9833.33 0.666667 81
[    20.55 ] D: p1 QRect(0,27 1707x81) 9944.44 0.641975 79
[    20.57 ] D: p1 QRect(0,27 1707x81) 10000 0.62963 78
[    20.58 ] D: p1 QRect(0,27 1707x81) 10055.6 0.604938 76
[    20.62 ] D: p1 QRect(0,27 1707x81) 10055.6 0.592593 75
[    20.62 ] D: p2 QRect(0,27 1707x81) 10055.6 0.592593
[    20.68 ] D: p1 QRect(0,27 1707x81) 10111.1 0.580247 74
[    20.68 ] D: p2 QRect(0,27 1707x81) 10111.1 0.580247
[    20.70 ] D: p1 QRect(0,27 1707x81) 10166.7 0.580247 74
[    20.70 ] D: p2 QRect(0,27 1707x81) 10166.7 0.580247
[    20.72 ] D: p1 QRect(0,27 1707x81) 10166.7 0.567901 73
[    20.72 ] D: p2 QRect(0,27 1707x81) 10166.7 0.567901
[    20.74 ] D: p1 QRect(0,27 1707x81) 10222.2 0.555556 72
[    20.74 ] D: p2 QRect(0,27 1707x81) 10222.2 0.555556
[    20.75 ] D: p1 QRect(0,27 1707x81) 10277.8 0.530864 70
[    20.75 ] D: p2 QRect(0,27 1707x81) 10277.8 0.530864
[    20.78 ] D: p1 QRect(0,27 1707x81) 10333.3 0.518519 69
[    20.78 ] D: p2 QRect(0,27 1707x81) 10333.3 0.518519
[    20.80 ] D: p1 QRect(0,27 1707x81) 10333.3 0.506173 68
[    20.80 ] D: p2 QRect(0,27 1707x81) 10333.3 0.506173
[    20.82 ] D: p1 QRect(0,27 1707x81) 10388.9 0.506173 68
[    20.82 ] D: p2 QRect(0,27 1707x81) 10388.9 0.506173
[    20.91 ] D: findTrackIndexByPoint 0 QRect(0,0 1707x111) true QPointF(187,68)
[    20.91 ] D: setMultiEq
[    20.92 ] D: p1 QRect(0,27 1707x81) 10388.9 0.506173 68
[    20.92 ] D: p2 QRect(0,27 1707x81) 10388.9 0.506173
[    20.98 ] D: p1 QRect(0,27 1707x81) 10388.9 0.506173 68
[    20.99 ] D: p1 QRect(0,27 1707x81) 10388.9 0.506173 68
[    20.99 ] D: p2 QRect(0,27 1707x81) 10388.9 0.506173
[    21.05 ] D: p1 QRect(0,27 1707x81) 10555.6 0.506173 68
[    21.05 ] D: p1 QRect(0,27 1707x81) 10777.8 0.493827 67
[    21.05 ] D: p2 QRect(0,27 1707x81) 10777.8 0.493827
[    21.07 ] D: p1 QRect(0,27 1707x81) 10944.4 0.493827 67
[    21.07 ] D: p1 QRect(0,27 1707x81) 10944.4 0.493827 67
[    21.07 ] D: p2 QRect(0,27 1707x81) 10944.4 0.493827
[    21.08 ] D: p1 QRect(0,27 1707x81) 11611.1 0.493827 67
[    21.08 ] D: p1 QRect(0,27 1707x81) 12111.1 0.493827 67
[    21.08 ] D: p2 QRect(0,27 1707x81) 12111.1 0.493827
[    21.10 ] D: p1 QRect(0,27 1707x81) 12444.4 0.493827 67
[    21.10 ] D: p1 QRect(0,27 1707x81) 12944.4 0.493827 67
[    21.10 ] D: p2 QRect(0,27 1707x81) 12944.4 0.493827
[    21.12 ] D: p1 QRect(0,27 1707x81) 13166.7 0.493827 67
[    21.12 ] D: p1 QRect(0,27 1707x81) 13166.7 0.493827 67
[    21.12 ] D: p2 QRect(0,27 1707x81) 13166.7 0.493827
[    21.14 ] D: p1 QRect(0,27 1707x81) 13555.6 0.506173 68
[    21.14 ] D: p1 QRect(0,27 1707x81) 13555.6 0.506173 68
[    21.14 ] D: p2 QRect(0,27 1707x81) 13555.6 0.506173
[    21.15 ] D: p1 QRect(0,27 1707x81) 13777.8 0.506173 68
[    21.15 ] D: p1 QRect(0,27 1707x81) 13777.8 0.506173 68
[    21.15 ] D: p2 QRect(0,27 1707x81) 13777.8 0.506173
[    21.17 ] D: p1 QRect(0,27 1707x81) 13833.3 0.518519 69
[    21.17 ] D: p1 QRect(0,27 1707x81) 13833.3 0.518519 69
[    21.17 ] D: p2 QRect(0,27 1707x81) 13833.3 0.518519
[    21.18 ] D: p1 QRect(0,27 1707x81) 13888.9 0.518519 69
[    21.18 ] D: p1 QRect(0,27 1707x81) 13888.9 0.518519 69
[    21.18 ] D: p2 QRect(0,27 1707x81) 13888.9 0.518519
[    21.33 ] D: findTrackIndexByPoint 0 QRect(0,0 1707x111) true QPointF(250,69)
[    21.33 ] D: setMultiEq
[    21.34 ] D: p1 QRect(0,27 1707x81) 13888.9 0.518519 69
[    21.34 ] D: p1 QRect(0,27 1707x81) 13888.9 0.518519 69
[    21.34 ] D: p2 QRect(0,27 1707x81) 13888.9 0.518519
[    21.41 ] D: _automationChanging false
[    21.41 ] D: mouseMove2
[    21.42 ] D: p1 QRect(0,27 1707x81) 13888.9 0.518519 69
[    21.42 ] D: p1 QRect(0,27 1707x81) 13888.9 0.518519 69
[    21.42 ] D: p2 QRect(0,27 1707x81) 13888.9 0.518519
[    21.42 ] D: _automationChanging false
[    21.42 ] D: mouseMove2
[    21.42 ] D: _automationChanging false
[    21.42 ] D: mouseMove2
[    21.43 ] D: _automationChanging false
[    21.43 ] D: mouseMove2
[    21.43 ] D: p1 QRect(0,27 1707x81) 13888.9 0.518519 69
[    21.43 ] D: p1 QRect(0,27 1707x81) 13888.9 0.518519 69
[    21.43 ] D: _automationChanging false
[    21.43 ] D: mouseMove2
[    21.43 ] D: p2 QRect(0,27 1707x81) 13888.9 0.518519
[    21.43 ] D: _automationChanging false
[    21.43 ] D: mouseMove2
[    21.44 ] D: _automationChanging false
[    21.44 ] D: mouseMove2
[    21.45 ] D: p1 QRect(0,27 1707x81) 13888.9 0.518519 69
[    21.45 ] D: p1 QRect(0,27 1707x81) 13888.9 0.518519 69
[    21.45 ] D: _automationChanging false
[    21.45 ] D: p2 QRect(0,27 1707x81) 13888.9 0.518519
[    21.45 ] D: mouseMove2
[    21.45 ] D: _automationChanging false
[    21.45 ] D: mouseMove2
[    21.47 ] D: _automationChanging false
[    21.47 ] D: p1 QRect(0,27 1707x81) 13888.9 0.518519 69
[    21.47 ] D: mouseMove2
[    21.47 ] D: p1 QRect(0,27 1707x81) 13888.9 0.518519 69
[    21.47 ] D: p2 QRect(0,27 1707x81) 13888.9 0.518519
[    21.47 ] D: _automationChanging false
[    21.47 ] D: mouseMove2
[    21.49 ] D: p1 QRect(0,27 1707x81) 13888.9 0.518519 69
[    21.49 ] D: p1 QRect(0,27 1707x81) 13888.9 0.518519 69
[    21.49 ] D: p2 QRect(0,27 1707x81) 13888.9 0.518519
[    21.49 ] D: _automationChanging false
[    21.49 ] D: mouseMove2
[    21.50 ] D: _automationChanging false
[    21.50 ] D: mouseMove2
[    21.50 ] D: p1 QRect(0,27 1707x81) 13888.9 0.518519 69
[    21.50 ] D: p1 QRect(0,27 1707x81) 13888.9 0.518519 69
[    21.50 ] D: p2 QRect(0,27 1707x81) 13888.9 0.518519
[    21.50 ] D: _automationChanging false
[    21.50 ] D: mouseMove2
[    21.51 ] D: _automationChanging false
[    21.51 ] D: mouseMove2
[    21.51 ] D: _automationChanging false
[    21.51 ] D: mouseMove2
[    21.52 ] D: p1 QRect(0,27 1707x81) 13888.9 0.518519 69
[    21.52 ] D: p1 QRect(0,27 1707x81) 13888.9 0.518519 69
[    21.52 ] D: _automationChanging false
[    21.52 ] D: p2 QRect(0,27 1707x81) 13888.9 0.518519
[    21.52 ] D: mouseMove2
[    21.53 ] D: _automationChanging false
[    21.53 ] D: mouseMove2
[    21.53 ] D: p1 QRect(0,27 1707x81) 13888.9 0.518519 69
[    21.53 ] D: p1 QRect(0,27 1707x81) 13888.9 0.518519 69
[    21.53 ] D: p2 QRect(0,27 1707x81) 13888.9 0.518519
[    21.53 ] D: _automationChanging false
[    21.53 ] D: mouseMove2
[    21.54 ] D: _automationChanging false
[    21.54 ] D: mouseMove2
[    21.54 ] D: _automationChanging false
[    21.54 ] D: mouseMove2
[    21.55 ] D: p1 QRect(0,27 1707x81) 13888.9 0.518519 69
[    21.55 ] D: p1 QRect(0,27 1707x81) 13888.9 0.518519 69
[    21.55 ] D: _automationChanging false
[    21.55 ] D: p2 QRect(0,27 1707x81) 13888.9 0.518519
[    21.55 ] D: mouseMove2
[    21.55 ] D: _automationChanging false
[    21.55 ] D: mouseMove2
[    21.56 ] D: _automationChanging false
[    21.56 ] D: mouseMove2
[    21.56 ] D: _automationChanging false
[    21.56 ] D: mouseMove2
[    21.57 ] D: p1 QRect(0,27 1707x81) 13888.9 0.518519 69
[    21.57 ] D: p1 QRect(0,27 1707x81) 13888.9 0.518519 69
[    21.57 ] D: _automationChanging false
[    21.57 ] D: p2 QRect(0,27 1707x81) 13888.9 0.518519
[    21.57 ] D: mouseMove2
[    21.57 ] D: _automationChanging false
[    21.57 ] D: mouseMove2
[    21.57 ] D: _automationChanging false
[    21.57 ] D: mouseMove2
[    21.58 ] D: p1 QRect(0,27 1707x81) 13888.9 0.518519 69
[    21.58 ] D: p1 QRect(0,27 1707x81) 13888.9 0.518519 69
[    21.58 ] D: _automationChanging false
[    21.58 ] D: mouseMove2
[    21.58 ] D: p2 QRect(0,27 1707x81) 13888.9 0.518519
[    21.58 ] D: _automationChanging false
[    21.58 ] D: mouseMove2
[    21.59 ] D: _automationChanging false
[    21.59 ] D: mouseMove2
[    21.59 ] D: _automationChanging false
[    21.59 ] D: mouseMove2
[    21.60 ] D: p1 QRect(0,27 1707x81) 13888.9 0.518519 69
[    21.60 ] D: p1 QRect(0,27 1707x81) 13888.9 0.518519 69
[    21.60 ] D: _automationChanging false
[    21.60 ] D: p2 QRect(0,27 1707x81) 13888.9 0.518519
[    21.60 ] D: mouseMove2
[    21.61 ] D: _automationChanging false
[    21.61 ] D: mouseMove2
[    21.61 ] D: _automationChanging false
[    21.61 ] D: mouseMove2
[    21.62 ] D: p1 QRect(0,27 1707x81) 13888.9 0.518519 69
[    21.62 ] D: p1 QRect(0,27 1707x81) 13888.9 0.518519 69
[    21.62 ] D: p2 QRect(0,27 1707x81) 13888.9 0.518519
[    21.62 ] D: _automationChanging false
[    21.62 ] D: mouseMove2
[    21.62 ] D: _automationChanging false
[    21.62 ] D: mouseMove2
[    21.64 ] D: _automationChanging false
[    21.64 ] D: mouseMove2
[    21.64 ] D: p1 QRect(0,27 1707x81) 13888.9 0.518519 69
[    21.64 ] D: p1 QRect(0,27 1707x81) 13888.9 0.518519 69
[    21.64 ] D: p2 QRect(0,27 1707x81) 13888.9 0.518519
[    21.64 ] D: _automationChanging false
[    21.64 ] D: mouseMove2
[    21.64 ] D: _automationChanging false
[    21.64 ] D: mouseMove2
[    21.64 ] D: _automationChanging false
[    21.64 ] D: mouseMove2
[    21.65 ] D: _automationChanging false
[    21.65 ] D: mouseMove2
[    21.65 ] D: _automationChanging false
[    21.65 ] D: mouseMove2
[    21.66 ] D: _automationChanging false
[    21.66 ] D: mouseMove2
[    21.67 ] D: _automationChanging false
[    21.67 ] D: mouseMove2
[    21.67 ] D: _automationChanging false
[    21.67 ] D: mouseMove2
[    21.67 ] D: _automationChanging false
[    21.67 ] D: mouseMove2
[    21.67 ] D: _automationChanging false
[    21.67 ] D: mouseMove2
[    21.68 ] D: _automationChanging false
[    21.69 ] D: mouseMove2
[    21.69 ] D: _automationChanging false
[    21.69 ] D: mouseMove2
[    21.69 ] D: _automationChanging false
[    21.69 ] D: mouseMove2
[    21.70 ] D: _automationChanging false
[    21.70 ] D: mouseMove2
[    21.71 ] D: _automationChanging false
[    21.71 ] D: mouseMove2
[    21.71 ] D: _automationChanging false
[    21.71 ] D: mouseMove2
[    21.71 ] D: _automationChanging false
[    21.71 ] D: mouseMove2
[    21.72 ] D: _automationChanging false
[    21.72 ] D: mouseMove2
[    21.72 ] D: _automationChanging false
[    21.72 ] D: mouseMove2
[    21.74 ] D: _automationChanging false
[    21.74 ] D: mouseMove2
[    21.74 ] D: _automationChanging false
[    21.74 ] D: mouseMove2
[    21.75 ] D: _automationChanging false
[    21.75 ] D: mouseMove2
[    21.76 ] D: _automationChanging false
[    21.76 ] D: mouseMove2
[    21.76 ] D: _automationChanging false
[    21.76 ] D: mouseMove2
[    22.07 ] D: _automationChanging false
[    22.07 ] D: mouseMove2
[    22.08 ] D: _automationChanging false
[    22.08 ] D: mouseMove2
[    22.09 ] D: _automationChanging false
[    22.09 ] D: mouseMove2
[    22.10 ] D: _automationChanging false
[    22.10 ] D: mouseMove2
[    22.10 ] D: _automationChanging false
[    22.10 ] D: mouseMove2
[    22.11 ] D: _automationChanging false
[    22.11 ] D: mouseMove2
[    22.12 ] D: _automationChanging false
[    22.12 ] D: mouseMove2
[    22.12 ] D: _automationChanging false
[    22.12 ] D: mouseMove2
[    22.14 ] D: _automationChanging false
[    22.14 ] D: mouseMove2
[    22.14 ] D: _automationChanging false
[    22.14 ] D: mouseMove2
[    22.14 ] D: _automationChanging false
[    22.14 ] D: mouseMove2
[    22.14 ] D: _automationChanging false
[    22.14 ] D: mouseMove2
[    22.14 ] D: _automationChanging false
[    22.14 ] D: mouseMove2
[    22.15 ] D: _automationChanging false
[    22.15 ] D: mouseMove2
[    22.15 ] D: _automationChanging false
[    22.15 ] D: mouseMove2
[    22.16 ] D: _automationChanging false
[    22.16 ] D: mouseMove2
[    22.17 ] D: _automationChanging false
[    22.17 ] D: mouseMove2
[    22.17 ] D: _automationChanging false
[    22.17 ] D: mouseMove2
[    22.17 ] D: _automationChanging false
[    22.17 ] D: mouseMove2
[    22.17 ] D: _automationChanging false
[    22.17 ] D: mouseMove2
[    22.18 ] D: _automationChanging false
[    22.18 ] D: mouseMove2
[    22.19 ] D: _automationChanging false
[    22.19 ] D: mouseMove2
[    22.19 ] D: _automationChanging false
[    22.19 ] D: mouseMove2
[    22.19 ] D: _automationChanging false
[    22.19 ] D: mouseMove2
[    22.19 ] D: _automationChanging false
[    22.19 ] D: mouseMove2
[    22.20 ] D: _automationChanging false
[    22.20 ] D: mouseMove2
[    22.20 ] D: _automationChanging false
[    22.20 ] D: mouseMove2
[    22.21 ] D: _automationChanging false
[    22.21 ] D: mouseMove2
[    22.21 ] D: _automationChanging false
[    22.21 ] D: mouseMove2
[    22.22 ] D: _automationChanging false
[    22.22 ] D: mouseMove2
[    22.22 ] D: _automationChanging false
[    22.22 ] D: mouseMove2
[    22.22 ] D: _automationChanging false
[    22.22 ] D: mouseMove2
[    22.24 ] D: _automationChanging false
[    22.24 ] D: mouseMove2
[    22.24 ] D: _automationChanging false
[    22.24 ] D: mouseMove2
[    22.24 ] D: _automationChanging false
[    22.24 ] D: mouseMove2
[    22.25 ] D: _automationChanging false
[    22.25 ] D: mouseMove2
[    22.25 ] D: _automationChanging false
[    22.25 ] D: mouseMove2
[    22.26 ] D: _automationChanging false
[    22.26 ] D: mouseMove2
[    22.27 ] D: _automationChanging false
[    22.27 ] D: mouseMove2
[    22.28 ] D: _automationChanging false
[    22.28 ] D: mouseMove2
[    22.30 ] D: _automationChanging false
[    22.30 ] D: mouseMove2
[    22.32 ] D: _automationChanging false
[    22.32 ] D: mouseMove2
[    22.47 ] D: p1 QRect(0,27 1707x81) 15055.6 0.716049 85
[    22.47 ] D: p1 QRect(0,27 1707x81) 15055.6 0.716049 85
[    22.47 ] D: p1 QRect(0,27 1707x81) 15055.6 0.716049 85
[    22.47 ] D: p2 QRect(0,27 1707x81) 15055.6 0.716049
[    22.68 ] D: p1 QRect(0,27 1707x81) 15055.6 0.728395 86
[    22.68 ] D: p1 QRect(0,27 1707x81) 15055.6 0.728395 86
[    22.68 ] D: p1 QRect(0,27 1707x81) 15055.6 0.728395 86
[    22.68 ] D: p2 QRect(0,27 1707x81) 15055.6 0.728395
[    22.70 ] D: p1 QRect(0,27 1707x81) 15000 0.790123 91
[    22.70 ] D: p1 QRect(0,27 1707x81) 14888.9 0.814815 93
[    22.70 ] D: p1 QRect(0,27 1707x81) 14888.9 0.814815 93
[    22.72 ] D: p1 QRect(0,27 1707x81) 14888.9 0.839506 95
[    22.72 ] D: p1 QRect(0,27 1707x81) 14888.9 0.839506 95
[    22.72 ] D: p1 QRect(0,27 1707x81) 14888.9 0.839506 97
[    22.74 ] D: p1 QRect(0,27 1707x81) 14888.9 0.876543 98
[    22.74 ] D: p1 QRect(0,27 1707x81) 14888.9 0.876543 98
[    22.74 ] D: p1 QRect(0,27 1707x81) 14888.9 0.876543 98
[    22.75 ] D: p1 QRect(0,27 1707x81) 14833.3 0.91358 101
[    22.75 ] D: p1 QRect(0,27 1707x81) 14833.3 0.91358 101
[    22.75 ] D: p1 QRect(0,27 1707x81) 14833.3 0.91358 101
[    22.77 ] D: p1 QRect(0,27 1707x81) 14777.8 0.950617 104
[    22.77 ] D: p1 QRect(0,27 1707x81) 14777.8 0.950617 104
[    22.77 ] D: p1 QRect(0,27 1707x81) 14777.8 0.950617 104
[    22.78 ] D: p1 QRect(0,27 1707x81) 14777.8 0.975309 106
[    22.78 ] D: p1 QRect(0,27 1707x81) 14777.8 0.975309 106
[    22.78 ] D: p1 QRect(0,27 1707x81) 14777.8 0.975309 106
[    22.80 ] D: p1 QRect(0,27 1707x81) 14777.8 1 108
[    22.80 ] D: p1 QRect(0,27 1707x81) 14777.8 1 108
[    22.80 ] D: p1 QRect(0,27 1707x81) 14777.8 1 108
[    22.82 ] D: p1 QRect(0,27 1707x81) 14777.8 1.02469 110
[    22.82 ] D: p1 QRect(0,27 1707x81) 14777.8 1.02469 110
[    22.82 ] D: p1 QRect(0,27 1707x81) 14777.8 1.02469 110
[    22.83 ] D: p1 QRect(0,27 1707x81) 14722.2 1.04938 114
[    22.83 ] D: p1 QRect(0,27 1707x81) 14722.2 1.07407 114
[    22.83 ] D: p1 QRect(0,27 1707x81) 14722.2 1.07407 114
[    22.85 ] D: p1 QRect(0,27 1707x81) 14722.2 1.07407 114
[    22.85 ] D: p1 QRect(0,27 1707x81) 14722.2 1.07407 114
[    22.85 ] D: p1 QRect(0,27 1707x81) 14722.2 1.07407 114
[    22.87 ] D: p1 QRect(0,27 1707x81) 14722.2 1.11111 117
[    22.87 ] D: p1 QRect(0,27 1707x81) 14722.2 1.11111 117
[    22.87 ] D: p1 QRect(0,27 1707x81) 14722.2 1.11111 117
[    22.89 ] D: p1 QRect(0,27 1707x81) 14722.2 1.1358 119
[    22.89 ] D: p1 QRect(0,27 1707x81) 14722.2 1.1358 119
[    22.89 ] D: p1 QRect(0,27 1707x81) 14722.2 1.1358 119
[    22.92 ] D: p1 QRect(0,27 1707x81) 14722.2 1.14815 120
[    22.92 ] D: p1 QRect(0,27 1707x81) 14722.2 1.14815 120
[    22.92 ] D: p1 QRect(0,27 1707x81) 14722.2 1.14815 120
[    23.30 ] D: p1 QRect(0,27 1707x81) 14666.7 1.16049 121
[    23.30 ] D: p1 QRect(0,27 1707x81) 14666.7 1.16049 121
[    23.30 ] D: p1 QRect(0,27 1707x81) 14666.7 1.16049 121
[    23.32 ] D: p1 QRect(0,27 1707x81) 14555.6 1.17284 123
[    23.32 ] D: p1 QRect(0,27 1707x81) 14333.3 1.18519 123
[    23.32 ] D: p1 QRect(0,27 1707x81) 14333.3 1.18519 123
[    23.33 ] D: p1 QRect(0,27 1707x81) 14111.1 1.18519 123
[    23.33 ] D: p1 QRect(0,27 1707x81) 14111.1 1.18519 123
[    23.33 ] D: p1 QRect(0,27 1707x81) 13333.3 1.22222 126
[    23.35 ] D: p1 QRect(0,27 1707x81) 12944.4 1.22222 126
[    23.35 ] D: p1 QRect(0,27 1707x81) 11388.9 1.22222 126
[    23.35 ] D: p1 QRect(0,27 1707x81) 11388.9 1.22222 126
[    23.37 ] D: p1 QRect(0,27 1707x81) 10333.3 1.19753 124
[    23.37 ] D: p1 QRect(0,27 1707x81) 10333.3 1.19753 124
[    23.37 ] D: p1 QRect(0,27 1707x81) 10333.3 1.19753 124
[    23.39 ] D: p1 QRect(0,27 1707x81) 6888.89 1.11111 117
[    23.39 ] D: p1 QRect(0,27 1707x81) 6888.89 1.11111 117
[    23.39 ] D: p1 QRect(0,27 1707x81) 3666.67 0.987654 107
[    23.40 ] D: p1 QRect(0,27 1707x81) 2555.56 0.938272 103
[    23.40 ] D: p1 QRect(0,27 1707x81) 2555.56 0.938272 103
[    23.40 ] D: p1 QRect(0,27 1707x81) 2555.56 0.938272 103
[    25.60 ] D: p1 QRect(0,27 1707x81) 53500 4.49383 391
[    25.60 ] D: p1 QRect(0,27 1707x81) 44055.6 4.93827 427
[    25.60 ] D: p1 QRect(0,27 1707x81) 44055.6 4.93827 427
[    25.62 ] D: p1 QRect(0,27 1707x81) 44055.6 4.93827 427
[    25.62 ] D: p1 QRect(0,27 1707x81) 44055.6 4.93827 427
[    25.62 ] D: p1 QRect(0,27 1707x81) 44055.6 4.93827 427
[    27.13 ] D: p1 QRect(0,27 1707x81) 26222.2 -0.259259 6
[    27.13 ] D: p1 QRect(0,27 1707x81) 26222.2 -0.259259 6
[    27.13 ] D: p1 QRect(0,27 1707x81) 26222.2 -0.259259 6
[ 90948.70 ] D: p1 QRect(0,27 1707x81) 13277.8 5.09877 440
[ 90948.70 ] D: p1 QRect(0,27 1707x81) 11444.4 4.71605 409
[ 90948.70 ] D: p1 QRect(0,27 1707x81) 11444.4 4.71605 409
[ 90948.72 ] D: p1 QRect(0,27 1707x81) 11222.2 4.65432 404
[ 90948.72 ] D: p1 QRect(0,27 1707x81) 11222.2 4.65432 404
[ 90948.72 ] D: p1 QRect(0,27 1707x81) 11222.2 4.65432 404
[ 90948.74 ] D: p1 QRect(0,27 1707x81) 10277.8 4.38272 361
[ 90948.74 ] D: p1 QRect(0,27 1707x81) 9666.67 4.12346 361
[ 90948.74 ] D: p1 QRect(0,27 1707x81) 9666.67 4.12346 361
[ 90948.76 ] D: p1 QRect(0,27 1707x81) 9500 4.02469 353
[ 90948.76 ] D: p1 QRect(0,27 1707x81) 9500 4.02469 353
[ 90948.76 ] D: p1 QRect(0,27 1707x81) 9166.67 3.8642 340
[ 90948.77 ] D: p1 QRect(0,27 1707x81) 9000 3.77778 333
[ 90948.77 ] D: p1 QRect(0,27 1707x81) 8722.22 3.66667 324
[ 90948.77 ] D: p1 QRect(0,27 1707x81) 8722.22 3.66667 324
[ 90948.79 ] D: p1 QRect(0,27 1707x81) 8500 3.60494 310
[ 90948.79 ] D: p1 QRect(0,27 1707x81) 8166.67 3.49383 310
[ 90948.79 ] D: p1 QRect(0,27 1707x81) 8166.67 3.49383 310
[ 90948.80 ] D: p1 QRect(0,27 1707x81) 7944.44 3.45679 307
[ 90948.80 ] D: p1 QRect(0,27 1707x81) 7444.44 3.34568 298
[ 90948.80 ] D: p1 QRect(0,27 1707x81) 7444.44 3.34568 298
[ 90948.82 ] D: p1 QRect(0,27 1707x81) 7166.67 3.2716 292
[ 90948.82 ] D: p1 QRect(0,27 1707x81) 7166.67 3.2716 292
[ 90948.82 ] D: p1 QRect(0,27 1707x81) 7166.67 3.2716 280
[ 90948.84 ] D: p1 QRect(0,27 1707x81) 6277.78 3.03704 273
[ 90948.84 ] D: p1 QRect(0,27 1707x81) 6277.78 3.03704 273
[ 90948.84 ] D: p1 QRect(0,27 1707x81) 6277.78 3.03704 273
[ 90948.86 ] D: p1 QRect(0,27 1707x81) 5333.33 2.74074 249
[ 90948.87 ] D: p1 QRect(0,27 1707x81) 5333.33 2.74074 249
[ 90948.87 ] D: p1 QRect(0,27 1707x81) 4333.33 2.41975 223
[ 90948.88 ] D: p1 QRect(0,27 1707x81) 3833.33 2.32099 215
[ 90948.88 ] D: p1 QRect(0,27 1707x81) 3833.33 2.32099 215
[ 90948.88 ] D: p1 QRect(0,27 1707x81) 3833.33 2.32099 198
[ 90948.90 ] D: p1 QRect(0,27 1707x81) 2055.56 2 189
[ 90948.90 ] D: p1 QRect(0,27 1707x81) 722.222 1.80247 173
[ 90948.90 ] D: p1 QRect(0,27 1707x81) 722.222 1.80247 173
[ 90948.91 ] D: p1 QRect(0,27 1707x81) 333.333 1.74074 168
[ 90948.91 ] D: p1 QRect(0,27 1707x81) 333.333 1.74074 168
[ 90948.91 ] D: p1 QRect(0,27 1707x81) 333.333 1.74074 168
[ 90952.28 ] D: setMultiEq
[ 90952.30 ] D: p1 QRect(0,27 1707x81) 333.333 1.74074 168
[ 90952.30 ] D: p1 QRect(0,27 1707x81) 333.333 1.74074 168
[ 90952.30 ] D: p1 QRect(0,27 1707x81) 333.333 1.74074 168
[ 90954.63 ] D: setMultiEq
[ 90954.64 ] D: p1 QRect(0,27 1707x81) 333.333 1.74074 168
[ 90954.64 ] D: p1 QRect(0,27 1707x81) 333.333 1.74074 168
[ 90954.64 ] D: p1 QRect(0,27 1707x81) 333.333 1.74074 168
[ 90956.70 ] W: qrc:/TrackPanels/Audio/Automation/Automation.qml:0: ReferenceError: theme is not defined
[ 90956.70 ] D: p1 QRect(0,27 1707x81) 333.333 1.74074 168
[ 90956.70 ] D: p1 QRect(0,27 1707x81) 333.333 1.74074 168
[ 90956.70 ] D: p1 QRect(0,27 1707x81) 333.333 1.74074 168
[ 90956.71 ] D: createSelectedPoints 1 -1
[ 90959.30 ] D: p1 QRect(0,27 1707x81) 333.333 1.48148 147
[ 90959.30 ] D: p1 QRect(0,27 1707x81) 333.333 1.48148 147
[ 90959.30 ] D: p1 QRect(0,27 1707x81) 333.333 1.48148 147
[ 90959.31 ] D: p1 QRect(0,27 1707x81) 611.111 1.48148 147
[ 90959.31 ] D: p1 QRect(0,27 1707x81) 611.111 1.48148 147
[ 90959.31 ] D: p1 QRect(0,27 1707x81) 611.111 1.48148 147
[ 90959.33 ] D: p1 QRect(0,27 1707x81) 888.889 1.46914 146
[ 90959.33 ] D: p1 QRect(0,27 1707x81) 888.889 1.46914 146
[ 90959.33 ] D: p1 QRect(0,27 1707x81) 1277.78 1.44444 144
[ 90959.34 ] D: p1 QRect(0,27 1707x81) 1555.56 1.4321 143
[ 90959.34 ] D: p1 QRect(0,27 1707x81) 1555.56 1.4321 143
[ 90959.34 ] D: p1 QRect(0,27 1707x81) 1555.56 1.4321 143
[ 90959.36 ] D: p1 QRect(0,27 1707x81) 2388.89 1.41975 142
[ 90959.36 ] D: p1 QRect(0,27 1707x81) 2388.89 1.41975 142
[ 90959.36 ] D: p1 QRect(0,27 1707x81) 2388.89 1.41975 142
[ 90959.38 ] D: p1 QRect(0,27 1707x81) 2888.89 1.39506 140
[ 90959.38 ] D: p1 QRect(0,27 1707x81) 2888.89 1.39506 140
[ 90959.38 ] D: p1 QRect(0,27 1707x81) 2888.89 1.39506 140
[ 90959.39 ] D: p1 QRect(0,27 1707x81) 3111.11 1.39506 140
[ 90959.39 ] D: p1 QRect(0,27 1707x81) 3166.67 1.39506 140
[ 90959.39 ] D: p1 QRect(0,27 1707x81) 3166.67 1.39506 140
[ 90959.41 ] D: p1 QRect(0,27 1707x81) 3166.67 1.39506 140
[ 90959.41 ] D: p1 QRect(0,27 1707x81) 3166.67 1.39506 140
[ 90959.41 ] D: p1 QRect(0,27 1707x81) 3166.67 1.39506 140
[ 90959.44 ] D: p1 QRect(0,27 1707x81) 3222.22 1.39506 140
[ 90959.44 ] D: p1 QRect(0,27 1707x81) 3222.22 1.39506 140
[ 90959.44 ] D: p1 QRect(0,27 1707x81) 3222.22 1.39506 140
[ 90959.51 ] D: p1 QRect(0,27 1707x81) 3277.78 1.39506 140
[ 90959.51 ] D: p1 QRect(0,27 1707x81) 3277.78 1.39506 140
[ 90959.51 ] D: p1 QRect(0,27 1707x81) 3277.78 1.39506 140
[ 90959.52 ] D: findTrackIndexByPoint 0 QRect(0,0 1707x111) false QPointF(59,140)
[ 90959.52 ] D: findTrackIndexByPoint 1 QRect(0,111 1707x111) true QPointF(59,140)
[ 90959.52 ] D: _automationChanging true
[ 90959.52 ] D: mouseMove2
[ 90959.52 ] D: p1 QRect(0,27 1707x81) 3277.78 1.39506 140
[ 90959.52 ] D: p1 QRect(0,27 1707x81) 3277.78 1.39506 140
[ 90959.52 ] D: p1 QRect(0,27 1707x81) 3277.78 1.39506 140
[ 90959.52 ] D: createSelectedPoints 1 -1
[ 90959.52 ] D: _automationChanging true
[ 90959.52 ] D: mouseMove2
[ 90959.53 ] D: p1 QRect(0,27 1707x81) 3277.78 1.39506 140
[ 90959.53 ] D: p1 QRect(0,27 1707x81) 3277.78 1.39506 140
[ 90959.53 ] D: p1 QRect(0,27 1707x81) 3277.78 1.39506 140
[ 90959.58 ] D: p1 QRect(0,27 1707x81) 3333.33 1.38272 139
[ 90959.58 ] D: p1 QRect(0,27 1707x81) 3333.33 1.38272 139
[ 90959.58 ] D: p1 QRect(0,27 1707x81) 3333.33 1.38272 139
[ 90959.59 ] D: p1 QRect(0,27 1707x81) 3333.33 1.38272 139
[ 90959.59 ] D: p1 QRect(0,27 1707x81) 3333.33 1.38272 139
[ 90959.59 ] D: p1 QRect(0,27 1707x81) 3333.33 1.38272 139
[ 90959.75 ] D: p1 QRect(0,27 1707x81) 3277.78 1.40741 141
[ 90959.75 ] D: p1 QRect(0,27 1707x81) 3277.78 1.40741 141
[ 90959.75 ] D: p1 QRect(0,27 1707x81) 3277.78 1.40741 141
[ 90959.76 ] D: p1 QRect(0,27 1707x81) 3222.22 1.4321 143
[ 90959.76 ] D: p1 QRect(0,27 1707x81) 3222.22 1.4321 143
[ 90959.76 ] D: p1 QRect(0,27 1707x81) 3222.22 1.4321 143
[ 90959.77 ] D: p1 QRect(0,27 1707x81) 3222.22 1.45679 145
[ 90959.77 ] D: p1 QRect(0,27 1707x81) 3222.22 1.45679 145
[ 90959.77 ] D: p1 QRect(0,27 1707x81) 3222.22 1.45679 145
[ 90959.77 ] D: p1 QRect(0,27 1707x81) 3166.67 1.48148 147
[ 90959.77 ] D: p1 QRect(0,27 1707x81) 3166.67 1.48148 147
[ 90959.77 ] D: p1 QRect(0,27 1707x81) 3166.67 1.48148 147
[ 90959.80 ] D: p1 QRect(0,27 1707x81) 3166.67 1.49383 148
[ 90959.80 ] D: p1 QRect(0,27 1707x81) 3166.67 1.49383 148
[ 90959.80 ] D: p1 QRect(0,27 1707x81) 3166.67 1.49383 148
[ 90959.82 ] D: p1 QRect(0,27 1707x81) 3166.67 1.51852 150
[ 90959.82 ] D: p1 QRect(0,27 1707x81) 3166.67 1.51852 150
[ 90959.82 ] D: p1 QRect(0,27 1707x81) 3166.67 1.51852 150
[ 90959.84 ] D: p1 QRect(0,27 1707x81) 3222.22 1.51852 150
[ 90959.84 ] D: p1 QRect(0,27 1707x81) 3222.22 1.51852 150
[ 90959.84 ] D: p1 QRect(0,27 1707x81) 3222.22 1.51852 150
[ 90959.86 ] D: p1 QRect(0,27 1707x81) 3222.22 1.54321 152
[ 90959.86 ] D: p1 QRect(0,27 1707x81) 3222.22 1.54321 154
[ 90959.86 ] D: p1 QRect(0,27 1707x81) 3222.22 1.5679 154
[ 90959.88 ] D: p1 QRect(0,27 1707x81) 3222.22 1.59259 156
[ 90959.88 ] D: p1 QRect(0,27 1707x81) 3222.22 1.59259 156
[ 90959.88 ] D: p1 QRect(0,27 1707x81) 3222.22 1.59259 156
[ 90959.89 ] D: p1 QRect(0,27 1707x81) 3166.67 1.67901 163
[ 90959.89 ] D: p1 QRect(0,27 1707x81) 3166.67 1.75309 169
[ 90959.89 ] D: p1 QRect(0,27 1707x81) 3166.67 1.75309 169
[ 90959.91 ] D: p1 QRect(0,27 1707x81) 3166.67 1.77778 171
[ 90959.91 ] D: p1 QRect(0,27 1707x81) 3166.67 1.77778 171
[ 90959.91 ] D: p1 QRect(0,27 1707x81) 3166.67 1.77778 171
[ 90960.19 ] D: p1 QRect(0,27 1707x81) 11777.8 2.59259 237
[ 90960.19 ] D: p1 QRect(0,27 1707x81) 11777.8 2.59259 237
[ 90960.19 ] D: p1 QRect(0,27 1707x81) 11777.8 2.59259 237
[ 90960.20 ] D: p1 QRect(0,27 1707x81) 13166.7 2.64198 241
[ 90960.20 ] D: p1 QRect(0,27 1707x81) 13166.7 2.64198 241
[ 90960.20 ] D: p1 QRect(0,27 1707x81) 13166.7 2.64198 241
[ 90960.21 ] D: p1 QRect(0,27 1707x81) 13944.4 2.69136 245
[ 90960.21 ] D: p1 QRect(0,27 1707x81) 13944.4 2.69136 245
[ 90960.21 ] D: p1 QRect(0,27 1707x81) 15611.1 2.76543 251
[ 90960.23 ] D: p1 QRect(0,27 1707x81) 16500 2.83951 257
[ 90960.23 ] D: p1 QRect(0,27 1707x81) 16500 2.83951 257
[ 90960.23 ] D: p1 QRect(0,27 1707x81) 16500 2.83951 257
[ 90960.24 ] D: p1 QRect(0,27 1707x81) 19277.8 3.04938 274
[ 90960.24 ] D: p1 QRect(0,27 1707x81) 19277.8 3.04938 274
[ 90960.24 ] D: p1 QRect(0,27 1707x81) 19277.8 3.04938 274
[ 90960.26 ] D: p1 QRect(0,27 1707x81) 19444.4 3.07407 276
[ 90960.26 ] D: p1 QRect(0,27 1707x81) 19500 3.07407 276
[ 90960.26 ] D: p1 QRect(0,27 1707x81) 19500 3.07407 276
[ 90960.27 ] D: p1 QRect(0,27 1707x81) 19500 3.07407 276
[ 90960.27 ] D: p1 QRect(0,27 1707x81) 19500 3.07407 276
[ 90960.27 ] D: p1 QRect(0,27 1707x81) 19500 3.07407 276
[ 90960.41 ] D: p1 QRect(0,27 1707x81) 19444.4 3.07407 276
[ 90960.41 ] D: p1 QRect(0,27 1707x81) 19444.4 3.07407 276
[ 90960.41 ] D: p1 QRect(0,27 1707x81) 19444.4 3.07407 276
[ 90960.42 ] D: p1 QRect(0,27 1707x81) 19277.8 3.07407 276
[ 90960.42 ] D: p1 QRect(0,27 1707x81) 19277.8 3.07407 276
[ 90960.42 ] D: p1 QRect(0,27 1707x81) 19277.8 3.07407 276
[ 90960.44 ] D: p1 QRect(0,27 1707x81) 19166.7 3.07407 276
[ 90960.44 ] D: p1 QRect(0,27 1707x81) 19166.7 3.07407 276
[ 90960.44 ] D: p1 QRect(0,27 1707x81) 19166.7 3.07407 276
[ 90960.45 ] D: p1 QRect(0,27 1707x81) 18944.4 3.07407 276
[ 90960.45 ] D: p1 QRect(0,27 1707x81) 18833.3 3.07407 276
[ 90960.45 ] D: p1 QRect(0,27 1707x81) 18833.3 3.07407 276
[ 90960.48 ] D: p1 QRect(0,27 1707x81) 18833.3 3.07407 276
[ 90960.48 ] D: p1 QRect(0,27 1707x81) 18833.3 3.07407 276
[ 90960.48 ] D: p1 QRect(0,27 1707x81) 18833.3 3.07407 276
[ 90960.49 ] D: p1 QRect(0,27 1707x81) 18777.8 3.08642 277
[ 90960.49 ] D: p1 QRect(0,27 1707x81) 18777.8 3.08642 277
[ 90960.49 ] D: p1 QRect(0,27 1707x81) 18777.8 3.08642 277
[ 90960.53 ] D: p1 QRect(0,27 1707x81) 18722.2 3.08642 277
[ 90960.53 ] D: p1 QRect(0,27 1707x81) 18722.2 3.08642 277
[ 90960.53 ] D: p1 QRect(0,27 1707x81) 18722.2 3.08642 277
[ 90960.56 ] D: p1 QRect(0,27 1707x81) 18666.7 3.09877 278
[ 90960.56 ] D: p1 QRect(0,27 1707x81) 18666.7 3.09877 278
[ 90960.56 ] D: p1 QRect(0,27 1707x81) 18666.7 3.09877 278
[ 90960.58 ] D: p1 QRect(0,27 1707x81) 18555.6 3.09877 278
[ 90960.58 ] D: p1 QRect(0,27 1707x81) 18555.6 3.09877 278
[ 90960.58 ] D: p1 QRect(0,27 1707x81) 18555.6 3.09877 278
[ 90960.72 ] D: p1 QRect(0,27 1707x81) 18500 3.11111 279
[ 90960.72 ] D: p1 QRect(0,27 1707x81) 18500 3.11111 279
[ 90960.72 ] D: p1 QRect(0,27 1707x81) 18500 3.11111 279
[ 90960.74 ] D: p1 QRect(0,27 1707x81) 18388.9 3.12346 280
[ 90960.74 ] D: p1 QRect(0,27 1707x81) 18055.6 3.17284 284
[ 90960.74 ] D: p1 QRect(0,27 1707x81) 18055.6 3.17284 284
[ 90960.76 ] D: p1 QRect(0,27 1707x81) 17944.4 3.17284 284
[ 90960.76 ] D: p1 QRect(0,27 1707x81) 17944.4 3.17284 284
[ 90960.76 ] D: p1 QRect(0,27 1707x81) 17944.4 3.17284 284
[ 93125.19 ] D: p1 QRect(0,27 1707x81) 17888.9 3.17284 284
[ 93125.19 ] D: p1 QRect(0,27 1707x81) 17888.9 3.17284 284
[ 93125.19 ] D: p1 QRect(0,27 1707x81) 17888.9 3.17284 284
[ 93125.20 ] D: p1 QRect(0,27 1707x81) 17611.1 3.17284 284
[ 93125.20 ] D: p1 QRect(0,27 1707x81) 17611.1 3.17284 284
[ 93125.20 ] D: p1 QRect(0,27 1707x81) 17611.1 3.17284 284
[ 93125.21 ] D: p1 QRect(0,27 1707x81) 17055.6 3.17284 284
[ 93125.21 ] D: p1 QRect(0,27 1707x81) 17055.6 3.17284 284
[ 93125.21 ] D: p1 QRect(0,27 1707x81) 17055.6 3.17284 284
[ 93125.23 ] D: p1 QRect(0,27 1707x81) 13944.4 3.16049 283
[ 93125.23 ] D: p1 QRect(0,27 1707x81) 13944.4 3.16049 283
[ 93125.23 ] D: p1 QRect(0,27 1707x81) 13944.4 3.16049 283
[ 93126.32 ] D: LambdaFunctionPointerVoidReturnType class `public: __cdecl DGE::QtWrapper::QMLScene::QNode3D::QNode3D(class DGE::QtWrapper::QMLScene::QINode3D * __ptr64) __ptr64'::`2'::<lambda_1> Is Destroyed
[ 93126.32 ] D: LambdaFunctionPointerVoidReturnType class `public: __cdecl DGE::QtWrapper::QMLScene::QNode3D::QNode3D(class DGE::QtWrapper::QMLScene::QINode3D * __ptr64) __ptr64'::`2'::<lambda_1> Is Destroyed
[ 93126.33 ] D: LambdaFunctionPointerVoidReturnType class `protected: void __cdecl DGE::QtWrapper::QMLScene::QPerspectiveCameraController::commonInitConstructor(void) __ptr64'::`2'::<lambda_1> Is Destroyed
[ 93126.33 ] D: LambdaFunctionPointerVoidReturnType class `private: void __cdecl DGE::QtWrapper::QMLScene::QThirdPersonController::commonInitConstructor(void) __ptr64'::`2'::<lambda_1> Is Destroyed
[ 93126.33 ] D: LambdaFunctionPointerVoidReturnType class `protected: void __cdecl DGE::QtWrapper::QMLScene::QPerspectiveCameraController::commonInitConstructor(void) __ptr64'::`2'::<lambda_1> Is Destroyed
[ 93126.33 ] D: MemberFunctionPointer void (__cdecl DGE::QtWrapper::QMLScene::QComponent3D::*)(void) __ptr64 Is Destroyed
[ 93126.33 ] D: MemberFunctionPointer void (__cdecl DGE::QtWrapper::QMLScene::QThirdPersonController::*)(class std::shared_ptr<class DGE::Scene::Component>) __ptr64 Is Destroyed
[ 93126.33 ] D: LambdaFunctionPointerVoidReturnType class `public: __cdecl DGE::QtWrapper::QMLScene::QCameraComponent::QCameraComponent(class DGE::QtWrapper::QMLScene::QNode3D * __ptr64,bool) __ptr64'::`2'::<lambda_1> Is Destroyed
[ 93126.33 ] D: MemberFunctionPointer void (__cdecl DGE::QtWrapper::QMLScene::QComponent3D::*)(void) __ptr64 Is Destroyed
[ 93126.33 ] D: LambdaFunctionPointerVoidReturnType class `private: void __cdecl DGE::QtWrapper::QMLScene::QPerspectiveLens::commonInitConstructor(void) __ptr64'::`2'::<lambda_1> Is Destroyed
[ 93126.33 ] D: LambdaFunctionPointerVoidReturnType class `protected: void __cdecl DGE::QtWrapper::QMLScene::QPerspectiveCameraController::commonInitConstructor(void) __ptr64'::`2'::<lambda_1> Is Destroyed
[ 93126.33 ] D: LambdaFunctionPointerVoidReturnType class `private: void __cdecl DGE::QtWrapper::QMLScene::QThirdPersonController::commonInitConstructor(void) __ptr64'::`2'::<lambda_1> Is Destroyed
[ 93126.33 ] D: LambdaFunctionPointerVoidReturnType class `protected: void __cdecl DGE::QtWrapper::QMLScene::QPerspectiveCameraController::commonInitConstructor(void) __ptr64'::`2'::<lambda_1> Is Destroyed
[ 93126.33 ] D: MemberFunctionPointer void (__cdecl DGE::QtWrapper::QMLScene::QComponent3D::*)(void) __ptr64 Is Destroyed
[ 93126.33 ] D: MemberFunctionPointer void (__cdecl DGE::QtWrapper::QMLScene::QThirdPersonController::*)(class std::shared_ptr<class DGE::Scene::Component>) __ptr64 Is Destroyed
[ 93126.33 ] D: LambdaFunctionPointerVoidReturnType class `public: __cdecl DGE::QtWrapper::QMLScene::QCameraComponent::QCameraComponent(class DGE::QtWrapper::QMLScene::QNode3D * __ptr64,bool) __ptr64'::`2'::<lambda_1> Is Destroyed
[ 93126.33 ] D: MemberFunctionPointer void (__cdecl DGE::QtWrapper::QMLScene::QComponent3D::*)(void) __ptr64 Is Destroyed
[ 93126.33 ] D: LambdaFunctionPointerVoidReturnType class `private: void __cdecl DGE::QtWrapper::QMLScene::QOrthoLens::commonInitConstructor(void) __ptr64'::`2'::<lambda_1> Is Destroyed
[ 93126.33 ] D: LambdaFunctionPointerVoidReturnType class `protected: void __cdecl DGE::QtWrapper::QMLScene::QPerspectiveCameraController::commonInitConstructor(void) __ptr64'::`2'::<lambda_1> Is Destroyed
[ 93126.33 ] D: LambdaFunctionPointerVoidReturnType class `private: void __cdecl DGE::QtWrapper::QMLScene::QThirdPersonController::commonInitConstructor(void) __ptr64'::`2'::<lambda_1> Is Destroyed
[ 93126.33 ] D: LambdaFunctionPointerVoidReturnType class `protected: void __cdecl DGE::QtWrapper::QMLScene::QPerspectiveCameraController::commonInitConstructor(void) __ptr64'::`2'::<lambda_1> Is Destroyed
[ 93126.33 ] D: MemberFunctionPointer void (__cdecl DGE::QtWrapper::QMLScene::QComponent3D::*)(void) __ptr64 Is Destroyed
[ 93126.33 ] D: MemberFunctionPointer void (__cdecl DGE::QtWrapper::QMLScene::QThirdPersonController::*)(class std::shared_ptr<class DGE::Scene::Component>) __ptr64 Is Destroyed
[ 93126.33 ] D: LambdaFunctionPointerVoidReturnType class `public: __cdecl DGE::QtWrapper::QMLScene::QCameraComponent::QCameraComponent(class DGE::QtWrapper::QMLScene::QNode3D * __ptr64,bool) __ptr64'::`2'::<lambda_1> Is Destroyed
[ 93126.33 ] D: MemberFunctionPointer void (__cdecl DGE::QtWrapper::QMLScene::QComponent3D::*)(void) __ptr64 Is Destroyed
[ 93126.33 ] D: LambdaFunctionPointerVoidReturnType class `private: void __cdecl DGE::QtWrapper::QMLScene::QOrthoLens::commonInitConstructor(void) __ptr64'::`2'::<lambda_1> Is Destroyed
[ 93126.33 ] D: LambdaFunctionPointerVoidReturnType class `public: __cdecl DGE::QtWrapper::QMLScene::QCameraComponent::QCameraComponent(class DGE::QtWrapper::QMLScene::QNode3D * __ptr64,bool) __ptr64'::`2'::<lambda_1> Is Destroyed
[ 93126.33 ] D: MemberFunctionPointer void (__cdecl DGE::QtWrapper::QMLScene::QComponent3D::*)(void) __ptr64 Is Destroyed
[ 93126.33 ] D: LambdaFunctionPointerVoidReturnType class `private: void __cdecl DGE::QtWrapper::QMLScene::QPerspectiveLens::commonInitConstructor(void) __ptr64'::`2'::<lambda_1> Is Destroyed
[ 93126.34 ] D: LambdaFunctionPointerVoidReturnType class `protected: void __cdecl DGE::QtWrapper::QMLScene::QPerspectiveCameraController::commonInitConstructor(void) __ptr64'::`2'::<lambda_1> Is Destroyed
[ 93126.34 ] D: LambdaFunctionPointerVoidReturnType class `private: void __cdecl DGE::QtWrapper::QMLScene::QThirdPersonController::commonInitConstructor(void) __ptr64'::`2'::<lambda_1> Is Destroyed
[ 93126.34 ] D: LambdaFunctionPointerVoidReturnType class `protected: void __cdecl DGE::QtWrapper::QMLScene::QPerspectiveCameraController::commonInitConstructor(void) __ptr64'::`2'::<lambda_1> Is Destroyed
[ 93126.34 ] D: MemberFunctionPointer void (__cdecl DGE::QtWrapper::QMLScene::QComponent3D::*)(void) __ptr64 Is Destroyed
[ 93126.34 ] D: MemberFunctionPointer void (__cdecl DGE::QtWrapper::QMLScene::QThirdPersonController::*)(class std::shared_ptr<class DGE::Scene::Component>) __ptr64 Is Destroyed
[ 93126.34 ] D: LambdaFunctionPointerVoidReturnType class `public: __cdecl DGE::QtWrapper::QMLScene::QCameraComponent::QCameraComponent(class DGE::QtWrapper::QMLScene::QNode3D * __ptr64,bool) __ptr64'::`2'::<lambda_1> Is Destroyed
[ 93126.34 ] D: MemberFunctionPointer void (__cdecl DGE::QtWrapper::QMLScene::QComponent3D::*)(void) __ptr64 Is Destroyed
[ 93126.34 ] D: LambdaFunctionPointerVoidReturnType class `private: void __cdecl DGE::QtWrapper::QMLScene::QPerspectiveLens::commonInitConstructor(void) __ptr64'::`2'::<lambda_1> Is Destroyed
[ 93126.34 ] D: LambdaFunctionPointerVoidReturnType class `protected: void __cdecl DGE::QtWrapper::QMLScene::QPerspectiveCameraController::commonInitConstructor(void) __ptr64'::`2'::<lambda_1> Is Destroyed
[ 93126.34 ] D: LambdaFunctionPointerVoidReturnType class `private: void __cdecl DGE::QtWrapper::QMLScene::QThirdPersonController::commonInitConstructor(void) __ptr64'::`2'::<lambda_1> Is Destroyed
[ 93126.34 ] D: LambdaFunctionPointerVoidReturnType class `protected: void __cdecl DGE::QtWrapper::QMLScene::QPerspectiveCameraController::commonInitConstructor(void) __ptr64'::`2'::<lambda_1> Is Destroyed
[ 93126.34 ] D: MemberFunctionPointer void (__cdecl DGE::QtWrapper::QMLScene::QComponent3D::*)(void) __ptr64 Is Destroyed
[ 93126.34 ] D: MemberFunctionPointer void (__cdecl DGE::QtWrapper::QMLScene::QThirdPersonController::*)(class std::shared_ptr<class DGE::Scene::Component>) __ptr64 Is Destroyed
[ 93126.34 ] D: LambdaFunctionPointerVoidReturnType class `public: __cdecl DGE::QtWrapper::QMLScene::QCameraComponent::QCameraComponent(class DGE::QtWrapper::QMLScene::QNode3D * __ptr64,bool) __ptr64'::`2'::<lambda_1> Is Destroyed
[ 93126.34 ] D: MemberFunctionPointer void (__cdecl DGE::QtWrapper::QMLScene::QComponent3D::*)(void) __ptr64 Is Destroyed
[ 93126.34 ] D: LambdaFunctionPointerVoidReturnType class `private: void __cdecl DGE::QtWrapper::QMLScene::QOrthoLens::commonInitConstructor(void) __ptr64'::`2'::<lambda_1> Is Destroyed
[ 93126.34 ] D: LambdaFunctionPointerVoidReturnType class `protected: void __cdecl DGE::QtWrapper::QMLScene::QPerspectiveCameraController::commonInitConstructor(void) __ptr64'::`2'::<lambda_1> Is Destroyed
[ 93126.34 ] D: LambdaFunctionPointerVoidReturnType class `private: void __cdecl DGE::QtWrapper::QMLScene::QThirdPersonController::commonInitConstructor(void) __ptr64'::`2'::<lambda_1> Is Destroyed
[ 93126.34 ] D: LambdaFunctionPointerVoidReturnType class `protected: void __cdecl DGE::QtWrapper::QMLScene::QPerspectiveCameraController::commonInitConstructor(void) __ptr64'::`2'::<lambda_1> Is Destroyed
[ 93126.34 ] D: MemberFunctionPointer void (__cdecl DGE::QtWrapper::QMLScene::QComponent3D::*)(void) __ptr64 Is Destroyed
[ 93126.34 ] D: MemberFunctionPointer void (__cdecl DGE::QtWrapper::QMLScene::QThirdPersonController::*)(class std::shared_ptr<class DGE::Scene::Component>) __ptr64 Is Destroyed
[ 93126.34 ] D: LambdaFunctionPointerVoidReturnType class `public: __cdecl DGE::QtWrapper::QMLScene::QCameraComponent::QCameraComponent(class DGE::QtWrapper::QMLScene::QNode3D * __ptr64,bool) __ptr64'::`2'::<lambda_1> Is Destroyed
[ 93126.34 ] D: MemberFunctionPointer void (__cdecl DGE::QtWrapper::QMLScene::QComponent3D::*)(void) __ptr64 Is Destroyed
[ 93126.34 ] D: LambdaFunctionPointerVoidReturnType class `private: void __cdecl DGE::QtWrapper::QMLScene::QOrthoLens::commonInitConstructor(void) __ptr64'::`2'::<lambda_1> Is Destroyed
[ 93126.34 ] D: LambdaFunctionPointerVoidReturnType class `public: __cdecl DGE::QtWrapper::QMLScene::QCameraComponent::QCameraComponent(class DGE::QtWrapper::QMLScene::QNode3D * __ptr64,bool) __ptr64'::`2'::<lambda_1> Is Destroyed
[ 93126.34 ] D: MemberFunctionPointer void (__cdecl DGE::QtWrapper::QMLScene::QComponent3D::*)(void) __ptr64 Is Destroyed
[ 93126.34 ] D: LambdaFunctionPointerVoidReturnType class `private: void __cdecl DGE::QtWrapper::QMLScene::QPerspectiveLens::commonInitConstructor(void) __ptr64'::`2'::<lambda_1> Is Destroyed
[ 93126.34 ] D: LambdaFunctionPointerVoidReturnType class `protected: void __cdecl DGE::QtWrapper::QMLScene::QPerspectiveCameraController::commonInitConstructor(void) __ptr64'::`2'::<lambda_1> Is Destroyed
[ 93126.34 ] D: LambdaFunctionPointerVoidReturnType class `private: void __cdecl DGE::QtWrapper::QMLScene::QThirdPersonController::commonInitConstructor(void) __ptr64'::`2'::<lambda_1> Is Destroyed
[ 93126.34 ] D: LambdaFunctionPointerVoidReturnType class `protected: void __cdecl DGE::QtWrapper::QMLScene::QPerspectiveCameraController::commonInitConstructor(void) __ptr64'::`2'::<lambda_1> Is Destroyed
[ 93126.34 ] D: MemberFunctionPointer void (__cdecl DGE::QtWrapper::QMLScene::QComponent3D::*)(void) __ptr64 Is Destroyed
[ 93126.34 ] D: MemberFunctionPointer void (__cdecl DGE::QtWrapper::QMLScene::QThirdPersonController::*)(class std::shared_ptr<class DGE::Scene::Component>) __ptr64 Is Destroyed
[ 93126.34 ] D: LambdaFunctionPointerVoidReturnType class `public: __cdecl DGE::QtWrapper::QMLScene::QCameraComponent::QCameraComponent(class DGE::QtWrapper::QMLScene::QNode3D * __ptr64,bool) __ptr64'::`2'::<lambda_1> Is Destroyed
[ 93126.34 ] D: MemberFunctionPointer void (__cdecl DGE::QtWrapper::QMLScene::QComponent3D::*)(void) __ptr64 Is Destroyed
[ 93126.34 ] D: LambdaFunctionPointerVoidReturnType class `private: void __cdecl DGE::QtWrapper::QMLScene::QPerspectiveLens::commonInitConstructor(void) __ptr64'::`2'::<lambda_1> Is Destroyed
[ 93126.34 ] D: LambdaFunctionPointerVoidReturnType class `protected: void __cdecl DGE::QtWrapper::QMLScene::QPerspectiveCameraController::commonInitConstructor(void) __ptr64'::`2'::<lambda_1> Is Destroyed
[ 93126.34 ] D: LambdaFunctionPointerVoidReturnType class `protected: void __cdecl DGE::QtWrapper::QMLScene::QPerspectiveCameraController::commonInitConstructor(void) __ptr64'::`2'::<lambda_1> Is Destroyed
[ 93126.34 ] D: LambdaFunctionPointerVoidReturnType class `private: void __cdecl DGE::QtWrapper::QMLScene::QThirdPersonController::commonInitConstructor(void) __ptr64'::`2'::<lambda_1> Is Destroyed
[ 93126.35 ] D: MemberFunctionPointer void (__cdecl DGE::QtWrapper::QMLScene::QComponent3D::*)(void) __ptr64 Is Destroyed
[ 93126.35 ] D: MemberFunctionPointer void (__cdecl DGE::QtWrapper::QMLScene::QThirdPersonController::*)(class std::shared_ptr<class DGE::Scene::Component>) __ptr64 Is Destroyed
[ 93126.35 ] D: LambdaFunctionPointerVoidReturnType class `public: __cdecl DGE::QtWrapper::QMLScene::QCameraComponent::QCameraComponent(class DGE::QtWrapper::QMLScene::QNode3D * __ptr64,bool) __ptr64'::`2'::<lambda_1> Is Destroyed
[ 93126.35 ] D: MemberFunctionPointer void (__cdecl DGE::QtWrapper::QMLScene::QComponent3D::*)(void) __ptr64 Is Destroyed
[ 93126.35 ] D: LambdaFunctionPointerVoidReturnType class `private: void __cdecl DGE::QtWrapper::QMLScene::QOrthoLens::commonInitConstructor(void) __ptr64'::`2'::<lambda_1> Is Destroyed
[ 93126.35 ] D: LambdaFunctionPointerVoidReturnType class `protected: void __cdecl DGE::QtWrapper::QMLScene::QPerspectiveCameraController::commonInitConstructor(void) __ptr64'::`2'::<lambda_1> Is Destroyed
[ 93126.35 ] D: LambdaFunctionPointerVoidReturnType class `protected: void __cdecl DGE::QtWrapper::QMLScene::QPerspectiveCameraController::commonInitConstructor(void) __ptr64'::`2'::<lambda_1> Is Destroyed
[ 93126.35 ] D: LambdaFunctionPointerVoidReturnType class `private: void __cdecl DGE::QtWrapper::QMLScene::QThirdPersonController::commonInitConstructor(void) __ptr64'::`2'::<lambda_1> Is Destroyed
[ 93126.35 ] D: MemberFunctionPointer void (__cdecl DGE::QtWrapper::QMLScene::QComponent3D::*)(void) __ptr64 Is Destroyed
[ 93126.35 ] D: MemberFunctionPointer void (__cdecl DGE::QtWrapper::QMLScene::QThirdPersonController::*)(class std::shared_ptr<class DGE::Scene::Component>) __ptr64 Is Destroyed
[ 93126.35 ] D: LambdaFunctionPointerVoidReturnType class `public: __cdecl DGE::QtWrapper::QMLScene::QCameraComponent::QCameraComponent(class DGE::QtWrapper::QMLScene::QNode3D * __ptr64,bool) __ptr64'::`2'::<lambda_1> Is Destroyed
[ 93126.35 ] D: MemberFunctionPointer void (__cdecl DGE::QtWrapper::QMLScene::QComponent3D::*)(void) __ptr64 Is Destroyed
[ 93126.35 ] D: LambdaFunctionPointerVoidReturnType class `private: void __cdecl DGE::QtWrapper::QMLScene::QOrthoLens::commonInitConstructor(void) __ptr64'::`2'::<lambda_1> Is Destroyed
[ 93126.35 ] D: LambdaFunctionPointerVoidReturnType class `public: __cdecl DGE::QtWrapper::QMLScene::QCameraComponent::QCameraComponent(class DGE::QtWrapper::QMLScene::QNode3D * __ptr64,bool) __ptr64'::`2'::<lambda_1> Is Destroyed
[ 93126.35 ] D: MemberFunctionPointer void (__cdecl DGE::QtWrapper::QMLScene::QComponent3D::*)(void) __ptr64 Is Destroyed
[ 93126.35 ] D: LambdaFunctionPointerVoidReturnType class `private: void __cdecl DGE::QtWrapper::QMLScene::QPerspectiveLens::commonInitConstructor(void) __ptr64'::`2'::<lambda_1> Is Destroyed
[ 93126.47 ] D: LambdaFunctionPointerVoidReturnType class `public: __cdecl DGE::QtWrapper::QMLScene::QNode3D::QNode3D(class DGE::QtWrapper::QMLScene::QINode3D * __ptr64) __ptr64'::`2'::<lambda_1> Is Destroyed
[ 93126.47 ] D: LambdaFunctionPointerVoidReturnType class `public: __cdecl DGE::QtWrapper::QMLScene::QNode3D::QNode3D(class DGE::QtWrapper::QMLScene::QINode3D * __ptr64) __ptr64'::`2'::<lambda_1> Is Destroyed
[ 93126.47 ] D: LambdaFunctionPointerVoidReturnType class `public: __cdecl DGE::QtWrapper::QMLScene::QNode3D::QNode3D(class DGE::QtWrapper::QMLScene::QINode3D * __ptr64) __ptr64'::`2'::<lambda_1> Is Destroyed
[ 93126.47 ] D: LambdaFunctionPointerVoidReturnType class `public: __cdecl DGE::QtWrapper::QMLScene::QEntity3D::QEntity3D(class DGE::QtWrapper::QMLScene::QINode3D * __ptr64) __ptr64'::`2'::<lambda_2> Is Destroyed
[ 93126.47 ] D: LambdaFunctionPointerVoidReturnType class `public: __cdecl DGE::QtWrapper::QMLScene::QEntity3D::QEntity3D(class DGE::QtWrapper::QMLScene::QINode3D * __ptr64) __ptr64'::`2'::<lambda_1> Is Destroyed
[ 93126.47 ] D: LambdaFunctionPointerVoidReturnType class `public: __cdecl DGE::QtWrapper::QMLScene::QNode3D::QNode3D(class DGE::QtWrapper::QMLScene::QINode3D * __ptr64) __ptr64'::`2'::<lambda_1> Is Destroyed
[ 93126.47 ] D: LambdaFunctionPointerVoidReturnType class `public: __cdecl DGE::QtWrapper::QMLScene::QDShader::QDShader(class DGE::QtWrapper::QMLScene::QNode3D * __ptr64) __ptr64'::`2'::<lambda_2> Is Destroyed
[ 93126.47 ] D: LambdaFunctionPointerVoidReturnType class `public: __cdecl DGE::QtWrapper::QMLScene::QDShader::QDShader(class DGE::QtWrapper::QMLScene::QNode3D * __ptr64) __ptr64'::`2'::<lambda_1> Is Destroyed
[ 93126.47 ] D: MemberFunctionPointer void (__cdecl DGE::QtWrapper::QMLScene::QComponent3D::*)(void) __ptr64 Is Destroyed
[ 93126.47 ] D: LambdaFunctionPointerVoidReturnType class `public: __cdecl DGE::QtWrapper::QMLScene::QDModel::QDModel(class DGE::QtWrapper::QMLScene::QNode3D * __ptr64) __ptr64'::`2'::<lambda_2> Is Destroyed
[ 93126.47 ] D: MemberFunctionPointer void (__cdecl DGE::QtWrapper::QMLScene::QComponent3D::*)(void) __ptr64 Is Destroyed
[ 93126.47 ] D: LambdaFunctionPointerVoidReturnType class `public: __cdecl DGE::QtWrapper::QMLScene::QDModel::QDModel(class DGE::QtWrapper::QMLScene::QNode3D * __ptr64) __ptr64'::`2'::<lambda_1> Is Destroyed
[ 93126.47 ] D: LambdaFunctionPointerVoidReturnType class `public: __cdecl DGE::QtWrapper::QMLScene::Model::BuiltIn::QDSphere::QDSphere(class QObject * __ptr64) __ptr64'::`2'::<lambda_1> Is Destroyed
[ 93126.47 ] D: LambdaFunctionPointerVoidReturnType class `public: void __cdecl DGE::QtWrapper::QMLScene::QDModel::modelInitialize(void) __ptr64'::`5'::<lambda_1> Is Destroyed
[ 93126.47 ] D: LambdaFunctionPointerVoidReturnType class `public: __cdecl `public: __cdecl DGE::QtWrapper::QMLScene::QDModel::QDModel(class DGE::QtWrapper::QMLScene::QNode3D * __ptr64) __ptr64'::`2'::<lambda_2>::operator()(void)const __ptr64'::`2'::<lambda_1> Is Destroyed
[ 93126.47 ] D: MemberFunctionPointer void (__cdecl DGE::QtWrapper::QMLScene::QComponent3D::*)(void) __ptr64 Is Destroyed
[ 93126.47 ] D: LambdaFunctionPointerVoidReturnType class `public: __cdecl DGE::QtWrapper::QMLScene::QNode3D::QNode3D(class DGE::QtWrapper::QMLScene::QINode3D * __ptr64) __ptr64'::`2'::<lambda_1> Is Destroyed
[ 93126.47 ] D: LambdaFunctionPointerVoidReturnType class `public: __cdecl DGE::QtWrapper::QMLScene::QNode3D::QNode3D(class DGE::QtWrapper::QMLScene::QINode3D * __ptr64) __ptr64'::`2'::<lambda_1> Is Destroyed
[ 93126.47 ] D: LambdaFunctionPointerVoidReturnType class `public: __cdecl DGE::QtWrapper::QMLScene::QNode3D::QNode3D(class DGE::QtWrapper::QMLScene::QINode3D * __ptr64) __ptr64'::`2'::<lambda_1> Is Destroyed
[ 93126.47 ] D: LambdaFunctionPointerVoidReturnType class `public: __cdecl DGE::QtWrapper::QMLScene::QNode3D::QNode3D(class DGE::QtWrapper::QMLScene::QINode3D * __ptr64) __ptr64'::`2'::<lambda_1> Is Destroyed
[ 93126.47 ] D: LambdaFunctionPointerVoidReturnType class `public: __cdecl DGE::QtWrapper::QMLScene::QNode3D::QNode3D(class DGE::QtWrapper::QMLScene::QINode3D * __ptr64) __ptr64'::`2'::<lambda_1> Is Destroyed
[ 93126.47 ] D: LambdaFunctionPointerVoidReturnType class `public: __cdecl DGE::QtWrapper::QMLScene::QNode3D::QNode3D(class DGE::QtWrapper::QMLScene::QINode3D * __ptr64) __ptr64'::`2'::<lambda_1> Is Destroyed
[ 93126.47 ] D: LambdaFunctionPointerVoidReturnType class `public: __cdecl DGE::QtWrapper::QMLScene::QNode3D::QNode3D(class DGE::QtWrapper::QMLScene::QINode3D * __ptr64) __ptr64'::`2'::<lambda_1> Is Destroyed
[ 93126.47 ] D: LambdaFunctionPointerVoidReturnType class `public: __cdecl DGE::QtWrapper::QMLScene::QNode3D::QNode3D(class DGE::QtWrapper::QMLScene::QINode3D * __ptr64) __ptr64'::`2'::<lambda_1> Is Destroyed
[ 93126.47 ] D: LambdaFunctionPointerVoidReturnType class `public: __cdecl DGE::QtWrapper::QMLScene::QNode3D::QNode3D(class DGE::QtWrapper::QMLScene::QINode3D * __ptr64) __ptr64'::`2'::<lambda_1> Is Destroyed
[ 93126.47 ] D: LambdaFunctionPointerVoidReturnType class `public: __cdecl DGE::QtWrapper::QMLScene::QNode3D::QNode3D(class DGE::QtWrapper::QMLScene::QINode3D * __ptr64) __ptr64'::`2'::<lambda_1> Is Destroyed
[ 93126.47 ] D: LambdaFunctionPointerVoidReturnType class `public: __cdecl DGE::QtWrapper::QMLScene::QNode3D::QNode3D(class DGE::QtWrapper::QMLScene::QINode3D * __ptr64) __ptr64'::`2'::<lambda_1> Is Destroyed
[ 93126.47 ] D: LambdaFunctionPointerVoidReturnType class `public: __cdecl DGE::QtWrapper::QMLScene::QNode3D::QNode3D(class DGE::QtWrapper::QMLScene::QINode3D * __ptr64) __ptr64'::`2'::<lambda_1> Is Destroyed
[ 93126.47 ] D: LambdaFunctionPointerVoidReturnType class `public: __cdecl DGE::QtWrapper::QMLScene::QNode3D::QNode3D(class DGE::QtWrapper::QMLScene::QINode3D * __ptr64) __ptr64'::`2'::<lambda_1> Is Destroyed
[ 93126.47 ] D: LambdaFunctionPointerVoidReturnType class `public: __cdecl DGE::QtWrapper::QMLScene::QNode3D::QNode3D(class DGE::QtWrapper::QMLScene::QINode3D * __ptr64) __ptr64'::`2'::<lambda_1> Is Destroyed
[ 93126.47 ] D: LambdaFunctionPointerVoidReturnType class `public: __cdecl DGE::QtWrapper::QMLScene::QNode3D::QNode3D(class DGE::QtWrapper::QMLScene::QINode3D * __ptr64) __ptr64'::`2'::<lambda_1> Is Destroyed
[ 93126.47 ] D: LambdaFunctionPointerVoidReturnType class `public: __cdecl DGE::QtWrapper::QMLScene::QNode3D::QNode3D(class DGE::QtWrapper::QMLScene::QINode3D * __ptr64) __ptr64'::`2'::<lambda_1> Is Destroyed
[ 93126.47 ] D: LambdaFunctionPointerVoidReturnType class `public: __cdecl DGE::QtWrapper::QMLScene::QNode3D::QNode3D(class DGE::QtWrapper::QMLScene::QINode3D * __ptr64) __ptr64'::`2'::<lambda_1> Is Destroyed
[ 93126.47 ] D: LambdaFunctionPointerVoidReturnType class `public: __cdecl DGE::QtWrapper::QMLScene::QNode3D::QNode3D(class DGE::QtWrapper::QMLScene::QINode3D * __ptr64) __ptr64'::`2'::<lambda_1> Is Destroyed
[ 93126.47 ] D: LambdaFunctionPointerVoidReturnType class `public: __cdecl DGE::QtWrapper::QMLScene::QNode3D::QNode3D(class DGE::QtWrapper::QMLScene::QINode3D * __ptr64) __ptr64'::`2'::<lambda_1> Is Destroyed
[ 93126.47 ] D: LambdaFunctionPointerVoidReturnType class `public: __cdecl DGE::QtWrapper::QMLScene::QNode3D::QNode3D(class DGE::QtWrapper::QMLScene::QINode3D * __ptr64) __ptr64'::`2'::<lambda_1> Is Destroyed
[ 93126.48 ] D: Destroy Node with id: 2457 and name: 
[ 93126.48 ] D: LambdaFunctionPointerVoidReturnType class `public: __cdecl DGE::Scene::Node::Node(class std::shared_ptr<class DGE::GFX::GCore::Renderer>,class std::shared_ptr<class DGE::Core::System::Context>) __ptr64'::`2'::<lambda_1> Is Destroyed
[ 93126.48 ] D: LambdaFunctionPointerVoidReturnType class `public: void __cdecl DGE::QtWrapper::QMLScene::QNode3D::localScaleInitialize(void) __ptr64'::`5'::<lambda_1> Is Destroyed
[ 93126.48 ] D: LambdaFunctionPointerVoidReturnType class `public: void __cdecl DGE::QtWrapper::QMLScene::QNode3D::localScaleInitialize(void) __ptr64'::`5'::<lambda_1> Is Destroyed
[ 93126.48 ] D: LambdaFunctionPointerVoidReturnType class `public: void __cdecl DGE::QtWrapper::QMLScene::QNode3D::localScaleInitialize(void) __ptr64'::`5'::<lambda_1> Is Destroyed
[ 93126.48 ] D: LambdaFunctionPointerVoidReturnType class `public: void __cdecl DGE::QtWrapper::QMLScene::QNode3D::localRotationInitialize(void) __ptr64'::`5'::<lambda_1> Is Destroyed
[ 93126.48 ] D: LambdaFunctionPointerVoidReturnType class `public: void __cdecl DGE::QtWrapper::QMLScene::QNode3D::localRotationInitialize(void) __ptr64'::`5'::<lambda_1> Is Destroyed
[ 93126.48 ] D: LambdaFunctionPointerVoidReturnType class `public: void __cdecl DGE::QtWrapper::QMLScene::QNode3D::localRotationInitialize(void) __ptr64'::`5'::<lambda_1> Is Destroyed
[ 93126.48 ] D: LambdaFunctionPointerVoidReturnType class `public: void __cdecl DGE::QtWrapper::QMLScene::QNode3D::localPositionInitialize(void) __ptr64'::`5'::<lambda_1> Is Destroyed
[ 93126.48 ] D: LambdaFunctionPointerVoidReturnType class `public: void __cdecl DGE::QtWrapper::QMLScene::QNode3D::localPositionInitialize(void) __ptr64'::`5'::<lambda_1> Is Destroyed
[ 93126.48 ] D: LambdaFunctionPointerVoidReturnType class `public: void __cdecl DGE::QtWrapper::QMLScene::QNode3D::localPositionInitialize(void) __ptr64'::`5'::<lambda_1> Is Destroyed
[ 93126.48 ] D: Destroy Node with id: 2458 and name: 
[ 93126.48 ] D: LambdaFunctionPointerVoidReturnType class `public: __cdecl DGE::Scene::DEntity::DEntity(class std::shared_ptr<class DGE::GFX::GCore::Renderer>,class std::shared_ptr<class DGE::Core::System::Context>) __ptr64'::`2'::<lambda_1> Is Destroyed
[ 93126.48 ] D: Destroy Node with id: 2458 and name: 
[ 93126.48 ] D: LambdaFunctionPointerVoidReturnType class `public: __cdecl DGE::Scene::Node::Node(class std::shared_ptr<class DGE::GFX::GCore::Renderer>,class std::shared_ptr<class DGE::Core::System::Context>) __ptr64'::`2'::<lambda_1> Is Destroyed
[ 93126.48 ] D: LambdaFunctionPointerVoidReturnType class `public: void __cdecl DGE::QtWrapper::QMLScene::QNode3D::localScaleInitialize(void) __ptr64'::`5'::<lambda_1> Is Destroyed
[ 93126.48 ] D: LambdaFunctionPointerVoidReturnType class `public: void __cdecl DGE::QtWrapper::QMLScene::QNode3D::localScaleInitialize(void) __ptr64'::`5'::<lambda_1> Is Destroyed
[ 93126.48 ] D: LambdaFunctionPointerVoidReturnType class `public: void __cdecl DGE::QtWrapper::QMLScene::QNode3D::localScaleInitialize(void) __ptr64'::`5'::<lambda_1> Is Destroyed
[ 93126.48 ] D: LambdaFunctionPointerVoidReturnType class `public: void __cdecl DGE::QtWrapper::QMLScene::QNode3D::localScaleInitialize(void) __ptr64'::`5'::<lambda_1> Is Destroyed
[ 93126.48 ] D: LambdaFunctionPointerVoidReturnType class `public: void __cdecl DGE::QtWrapper::QMLScene::QNode3D::localScaleInitialize(void) __ptr64'::`5'::<lambda_1> Is Destroyed
[ 93126.48 ] D: LambdaFunctionPointerVoidReturnType class `public: void __cdecl DGE::QtWrapper::QMLScene::QNode3D::localScaleInitialize(void) __ptr64'::`5'::<lambda_1> Is Destroyed
[ 93126.48 ] D: LambdaFunctionPointerVoidReturnType class `public: void __cdecl DGE::QtWrapper::QMLScene::QNode3D::localRotationInitialize(void) __ptr64'::`5'::<lambda_1> Is Destroyed
[ 93126.48 ] D: LambdaFunctionPointerVoidReturnType class `public: void __cdecl DGE::QtWrapper::QMLScene::QNode3D::localRotationInitialize(void) __ptr64'::`5'::<lambda_1> Is Destroyed
[ 93126.48 ] D: LambdaFunctionPointerVoidReturnType class `public: void __cdecl DGE::QtWrapper::QMLScene::QNode3D::localRotationInitialize(void) __ptr64'::`5'::<lambda_1> Is Destroyed
[ 93126.48 ] D: LambdaFunctionPointerVoidReturnType class `public: void __cdecl DGE::QtWrapper::QMLScene::QNode3D::localRotationInitialize(void) __ptr64'::`5'::<lambda_1> Is Destroyed
[ 93126.48 ] D: LambdaFunctionPointerVoidReturnType class `public: void __cdecl DGE::QtWrapper::QMLScene::QNode3D::localRotationInitialize(void) __ptr64'::`5'::<lambda_1> Is Destroyed
[ 93126.48 ] D: LambdaFunctionPointerVoidReturnType class `public: void __cdecl DGE::QtWrapper::QMLScene::QNode3D::localRotationInitialize(void) __ptr64'::`5'::<lambda_1> Is Destroyed
[ 93126.48 ] D: LambdaFunctionPointerVoidReturnType class `public: void __cdecl DGE::QtWrapper::QMLScene::QNode3D::localPositionInitialize(void) __ptr64'::`5'::<lambda_1> Is Destroyed
[ 93126.48 ] D: LambdaFunctionPointerVoidReturnType class `public: void __cdecl DGE::QtWrapper::QMLScene::QNode3D::localPositionInitialize(void) __ptr64'::`5'::<lambda_1> Is Destroyed
[ 93126.48 ] D: LambdaFunctionPointerVoidReturnType class `public: void __cdecl DGE::QtWrapper::QMLScene::QNode3D::localPositionInitialize(void) __ptr64'::`5'::<lambda_1> Is Destroyed
[ 93126.48 ] D: LambdaFunctionPointerVoidReturnType class `public: void __cdecl DGE::QtWrapper::QMLScene::QNode3D::localPositionInitialize(void) __ptr64'::`5'::<lambda_1> Is Destroyed
[ 93126.48 ] D: LambdaFunctionPointerVoidReturnType class `public: void __cdecl DGE::QtWrapper::QMLScene::QNode3D::localPositionInitialize(void) __ptr64'::`5'::<lambda_1> Is Destroyed
[ 93126.48 ] D: LambdaFunctionPointerVoidReturnType class `public: void __cdecl DGE::QtWrapper::QMLScene::QNode3D::localPositionInitialize(void) __ptr64'::`5'::<lambda_1> Is Destroyed
[ 93126.48 ] D: Destroy Node with id: 2459 and name: 
[ 93126.48 ] D: LambdaFunctionPointerVoidReturnType class `public: __cdecl DGE::Scene::Node::Node(class std::shared_ptr<class DGE::GFX::GCore::Renderer>,class std::shared_ptr<class DGE::Core::System::Context>) __ptr64'::`2'::<lambda_1> Is Destroyed
[ 93126.48 ] D: LambdaFunctionPointerVoidReturnType class `public: __cdecl DGE::Scene::AnimationController::AnimationController(class std::shared_ptr<class DGE::GFX::GCore::Renderer>,class std::shared_ptr<class DGE::Core::System::Context>) __ptr64'::`2'::<lambda_1> Is Destroyed
[ 93126.48 ] D: LambdaFunctionPointerVoidReturnType class `public: virtual bool __cdecl DGE::Scene::AnimationController::initialize(class std::map<class DGE::Core::BaseType::DString,class std::any,struct std::less<class DGE::Core::BaseType::DString>,class std::allocator<struct std::pair<class DGE::Core::BaseType::DString const ,class std::any> > > & __ptr64) __ptr64'::`2'::<lambda_2> Is Destroyed
[ 93126.48 ] D: LambdaFunctionPointer class `public: virtual bool __cdecl DGE::Scene::AnimationController::initialize(class std::map<class DGE::Core::BaseType::DString,class std::any,struct std::less<class DGE::Core::BaseType::DString>,class std::allocator<struct std::pair<class DGE::Core::BaseType::DString const ,class std::any> > > & __ptr64) __ptr64'::`2'::<lambda_1> Is Destroyed
[ 93126.48 ] D: LambdaFunctionPointerVoidReturnType class `protected: virtual void __cdecl DGE::GFX::Primitives::Sphere::regenerateVertices(bool) __ptr64'::`5'::<lambda_2> Is Destroyed
[ 93126.48 ] D: LambdaFunctionPointerVoidReturnType class `protected: virtual void __cdecl DGE::GFX::Primitives::Sphere::regenerateVertices(bool) __ptr64'::`5'::<lambda_1> Is Destroyed
[ 93126.48 ] D: LambdaFunctionPointerVoidReturnType class `public: void __cdecl DGE::QtWrapper::QMLScene::QDShader::fragmentSourceCodeInitialize(void) __ptr64'::`5'::<lambda_1> Is Destroyed
[ 93126.48 ] D: LambdaFunctionPointerVoidReturnType class `public: void __cdecl DGE::QtWrapper::QMLScene::QDShader::fragmentSourceCodeInitialize(void) __ptr64'::`5'::<lambda_1> Is Destroyed
[ 93126.48 ] D: LambdaFunctionPointerVoidReturnType class `public: void __cdecl DGE::QtWrapper::QMLScene::QDShader::fragmentSourceCodeInitialize(void) __ptr64'::`5'::<lambda_1> Is Destroyed
[ 93126.48 ] D: LambdaFunctionPointerVoidReturnType class `public: void __cdecl DGE::QtWrapper::QMLScene::QDShader::fragmentSourceCodeInitialize(void) __ptr64'::`5'::<lambda_1> Is Destroyed
[ 93126.48 ] D: LambdaFunctionPointerVoidReturnType class `public: void __cdecl DGE::QtWrapper::QMLScene::QDShader::fragmentSourceCodeInitialize(void) __ptr64'::`5'::<lambda_1> Is Destroyed
[ 93126.48 ] D: LambdaFunctionPointerVoidReturnType class `public: void __cdecl DGE::QtWrapper::QMLScene::QDShader::vertexSourceCodeInitialize(void) __ptr64'::`5'::<lambda_1> Is Destroyed
[ 93126.48 ] D: LambdaFunctionPointerVoidReturnType class `public: void __cdecl DGE::QtWrapper::QMLScene::QDShader::vertexSourceCodeInitialize(void) __ptr64'::`5'::<lambda_1> Is Destroyed
[ 93126.48 ] D: LambdaFunctionPointerVoidReturnType class `public: void __cdecl DGE::QtWrapper::QMLScene::QDShader::vertexSourceCodeInitialize(void) __ptr64'::`5'::<lambda_1> Is Destroyed
[ 93126.48 ] D: LambdaFunctionPointerVoidReturnType class `public: void __cdecl DGE::QtWrapper::QMLScene::QDShader::vertexSourceCodeInitialize(void) __ptr64'::`5'::<lambda_1> Is Destroyed
[ 93126.48 ] D: LambdaFunctionPointerVoidReturnType class `public: void __cdecl DGE::QtWrapper::QMLScene::QDShader::vertexSourceCodeInitialize(void) __ptr64'::`5'::<lambda_1> Is Destroyed
[ 93126.48 ] D: -----Released Scene Module-----
[ 93126.48 ] D: -----Released GFX Module-----
[ 93126.48 ] I: Log: Log file closed, 1403/5/30 00:12:18
