[    11.34 ] I: Log: Log file open in follow path at 1403/6/24 21:38:12 : C:\Users\AmirPasha\Desktop\Rpos\DAW-3\build2019\debug\Logs\Launch.log
[    11.34 ] I: The subsystem "class DGE::Core::IO::LogSystem::Logger" is registered successfully.
[    11.34 ] I: The subsystem "class DGE::Core::Windows::QtWindow" is registered successfully.
[    11.34 ] D: API version is: 4.60 ,shader version is: 4.60
[    11.34 ] I: The subsystem "class DGE::GFX::GCore::QtWrapper::QtRenderer" is registered successfully.
[    11.34 ] I: Current Render API is: 4.60
[    11.34 ] I: The subsystem "Renderer" is registered successfully.
[    11.34 ] I: The subsystem "class DGE::Core::Platforms::QtPlatform" is registered successfully.
[    11.34 ] I: The subsystem "Platform" is registered successfully.
[    11.34 ] I: The subsystem "class DGE::Core::IO::FileSystem::FileManager" is registered successfully.
[    11.34 ] I: The subsystem "class DGE::Core::CoreModule" is registered successfully.
[    11.34 ] I: The subsystem "class DGE::Core::Profiling::Profiler" is registered successfully.
[    11.35 ] I: The subsystem "class DGE::GFX::DrawablesManager" is registered successfully.
[    11.35 ] I: #version 460 core
#define GLES_Ver 460

[    11.35 ] I: The subsystem "class DGE::GFX::GraphicsManager" is registered successfully.
[    11.35 ] I: The subsystem "class DGE::GFX::GFXModule" is registered successfully.
[    11.72 ] D: Shader Compile successfully.
[    11.73 ] I: The subsystem "class DGE::Scene::ViewportManager" is registered successfully.
[    11.73 ] I: The subsystem "class DGE::Scene::SceneModule" is registered successfully.
[    11.73 ] I: The subsystem "class DGE::Managers::RenderManager" is registered successfully.
[    11.73 ] D: Engine Enabled
[    11.73 ] I: The subsystem "class DGE::Engine" is registered successfully.
[    11.73 ] D: Node with id 1 is added to Qt layer
[    11.73 ] D: Node with id 2460 is added to Qt layer
[    11.73 ] D: Node with id 2462 is added to Qt layer
[    11.73 ] D: Node with id 2464 is added to Qt layer
[    11.74 ] D: Node with id 2466 is added to Qt layer
[    11.74 ] D: Node with id 2468 is added to Qt layer
[    11.74 ] D: Node with id 2470 is added to Qt layer
[    11.74 ] D: Node with id 2472 is added to Qt layer
[    11.74 ] D: Node with id 2474 is added to Qt layer
[    11.74 ] D: Node with id 2476 is added to Qt layer
[    11.74 ] D: Node with id 2478 is added to Qt layer
[    11.75 ] D: Node with id 2480 is added to Qt layer
[    11.75 ] D: Node with id 2482 is added to Qt layer
[    11.75 ] D: Node with id 2484 is added to Qt layer
[    11.75 ] D: Node with id 2486 is added to Qt layer
[    11.76 ] D: Node with id 2487 is added to Qt layer
[    11.76 ] D: Node with id 2489 is added to Qt layer
[    11.77 ] D: Node with id 2491 is added to Qt layer
[    11.77 ] D: Node with id 3 is added to Qt layer
[    11.78 ] D: Node with id 2493 is added to Qt layer
[    11.78 ] S: New view-port registered with id: 1
[    11.78 ] S: New view-port registered with id: 2
[    11.79 ] S: New view-port registered with id: 3
[    11.79 ] S: New view-port registered with id: 4
[    11.79 ] S: New view-port registered with id: 5
[    11.79 ] S: New view-port registered with id: 6
[    12.73 ] D: Creating suitable QNanoBackend for OpenGL 4.6 context
[    12.73 ] D: Using backend: "OpenGL 3"
[    12.94 ] W: Floating point comparison needs context sanity check
[    12.94 ] D: QT onScaleChanged=  144
[    13.05 ] W: ShaderEffectSource: 'recursive' must be set to true when rendering recursively.
[    13.19 ] W: ShaderEffectSource: 'recursive' must be set to true when rendering recursively.
[    13.19 ] W: ShaderEffectSource: 'recursive' must be set to true when rendering recursively.
[    13.20 ] W: ShaderEffectSource: 'recursive' must be set to true when rendering recursively.
[    13.49 ] D: Engine Started.
[    33.26 ] D: P1 -454
[    33.26 ] D: P1 -434
[    33.27 ] D: P1 -432
[    33.27 ] D: P1 -431
[    33.28 ] D: P1 -430
[    33.29 ] D: P1 -429
[    33.30 ] D: P1 -426
[    33.30 ] D: P1 -426
[    33.31 ] D: P1 -425
[