[     6.23 ] I: Log: Log file open in follow path at 1403/6/24 21:40:52 : C:\Users\AmirPasha\Desktop\Rpos\DAW-3\build2019\debug\Logs\Launch.log
[     6.23 ] I: The subsystem "class DGE::Core::IO::LogSystem::Logger" is registered successfully.
[     6.23 ] I: The subsystem "class DGE::Core::Windows::QtWindow" is registered successfully.
[     6.23 ] D: API version is: 4.60 ,shader version is: 4.60
[     6.23 ] I: The subsystem "class DGE::GFX::GCore::QtWrapper::QtRenderer" is registered successfully.
[     6.23 ] I: Current Render API is: 4.60
[     6.23 ] I: The subsystem "Renderer" is registered successfully.
[     6.23 ] I: The subsystem "class DGE::Core::Platforms::QtPlatform" is registered successfully.
[     6.23 ] I: The subsystem "Platform" is registered successfully.
[     6.23 ] I: The subsystem "class DGE::Core::IO::FileSystem::FileManager" is registered successfully.
[     6.23 ] I: The subsystem "class DGE::Core::CoreModule" is registered successfully.
[     6.23 ] I: The subsystem "class DGE::Core::Profiling::Profiler" is registered successfully.
[     6.23 ] I: The subsystem "class DGE::GFX::DrawablesManager" is registered successfully.
[     6.23 ] I: #version 460 core
#define GLES_Ver 460

[     6.24 ] I: The subsystem "class DGE::GFX::GraphicsManager" is registered successfully.
[     6.24 ] I: The subsystem "class DGE::GFX::GFXModule" is registered successfully.
[     6.36 ] D: Shader Compile successfully.
[     6.36 ] I: The subsystem "class DGE::Scene::ViewportManager" is registered successfully.
[     6.36 ] I: The subsystem "class DGE::Scene::SceneModule" is registered successfully.
[     6.36 ] I: The subsystem "class DGE::Managers::RenderManager" is registered successfully.
[     6.36 ] D: Engine Enabled
[     6.36 ] I: The subsystem "class DGE::Engine" is registered successfully.
[     6.36 ] D: Node with id 1 is added to Qt layer
[     6.36 ] D: Node with id 2460 is added to Qt layer
[     6.36 ] D: Node with id 2462 is added to Qt layer
[     6.36 ] D: Node with id 2464 is added to Qt layer
[     6.37 ] D: Node with id 2466 is added to Qt layer
[     6.37 ] D: Node with id 2468 is added to Qt layer
[     6.37 ] D: Node with id 2470 is added to Qt layer
[     6.37 ] D: Node with id 2472 is added to Qt layer
[     6.37 ] D: Node with id 2474 is added to Qt layer
[     6.37 ] D: Node with id 2476 is added to Qt layer
[     6.37 ] D: Node with id 2478 is added to Qt layer
[     6.37 ] D: Node with id 2480 is added to Qt layer
[     6.37 ] D: Node with id 2482 is added to Qt layer
[     6.37 ] D: Node with id 2484 is added to Qt layer
[     6.37 ] D: Node with id 2486 is added to Qt layer
[     6.37 ] D: Node with id 2487 is added to Qt layer
[     6.37 ] D: Node with id 2489 is added to Qt layer
[     6.37 ] D: Node with id 2491 is added to Qt layer
[     6.37 ] D: Node with id 3 is added to Qt layer
[     6.38 ] D: Node with id 2493 is added to Qt layer
[     6.38 ] S: New view-port registered with id: 1
[     6.38 ] S: New view-port registered with id: 2
[     6.38 ] S: New view-port registered with id: 3
[     6.38 ] S: New view-port registered with id: 4
[     6.38 ] S: New view-port registered with id: 5
[     6.38 ] S: New view-port registered with id: 6
[     6.50 ] D: Creating suitable QNanoBackend for OpenGL 4.6 context
[     6.50 ] D: Using backend: "OpenGL 3"
[     6.55 ] W: Floating point comparison needs context sanity check
[     6.55 ] D: QT onScaleChanged=  144
[     6.58 ] W: ShaderEffectSource: 'recursive' must be set to true when rendering recursively.
[     6.58 ] W: ShaderEffectSource: 'recursive' must be set to true when rendering recursively.
[     6.59 ] W: ShaderEffectSource: 'recursive' must be set to true when rendering recursively.
[     6.59 ] W: ShaderEffectSource: 'recursive' must be set to true when rendering recursively.
[     6.82 ] D: Engine Started.
[     8.68 ] D: P1 -349
[     8.68 ] D: P14
[     9.04 ] D: P1 -458
[     9.05 ] D: P1 -454
[     9.06 ] D: P1 -451
[     9.07 ] D: P1 -448
[     9.08 ] D: P1 -445
[     9.08 ] D: P1 -445
[     9.10 ] D: P1 -443
[     9.10 ] D: P1 -442
[     9.10 ] D: P1 -442
[     9.10 ] D: P1 -442
[     9.11 ] D: P1 -441
[     9.11 ] D: P1 -441
[     9.12 ] D: P1 -441
[     9.13 ] D: P1 -440
[     9.13 ] D: P1 -440
[     9.14 ] D: P1 -440
[     9.39 ] D: P1 -440
[     9.39 ] D: P1 -439
[     9.39 ] D: P1 -439
[     9.40 ] D: P1 -439
[     9.41 ] D: P1 -438
[     9.41 ] D: P1 -438
[     9.42 ] D: P1 -437
[     9.42 ] D: P1 -437
[     9.43 ] D: P1 -436
[     9.43 ] D: P1 -435
[     9.45 ] D: P1 -431
[     9.46 ] D: P1 -429
[     9.46 ] D: P1 -429
[     9.47 ] D: P1 -428
[     9.48 ] D: P1 -428
[     9.48 ] D: P1 -427
[     9.49 ] D: P1 -427
[     9.50 ] D: P1 -427
[     9.51 ] D: P1 -427
[     9.52 ] D: P1 -427
[     9.52 ] D: P1 -427
[     9.53 ] D: P1 -427
[     9.55 ] D: P1 -427
[     9.55 ] D: P1 -427
[     9.55 ] D: P1 -427
[     9.70 ] D: P1 -427
[     9.70 ] D: P1 -427
[     9.70 ] D: P1 -427
[     9.72 ] D: P1 -427
[     9.72 ] D: P1 -427
[     9.73 ] D: P1 -428
[     9.74 ] D: P1 -428
[     9.75 ] D: P1 -428
[     9.76 ] D: P1 -428
[     9.77 ] D: P1 -428
[     9.77 ] D: P1 -428
[     9.78 ] D: P1 -429
[     9.78 ] D: P1 -430
[     9.79 ] D: P1 -430
[     9.80 ] D: P1 -430
[     9.80 ] D: P1 -430
[     9.81 ] D: P1 -431
[     9.82 ] D: P1 -431
[     9.82 ] D: P1 -431
[     9.82 ] D: P1 -432
[     9.84 ] D: P1 -432
[     9.84 ] D: P1 -433
[     9.86 ] D: P1 -433
[     9.86 ] D: P1 -434
[     9.88 ] D: P1 -434
[     9.88 ] D: P1 -434
[     9.90 ] D: P1 -434
[     9.90 ] D: P1 -435
[     9.91 ] D: P1 -435
[     9.91 ] D: P1 -435
[     9.91 ] D: P1 -435
[     9.92 ] D: P1 -436
[     9.94 ] D: P1 -436
[     9.94 ] D: P1 -436
[     9.95 ] D: P1 -436
[     9.95 ] D: P1 -436
[     9.96 ] D: P1 -436
[     9.97 ] D: P1 -436
[     9.98 ] D: P1 -436
[     9.98 ] D: P1 -436
[    10.00 ] D: P1 -436
[    10.17 ] D: sltPositionChanged 529199
[    10.17 ] D: frame_offset 0 0 217
[    10.17 ] D: findOverlayItems 1 0
[    10.17 ] D: "{b9cf3de2-07ad-41a0-a67e-ee94ba202e29}" i.value()->sampleClip()->startTime()  12000 334833 334833 12000
[    10.17 ] D: findOverlayItems
[    10.17 ] D: frame_offset 0 1 217
[    10.17 ] D: frame_offset 0 2 217
[    10.18 ] D: frame_offset 0 3 217
[    10.18 ] D: frame_offset 0 4 217
[    10.19 ] D: sltPositionChanged 529199
[    10.19 ] D: frame_offset 0 0 217
[    10.19 ] D: frame_offset 0 1 217
[    10.19 ] D: frame_offset 0 2 217
[    10.20 ] D: frame_offset 0 3 217
[    10.20 ] D: frame_offset 0 4 217
[    13.89 ] D: _editController->getParameterCount() 14
[    13.90 ] D: addVst3Effect
[    13.98 ] D: ADDED
[    15.65 ] D: _requestForLoading false false
[    15.65 ] D: _requestForLoading2
[    15.65 ] D: _numberOfSampleBuffer 1
[    15.65 ] D: START TO load 0
[    15.65 ] D: sltPositionChanged 749700 true
[    15.65 ] D: START TO load 1
[    15.65 ] D: START TO load 2
[    15.65 ] D: START TO load 3
[    15.65 ] D: frame_offset 3 0 217
[    15.65 ] D: frame_offset 3 1 217
[    15.66 ] D: frame_offset 3 2 217
[    15.66 ] D: frame_offset 3 3 217
[    15.66 ] D: frame_offset 3 4 217
[    15.67 ] D: sltFirstBufferFilled ("{b9cf3de2-07ad-41a0-a67e-ee94ba202e29}") "{b9cf3de2-07ad-41a0-a67e-ee94ba202e29}" true
[    15.67 ] D: _requestForLoading true false
[    23.61 ] W: ShaderEffectSource: 'recursive' must be set to true when rendering recursively.
[    32.55 ] D: _requestForLoading false false
[    32.55 ] D: _requestForLoading2
[    32.55 ] D: _numberOfSampleBuffer 1
[    32.55 ] D: START TO load 0
[    32.55 ] D: sltPositionChanged 793800 true
[    32.55 ] D: START TO load 1
[    32.55 ] D: START TO load 2
[    32.55 ] D: START TO load 3
[    32.55 ] D: frame_offset 4 0 217
[    32.55 ] D: frame_offset 4 1 217
[    32.56 ] D: frame_offset 4 2 217
[    32.56 ] D: frame_offset 4 3 217
[    32.56 ] D: frame_offset 4 4 217
[    32.57 ] D: sltFirstBufferFilled ("{b9cf3de2-07ad-41a0-a67e-ee94ba202e29}") "{b9cf3de2-07ad-41a0-a67e-ee94ba202e29}" true
[    32.57 ] D: _requestForLoading true false
[    34.00 ] D: AsyncFileReader 4 9
[    35.48 ] D: AsyncFileReader 0 10
[    36.96 ] D: AsyncFileReader 1 11
[    38.46 ] D: AsyncFileReader 2 12
[    39.94 ] D: AsyncFileReader 3 13
[    40.28 ] D: sltStartContentYChanged1
[    40.28 ] D: sltStartContentYChanged2
[    40.28 ] D: sltStartContentYChanged3
[    40.28 ] D: _tracksModel->getItem(i)->rect()1 0 QRect(0,0 1381x111)
[    40.28 ] D: _tracksModel->getItem(i)->rect()1 1 QRect(0,111 1381x111)
[    40.28 ] D: _tracksModel->getItem(i)->rect()1 2 QRect(0,222 1381x111)
[    40.28 ] D: _tracksModel->getItem(i)->rect()1 3 QRect(0,333 1381x111)
[    40.28 ] D: sltStartContentYChanged4
[    40.28 ] D: sltStartContentYChanged1
[    40.28 ] D: sltStartContentYChanged2
[    40.28 ] D: sltStartContentYChanged3
[    40.28 ] D: _tracksModel->getItem(i)->rect()1 0 QRect(0,0 1696x111)
[    40.28 ] D: _tracksModel->getItem(i)->rect()1 1 QRect(0,111 1696x111)
[    40.28 ] D: _tracksModel->getItem(i)->rect()1 2 QRect(0,222 1696x111)
[    40.28 ] D: _tracksModel->getItem(i)->rect()1 3 QRect(0,333 1696x111)
[    40.28 ] D: sltStartContentYChanged4
[    40.48 ] D: sltStartContentYChanged1
[    40.48 ] D: sltStartContentYChanged2
[    40.48 ] D: sltStartContentYChanged3
[    40.48 ] D: _tracksModel->getItem(i)->rect()1 0 QRect(0,0 1329x111)
[    40.48 ] D: _tracksModel->getItem(i)->rect()1 1 QRect(0,111 1329x111)
[    40.48 ] D: _tracksModel->getItem(i)->rect()1 2 QRect(0,222 1329x111)
[    40.48 ] D: _tracksModel->getItem(i)->rect()1 3 QRect(0,333 1329x111)
[    40.48 ] D: sltStartContentYChanged4
[    40.48 ] D: sltStartContentYChanged1
[    40.48 ] D: sltStartContentYChanged2
[    40.48 ] D: sltStartContentYChanged3
[    40.48 ] D: _tracksModel->getItem(i)->rect()1 0 QRect(0,0 1644x111)
[    40.48 ] D: _tracksModel->getItem(i)->rect()1 1 QRect(0,111 1644x111)
[    40.48 ] D: _tracksModel->getItem(i)->rect()1 2 QRect(0,222 1644x111)
[    40.48 ] D: _tracksModel->getItem(i)->rect()1 3 QRect(0,333 1644x111)
[    40.48 ] D: sltStartContentYChanged4
[    40.76 ] D: sltStartContentYChanged1
[    40.76 ] D: sltStartContentYChanged2
[    40.76 ] D: sltStartContentYChanged3
[    40.76 ] D: _tracksModel->getItem(i)->rect()1 0 QRect(0,0 812x111)
[    40.76 ] D: _tracksModel->getItem(i)->rect()1 1 QRect(0,111 812x111)
[    40.76 ] D: _tracksModel->getItem(i)->rect()1 2 QRect(0,222 812x111)
[    40.76 ] D: _tracksModel->getItem(i)->rect()1 3 QRect(0,333 812x111)
[    40.76 ] D: sltStartContentYChanged4
[    40.76 ] D: sltStartContentYChanged1
[    40.76 ] D: sltStartContentYChanged2
[    40.76 ] D: sltStartContentYChanged3
[    40.76 ] D: _tracksModel->getItem(i)->rect()1 0 QRect(0,0 1127x111)
[    40.76 ] D: _tracksModel->getItem(i)->rect()1 1 QRect(0,111 1127x111)
[    40.76 ] D: _tracksModel->getItem(i)->rect()1 2 QRect(0,222 1127x111)
[    40.76 ] D: _tracksModel->getItem(i)->rect()1 3 QRect(0,333 1127x111)
[    40.76 ] D: sltStartContentYChanged4
[    41.04 ] D: sltStartContentYChanged1
[    41.04 ] D: sltStartContentYChanged2
[    41.04 ] D: sltStartContentYChanged3
[    41.04 ] D: _tracksModel->getItem(i)->rect()1 0 QRect(0,0 673x111)
[    41.04 ] D: _tracksModel->getItem(i)->rect()1 1 QRect(0,111 673x111)
[    41.04 ] D: _tracksModel->getItem(i)->rect()1 2 QRect(0,222 673x111)
[    41.04 ] D: _tracksModel->getItem(i)->rect()1 3 QRect(0,333 673x111)
[    41.04 ] D: sltStartContentYChanged4
[    41.04 ] D: sltStartContentYChanged1
[    41.04 ] D: sltStartContentYChanged2
[    41.04 ] D: sltStartContentYChanged3
[    41.04 ] D: _tracksModel->getItem(i)->rect()1 0 QRect(0,0 988x111)
[    41.04 ] D: _tracksModel->getItem(i)->rect()1 1 QRect(0,111 988x111)
[    41.04 ] D: _tracksModel->getItem(i)->rect()1 2 QRect(0,222 988x111)
[    41.04 ] D: _tracksModel->getItem(i)->rect()1 3 QRect(0,333 988x111)
[    41.04 ] D: sltStartContentYChanged4
[    41.11 ] D: sltStartContentYChanged1
[    41.11 ] D: sltStartContentYChanged2
[    41.11 ] D: sltStartContentYChanged3
[    41.11 ] D: _tracksModel->getItem(i)->rect()1 0 QRect(0,0 669x111)
[    41.11 ] D: _tracksModel->getItem(i)->rect()1 1 QRect(0,111 669x111)
[    41.11 ] D: _tracksModel->getItem(i)->rect()1 2 QRect(0,222 669x111)
[    41.11 ] D: _tracksModel->getItem(i)->rect()1 3 QRect(0,333 669x111)
[    41.11 ] D: sltStartContentYChanged4
[    41.12 ] D: sltStartContentYChanged1
[    41.12 ] D: sltStartContentYChanged2
[    41.12 ] D: sltStartContentYChanged3
[    41.12 ] D: _tracksModel->getItem(i)->rect()1 0 QRect(0,0 984x111)
[    41.12 ] D: _tracksModel->getItem(i)->rect()1 1 QRect(0,111 984x111)
[    41.12 ] D: _tracksModel->getItem(i)->rect()1 2 QRect(0,222 984x111)
[    41.12 ] D: _tracksModel->getItem(i)->rect()1 3 QRect(0,333 984x111)
[    41.12 ] D: sltStartContentYChanged4
[    41.32 ] D: sltStartContentYChanged1
[    41.32 ] D: sltStartContentYChanged2
[    41.32 ] D: sltStartContentYChanged3
[    41.32 ] D: _tracksModel->getItem(i)->rect()1 0 QRect(0,0 701x111)
[    41.32 ] D: _tracksModel->getItem(i)->rect()1 1 QRect(0,111 701x111)
[    41.32 ] D: _tracksModel->getItem(i)->rect()1 2 QRect(0,222 701x111)
[    41.32 ] D: _tracksModel->getItem(i)->rect()1 3 QRect(0,333 701x111)
[    41.32 ] D: sltStartContentYChanged4
[    41.33 ] D: sltStartContentYChanged1
[    41.33 ] D: sltStartContentYChanged2
[    41.33 ] D: sltStartContentYChanged3
[    41.33 ] D: _tracksModel->getItem(i)->rect()1 0 QRect(0,0 1016x111)
[    41.33 ] D: _tracksModel->getItem(i)->rect()1 1 QRect(0,111 1016x111)
[    41.33 ] D: _tracksModel->getItem(i)->rect()1 2 QRect(0,222 1016x111)
[    41.33 ] D: _tracksModel->getItem(i)->rect()1 3 QRect(0,333 1016x111)
[    41.33 ] D: sltStartContentYChanged4
[    41.42 ] D: AsyncFileReader 4 14
[    41.54 ] D: sltStartContentYChanged1
[    41.54 ] D: sltStartContentYChanged2
[    41.54 ] D: sltStartContentYChanged3
[    41.54 ] D: _tracksModel->getItem(i)->rect()1 0 QRect(0,0 786x111)
[    41.54 ] D: _tracksModel->getItem(i)->rect()1 1 QRect(0,111 786x111)
[    41.54 ] D: _tracksModel->getItem(i)->rect()1 2 QRect(0,222 786x111)
[    41.54 ] D: _tracksModel->getItem(i)->rect()1 3 QRect(0,333 786x111)
[    41.54 ] D: sltStartContentYChanged4
[    41.55 ] D: sltStartContentYChanged1
[    41.55 ] D: sltStartContentYChanged2
[    41.55 ] D: sltStartContentYChanged3
[    41.55 ] D: _tracksModel->getItem(i)->rect()1 0 QRect(0,0 1101x111)
[    41.55 ] D: _tracksModel->getItem(i)->rect()1 1 QRect(0,111 1101x111)
[    41.55 ] D: _tracksModel->getItem(i)->rect()1 2 QRect(0,222 1101x111)
[    41.55 ] D: _tracksModel->getItem(i)->rect()1 3 QRect(0,333 1101x111)
[    41.55 ] D: sltStartContentYChanged4
[    50.67 ] D: _requestForLoading false false
[    50.67 ] D: _requestForLoading2
[    50.67 ] D: _numberOfSampleBuffer 1
[    50.67 ] D: START TO load 0
[    50.67 ] D: sltPositionChanged 793800 true
[    50.67 ] D: START TO load 1
[    50.67 ] D: START TO load 2
[    50.67 ] D: START TO load 3
[    50.67 ] D: frame_offset 4 0 217
[    50.67 ] D: frame_offset 4 1 217
[    50.67 ] D: frame_offset 4 2 217
[    50.68 ] D: frame_offset 4 3 217
[    50.68 ] D: frame_offset 4 4 217
[    50.68 ] D: sltFirstBufferFilled ("{b9cf3de2-07ad-41a0-a67e-ee94ba202e29}") "{b9cf3de2-07ad-41a0-a67e-ee94ba202e29}" true
[    50.68 ] D: _requestForLoading true false
[    52.13 ] D: AsyncFileReader 4 9
[    53.61 ] D: AsyncFileReader 0 10
[    53.62 ] F: Src: C:\Qt\5.15.2\msvc2019_64\include\QtCore/qvector.h:412::  ASSERT: "isDetached()" in file C:\Qt\5.15.2\msvc2019_64\include\QtCore/qvector.h, line 412
[    55.09 ] D: AsyncFileReader 1 11
[    56.59 ] D: AsyncFileReader 2 12
[    58.07 ] D: AsyncFileReader 3 13
[    59.55 ] D: AsyncFileReader 4 14
[    61.19 ] D: _pointActive1 false true false
[    62.07 ] D: _pointActive1 false true false
[    63.83 ] D: _requestForLoading false false
[    63.84 ] D: _requestForLoading2
[    63.84 ] D: _numberOfSampleBuffer 1
[    63.84 ] D: START TO load 0
[    63.84 ] D: sltPositionChanged 661500 true
[    63.84 ] D: START TO load 1
[    63.84 ] D: START TO load 2
[    63.84 ] D: START TO load 3
[    63.84 ] D: frame_offset 2 0 217
[    63.84 ] D: frame_offset 2 1 217
[    63.84 ] D: frame_offset 2 2 217
[    63.85 ] D: frame_offset 2 3 217
[    63.85 ] D: frame_offset 2 4 217
[    63.85 ] D: sltFirstBufferFilled ("{b9cf3de2-07ad-41a0-a67e-ee94ba202e29}") "{b9cf3de2-07ad-41a0-a67e-ee94ba202e29}" true
[    63.85 ] D: _requestForLoading true false
[    65.31 ] D: AsyncFileReader 2 7
[    67.55 ] D: _requestForLoading false false
[    67.55 ] D: _requestForLoading2
[    67.55 ] D: _numberOfSampleBuffer 1
[    67.55 ] D: START TO load 0
[    67.55 ] D: sltPositionChanged 661500 true
[    67.55 ] D: START TO load 1
[    67.55 ] D: START TO load 2
[    67.55 ] D: START TO load 3
