[    12.70 ] I: Log: Log file open in follow path at 1403/6/21 22:20:59 : C:\Users\AmirPasha\Desktop\Rpos\DAW-3\build2019\debug\Logs\Launch.log
[    12.70 ] I: The subsystem "class DGE::Core::IO::LogSystem::Logger" is registered successfully.
[    12.71 ] I: The subsystem "class DGE::Core::Windows::QtWindow" is registered successfully.
[    12.71 ] D: API version is: 4.60 ,shader version is: 4.60
[    12.71 ] I: The subsystem "class DGE::GFX::GCore::QtWrapper::QtRenderer" is registered successfully.
[    12.71 ] I: Current Render API is: 4.60
[    12.71 ] I: The subsystem "Renderer" is registered successfully.
[    12.71 ] I: The subsystem "class DGE::Core::Platforms::QtPlatform" is registered successfully.
[    12.71 ] I: The subsystem "Platform" is registered successfully.
[    12.71 ] I: The subsystem "class DGE::Core::IO::FileSystem::FileManager" is registered successfully.
[    12.71 ] I: The subsystem "class DGE::Core::CoreModule" is registered successfully.
[    12.71 ] I: The subsystem "class DGE::Core::Profiling::Profiler" is registered successfully.
[    12.71 ] I: The subsystem "class DGE::GFX::DrawablesManager" is registered successfully.
[    12.71 ] I: #version 460 core
#define GLES_Ver 460

[    12.71 ] I: The subsystem "class DGE::GFX::GraphicsManager" is registered successfully.
[    12.71 ] I: The subsystem "class DGE::GFX::GFXModule" is registered successfully.
[    13.11 ] D: Shader Compile successfully.
[    13.12 ] I: The subsystem "class DGE::Scene::ViewportManager" is registered successfully.
[    13.12 ] I: The subsystem "class DGE::Scene::SceneModule" is registered successfully.
[    13.12 ] I: The subsystem "class DGE::Managers::RenderManager" is registered successfully.
[    13.12 ] D: Engine Enabled
[    13.12 ] I: The subsystem "class DGE::Engine" is registered successfully.
[    13.12 ] D: Node with id 1 is added to Qt layer
[    13.12 ] D: Node with id 2460 is added to Qt layer
[    13.12 ] D: Node with id 2462 is added to Qt layer
[    13.13 ] D: Node with id 2464 is added to Qt layer
[    13.13 ] D: Node with id 2466 is added to Qt layer
[    13.13 ] D: Node with id 2468 is added to Qt layer
[    13.13 ] D: Node with id 2470 is added to Qt layer
[    13.13 ] D: Node with id 2472 is added to Qt layer
[    13.13 ] D: Node with id 2474 is added to Qt layer
[    13.14 ] D: Node with id 2476 is added to Qt layer
[    13.14 ] D: Node with id 2478 is added to Qt layer
[    13.14 ] D: Node with id 2480 is added to Qt layer
[    13.15 ] D: Node with id 2482 is added to Qt layer
[    13.17 ] D: Node with id 2484 is added to Qt layer
[    13.18 ] D: Node with id 2486 is added to Qt layer
[    13.19 ] D: Node with id 2487 is added to Qt layer
[    13.20 ] D: Node with id 2489 is added to Qt layer
[    13.21 ] D: Node with id 2491 is added to Qt layer
[    13.23 ] D: Node with id 3 is added to Qt layer
[    13.24 ] D: Node with id 2493 is added to Qt layer
[    13.25 ] S: New view-port registered with id: 1
[    13.25 ] S: New view-port registered with id: 2
[    13.25 ] S: New view-port registered with id: 3
[    13.26 ] S: New view-port registered with id: 4
[    13.26 ] S: New view-port registered with id: 5
[    13.26 ] S: New view-port registered with id: 6
[    14.74 ] D: Creating suitable QNanoBackend for OpenGL 4.6 context
[    14.74 ] D: Using backend: "OpenGL 3"
[    14.99 ] W: Floating point comparison needs context sanity check
[    14.99 ] D: QT onScaleChanged=  144
[    15.19 ] W: ShaderEffectSource: 'recursive' must be set to true when rendering recursively.
[    15.20 ] W: ShaderEffectSource: 'recursive' must be set to true when rendering recursively.
[    15.21 ] W: ShaderEffectSource: 'recursive' must be set to true when rendering recursively.
[    15.22 ] W: ShaderEffectSource: 'recursive' must be set to true when rendering recursively.
[    15.54 ] D: Engine Started.
[    25.42 ] D: P1 -433
[    25.80 ] D: P1 -465
[    25.80 ] D: P1 -460
[    25.81 ] D: P1 -460
[    25.81 ] D: P1 -458
[    25.83 ] D: P1 -457
[    25.83 ] D: P1 -454
[    25.85 ] D: P1 -453
[    25.85 ] D: P1 -448
[    25.85 ] D: P1 -447
[    25.86 ] D: P1 -447
[    25.86 ] D: P1 -446
[    25.86 ] D: P1 -445
[    25.87 ] D: P1 -443
[    25.88 ] D: P1 -442
[    25.89 ] D: P1 -441
[    25.90 ] D: P1 -440
[    25.92 ] D: P1 -439
[    25.92 ] D: P1 -439
[    25.93 ] D: P1 -438
[    25.93 ] D: P1 -438
[    25.95 ] D: P1 -437
[    25.96 ] D: P1 -437
[    26.25 ] D: sltPositionChanged 441000
[    26.26 ] D: frame_offset 0 0 217
[    26.26 ] D: frame_offset 0 1 217
[    26.26 ] D: findOverlayItems 1 0
[    26.26 ] D: "{48d2c0df-6194-4a8e-8a15-f992b00f54a4}" i.value()->sampleClip()->startTime()  10000 332833 332833 10000
[    26.26 ] D: findOverlayItems
[    26.26 ] D: frame_offset 0 2 217
[    26.27 ] D: frame_offset 0 3 217
[    26.27 ] D: frame_offset 0 4 217
[    26.28 ] D: sltPositionChanged 441000
[    26.29 ] D: frame_offset 0 0 217
[    26.29 ] D: frame_offset 0 1 217
[    26.30 ] D: frame_offset 0 2 217
[    26.30 ] D: frame_offset 0 3 217
[    26.30 ] D: frame_offset 0 4 217
[    30.08 ] D: _editController->getParameterCount() 14
[    30.09 ] D: ADDED 0 0 0
[    30.26 ] D: ADDED 1 0 0
[    30.26 ] D: ADDED 2 0 0
[    30.26 ] D: ADDED 3 0 0
[    30.35 ] D: ADDED
[    38.84 ] W: file:///C:/Qt/5.15.2/msvc2019_64/qml/QtQuick/Controls.2/Menu.qml:56:18: QML ListView: Binding loop detected for property "currentIndex"
[    38.85 ] W: file:///C:/Qt/5.15.2/msvc2019_64/qml/QtQuick/Controls.2/Menu.qml:56:18: QML ListView: Binding loop detected for property "currentIndex"
[    40.57 ] W: ShaderEffectSource: 'recursive' must be set to true when rendering recursively.
[    45.76 ] D: _pointActive1 false true false
[    46.53 ] D: _pointActive1 false true false
[    52.02 ] D: _requestForLoading false false
[    52.02 ] D: _requestForLoading2
[    52.02 ] D: _numberOfSampleBuffer 1
[    52.02 ] D: START TO load 0
[    52.02 ] D: sltPositionChanged 573300 true
[    52.03 ] D: START TO load 1
[    52.03 ] D: START TO load 2
[    52.03 ] D: START TO load 3
[    52.03 ] D: frame_offset 2 0 217
[    52.03 ] D: frame_offset 2 1 217
[    52.03 ] D: frame_offset 2 2 217
[    52.04 ] D: frame_offset 2 3 217
[    52.04 ] D: frame_offset 2 4 217
[    52.05 ] D: sltFirstBufferFilled ("{48d2c0df-6194-4a8e-8a15-f992b00f54a4}") "{48d2c0df-6194-4a8e-8a15-f992b00f54a4}" true
[    52.05 ] D: _requestForLoading true false
[    53.52 ] D: AsyncFileReader 2 7
[    55.00 ] D: AsyncFileReader 3 8
[    56.49 ] D: AsyncFileReader 4 9
[    57.98 ] D: AsyncFileReader 0 10
[    59.47 ] D: AsyncFileReader 1 11
[    60.94 ] D: AsyncFileReader 2 12
[    62.44 ] D: AsyncFileReader 3 13
[    63.92 ] D: AsyncFileReader 4 14
[   138.67 ] D: _pointActive1 false false true
[   138.67 ] D: _outerActive1
[   138.67 ] D: _outerActive2
[   138.67 ] D: _outerActive3
[   139.88 ] D: _pointActive1 false true false
[   143.08 ] D: _requestForLoading false false
[   143.08 ] D: _requestForLoading2
[   143.08 ] D: _numberOfSampleBuffer 1
[   143.08 ] D: START TO load 0
[   143.08 ] D: sltPositionChanged 529200 true
[   143.09 ] D: START TO load 1
[   143.09 ] D: START TO load 2
[   143.09 ] D: START TO load 3
[   143.09 ] D: frame_offset 1 0 217
[   143.09 ] D: frame_offset 1 1 217
[   143.10 ] D: frame_offset 1 2 217
[   143.10 ] D: frame_offset 1 3 217
[   143.11 ] D: frame_offset 1 4 217
[   143.12 ] D: sltFirstBufferFilled ("{48d2c0df-6194-4a8e-8a15-f992b00f54a4}") "{48d2c0df-6194-4a8e-8a15-f992b00f54a4}" true
[   143.12 ] D: _requestForLoading true false
[   144.09 ] D: AsyncFileReader 1 6
[   145.59 ] D: AsyncFileReader 2 7
[   147.07 ] D: AsyncFileReader 3 8
[   148.55 ] D: AsyncFileReader 4 9
[   150.04 ] D: AsyncFileReader 0 10
[   151.53 ] D: AsyncFileReader 1 11
[   153.01 ] D: AsyncFileReader 2 12
[   154.50 ] D: AsyncFileReader 3 13
[   155.98 ] D: AsyncFileReader 4 14
[   157.46 ] D: AsyncFileReader 0 15
[   158.96 ] D: AsyncFileReader 1 16
[   160.44 ] D: AsyncFileReader 2 17
[   161.92 ] D: AsyncFileReader 3 18
[   163.42 ] D: AsyncFileReader 4 19
[   166.46 ] D: _requestForLoading false false
[   166.46 ] D: _requestForLoading2
[   166.46 ] D: _numberOfSampleBuffer 1
[   166.46 ] D: START TO load 0
[   166.46 ] D: sltPositionChanged 529200 true
[   166.47 ] D: START TO load 1
[   166.47 ] D: START TO load 2
[   166.47 ] D: frame_offset 1 0 217
