[     4.43 ] I: Log: Log file open in follow path at 1403/5/30 19:41:24 : C:\Users\AmirPasha\Desktop\Rpos\DAW-3\build2019\debug\Logs\Launch.log
[     4.43 ] I: The subsystem "class DGE::Core::IO::LogSystem::Logger" is registered successfully.
[     4.43 ] I: The subsystem "class DGE::Core::Windows::QtWindow" is registered successfully.
[     4.43 ] D: API version is: 4.60 ,shader version is: 4.60
[     4.43 ] I: The subsystem "class DGE::GFX::GCore::QtWrapper::QtRenderer" is registered successfully.
[     4.43 ] I: Current Render API is: 4.60
[     4.43 ] I: The subsystem "Renderer" is registered successfully.
[     4.43 ] I: The subsystem "class DGE::Core::Platforms::QtPlatform" is registered successfully.
[     4.43 ] I: The subsystem "Platform" is registered successfully.
[     4.43 ] I: The subsystem "class DGE::Core::IO::FileSystem::FileManager" is registered successfully.
[     4.43 ] I: The subsystem "class DGE::Core::CoreModule" is registered successfully.
[     4.43 ] I: The subsystem "class DGE::Core::Profiling::Profiler" is registered successfully.
[     4.43 ] I: The subsystem "class DGE::GFX::DrawablesManager" is registered successfully.
[     4.43 ] I: #version 460 core
#define GLES_Ver 460

[     4.43 ] I: The subsystem "class DGE::GFX::GraphicsManager" is registered successfully.
[     4.43 ] I: The subsystem "class DGE::GFX::GFXModule" is registered successfully.
[     4.51 ] D: Shader Compile successfully.
[     4.51 ] I: The subsystem "class DGE::Scene::ViewportManager" is registered successfully.
[     4.51 ] I: The subsystem "class DGE::Scene::SceneModule" is registered successfully.
[     4.51 ] I: The subsystem "class DGE::Managers::RenderManager" is registered successfully.
[     4.51 ] D: Engine Enabled
[     4.51 ] I: The subsystem "class DGE::Engine" is registered successfully.
[     4.51 ] D: Node with id 1 is added to Qt layer
[     4.51 ] D: Node with id 2460 is added to Qt layer
[     4.51 ] D: Node with id 2462 is added to Qt layer
[     4.51 ] D: Node with id 2464 is added to Qt layer
[     4.51 ] D: Node with id 2466 is added to Qt layer
[     4.51 ] D: Node with id 2468 is added to Qt layer
[     4.51 ] D: Node with id 2470 is added to Qt layer
[     4.51 ] D: Node with id 2472 is added to Qt layer
[     4.51 ] D: Node with id 2474 is added to Qt layer
[     4.51 ] D: Node with id 2476 is added to Qt layer
[     4.51 ] D: Node with id 2478 is added to Qt layer
[     4.51 ] D: Node with id 2480 is added to Qt layer
[     4.51 ] D: Node with id 2482 is added to Qt layer
[     4.51 ] D: Node with id 2484 is added to Qt layer
[     4.51 ] D: Node with id 2486 is added to Qt layer
[     4.51 ] D: Node with id 2487 is added to Qt layer
[     4.51 ] D: Node with id 2489 is added to Qt layer
[     4.51 ] D: Node with id 2491 is added to Qt layer
[     4.51 ] D: Node with id 3 is added to Qt layer
[     4.51 ] D: Node with id 2493 is added to Qt layer
[     4.51 ] S: New view-port registered with id: 1
[     4.51 ] S: New view-port registered with id: 2
[     4.51 ] S: New view-port registered with id: 3
[     4.51 ] S: New view-port registered with id: 4
[     4.51 ] S: New view-port registered with id: 5
[     4.51 ] S: New view-port registered with id: 6
[     4.62 ] D: Creating suitable QNanoBackend for OpenGL 4.6 context
[     4.62 ] D: Using backend: "OpenGL 3"
[     4.65 ] W: Floating point comparison needs context sanity check
[     4.65 ] D: QT onScaleChanged=  144
[     4.67 ] W: ShaderEffectSource: 'recursive' must be set to true when rendering recursively.
[     4.67 ] W: ShaderEffectSource: 'recursive' must be set to true when rendering recursively.
[     4.67 ] W: ShaderEffectSource: 'recursive' must be set to true when rendering recursively.
[     4.68 ] W: ShaderEffectSource: 'recursive' must be set to true when rendering recursively.
[     4.84 ] D: Engine Started.
[     9.73 ] D: P1 -237
[     9.74 ] D: P1 -187
[     9.74 ] D: P1 -187
[     9.74 ] D: P1 -187
[     9.74 ] D: P1 -187
[     9.74 ] D: P1 -187
[     9.74 ] D: P1 -187
[     9.75 ] D: P1 -188
[     9.75 ] D: P1 -189
[