[     4.51 ] I: Log: Log file open in follow path at 1403/6/18 23:04:33 : C:\Users\AmirPasha\Desktop\Rpos\DAW-3\build2019\debug\Logs\Launch.log
[     4.51 ] I: The subsystem "class DGE::Core::IO::LogSystem::Logger" is registered successfully.
[     4.51 ] I: The subsystem "class DGE::Core::Windows::QtWindow" is registered successfully.
[     4.51 ] D: API version is: 4.60 ,shader version is: 4.60
[     4.51 ] I: The subsystem "class DGE::GFX::GCore::QtWrapper::QtRenderer" is registered successfully.
[     4.51 ] I: Current Render API is: 4.60
[     4.51 ] I: The subsystem "Renderer" is registered successfully.
[     4.51 ] I: The subsystem "class DGE::Core::Platforms::QtPlatform" is registered successfully.
[     4.51 ] I: The subsystem "Platform" is registered successfully.
[     4.51 ] I: The subsystem "class DGE::Core::IO::FileSystem::FileManager" is registered successfully.
[     4.51 ] I: The subsystem "class DGE::Core::CoreModule" is registered successfully.
[     4.51 ] I: The subsystem "class DGE::Core::Profiling::Profiler" is registered successfully.
[     4.51 ] I: The subsystem "class DGE::GFX::DrawablesManager" is registered successfully.
[     4.51 ] I: #version 460 core
#define GLES_Ver 460

[     4.51 ] I: The subsystem "class DGE::GFX::GraphicsManager" is registered successfully.
[     4.51 ] I: The subsystem "class DGE::GFX::GFXModule" is registered successfully.
[     4.58 ] D: Shader Compile successfully.
[     4.59 ] I: The subsystem "class DGE::Scene::ViewportManager" is registered successfully.
[     4.59 ] I: The subsystem "class DGE::Scene::SceneModule" is registered successfully.
[     4.59 ] I: The subsystem "class DGE::Managers::RenderManager" is registered successfully.
[     4.59 ] D: Engine Enabled
[     4.59 ] I: The subsystem "class DGE::Engine" is registered successfully.
[     4.59 ] D: Node with id 1 is added to Qt layer
[     4.59 ] D: Node with id 2460 is added to Qt layer
[     4.59 ] D: Node with id 2462 is added to Qt layer
[     4.59 ] D: Node with id 2464 is added to Qt layer
[     4.59 ] D: Node with id 2466 is added to Qt layer
[     4.59 ] D: Node with id 2468 is added to Qt layer
[     4.59 ] D: Node with id 2470 is added to Qt layer
[     4.59 ] D: Node with id 2472 is added to Qt layer
[     4.59 ] D: Node with id 2474 is added to Qt layer
[     4.59 ] D: Node with id 2476 is added to Qt layer
[     4.59 ] D: Node with id 2478 is added to Qt layer
[     4.59 ] D: Node with id 2480 is added to Qt layer
[     4.59 ] D: Node with id 2482 is added to Qt layer
[     4.59 ] D: Node with id 2484 is added to Qt layer
[     4.59 ] D: Node with id 2486 is added to Qt layer
[     4.59 ] D: Node with id 2487 is added to Qt layer
[     4.59 ] D: Node with id 2489 is added to Qt layer
[     4.59 ] D: Node with id 2491 is added to Qt layer
[     4.59 ] D: Node with id 3 is added to Qt layer
[     4.59 ] D: Node with id 2493 is added to Qt layer
[     4.59 ] S: New view-port registered with id: 1
[     4.59 ] S: New view-port registered with id: 2
[     4.59 ] S: New view-port registered with id: 3
[     4.59 ] S: New view-port registered with id: 4
[     4.59 ] S: New view-port registered with id: 5
[     4.59 ] S: New view-port registered with id: 6
[     4.69 ] D: Creating suitable QNanoBackend for OpenGL 4.6 context
[     4.69 ] D: Using backend: "OpenGL 3"
[     4.73 ] W: Floating point comparison needs context sanity check
[     4.73 ] D: QT onScaleChanged=  144
[     4.75 ] W: ShaderEffectSource: 'recursive' must be set to true when rendering recursively.
[     4.75 ] W: ShaderEffectSource: 'recursive' must be set to true when rendering recursively.
[     4.76 ] W: ShaderEffectSource: 'recursive' must be set to true when rendering recursively.
[     4.76 ] W: ShaderEffectSource: 'recursive' must be set to true when rendering recursively.
[     4.93 ] D: Engine Started.
[   145.29 ] D: _editController->getParameterCount() 143
[   145.32 ] D: effectModel.controls VST3
[   145.32 ] D: ADDED 0 0 0
[   145.66 ] D: ADDED 1 0 0
[   145.66 ] D: ADDED 2 0 0
[   145.66 ] D: ADDED 3 0 0
[   145.69 ] D: ADDED
[   152.21 ] W: ShaderEffectSource: 'recursive' must be set to true when rendering recursively.
[   253.52 ] D: findTrackIndexByPoint 0 QRect(0,0 1707x111) true QPointF(61,65)
[   253.54 ] D: createSelectedPoints 0 -1
[   253.94 ] D: findTrackIndexByPoint 0 QRect(0,0 1707x111) true QPointF(122,59)
[   253.96 ] D: createSelectedPoints 0 -1
[   254.03 ] D: _automationChanging true
[   254.03 ] D: mouseMove2
[   254.04 ] D: _automationChanging true
[   254.04 ] D: mouseMove2
[   254.06 ] D: _automationChanging true
[   254.06 ] D: _pointActive1 false true false
[   254.06 ] D: _currentMouseY 125 54 122 59 QSizeF(3, -5)
[   254.06 ] D: mouseMove2
[   254.06 ] D: _automationChanging true
[   254.06 ] D: _currentMouseY 128 48 122 59 QSizeF(3, -6)
[   254.06 ] D: mouseMove2
[   254.07 ] D: _automationChanging true
[   254.07 ] D: _pointActive2 false 0
[   254.07 ] D: createSelectedPoints 0 -1
[   254.08 ] D: _currentMouseY 129 47 122 59 QSizeF(1, -1)
[   254.08 ] D: mouseMove2
[   254.08 ] D: _automationChanging true
[   254.08 ] D: _currentMouseY 129 46 122 59 QSizeF(0, -1)
[   254.08 ] D: mouseMove2
[   254.08 ] D: _automationChanging true
[   254.08 ] D: _currentMouseY 130 46 122 59 QSizeF(1, 0)
[   254.08 ] D: mouseMove2
[   254.08 ] D: _automationChanging true
[   254.08 ] D: _currentMouseY 131 45 122 59 QSizeF(1, -1)
[   254.08 ] D: mouseMove2
[   254.09 ] D: _pointActive2 false 0
[   254.09 ] D: _automationChanging true
[   254.09 ] D: createSelectedPoints 0 -1
[   254.09 ] D: _currentMouseY 132 43 122 59 QSizeF(1, -2)
[   254.09 ] D: mouseMove2
[   254.09 ] D: _automationChanging true
[   254.09 ] D: _currentMouseY 132 42 122 59 QSizeF(0, -1)
[   254.10 ] D: mouseMove2
[   254.10 ] D: _automationChanging true
[   254.10 ] D: _currentMouseY 133 42 122 59 QSizeF(1, 0)
[   254.10 ] D: mouseMove2
[   254.10 ] D: _automationChanging true
[   254.10 ] D: _currentMouseY 133 41 122 59 QSizeF(0, -1)
[   254.10 ] D: mouseMove2
[   254.11 ] D: _automationChanging true
[   254.11 ] D: _pointActive2 false 0
[   254.11 ] D: createSelectedPoints 0 -1
[   254.11 ] D: _currentMouseY 134 40 122 59 QSizeF(1, -1)
[   254.11 ] D: mouseMove2
[   254.11 ] D: _automationChanging true
[   254.11 ] D: _currentMouseY 134 39 122 59 QSizeF(0, -1)
[   254.11 ] D: mouseMove2
[   254.11 ] D: _automationChanging true
[   254.11 ] D: _currentMouseY 135 39 122 59 QSizeF(1, 0)
[   254.11 ] D: mouseMove2
[   254.12 ] D: _pointActive2 false 0
[   254.12 ] D: _automationChanging true
[   254.12 ] D: createSelectedPoints 0 -1
[   254.12 ] D: _currentMouseY 136 36 122 59 QSizeF(1, -3)
[   254.12 ] D: mouseMove2
[   254.13 ] D: _automationChanging true
[   254.13 ] D: _currentMouseY 137 32 122 59 QSizeF(1, -4)
[   254.13 ] D: mouseMove2
[   254.13 ] D: _automationChanging true
[   254.13 ] D: _currentMouseY 138 31 122 59 QSizeF(1, -1)
[   254.13 ] D: mouseMove2
[   254.14 ] D: _pointActive2 false 0
[   254.14 ] D: createSelectedPoints 0 -1
[   254.14 ] D: _automationChanging true
[   254.14 ] D: _currentMouseY 139 29 122 59 QSizeF(1, -2)
[   254.14 ] D: mouseMove2
[   254.15 ] D: _automationChanging true
[   254.15 ] D: _currentMouseY 139 28 122 59 QSizeF(0, -1)
[   254.15 ] D: mouseMove2
[   254.15 ] D: _automationChanging true
[   254.15 ] D: _currentMouseY 140 28 122 59 QSizeF(1, 0)
[   254.15 ] D: mouseMove2
[   254.16 ] D: _pointActive2 false 0
[   254.16 ] D: _automationChanging true
[   254.16 ] D: createSelectedPoints 0 -1
[   254.16 ] D: _currentMouseY 140 27 122 59 QSizeF(0, -1)
[   254.16 ] D: mouseMove2
[   254.16 ] D: _automationChanging true
[   254.16 ] D: _currentMouseY 141 27 122 59 QSizeF(1, -1)
[   254.16 ] D: mouseMove2
[   254.17 ] D: _automationChanging true
[   254.17 ] D: _pointActive2 false 0
[   254.17 ] D: createSelectedPoints 0 -1
[   254.18 ] D: _currentMouseY 141 27 122 59 QSizeF(0, -1)
[   254.18 ] D: mouseMove2
[   254.18 ] D: _automationChanging true
[   254.18 ] D: _currentMouseY 142 27 122 59 QSizeF(1, -1)
[   254.18 ] D: mouseMove2
[   254.18 ] D: _automationChanging true
[   254.18 ] D: _currentMouseY 142 27 122 59 QSizeF(0, -1)
[   254.18 ] D: mouseMove2
[   254.19 ] D: _pointActive2 false 0
[   254.19 ] D: createSelectedPoints 0 -1
[   254.20 ] D: _automationChanging true
[   254.20 ] D: _currentMouseY 143 27 122 59 QSizeF(1, -1)
[   254.20 ] D: mouseMove2
[   254.20 ] D: _automationChanging true
[   254.20 ] D: _currentMouseY 143 27 122 59 QSizeF(0, -1)
[   254.20 ] D: mouseMove2
[   254.21 ] D: _pointActive2 false 0
[   254.21 ] D: _automationChanging true
[   254.21 ] D: createSelectedPoints 0 -1
[   254.21 ] D: _currentMouseY 144 27 122 59 QSizeF(1, -1)
[   254.21 ] D: mouseMove2
[   254.22 ] D: _pointActive2 false 0
[   254.22 ] D: _automationChanging true
[   254.22 ] D: createSelectedPoints 0 -1
[   254.23 ] D: _currentMouseY 145 27 122 59 QSizeF(1, 0)
[   254.23 ] D: mouseMove2
[   254.23 ] D: _automationChanging true
[   254.23 ] D: _currentMouseY 146 27 122 59 QSizeF(1, -1)
[   254.23 ] D: mouseMove2
[   254.24 ] D: _pointActive2 false 0
[   254.24 ] D: _automationChanging true
[   254.24 ] D: createSelectedPoints 0 -1
[   254.24 ] D: _currentMouseY 146 27 122 59 QSizeF(0, 0)
[   254.24 ] D: mouseMove2
[   254.26 ] D: _pointActive2 false 0
[   254.26 ] D: createSelectedPoints 0 -1
[   254.26 ] D: _automationChanging true
[   254.26 ] D: _currentMouseY 146 27 122 59 QSizeF(0, -1)
[   254.26 ] D: mouseMove2
[   254.27 ] D: _pointActive2 false 0
[   254.27 ] D: _automationChanging true
[   254.27 ] D: createSelectedPoints 0 -1
[   254.27 ] D: _currentMouseY 146 27 122 59 QSizeF(0, 0)
[   254.28 ] D: mouseMove2
[   254.29 ] D: _pointActive2 false 0
[   254.29 ] D: createSelectedPoints 0 -1
[   254.35 ] D: createSelectedPoints 0 -1
[   254.81 ] D: findTrackIndexByPoint 0 QRect(0,0 1707x111) true QPointF(186,29)
[   254.82 ] D: createSelectedPoints 0 -1
[   254.87 ] D: _automationChanging true
[   254.88 ] D: mouseMove2
[   254.89 ] D: _automationChanging true
[   254.89 ] D: mouseMove2
[   254.90 ] D: _automationChanging true
[   254.90 ] D: mouseMove2
[   254.91 ] D: _automationChanging true
[   254.91 ] D: mouseMove2
[   254.92 ] D: _automationChanging true
[   254.92 ] D: _pointActive1 false true false
[   254.93 ] D: _currentMouseY 191 32 186 29 QSizeF(5, 3)
[   254.93 ] D: mouseMove2
[   254.93 ] D: _automationChanging true
[   254.93 ] D: _currentMouseY 197 37 186 29 QSizeF(6, 5)
[   254.93 ] D: mouseMove2
[   254.93 ] D: _automationChanging true
[   254.93 ] D: _currentMouseY 197 38 186 29 QSizeF(0, 1)
[   254.93 ] D: mouseMove2
[   254.94 ] D: _pointActive2 false 0
[   254.94 ] D: _automationChanging true
[   254.94 ] D: createSelectedPoints 0 -1
[   254.94 ] D: _currentMouseY 199 40 186 29 QSizeF(2, 2)
[   254.94 ] D: mouseMove2
[   254.95 ] D: _automationChanging true
[   254.95 ] D: _currentMouseY 199 41 186 29 QSizeF(0, 1)
[   254.95 ] D: mouseMove2
[   254.96 ] D: _pointActive2 false 0
[   254.96 ] D: _automationChanging true
[   254.96 ] D: createSelectedPoints 0 -1
[   254.96 ] D: _currentMouseY 200 42 186 29 QSizeF(1, 1)
[   254.96 ] D: mouseMove2
[   254.96 ] D: _automationChanging true
[   254.96 ] D: _currentMouseY 201 44 186 29 QSizeF(1, 2)
[   254.97 ] D: mouseMove2
[   254.98 ] D: _pointActive2 false 0
[   254.98 ] D: createSelectedPoints 0 -1
[   254.98 ] D: _automationChanging true
[   254.98 ] D: _currentMouseY 202 45 186 29 QSizeF(1, 1)
[   254.98 ] D: mouseMove2
[   254.98 ] D: _automationChanging true
[   254.98 ] D: _currentMouseY 203 47 186 29 QSizeF(1, 2)
[   254.98 ] D: mouseMove2
[   254.99 ] D: _automationChanging true
[   254.99 ] D: _pointActive2 false 0
[   254.99 ] D: createSelectedPoints 0 -1
[   254.99 ] D: _currentMouseY 204 47 186 29 QSizeF(1, 0)
[   254.99 ] D: mouseMove2
[   254.99 ] D: _automationChanging true
[   254.99 ] D: _currentMouseY 204 49 186 29 QSizeF(0, 2)
[   254.99 ] D: mouseMove2
[   254.99 ] D: _automationChanging true
[   254.99 ] D: _currentMouseY 205 49 186 29 QSizeF(1, 0)
[   255.00 ] D: mouseMove2
[   255.00 ] D: _automationChanging true
[   255.00 ] D: _currentMouseY 205 50 186 29 QSizeF(0, 1)
[   255.00 ] D: mouseMove2
[   255.01 ] D: _pointActive2 false 0
[   255.01 ] D: createSelectedPoints 0 -1
[   255.01 ] D: _automationChanging true
[   255.01 ] D: _currentMouseY 206 51 186 29 QSizeF(1, 1)
[   255.01 ] D: mouseMove2
[   255.01 ] D: _automationChanging true
[   255.01 ] D: _currentMouseY 206 52 186 29 QSizeF(0, 1)
[   255.01 ] D: mouseMove2
[   255.01 ] D: _automationChanging true
[   255.01 ] D: _currentMouseY 207 53 186 29 QSizeF(1, 1)
[   255.02 ] D: mouseMove2
[   255.02 ] D: _pointActive2 false 0
[   255.02 ] D: createSelectedPoints 0 -1
[   255.02 ] D: _automationChanging true
[   255.02 ] D: _currentMouseY 208 55 186 29 QSizeF(1, 2)
[   255.03 ] D: mouseMove2
[   255.03 ] D: _automationChanging true
[   255.03 ] D: _currentMouseY 209 55 186 29 QSizeF(1, 0)
[   255.03 ] D: mouseMove2
[   255.03 ] D: _automationChanging true
[   255.03 ] D: _currentMouseY 209 56 186 29 QSizeF(0, 1)
[   255.03 ] D: mouseMove2
[   255.04 ] D: _pointActive2 false 0
[   255.04 ] D: createSelectedPoints 0 -1
[   255.04 ] D: _automationChanging true
[   255.04 ] D: _currentMouseY 210 58 186 29 QSizeF(1, 2)
[   255.04 ] D: mouseMove2
[   255.06 ] D: _pointActive2 false 0
[   255.06 ] D: _automationChanging true
[   255.06 ] D: createSelectedPoints 0 -1
[   255.06 ] D: _currentMouseY 211 59 186 29 QSizeF(1, 1)
[   255.06 ] D: mouseMove2
[   255.06 ] D: _automationChanging true
[   255.06 ] D: _currentMouseY 211 60 186 29 QSizeF(0, 1)
[   255.06 ] D: mouseMove2
[   255.07 ] D: _pointActive2 false 0
[   255.07 ] D: createSelectedPoints 0 -1
[   255.08 ] D: _automationChanging true
[   255.08 ] D: _currentMouseY 212 61 186 29 QSizeF(1, 1)
[   255.08 ] D: mouseMove2
[   255.08 ] D: _automationChanging true
[   255.08 ] D: _currentMouseY 212 62 186 29 QSizeF(0, 1)
[   255.08 ] D: mouseMove2
[   255.09 ] D: _automationChanging true
[   255.09 ] D: _pointActive2 false 0
[   255.09 ] D: createSelectedPoints 0 -1
[   255.09 ] D: _currentMouseY 213 62 186 29 QSizeF(1, 0)
[   255.09 ] D: mouseMove2
[   255.09 ] D: _automationChanging true
[   255.09 ] D: _currentMouseY 214 63 186 29 QSizeF(1, 1)
[   255.10 ] D: mouseMove2
[   255.10 ] D: _automationChanging true
[   255.10 ] D: _currentMouseY 214 64 186 29 QSizeF(0, 1)
[   255.10 ] D: mouseMove2
[   255.11 ] D: _pointActive2 false 0
[   255.11 ] D: createSelectedPoints 0 -1
[   255.11 ] D: _automationChanging true
[   255.11 ] D: _currentMouseY 215 64 186 29 QSizeF(1, 0)
[   255.11 ] D: mouseMove2
[   255.12 ] D: _pointActive2 false 0
[   255.12 ] D: _automationChanging true
[   255.12 ] D: createSelectedPoints 0 -1
[   255.12 ] D: _currentMouseY 216 66 186 29 QSizeF(1, 2)
[   255.13 ] D: mouseMove2
[   255.14 ] D: _pointActive2 false 0
[   255.14 ] D: createSelectedPoints 0 -1
[   255.15 ] D: _automationChanging true
[   255.15 ] D: _currentMouseY 217 69 186 29 QSizeF(1, 3)
[   255.15 ] D: mouseMove2
[   255.15 ] D: _automationChanging true
[   255.15 ] D: _currentMouseY 218 69 186 29 QSizeF(1, 0)
[   255.15 ] D: mouseMove2
[   255.16 ] D: _pointActive2 false 0
[   255.16 ] D: _automationChanging true
[   255.16 ] D: createSelectedPoints 0 -1
[   255.16 ] D: _currentMouseY 218 69 186 29 QSizeF(0, 0)
[   255.16 ] D: mouseMove2
[   255.16 ] D: _automationChanging true
[   255.16 ] D: _currentMouseY 218 70 186 29 QSizeF(0, 1)
[   255.16 ] D: mouseMove2
[   255.17 ] D: _automationChanging true
[   255.17 ] D: _pointActive2 false 0
[   255.17 ] D: createSelectedPoints 0 -1
[   255.18 ] D: _currentMouseY 219 71 186 29 QSizeF(1, 1)
[   255.18 ] D: mouseMove2
[   255.18 ] D: _automationChanging true
[   255.18 ] D: _currentMouseY 219 72 186 29 QSizeF(0, 1)
[   255.18 ] D: mouseMove2
[   255.19 ] D: _pointActive2 false 0
[   255.19 ] D: _automationChanging true
[   255.19 ] D: createSelectedPoints 0 -1
[   255.19 ] D: _currentMouseY 220 73 186 29 QSizeF(1, 1)
[   255.19 ] D: mouseMove2
[   255.21 ] D: _pointActive2 false 0
[   255.21 ] D: _automationChanging true
[   255.21 ] D: createSelectedPoints 0 -1
[   255.21 ] D: _currentMouseY 220 73 186 29 QSizeF(0, 0)
[   255.21 ] D: mouseMove2
[   255.21 ] D: _automationChanging true
[   255.21 ] D: _currentMouseY 220 74 186 29 QSizeF(0, 1)
[   255.21 ] D: mouseMove2
[   255.22 ] D: _pointActive2 false 0
[   255.22 ] D: _automationChanging true
[   255.22 ] D: createSelectedPoints 0 -1
[   255.23 ] D: _currentMouseY 220 74 186 29 QSizeF(0, 0)
[   255.23 ] D: mouseMove2
[   255.23 ] D: _automationChanging true
[   255.23 ] D: _currentMouseY 220 75 186 29 QSizeF(0, 1)
[   255.23 ] D: mouseMove2
[   255.24 ] D: _pointActive2 false 0
[   255.24 ] D: _automationChanging true
[   255.24 ] D: createSelectedPoints 0 -1
[   255.24 ] D: _currentMouseY 221 75 186 29 QSizeF(1, 0)
[   255.24 ] D: mouseMove2
[   255.26 ] D: _pointActive2 false 0
[   255.26 ] D: createSelectedPoints 0 -1
[   255.26 ] D: _automationChanging true
[   255.26 ] D: _currentMouseY 221 75 186 29 QSizeF(0, 0)
[   255.26 ] D: mouseMove2
[   255.26 ] D: _automationChanging true
[   255.26 ] D: _currentMouseY 222 76 186 29 QSizeF(1, 1)
[   255.26 ] D: mouseMove2
[   255.27 ] D: _pointActive2 false 0
[   255.27 ] D: _automationChanging true
[   255.27 ] D: createSelectedPoints 0 -1
[   255.27 ] D: _currentMouseY 222 77 186 29 QSizeF(0, 1)
[   255.27 ] D: mouseMove2
[   255.29 ] D: _pointActive2 false 0
[   255.29 ] D: createSelectedPoints 0 -1
[   255.29 ] D: _automationChanging true
[   255.29 ] D: _currentMouseY 223 77 186 29 QSizeF(1, 0)
[   255.29 ] D: mouseMove2
[   255.31 ] D: _pointActive2 false 0
[   255.31 ] D: _automationChanging true
[   255.31 ] D: createSelectedPoints 0 -1
[   255.31 ] D: _currentMouseY 223 78 186 29 QSizeF(0, 1)
[   255.31 ] D: mouseMove2
[   255.32 ] D: _pointActive2 false 0
[   255.32 ] D: createSelectedPoints 0 -1
[   255.33 ] D: _automationChanging true
[   255.33 ] D: _currentMouseY 224 79 186 29 QSizeF(1, 1)
[   255.33 ] D: mouseMove2
[   255.33 ] D: _automationChanging true
[   255.33 ] D: _currentMouseY 224 80 186 29 QSizeF(0, 1)
[   255.33 ] D: mouseMove2
[   255.34 ] D: _pointActive2 false 0
[   255.34 ] D: _automationChanging true
[   255.34 ] D: createSelectedPoints 0 -1
[   255.34 ] D: _currentMouseY 224 80 186 29 QSizeF(0, 0)
[   255.34 ] D: mouseMove2
[   255.34 ] D: _automationChanging true
[   255.35 ] D: _currentMouseY 224 81 186 29 QSizeF(0, 1)
[   255.35 ] D: mouseMove2
[   255.35 ] D: _automationChanging true
[   255.35 ] D: _currentMouseY 225 81 186 29 QSizeF(1, 0)
[   255.35 ] D: mouseMove2
[   255.36 ] D: _pointActive2 false 0
[   255.36 ] D: createSelectedPoints 0 -1
[   255.36 ] D: _automationChanging true
[   255.36 ] D: _currentMouseY 225 81 186 29 QSizeF(0, 0)
[   255.36 ] D: mouseMove2
[   255.37 ] D: _automationChanging true
[   255.37 ] D: _pointActive2 false 0
[   255.37 ] D: createSelectedPoints 0 -1
[   255.38 ] D: _currentMouseY 225 82 186 29 QSizeF(0, 1)
[   255.38 ] D: mouseMove2
[   255.39 ] D: _pointActive2 false 0
[   255.39 ] D: createSelectedPoints 0 -1
[   255.39 ] D: _automationChanging true
[   255.39 ] D: _currentMouseY 225 82 186 29 QSizeF(0, 0)
[   255.39 ] D: mouseMove2
[   255.41 ] D: _pointActive2 false 0
[   255.41 ] D: createSelectedPoints 0 -1
[   255.43 ] D: _automationChanging true
[   255.43 ] D: _currentMouseY 225 83 186 29 QSizeF(0, 1)
[   255.43 ] D: mouseMove2
[   255.44 ] D: _pointActive2 false 0
[   255.44 ] D: _automationChanging true
[   255.44 ] D: createSelectedPoints 0 -1
[   255.44 ] D: _currentMouseY 225 83 186 29 QSizeF(0, 0)
[   255.44 ] D: mouseMove2
[   255.46 ] D: _pointActive2 false 0
[   255.46 ] D: createSelectedPoints 0 -1
[   255.56 ] D: _automationChanging true
[   255.56 ] D: _currentMouseY 226 83 186 29 QSizeF(1, 0)
[   255.56 ] D: mouseMove2
[   255.57 ] D: _pointActive2 false 0
[   255.57 ] D: createSelectedPoints 0 -1
[   255.57 ] D: _automationChanging true
[   255.57 ] D: _currentMouseY 226 83 186 29 QSizeF(0, 0)
[   255.58 ] D: mouseMove2
[   255.59 ] D: _pointActive2 false 0
[   255.59 ] D: createSelectedPoints 0 -1
[   255.62 ] D: _automationChanging true
[   255.62 ] D: _currentMouseY 226 84 186 29 QSizeF(0, 1)
[   255.62 ] D: mouseMove2
[   255.62 ] D: _pointActive2 false 0
[   255.62 ] D: _automationChanging true
[   255.62 ] D: createSelectedPoints 0 -1
[   255.62 ] D: _currentMouseY 226 84 186 29 QSizeF(0, 0)
[   255.63 ] D: mouseMove2
[   255.64 ] D: _pointActive2 false 0
[   255.64 ] D: createSelectedPoints 0 -1
[   255.86 ] D: createSelectedPoints 0 -1
[   267.60 ] D: LambdaFunctionPointerVoidReturnType class `public: __cdecl DGE::QtWrapper::QMLScene::QNode3D::QNode3D(class DGE::QtWrapper::QMLScene::QINode3D * __ptr64) __ptr64'::`2'::<lambda_1> Is Destroyed
[   267.60 ] D: LambdaFunctionPointerVoidReturnType class `public: __cdecl DGE::QtWrapper::QMLScene::QNode3D::QNode3D(class DGE::QtWrapper::QMLScene::QINode3D * __ptr64) __ptr64'::`2'::<lambda_1> Is Destroyed
[   267.60 ] D: LambdaFunctionPointerVoidReturnType class `private: void __cdecl DGE::QtWrapper::QMLScene::QThirdPersonController::commonInitConstructor(void) __ptr64'::`2'::<lambda_1> Is Destroyed
[   267.60 ] D: LambdaFunctionPointerVoidReturnType class `protected: void __cdecl DGE::QtWrapper::QMLScene::QPerspectiveCameraController::commonInitConstructor(void) __ptr64'::`2'::<lambda_1> Is Destroyed
[   267.60 ] D: LambdaFunctionPointerVoidReturnType class `protected: void __cdecl DGE::QtWrapper::QMLScene::QPerspectiveCameraController::commonInitConstructor(void) __ptr64'::`2'::<lambda_1> Is Destroyed
[   267.60 ] D: MemberFunctionPointer void (__cdecl DGE::QtWrapper::QMLScene::QComponent3D::*)(void) __ptr64 Is Destroyed
[   267.60 ] D: MemberFunctionPointer void (__cdecl DGE::QtWrapper::QMLScene::QThirdPersonController::*)(class std::shared_ptr<class DGE::Scene::Component>) __ptr64 Is Destroyed
[   267.60 ] D: LambdaFunctionPointerVoidReturnType class `public: __cdecl DGE::QtWrapper::QMLScene::QCameraComponent::QCameraComponent(class DGE::QtWrapper::QMLScene::QNode3D * __ptr64,bool) __ptr64'::`2'::<lambda_1> Is Destroyed
[   267.60 ] D: MemberFunctionPointer void (__cdecl DGE::QtWrapper::QMLScene::QComponent3D::*)(void) __ptr64 Is Destroyed
[   267.60 ] D: LambdaFunctionPointerVoidReturnType class `private: void __cdecl DGE::QtWrapper::QMLScene::QPerspectiveLens::commonInitConstructor(void) __ptr64'::`2'::<lambda_1> Is Destroyed
[   267.60 ] D: LambdaFunctionPointerVoidReturnType class `protected: void __cdecl DGE::QtWrapper::QMLScene::QPerspectiveCameraController::commonInitConstructor(void) __ptr64'::`2'::<lambda_1> Is Destroyed
[   267.60 ] D: LambdaFunctionPointerVoidReturnType class `private: void __cdecl DGE::QtWrapper::QMLScene::QThirdPersonController::commonInitConstructor(void) __ptr64'::`2'::<lambda_1> Is Destroyed
[   267.60 ] D: LambdaFunctionPointerVoidReturnType class `protected: void __cdecl DGE::QtWrapper::QMLScene::QPerspectiveCameraController::commonInitConstructor(void) __ptr64'::`2'::<lambda_1> Is Destroyed
[   267.60 ] D: MemberFunctionPointer void (__cdecl DGE::QtWrapper::QMLScene::QComponent3D::*)(void) __ptr64 Is Destroyed
[   267.60 ] D: MemberFunctionPointer void (__cdecl DGE::QtWrapper::QMLScene::QThirdPersonController::*)(class std::shared_ptr<class DGE::Scene::Component>) __ptr64 Is Destroyed
[   267.60 ] D: LambdaFunctionPointerVoidReturnType class `public: __cdecl DGE::QtWrapper::QMLScene::QCameraComponent::QCameraComponent(class DGE::QtWrapper::QMLScene::QNode3D * __ptr64,bool) __ptr64'::`2'::<lambda_1> Is Destroyed
[   267.60 ] D: MemberFunctionPointer void (__cdecl DGE::QtWrapper::QMLScene::QComponent3D::*)(void) __ptr64 Is Destroyed
[   267.60 ] D: LambdaFunctionPointerVoidReturnType class `private: void __cdecl DGE::QtWrapper::QMLScene::QOrthoLens::commonInitConstructor(void) __ptr64'::`2'::<lambda_1> Is Destroyed
[   267.60 ] D: LambdaFunctionPointerVoidReturnType class `protected: void __cdecl DGE::QtWrapper::QMLScene::QPerspectiveCameraController::commonInitConstructor(void) __ptr64'::`2'::<lambda_1> Is Destroyed
[   267.60 ] D: LambdaFunctionPointerVoidReturnType class `private: void __cdecl DGE::QtWrapper::QMLScene::QThirdPersonController::commonInitConstructor(void) __ptr64'::`2'::<lambda_1> Is Destroyed
[   267.60 ] D: LambdaFunctionPointerVoidReturnType class `protected: void __cdecl DGE::QtWrapper::QMLScene::QPerspectiveCameraController::commonInitConstructor(void) __ptr64'::`2'::<lambda_1> Is Destroyed
[   267.60 ] D: MemberFunctionPointer void (__cdecl DGE::QtWrapper::QMLScene::QComponent3D::*)(void) __ptr64 Is Destroyed
[   267.60 ] D: MemberFunctionPointer void (__cdecl DGE::QtWrapper::QMLScene::QThirdPersonController::*)(class std::shared_ptr<class DGE::Scene::Component>) __ptr64 Is Destroyed
[   267.60 ] D: LambdaFunctionPointerVoidReturnType class `public: __cdecl DGE::QtWrapper::QMLScene::QCameraComponent::QCameraComponent(class DGE::QtWrapper::QMLScene::QNode3D * __ptr64,bool) __ptr64'::`2'::<lambda_1> Is Destroyed
[   267.61 ] D: MemberFunctionPointer void (__cdecl DGE::QtWrapper::QMLScene::QComponent3D::*)(void) __ptr64 Is Destroyed
[   267.61 ] D: LambdaFunctionPointerVoidReturnType class `private: void __cdecl DGE::QtWrapper::QMLScene::QOrthoLens::commonInitConstructor(void) __ptr64'::`2'::<lambda_1> Is Destroyed
[   267.61 ] D: LambdaFunctionPointerVoidReturnType class `public: __cdecl DGE::QtWrapper::QMLScene::QCameraComponent::QCameraComponent(class DGE::QtWrapper::QMLScene::QNode3D * __ptr64,bool) __ptr64'::`2'::<lambda_1> Is Destroyed
[   267.61 ] D: MemberFunctionPointer void (__cdecl DGE::QtWrapper::QMLScene::QComponent3D::*)(void) __ptr64 Is Destroyed
[   267.61 ] D: LambdaFunctionPointerVoidReturnType class `private: void __cdecl DGE::QtWrapper::QMLScene::QPerspectiveLens::commonInitConstructor(void) __ptr64'::`2'::<lambda_1> Is Destroyed
[   267.61 ] D: LambdaFunctionPointerVoidReturnType class `protected: void __cdecl DGE::QtWrapper::QMLScene::QPerspectiveCameraController::commonInitConstructor(void) __ptr64'::`2'::<lambda_1> Is Destroyed
[   267.61 ] D: LambdaFunctionPointerVoidReturnType class `protected: void __cdecl DGE::QtWrapper::QMLScene::QPerspectiveCameraController::commonInitConstructor(void) __ptr64'::`2'::<lambda_1> Is Destroyed
[   267.61 ] D: LambdaFunctionPointerVoidReturnType class `private: void __cdecl DGE::QtWrapper::QMLScene::QThirdPersonController::commonInitConstructor(void) __ptr64'::`2'::<lambda_1> Is Destroyed
[   267.61 ] D: MemberFunctionPointer void (__cdecl DGE::QtWrapper::QMLScene::QComponent3D::*)(void) __ptr64 Is Destroyed
[   267.61 ] D: MemberFunctionPointer void (__cdecl DGE::QtWrapper::QMLScene::QThirdPersonController::*)(class std::shared_ptr<class DGE::Scene::Component>) __ptr64 Is Destroyed
[   267.61 ] D: LambdaFunctionPointerVoidReturnType class `public: __cdecl DGE::QtWrapper::QMLScene::QCameraComponent::QCameraComponent(class DGE::QtWrapper::QMLScene::QNode3D * __ptr64,bool) __ptr64'::`2'::<lambda_1> Is Destroyed
[   267.61 ] D: MemberFunctionPointer void (__cdecl DGE::QtWrapper::QMLScene::QComponent3D::*)(void) __ptr64 Is Destroyed
[   267.61 ] D: LambdaFunctionPointerVoidReturnType class `private: void __cdecl DGE::QtWrapper::QMLScene::QPerspectiveLens::commonInitConstructor(void) __ptr64'::`2'::<lambda_1> Is Destroyed
[   267.61 ] D: LambdaFunctionPointerVoidReturnType class `protected: void __cdecl DGE::QtWrapper::QMLScene::QPerspectiveCameraController::commonInitConstructor(void) __ptr64'::`2'::<lambda_1> Is Destroyed
[   267.61 ] D: LambdaFunctionPointerVoidReturnType class `protected: void __cdecl DGE::QtWrapper::QMLScene::QPerspectiveCameraController::commonInitConstructor(void) __ptr64'::`2'::<lambda_1> Is Destroyed
[   267.61 ] D: LambdaFunctionPointerVoidReturnType class `private: void __cdecl DGE::QtWrapper::QMLScene::QThirdPersonController::commonInitConstructor(void) __ptr64'::`2'::<lambda_1> Is Destroyed
[   267.61 ] D: MemberFunctionPointer void (__cdecl DGE::QtWrapper::QMLScene::QComponent3D::*)(void) __ptr64 Is Destroyed
[   267.61 ] D: MemberFunctionPointer void (__cdecl DGE::QtWrapper::QMLScene::QThirdPersonController::*)(class std::shared_ptr<class DGE::Scene::Component>) __ptr64 Is Destroyed
[   267.61 ] D: LambdaFunctionPointerVoidReturnType class `public: __cdecl DGE::QtWrapper::QMLScene::QCameraComponent::QCameraComponent(class DGE::QtWrapper::QMLScene::QNode3D * __ptr64,bool) __ptr64'::`2'::<lambda_1> Is Destroyed
[   267.61 ] D: MemberFunctionPointer void (__cdecl DGE::QtWrapper::QMLScene::QComponent3D::*)(void) __ptr64 Is Destroyed
[   267.61 ] D: LambdaFunctionPointerVoidReturnType class `private: void __cdecl DGE::QtWrapper::QMLScene::QOrthoLens::commonInitConstructor(void) __ptr64'::`2'::<lambda_1> Is Destroyed
[   267.61 ] D: LambdaFunctionPointerVoidReturnType class `protected: void __cdecl DGE::QtWrapper::QMLScene::QPerspectiveCameraController::commonInitConstructor(void) __ptr64'::`2'::<lambda_1> Is Destroyed
[   267.61 ] D: LambdaFunctionPointerVoidReturnType class `private: void __cdecl DGE::QtWrapper::QMLScene::QThirdPersonController::commonInitConstructor(void) __ptr64'::`2'::<lambda_1> Is Destroyed
[   267.61 ] D: LambdaFunctionPointerVoidReturnType class `protected: void __cdecl DGE::QtWrapper::QMLScene::QPerspectiveCameraController::commonInitConstructor(void) __ptr64'::`2'::<lambda_1> Is Destroyed
[   267.61 ] D: MemberFunctionPointer void (__cdecl DGE::QtWrapper::QMLScene::QComponent3D::*)(void) __ptr64 Is Destroyed
[   267.61 ] D: MemberFunctionPointer void (__cdecl DGE::QtWrapper::QMLScene::QThirdPersonController::*)(class std::shared_ptr<class DGE::Scene::Component>) __ptr64 Is Destroyed
[   267.62 ] D: LambdaFunctionPointerVoidReturnType class `public: __cdecl DGE::QtWrapper::QMLScene::QCameraComponent::QCameraComponent(class DGE::QtWrapper::QMLScene::QNode3D * __ptr64,bool) __ptr64'::`2'::<lambda_1> Is Destroyed
[   267.62 ] D: MemberFunctionPointer void (__cdecl DGE::QtWrapper::QMLScene::QComponent3D::*)(void) __ptr64 Is Destroyed
[   267.62 ] D: LambdaFunctionPointerVoidReturnType class `private: void __cdecl DGE::QtWrapper::QMLScene::QOrthoLens::commonInitConstructor(void) __ptr64'::`2'::<lambda_1> Is Destroyed
[   267.62 ] D: LambdaFunctionPointerVoidReturnType class `public: __cdecl DGE::QtWrapper::QMLScene::QCameraComponent::QCameraComponent(class DGE::QtWrapper::QMLScene::QNode3D * __ptr64,bool) __ptr64'::`2'::<lambda_1> Is Destroyed
[   267.62 ] D: MemberFunctionPointer void (__cdecl DGE::QtWrapper::QMLScene::QComponent3D::*)(void) __ptr64 Is Destroyed
[   267.62 ] D: LambdaFunctionPointerVoidReturnType class `private: void __cdecl DGE::QtWrapper::QMLScene::QPerspectiveLens::commonInitConstructor(void) __ptr64'::`2'::<lambda_1> Is Destroyed
[   267.62 ] D: LambdaFunctionPointerVoidReturnType class `protected: void __cdecl DGE::QtWrapper::QMLScene::QPerspectiveCameraController::commonInitConstructor(void) __ptr64'::`2'::<lambda_1> Is Destroyed
[   267.62 ] D: LambdaFunctionPointerVoidReturnType class `private: void __cdecl DGE::QtWrapper::QMLScene::QThirdPersonController::commonInitConstructor(void) __ptr64'::`2'::<lambda_1> Is Destroyed
[   267.62 ] D: LambdaFunctionPointerVoidReturnType class `protected: void __cdecl DGE::QtWrapper::QMLScene::QPerspectiveCameraController::commonInitConstructor(void) __ptr64'::`2'::<lambda_1> Is Destroyed
[   267.62 ] D: MemberFunctionPointer void (__cdecl DGE::QtWrapper::QMLScene::QComponent3D::*)(void) __ptr64 Is Destroyed
[   267.62 ] D: MemberFunctionPointer void (__cdecl DGE::QtWrapper::QMLScene::QThirdPersonController::*)(class std::shared_ptr<class DGE::Scene::Component>) __ptr64 Is Destroyed
[   267.62 ] D: LambdaFunctionPointerVoidReturnType class `public: __cdecl DGE::QtWrapper::QMLScene::QCameraComponent::QCameraComponent(class DGE::QtWrapper::QMLScene::QNode3D * __ptr64,bool) __ptr64'::`2'::<lambda_1> Is Destroyed
[   267.62 ] D: MemberFunctionPointer void (__cdecl DGE::QtWrapper::QMLScene::QComponent3D::*)(void) __ptr64 Is Destroyed
[   267.62 ] D: LambdaFunctionPointerVoidReturnType class `private: void __cdecl DGE::QtWrapper::QMLScene::QPerspectiveLens::commonInitConstructor(void) __ptr64'::`2'::<lambda_1> Is Destroyed
[   267.62 ] D: LambdaFunctionPointerVoidReturnType class `protected: void __cdecl DGE::QtWrapper::QMLScene::QPerspectiveCameraController::commonInitConstructor(void) __ptr64'::`2'::<lambda_1> Is Destroyed
[   267.62 ] D: LambdaFunctionPointerVoidReturnType class `private: void __cdecl DGE::QtWrapper::QMLScene::QThirdPersonController::commonInitConstructor(void) __ptr64'::`2'::<lambda_1> Is Destroyed
[   267.62 ] D: LambdaFunctionPointerVoidReturnType class `protected: void __cdecl DGE::QtWrapper::QMLScene::QPerspectiveCameraController::commonInitConstructor(void) __ptr64'::`2'::<lambda_1> Is Destroyed
[   267.62 ] D: MemberFunctionPointer void (__cdecl DGE::QtWrapper::QMLScene::QComponent3D::*)(void) __ptr64 Is Destroyed
[   267.62 ] D: MemberFunctionPointer void (__cdecl DGE::QtWrapper::QMLScene::QThirdPersonController::*)(class std::shared_ptr<class DGE::Scene::Component>) __ptr64 Is Destroyed
[   267.62 ] D: LambdaFunctionPointerVoidReturnType class `public: __cdecl DGE::QtWrapper::QMLScene::QCameraComponent::QCameraComponent(class DGE::QtWrapper::QMLScene::QNode3D * __ptr64,bool) __ptr64'::`2'::<lambda_1> Is Destroyed
[   267.62 ] D: MemberFunctionPointer void (__cdecl DGE::QtWrapper::QMLScene::QComponent3D::*)(void) __ptr64 Is Destroyed
[   267.62 ] D: LambdaFunctionPointerVoidReturnType class `private: void __cdecl DGE::QtWrapper::QMLScene::QOrthoLens::commonInitConstructor(void) __ptr64'::`2'::<lambda_1> Is Destroyed
[   267.63 ] D: LambdaFunctionPointerVoidReturnType class `protected: void __cdecl DGE::QtWrapper::QMLScene::QPerspectiveCameraController::commonInitConstructor(void) __ptr64'::`2'::<lambda_1> Is Destroyed
[   267.63 ] D: LambdaFunctionPointerVoidReturnType class `protected: void __cdecl DGE::QtWrapper::QMLScene::QPerspectiveCameraController::commonInitConstructor(void) __ptr64'::`2'::<lambda_1> Is Destroyed
[   267.63 ] D: LambdaFunctionPointerVoidReturnType class `private: void __cdecl DGE::QtWrapper::QMLScene::QThirdPersonController::commonInitConstructor(void) __ptr64'::`2'::<lambda_1> Is Destroyed
[   267.63 ] D: MemberFunctionPointer void (__cdecl DGE::QtWrapper::QMLScene::QComponent3D::*)(void) __ptr64 Is Destroyed
[   267.63 ] D: MemberFunctionPointer void (__cdecl DGE::QtWrapper::QMLScene::QThirdPersonController::*)(class std::shared_ptr<class DGE::Scene::Component>) __ptr64 Is Destroyed
[   267.63 ] D: LambdaFunctionPointerVoidReturnType class `public: __cdecl DGE::QtWrapper::QMLScene::QCameraComponent::QCameraComponent(class DGE::QtWrapper::QMLScene::QNode3D * __ptr64,bool) __ptr64'::`2'::<lambda_1> Is Destroyed
[   267.63 ] D: MemberFunctionPointer void (__cdecl DGE::QtWrapper::QMLScene::QComponent3D::*)(void) __ptr64 Is Destroyed
[   267.63 ] D: LambdaFunctionPointerVoidReturnType class `private: void __cdecl DGE::QtWrapper::QMLScene::QOrthoLens::commonInitConstructor(void) __ptr64'::`2'::<lambda_1> Is Destroyed
[   267.63 ] D: LambdaFunctionPointerVoidReturnType class `public: __cdecl DGE::QtWrapper::QMLScene::QCameraComponent::QCameraComponent(class DGE::QtWrapper::QMLScene::QNode3D * __ptr64,bool) __ptr64'::`2'::<lambda_1> Is Destroyed
[   267.63 ] D: MemberFunctionPointer void (__cdecl DGE::QtWrapper::QMLScene::QComponent3D::*)(void) __ptr64 Is Destroyed
[   267.63 ] D: LambdaFunctionPointerVoidReturnType class `private: void __cdecl DGE::QtWrapper::QMLScene::QPerspectiveLens::commonInitConstructor(void) __ptr64'::`2'::<lambda_1> Is Destroyed
[   267.76 ] D: -----Released Scene Module-----
[   267.76 ] D: -----Released GFX Module-----
[   267.76 ] I: Log: Log file closed, 1403/6/18 23:08:56
