[    17.91 ] I: Log: Log file open in follow path at 1403/6/21 22:55:54 : C:\Users\AmirPasha\Desktop\Rpos\DAW-3\build2019\debug\Logs\Launch.log
[    17.91 ] I: The subsystem "class DGE::Core::IO::LogSystem::Logger" is registered successfully.
[    17.91 ] I: The subsystem "class DGE::Core::Windows::QtWindow" is registered successfully.
[    17.91 ] D: API version is: 4.60 ,shader version is: 4.60
[    17.91 ] I: The subsystem "class DGE::GFX::GCore::QtWrapper::QtRenderer" is registered successfully.
[    17.91 ] I: Current Render API is: 4.60
[    17.91 ] I: The subsystem "Renderer" is registered successfully.
[    17.91 ] I: The subsystem "class DGE::Core::Platforms::QtPlatform" is registered successfully.
[    17.91 ] I: The subsystem "Platform" is registered successfully.
[    17.91 ] I: The subsystem "class DGE::Core::IO::FileSystem::FileManager" is registered successfully.
[    17.91 ] I: The subsystem "class DGE::Core::CoreModule" is registered successfully.
[    17.91 ] I: The subsystem "class DGE::Core::Profiling::Profiler" is registered successfully.
[    17.91 ] I: The subsystem "class DGE::GFX::DrawablesManager" is registered successfully.
[    17.92 ] I: #version 460 core
#define GLES_Ver 460

[    17.92 ] I: The subsystem "class DGE::GFX::GraphicsManager" is registered successfully.
[    17.92 ] I: The subsystem "class DGE::GFX::GFXModule" is registered successfully.
[    18.38 ] D: Shader Compile successfully.
[    18.39 ] I: The subsystem "class DGE::Scene::ViewportManager" is registered successfully.
[    18.39 ] I: The subsystem "class DGE::Scene::SceneModule" is registered successfully.
[    18.39 ] I: The subsystem "class DGE::Managers::RenderManager" is registered successfully.
[    18.39 ] D: Engine Enabled
[    18.39 ] I: The subsystem "class DGE::Engine" is registered successfully.
[    18.40 ] D: Node with id 1 is added to Qt layer
[    18.40 ] D: Node with id 2460 is added to Qt layer
[    18.40 ] D: Node with id 2462 is added to Qt layer
[    18.40 ] D: Node with id 2464 is added to Qt layer
[    18.40 ] D: Node with id 2466 is added to Qt layer
[    18.40 ] D: Node with id 2468 is added to Qt layer
[    18.41 ] D: Node with id 2470 is added to Qt layer
[    18.41 ] D: Node with id 2472 is added to Qt layer
[    18.41 ] D: Node with id 2474 is added to Qt layer
[    18.41 ] D: Node with id 2476 is added to Qt layer
[    18.41 ] D: Node with id 2478 is added to Qt layer
[    18.42 ] D: Node with id 2480 is added to Qt layer
[    18.42 ] D: Node with id 2482 is added to Qt layer
[    18.42 ] D: Node with id 2484 is added to Qt layer
[    18.42 ] D: Node with id 2486 is added to Qt layer
[    18.42 ] D: Node with id 2487 is added to Qt layer
[    18.43 ] D: Node with id 2489 is added to Qt layer
[    18.45 ] D: Node with id 2491 is added to Qt layer
[    18.46 ] D: Node with id 3 is added to Qt layer
[    18.46 ] D: Node with id 2493 is added to Qt layer
[    18.46 ] S: New view-port registered with id: 1
[    18.47 ] S: New view-port registered with id: 2
[    18.47 ] S: New view-port registered with id: 3
[    18.47 ] S: New view-port registered with id: 4
[    18.48 ] S: New view-port registered with id: 5
[    18.48 ] S: New view-port registered with id: 6
[    19.84 ] D: Creating suitable QNanoBackend for OpenGL 4.6 context
[    19.84 ] D: Using backend: "OpenGL 3"
[    20.10 ] W: Floating point comparison needs context sanity check
[    20.10 ] D: QT onScaleChanged=  144
[    20.25 ] W: ShaderEffectSource: 'recursive' must be set to true when rendering recursively.
[    20.25 ] W: ShaderEffectSource: 'recursive' must be set to true when rendering recursively.
[    20.27 ] W: ShaderEffectSource: 'recursive' must be set to true when rendering recursively.
[    20.28 ] W: ShaderEffectSource: 'recursive' must be set to true when rendering recursively.
[    20.55 ] D: Engine Started.
[    46.30 ] D: P1 -392
[    46.30 ] D: P1 -425
[    46.30 ] D: P1 -430
[    46.31 ] D: P1 -434
[    46.32 ] D: P1 -440
[    46.32 ] D: P1 -442
[    46.32 ] D: P1 -443
[    46.33 ] D: P1 -443
[    46.33 ] D: P1 -444
[    46.34 ] D: P1 -444
[    46.35 ] D: P1 -444
[    46.35 ] D: P1 -445
[    46.65 ] D: sltPositionChanged 264599
[    46.65 ] D: frame_offset 0 0 217
[    46.65 ] D: findOverlayItems 1 0
[    46.65 ] D: "{8e3baebb-b6fd-4a46-b44c-8ee1e6ea3cc6}" i.value()->sampleClip()->startTime()  6000 328833 328833 6000
[    46.65 ] D: findOverlayItems
[    46.65 ] D: sltPositionChanged 264599
[    46.66 ] D: frame_offset 0 0 217
[    46.66 ] D: frame_offset 0 1 217
[    46.67 ] D: frame_offset 0 2 217
[    46.67 ] D: frame_offset 0 3 217
[    46.67 ] D: frame_offset 0 4 217
[    50.46 ] D: _startSelectedClipIndex123 "{8e3baebb-b6fd-4a46-b44c-8ee1e6ea3cc6}"
[    50.46 ] D: copySelectedArea1; QRectF(6000,0 322833x111) QRect(0,0 1707x111)
[    50.46 ] D: copySelectedArea3
[    50.46 ] D: copySelectedArea1; QRectF(6000,0 322833x111) QRect(0,111 1707x111)
[    50.46 ] D: copySelectedArea1; QRectF(6000,0 322833x111) QRect(0,222 1707x111)
[    50.46 ] D: copySelectedArea1; QRectF(6000,0 322833x111) QRect(0,333 1707x111)
[    50.46 ] D: Ok
[    50.46 ] D: OK
[    50.46 ] D: OK
[    50.46 ] D: IOIO 0 0
[    50.46 ] D: RETURN 0 0 -1 1 1 -1
[    50.46 ] D: RETURN
[    50.46 ] D: IOIO 0 0
[    50.47 ] D: RETURN 0 0 -1 1 2 -1
[    50.47 ] D: RETURN
[    50.47 ] D: IOIO 0 0
[    50.47 ] D: RETURN 0 0 -1 1 3 -1
[    50.47 ] D: RETURN
[    50.47 ] D: IOIO 0 0
[    51.24 ] D: D1
[    51.24 ] D: REMOVED1 0 -1 false 0 0 -1 1 6000 328833 0
[    51.24 ] D: REMOVED1 0 -1 false 0 0 -1 1 6000 328833 0
[    51.24 ] D: D1
[    51.24 ] D: REMOVED1 1 -1 false 0 0 -1 1 6000 328833 0
[    51.24 ] D: REMOVED1 1 -1 false 0 0 -1 1 6000 328833 0
[    51.24 ] D: D1
[    51.24 ] D: REMOVED1 2 -1 false 0 0 -1 1 6000 328833 0
[    51.24 ] D: REMOVED1 2 -1 false 0 0 -1 1 6000 328833 0
[    51.24 ] D: D1
[    51.24 ] D: REMOVED1 3 -1 false 0 0 -1 1 6000 328833 0
[    51.25 ] D: REMOVED1 3 -1 false 0 0 -1 1 6000 328833 0
[    51.25 ] D: deleteSelectedArea QRectF(6000,0 322833x111) QRect(0,0 1707x111)
[    51.25 ] D: findOverlayItems 1 0
[    51.25 ] D: "{8e3baebb-b6fd-4a46-b44c-8ee1e6ea3cc6}" i.value()->sampleClip()->startTime()  6000 328833 328833 6000
[    51.25 ] D: findOverlayItems
[    51.25 ] D: deleteSelectedArea1 6000 328833
[    51.25 ] D: deleteSelectedArea3
[    51.26 ] D: deleteSelectedArea QRectF(6000,0 322833x111) QRect(0,111 1707x111)
[    51.26 ] D: deleteSelectedArea QRectF(6000,0 322833x111) QRect(0,222 1707x111)
[    51.26 ] D: deleteSelectedArea QRectF(6000,0 322833x111) QRect(0,333 1707x111)
[   108.56 ] D: P1 -224
[   108.56 ] D: P1 -230
[   108.57 ] D: P1 -230
[   108.57 ] D: P1 -230
[   108.59 ] D: P1 -231
[   108.59 ] D: P1 -232
[   108.59 ] D: P1 -232
[   108.60 ] D: P1 -233
[   108.61 ] D: P1 -233
[   108.62 ] D: P1 -234
[   108.62 ] D: P1 -234
[   108.62 ] D: P1 -234
[   108.63 ] D: P1 -235
[   108.64 ] D: P1 -236
[   108.65 ] D: P1 -238
[   108.66 ] D: P1 -239
[   108.66 ] D: P1 -239
[   108.67 ] D: P1 -240
[   108.68 ] D: P1 -242
[   108.69 ] D: P1 -244
[   108.69 ] D: P1 -247
[   108.70 ] D: P1 -249
[   108.70 ] D: P1 -252
[   108.70 ] D: P1 -253
[   108.70 ] D: P1 -255
[   108.72 ] D: P1 -257
[   108.72 ] D: P1 -269
[   108.72 ] D: P1 -270
[   108.73 ] D: P1 -272
[   108.73 ] D: P1 -278
[   108.74 ] D: P1 -282
[   108.74 ] D: P1 -286
[   108.74 ] D: P1 -289
[   108.75 ] D: P1 -297
[   108.76 ] D: P1 -309
[   108.77 ] D: P1 -315
[   108.77 ] D: P1 -319
[   108.78 ] D: P1 -327
[   108.79 ] D: P1 -336
[   108.79 ] D: P14
[   108.79 ] D: P1 -339
[   108.79 ] D: P14
[   108.81 ] D: P1 -351
[   108.81 ] D: P14
[   108.81 ] D: P1 -354
[   108.81 ] D: P14
[   108.82 ] D: P1 -358
[   108.82 ] D: P14
[   108.83 ] D: P1 -360
[   108.83 ] D: P14
[   108.83 ] D: P1 -362
[   108.83 ] D: P14
[   108.83 ] D: P1 -363
[   108.83 ] D: P14
[   108.83 ] D: P1 -364
[   108.83 ] D: P14
[   108.83 ] D: P1 -365
[   108.83 ] D: P14
[   108.84 ] D: P1 -367
[   108.84 ] D: P14
[   108.85 ] D: P1 -371
[   108.85 ] D: P1 -373
[   108.86 ] D: P1 -374
[   108.87 ] D: P1 -375
[   108.88 ] D: P1 -379
[   108.88 ] D: P1 -381
[   108.88 ] D: P1 -382
[   108.89 ] D: P1 -383
[   108.89 ] D: P1 -385
[   108.90 ] D: P1 -386
[   108.91 ] D: P1 -386
[   108.91 ] D: P1 -388
[   108.92 ] D: P1 -389
[   108.93 ] D: P1 -391
[   108.93 ] D: P1 -392
[   108.94 ] D: P1 -393
[   108.95 ] D: P1 -394
