[     3.87 ] I: Log: Log file open in follow path at 1403/4/13 00:09:08 : C:\Users\AmirPasha\Desktop\Rpos\DAW-3\build2019\debug\Logs\Launch.log
[     3.87 ] I: The subsystem "class DGE::Core::IO::LogSystem::Logger" is registered successfully.
[     3.87 ] I: The subsystem "class DGE::Core::Windows::QtWindow" is registered successfully.
[     3.87 ] D: API version is: 4.60 ,shader version is: 4.60
[     3.87 ] I: The subsystem "class DGE::GFX::GCore::QtWrapper::QtRenderer" is registered successfully.
[     3.87 ] I: Current Render API is: 4.60
[     3.87 ] I: The subsystem "Renderer" is registered successfully.
[     3.87 ] I: The subsystem "class DGE::Core::Platforms::QtPlatform" is registered successfully.
[     3.87 ] I: The subsystem "Platform" is registered successfully.
[     3.87 ] I: The subsystem "class DGE::Core::IO::FileSystem::FileManager" is registered successfully.
[     3.87 ] I: The subsystem "class DGE::Core::CoreModule" is registered successfully.
[     3.87 ] I: The subsystem "class DGE::Core::Profiling::Profiler" is registered successfully.
[     3.87 ] I: The subsystem "class DGE::GFX::DrawablesManager" is registered successfully.
[     3.87 ] I: #version 460 core
#define GLES_Ver 460

[     3.87 ] I: The subsystem "class DGE::GFX::GraphicsManager" is registered successfully.
[     3.87 ] I: The subsystem "class DGE::GFX::GFXModule" is registered successfully.
[     3.96 ] D: Shader Compile successfully.
[     3.96 ] I: The subsystem "class DGE::Scene::ViewportManager" is registered successfully.
[     3.96 ] I: The subsystem "class DGE::Scene::SceneModule" is registered successfully.
[     3.96 ] I: The subsystem "class DGE::Managers::RenderManager" is registered successfully.
[     3.96 ] D: Engine Enabled
[     3.96 ] I: The subsystem "class DGE::Engine" is registered successfully.
[     3.96 ] D: Node with id 1 is added to Qt layer
[     3.96 ] D: Node with id 2460 is added to Qt layer
[     3.96 ] D: Node with id 2462 is added to Qt layer
[     3.96 ] D: Node with id 2464 is added to Qt layer
[     3.96 ] D: Node with id 2466 is added to Qt layer
[     3.96 ] D: Node with id 2468 is added to Qt layer
[     3.96 ] D: Node with id 2470 is added to Qt layer
[     3.96 ] D: Node with id 2472 is added to Qt layer
[     3.96 ] D: Node with id 2474 is added to Qt layer
[     3.96 ] D: Node with id 2476 is added to Qt layer
[     3.96 ] D: Node with id 2478 is added to Qt layer
[     3.97 ] D: Node with id 2480 is added to Qt layer
[     3.97 ] D: Node with id 2482 is added to Qt layer
[     3.97 ] D: Node with id 2484 is added to Qt layer
[     3.97 ] D: Node with id 2486 is added to Qt layer
[     3.97 ] D: Node with id 2487 is added to Qt layer
[     3.97 ] D: Node with id 2489 is added to Qt layer
[     3.97 ] D: Node with id 2491 is added to Qt layer
[     3.97 ] D: Node with id 3 is added to Qt layer
[     3.97 ] D: Node with id 2493 is added to Qt layer
[     3.97 ] S: New view-port registered with id: 1
[     3.97 ] S: New view-port registered with id: 2
[     3.97 ] S: New view-port registered with id: 3
[     3.97 ] S: New view-port registered with id: 4
[     3.97 ] S: New view-port registered with id: 5
[     3.97 ] S: New view-port registered with id: 6
[     4.03 ] D: Creating suitable QNanoBackend for OpenGL 4.6 context
[     4.03 ] D: Using backend: "OpenGL 3"
[     4.07 ] W: Floating point comparison needs context sanity check
[     4.07 ] D: QT onScaleChanged=  144
[     4.24 ] D: Engine Started.
[     7.48 ] D: P1 -446
[     7.48 ] D: P1 -448
[     7.48 ] D: P1 -448
[     7.49 ] D: P1 -448
[     7.50 ] D: P1 -449
[     7.50 ] D: P1 -449
[     7.50 ] D: P1 -449
[     7.50 ] D: P1 -449
[     7.51 ] D: P1 -449
[     7.51 ] D: P1 -449
[     7.52 ] D: P1 -449
[     7.52 ] D: P1 -449
[     7.53 ] D: P1 -450
[     7.53 ] D: P1 -450
[     7.53 ] D: P1 -450
[     7.53 ] D: P1 -450
[     7.53 ] D: P1 -450
[     7.55 ] D: P1 -450
[     7.55 ] D: P1 -450
[     7.55 ] D: P1 -450
[     7.55 ] D: P1 -450
[     7.55 ] D: P1 -450
[     7.56 ] D: P1 -450
[     7.56 ] D: P1 -450
[     7.56 ] D: P1 -450
[     7.57 ] D: P1 -450
[     7.57 ] D: P1 -450
[     7.58 ] D: P1 -448
[     7.58 ] D: P1 -448
[     7.58 ] D: P1 -447
[     7.58 ] D: P1 -446
[     7.59 ] D: P1 -446
[     7.60 ] D: P1 -441
[     7.60 ] D: P1 -441
[     7.60 ] D: P1 -440
[     7.61 ] D: P1 -439
[     7.61 ] D: P1 -434
[     7.61 ] D: P1 -433
[     7.61 ] D: P1 -433
[     7.62 ] D: P1 -432
[     7.63 ] D: P1 -427
[     7.63 ] D: P1 -426
[     7.63 ] D: P1 -426
[     7.64 ] D: P1 -425
[     7.64 ] D: P1 -422
[     7.65 ] D: P1 -421
[     7.65 ] D: P1 -421
[     7.65 ] D: P1 -420
[     7.66 ] D: P1 -419
[     7.66 ] D: P1 -415
[     7.67 ] D: P1 -415
[     7.67 ] D: P1 -414
[     7.68 ] D: P1 -413
[     7.68 ] D: P1 -410
[     7.68 ] D: P1 -410
[     7.68 ] D: P1 -409
[     7.70 ] D: P1 -408
[     7.70 ] D: P1 -405
[     7.70 ] D: P1 -405
[     7.70 ] D: P1 -405
[     7.71 ] D: P1 -403
[     7.71 ] D: P1 -403
[     7.71 ] D: P1 -403
[     7.72 ] D: P1 -403
[     7.72 ] D: P1 -403
[     7.73 ] D: P1 -403
[     7.73 ] D: P1 -403
[     7.73 ] D: P1 -403
[     7.74 ] D: P1 -403
[     7.75 ] D: P1 -403
[     7.87 ] D: sltPositionChanged 617400
[     7.87 ] D: frame_offset 0 0 10
[     7.87 ] D: frame_offset 0 1 10
[     7.87 ] D: frame_offset 0 2 10
[     7.87 ] D: frame_offset 0 3 10
[     7.88 ] D: frame_offset 0 4 10
[     7.88 ] D: findOverlayItems 1 0
[     7.88 ] D: "{9413bef8-dd4c-4f5d-bf94-1238c09eb50f}" i.value()->sampleClip()->startTime()  14000 29483.9 29483.9 14000
[     7.88 ] D: findOverlayItems
[     7.90 ] D: sltPositionChanged 617400
[     7.90 ] D: frame_offset 0 0 10
[     7.90 ] D: frame_offset 0 1 10
[     7.90 ] D: frame_offset 0 2 10
[     7.91 ] D: frame_offset 0 3 10
[     7.91 ] D: frame_offset 0 4 10
[     8.63 ] D: findTrackIndexByPoint 0 QRect(0,0 1957x111) true QPointF(220,55)
[     8.70 ] D: mouseReleaseEvent
[    10.78 ] D: findTrackIndexByPoint 0 QRect(0,0 1957x111) true QPointF(187,64)
[    10.87 ] D: mouseReleaseEvent
[    11.06 ] D: _requestForLoading false false
[    11.07 ] D: _requestForLoading2
[    11.07 ] D: _numberOfSampleBuffer 1
[    11.07 ] D: START TO load 0
[    11.07 ] D: sltPositionChanged 441000 true
[    11.07 ] D: frame_offset 0 0 10
[    11.07 ] D: frame_offset 0 1 10
[    11.07 ] D: frame_offset 0 2 10
[    11.07 ] D: frame_offset 0 3 10
[    11.07 ] D: frame_offset 0 4 10
[    11.08 ] D: sltFirstBufferFilled ("{9413bef8-dd4c-4f5d-bf94-1238c09eb50f}") "{9413bef8-dd4c-4f5d-bf94-1238c09eb50f}" true
[    11.08 ] D: _requestForLoading true false
[    16.59 ] D: AsyncFileReader 0 5
[    18.07 ] D: AsyncFileReader 1 6
[    19.56 ] D: AsyncFileReader 2 7
[    21.04 ] D: AsyncFileReader 3 8
[    22.52 ] D: AsyncFileReader 4 9
[    24.02 ] D: AsyncFileReader 0 10
[    25.50 ] D: AsyncFileReader 1 11
[    26.98 ] D: AsyncFileReader 2 11
[    28.48 ] D: AsyncFileReader 3 11
[    29.96 ] D: AsyncFileReader 4 11
[ 80482.30 ] D: LambdaFunctionPointerVoidReturnType class `public: __cdecl DGE::QtWrapper::QMLScene::QNode3D::QNode3D(class DGE::QtWrapper::QMLScene::QINode3D * __ptr64) __ptr64'::`2'::<lambda_1> Is Destroyed
[ 80482.30 ] D: LambdaFunctionPointerVoidReturnType class `public: __cdecl DGE::QtWrapper::QMLScene::QNode3D::QNode3D(class DGE::QtWrapper::QMLScene::QINode3D * __ptr64) __ptr64'::`2'::<lambda_1> Is Destroyed
[ 80482.30 ] D: LambdaFunctionPointerVoidReturnType class `protected: void __cdecl DGE::QtWrapper::QMLScene::QPerspectiveCameraController::commonInitConstructor(void) __ptr64'::`2'::<lambda_1> Is Destroyed
[ 80482.30 ] D: LambdaFunctionPointerVoidReturnType class `private: void __cdecl DGE::QtWrapper::QMLScene::QThirdPersonController::commonInitConstructor(void) __ptr64'::`2'::<lambda_1> Is Destroyed
[ 80482.30 ] D: LambdaFunctionPointerVoidReturnType class `protected: void __cdecl DGE::QtWrapper::QMLScene::QPerspectiveCameraController::commonInitConstructor(void) __ptr64'::`2'::<lambda_1> Is Destroyed
[ 80482.30 ] D: MemberFunctionPointer void (__cdecl DGE::QtWrapper::QMLScene::QComponent3D::*)(void) __ptr64 Is Destroyed
[ 80482.30 ] D: MemberFunctionPointer void (__cdecl DGE::QtWrapper::QMLScene::QThirdPersonController::*)(class std::shared_ptr<class DGE::Scene::Component>) __ptr64 Is Destroyed
[ 80482.30 ] D: LambdaFunctionPointerVoidReturnType class `public: __cdecl DGE::QtWrapper::QMLScene::QCameraComponent::QCameraComponent(class DGE::QtWrapper::QMLScene::QNode3D * __ptr64,bool) __ptr64'::`2'::<lambda_1> Is Destroyed
[ 80482.30 ] D: MemberFunctionPointer void (__cdecl DGE::QtWrapper::QMLScene::QComponent3D::*)(void) __ptr64 Is Destroyed
[ 80482.30 ] D: LambdaFunctionPointerVoidReturnType class `private: void __cdecl DGE::QtWrapper::QMLScene::QPerspectiveLens::commonInitConstructor(void) __ptr64'::`2'::<lambda_1> Is Destroyed
[ 80482.30 ] D: LambdaFunctionPointerVoidReturnType class `protected: void __cdecl DGE::QtWrapper::QMLScene::QPerspectiveCameraController::commonInitConstructor(void) __ptr64'::`2'::<lambda_1> Is Destroyed
[ 80482.30 ] D: LambdaFunctionPointerVoidReturnType class `private: void __cdecl DGE::QtWrapper::QMLScene::QThirdPersonController::commonInitConstructor(void) __ptr64'::`2'::<lambda_1> Is Destroyed
[ 80482.30 ] D: LambdaFunctionPointerVoidReturnType class `protected: void __cdecl DGE::QtWrapper::QMLScene::QPerspectiveCameraController::commonInitConstructor(void) __ptr64'::`2'::<lambda_1> Is Destroyed
[ 80482.30 ] D: MemberFunctionPointer void (__cdecl DGE::QtWrapper::QMLScene::QComponent3D::*)(void) __ptr64 Is Destroyed
[ 80482.30 ] D: MemberFunctionPointer void (__cdecl DGE::QtWrapper::QMLScene::QThirdPersonController::*)(class std::shared_ptr<class DGE::Scene::Component>) __ptr64 Is Destroyed
[ 80482.30 ] D: LambdaFunctionPointerVoidReturnType class `public: __cdecl DGE::QtWrapper::QMLScene::QCameraComponent::QCameraComponent(class DGE::QtWrapper::QMLScene::QNode3D * __ptr64,bool) __ptr64'::`2'::<lambda_1> Is Destroyed
[ 80482.30 ] D: MemberFunctionPointer void (__cdecl DGE::QtWrapper::QMLScene::QComponent3D::*)(void) __ptr64 Is Destroyed
[ 80482.30 ] D: LambdaFunctionPointerVoidReturnType class `private: void __cdecl DGE::QtWrapper::QMLScene::QOrthoLens::commonInitConstructor(void) __ptr64'::`2'::<lambda_1> Is Destroyed
[ 80482.30 ] D: LambdaFunctionPointerVoidReturnType class `protected: void __cdecl DGE::QtWrapper::QMLScene::QPerspectiveCameraController::commonInitConstructor(void) __ptr64'::`2'::<lambda_1> Is Destroyed
[ 80482.30 ] D: LambdaFunctionPointerVoidReturnType class `private: void __cdecl DGE::QtWrapper::QMLScene::QThirdPersonController::commonInitConstructor(void) __ptr64'::`2'::<lambda_1> Is Destroyed
[ 80482.30 ] D: LambdaFunctionPointerVoidReturnType class `protected: void __cdecl DGE::QtWrapper::QMLScene::QPerspectiveCameraController::commonInitConstructor(void) __ptr64'::`2'::<lambda_1> Is Destroyed
[ 80482.30 ] D: MemberFunctionPointer void (__cdecl DGE::QtWrapper::QMLScene::QComponent3D::*)(void) __ptr64 Is Destroyed
[ 80482.30 ] D: MemberFunctionPointer void (__cdecl DGE::QtWrapper::QMLScene::QThirdPersonController::*)(class std::shared_ptr<class DGE::Scene::Component>) __ptr64 Is Destroyed
[ 80482.30 ] D: LambdaFunctionPointerVoidReturnType class `public: __cdecl DGE::QtWrapper::QMLScene::QCameraComponent::QCameraComponent(class DGE::QtWrapper::QMLScene::QNode3D * __ptr64,bool) __ptr64'::`2'::<lambda_1> Is Destroyed
[ 80482.30 ] D: MemberFunctionPointer void (__cdecl DGE::QtWrapper::QMLScene::QComponent3D::*)(void) __ptr64 Is Destroyed
[ 80482.30 ] D: LambdaFunctionPointerVoidReturnType class `private: void __cdecl DGE::QtWrapper::QMLScene::QOrthoLens::commonInitConstructor(void) __ptr64'::`2'::<lambda_1> Is Destroyed
[ 80482.30 ] D: LambdaFunctionPointerVoidReturnType class `public: __cdecl DGE::QtWrapper::QMLScene::QCameraComponent::QCameraComponent(class DGE::QtWrapper::QMLScene::QNode3D * __ptr64,bool) __ptr64'::`2'::<lambda_1> Is Destroyed
[ 80482.31 ] D: MemberFunctionPointer void (__cdecl DGE::QtWrapper::QMLScene::QComponent3D::*)(void) __ptr64 Is Destroyed
[ 80482.31 ] D: LambdaFunctionPointerVoidReturnType class `private: void __cdecl DGE::QtWrapper::QMLScene::QPerspectiveLens::commonInitConstructor(void) __ptr64'::`2'::<lambda_1> Is Destroyed
[ 80482.31 ] D: LambdaFunctionPointerVoidReturnType class `protected: void __cdecl DGE::QtWrapper::QMLScene::QPerspectiveCameraController::commonInitConstructor(void) __ptr64'::`2'::<lambda_1> Is Destroyed
[ 80482.31 ] D: LambdaFunctionPointerVoidReturnType class `private: void __cdecl DGE::QtWrapper::QMLScene::QThirdPersonController::commonInitConstructor(void) __ptr64'::`2'::<lambda_1> Is Destroyed
[ 80482.31 ] D: LambdaFunctionPointerVoidReturnType class `protected: void __cdecl DGE::QtWrapper::QMLScene::QPerspectiveCameraController::commonInitConstructor(void) __ptr64'::`2'::<lambda_1> Is Destroyed
[ 80482.31 ] D: MemberFunctionPointer void (__cdecl DGE::QtWrapper::QMLScene::QComponent3D::*)(void) __ptr64 Is Destroyed
[ 80482.31 ] D: MemberFunctionPointer void (__cdecl DGE::QtWrapper::QMLScene::QThirdPersonController::*)(class std::shared_ptr<class DGE::Scene::Component>) __ptr64 Is Destroyed
[ 80482.31 ] D: LambdaFunctionPointerVoidReturnType class `public: __cdecl DGE::QtWrapper::QMLScene::QCameraComponent::QCameraComponent(class DGE::QtWrapper::QMLScene::QNode3D * __ptr64,bool) __ptr64'::`2'::<lambda_1> Is Destroyed
[ 80482.31 ] D: MemberFunctionPointer void (__cdecl DGE::QtWrapper::QMLScene::QComponent3D::*)(void) __ptr64 Is Destroyed
[ 80482.31 ] D: LambdaFunctionPointerVoidReturnType class `private: void __cdecl DGE::QtWrapper::QMLScene::QPerspectiveLens::commonInitConstructor(void) __ptr64'::`2'::<lambda_1> Is Destroyed
[ 80482.31 ] D: LambdaFunctionPointerVoidReturnType class `private: void __cdecl DGE::QtWrapper::QMLScene::QThirdPersonController::commonInitConstructor(void) __ptr64'::`2'::<lambda_1> Is Destroyed
[ 80482.31 ] D: LambdaFunctionPointerVoidReturnType class `protected: void __cdecl DGE::QtWrapper::QMLScene::QPerspectiveCameraController::commonInitConstructor(void) __ptr64'::`2'::<lambda_1> Is Destroyed
[ 80482.31 ] D: LambdaFunctionPointerVoidReturnType class `protected: void __cdecl DGE::QtWrapper::QMLScene::QPerspectiveCameraController::commonInitConstructor(void) __ptr64'::`2'::<lambda_1> Is Destroyed
[ 80482.31 ] D: MemberFunctionPointer void (__cdecl DGE::QtWrapper::QMLScene::QComponent3D::*)(void) __ptr64 Is Destroyed
[ 80482.31 ] D: MemberFunctionPointer void (__cdecl DGE::QtWrapper::QMLScene::QThirdPersonController::*)(class std::shared_ptr<class DGE::Scene::Component>) __ptr64 Is Destroyed
[ 80482.31 ] D: LambdaFunctionPointerVoidReturnType class `public: __cdecl DGE::QtWrapper::QMLScene::QCameraComponent::QCameraComponent(class DGE::QtWrapper::QMLScene::QNode3D * __ptr64,bool) __ptr64'::`2'::<lambda_1> Is Destroyed
[ 80482.31 ] D: MemberFunctionPointer void (__cdecl DGE::QtWrapper::QMLScene::QComponent3D::*)(void) __ptr64 Is Destroyed
[ 80482.31 ] D: LambdaFunctionPointerVoidReturnType class `private: void __cdecl DGE::QtWrapper::QMLScene::QOrthoLens::commonInitConstructor(void) __ptr64'::`2'::<lambda_1> Is Destroyed
[ 80482.32 ] D: LambdaFunctionPointerVoidReturnType class `protected: void __cdecl DGE::QtWrapper::QMLScene::QPerspectiveCameraController::commonInitConstructor(void) __ptr64'::`2'::<lambda_1> Is Destroyed
[ 80482.32 ] D: LambdaFunctionPointerVoidReturnType class `private: void __cdecl DGE::QtWrapper::QMLScene::QThirdPersonController::commonInitConstructor(void) __ptr64'::`2'::<lambda_1> Is Destroyed
[ 80482.32 ] D: LambdaFunctionPointerVoidReturnType class `protected: void __cdecl DGE::QtWrapper::QMLScene::QPerspectiveCameraController::commonInitConstructor(void) __ptr64'::`2'::<lambda_1> Is Destroyed
[ 80482.32 ] D: MemberFunctionPointer void (__cdecl DGE::QtWrapper::QMLScene::QComponent3D::*)(void) __ptr64 Is Destroyed
[ 80482.32 ] D: MemberFunctionPointer void (__cdecl DGE::QtWrapper::QMLScene::QThirdPersonController::*)(class std::shared_ptr<class DGE::Scene::Component>) __ptr64 Is Destroyed
[ 80482.32 ] D: LambdaFunctionPointerVoidReturnType class `public: __cdecl DGE::QtWrapper::QMLScene::QCameraComponent::QCameraComponent(class DGE::QtWrapper::QMLScene::QNode3D * __ptr64,bool) __ptr64'::`2'::<lambda_1> Is Destroyed
[ 80482.32 ] D: MemberFunctionPointer void (__cdecl DGE::QtWrapper::QMLScene::QComponent3D::*)(void) __ptr64 Is Destroyed
[ 80482.32 ] D: LambdaFunctionPointerVoidReturnType class `private: void __cdecl DGE::QtWrapper::QMLScene::QOrthoLens::commonInitConstructor(void) __ptr64'::`2'::<lambda_1> Is Destroyed
[ 80482.32 ] D: LambdaFunctionPointerVoidReturnType class `public: __cdecl DGE::QtWrapper::QMLScene::QCameraComponent::QCameraComponent(class DGE::QtWrapper::QMLScene::QNode3D * __ptr64,bool) __ptr64'::`2'::<lambda_1> Is Destroyed
[ 80482.32 ] D: MemberFunctionPointer void (__cdecl DGE::QtWrapper::QMLScene::QComponent3D::*)(void) __ptr64 Is Destroyed
[ 80482.32 ] D: LambdaFunctionPointerVoidReturnType class `private: void __cdecl DGE::QtWrapper::QMLScene::QPerspectiveLens::commonInitConstructor(void) __ptr64'::`2'::<lambda_1> Is Destroyed
[ 80482.32 ] D: LambdaFunctionPointerVoidReturnType class `protected: void __cdecl DGE::QtWrapper::QMLScene::QPerspectiveCameraController::commonInitConstructor(void) __ptr64'::`2'::<lambda_1> Is Destroyed
[ 80482.32 ] D: LambdaFunctionPointerVoidReturnType class `private: void __cdecl DGE::QtWrapper::QMLScene::QThirdPersonController::commonInitConstructor(void) __ptr64'::`2'::<lambda_1> Is Destroyed
[ 80482.32 ] D: LambdaFunctionPointerVoidReturnType class `protected: void __cdecl DGE::QtWrapper::QMLScene::QPerspectiveCameraController::commonInitConstructor(void) __ptr64'::`2'::<lambda_1> Is Destroyed
[ 80482.32 ] D: MemberFunctionPointer void (__cdecl DGE::QtWrapper::QMLScene::QComponent3D::*)(void) __ptr64 Is Destroyed
[ 80482.32 ] D: MemberFunctionPointer void (__cdecl DGE::QtWrapper::QMLScene::QThirdPersonController::*)(class std::shared_ptr<class DGE::Scene::Component>) __ptr64 Is Destroyed
[ 80482.32 ] D: LambdaFunctionPointerVoidReturnType class `public: __cdecl DGE::QtWrapper::QMLScene::QCameraComponent::QCameraComponent(class DGE::QtWrapper::QMLScene::QNode3D * __ptr64,bool) __ptr64'::`2'::<lambda_1> Is Destroyed
[ 80482.32 ] D: MemberFunctionPointer void (__cdecl DGE::QtWrapper::QMLScene::QComponent3D::*)(void) __ptr64 Is Destroyed
[ 80482.32 ] D: LambdaFunctionPointerVoidReturnType class `private: void __cdecl DGE::QtWrapper::QMLScene::QPerspectiveLens::commonInitConstructor(void) __ptr64'::`2'::<lambda_1> Is Destroyed
[ 80482.32 ] D: LambdaFunctionPointerVoidReturnType class `protected: void __cdecl DGE::QtWrapper::QMLScene::QPerspectiveCameraController::commonInitConstructor(void) __ptr64'::`2'::<lambda_1> Is Destroyed
[ 80482.32 ] D: LambdaFunctionPointerVoidReturnType class `protected: void __cdecl DGE::QtWrapper::QMLScene::QPerspectiveCameraController::commonInitConstructor(void) __ptr64'::`2'::<lambda_1> Is Destroyed
[ 80482.32 ] D: LambdaFunctionPointerVoidReturnType class `private: void __cdecl DGE::QtWrapper::QMLScene::QThirdPersonController::commonInitConstructor(void) __ptr64'::`2'::<lambda_1> Is Destroyed
[ 80482.32 ] D: MemberFunctionPointer void (__cdecl DGE::QtWrapper::QMLScene::QComponent3D::*)(void) __ptr64 Is Destroyed
[ 80482.32 ] D: MemberFunctionPointer void (__cdecl DGE::QtWrapper::QMLScene::QThirdPersonController::*)(class std::shared_ptr<class DGE::Scene::Component>) __ptr64 Is Destroyed
[ 80482.32 ] D: LambdaFunctionPointerVoidReturnType class `public: __cdecl DGE::QtWrapper::QMLScene::QCameraComponent::QCameraComponent(class DGE::QtWrapper::QMLScene::QNode3D * __ptr64,bool) __ptr64'::`2'::<lambda_1> Is Destroyed
[ 80482.32 ] D: MemberFunctionPointer void (__cdecl DGE::QtWrapper::QMLScene::QComponent3D::*)(void) __ptr64 Is Destroyed
[ 80482.32 ] D: LambdaFunctionPointerVoidReturnType class `private: void __cdecl DGE::QtWrapper::QMLScene::QOrthoLens::commonInitConstructor(void) __ptr64'::`2'::<lambda_1> Is Destroyed
[ 80482.32 ] D: LambdaFunctionPointerVoidReturnType class `protected: void __cdecl DGE::QtWrapper::QMLScene::QPerspectiveCameraController::commonInitConstructor(void) __ptr64'::`2'::<lambda_1> Is Destroyed
[ 80482.32 ] D: LambdaFunctionPointerVoidReturnType class `protected: void __cdecl DGE::QtWrapper::QMLScene::QPerspectiveCameraController::commonInitConstructor(void) __ptr64'::`2'::<lambda_1> Is Destroyed
[ 80482.32 ] D: LambdaFunctionPointerVoidReturnType class `private: void __cdecl DGE::QtWrapper::QMLScene::QThirdPersonController::commonInitConstructor(void) __ptr64'::`2'::<lambda_1> Is Destroyed
[ 80482.33 ] D: MemberFunctionPointer void (__cdecl DGE::QtWrapper::QMLScene::QComponent3D::*)(void) __ptr64 Is Destroyed
[ 80482.33 ] D: MemberFunctionPointer void (__cdecl DGE::QtWrapper::QMLScene::QThirdPersonController::*)(class std::shared_ptr<class DGE::Scene::Component>) __ptr64 Is Destroyed
[ 80482.33 ] D: LambdaFunctionPointerVoidReturnType class `public: __cdecl DGE::QtWrapper::QMLScene::QCameraComponent::QCameraComponent(class DGE::QtWrapper::QMLScene::QNode3D * __ptr64,bool) __ptr64'::`2'::<lambda_1> Is Destroyed
[ 80482.33 ] D: MemberFunctionPointer void (__cdecl DGE::QtWrapper::QMLScene::QComponent3D::*)(void) __ptr64 Is Destroyed
[ 80482.33 ] D: LambdaFunctionPointerVoidReturnType class `private: void __cdecl DGE::QtWrapper::QMLScene::QOrthoLens::commonInitConstructor(void) __ptr64'::`2'::<lambda_1> Is Destroyed
[ 80482.33 ] D: LambdaFunctionPointerVoidReturnType class `public: __cdecl DGE::QtWrapper::QMLScene::QCameraComponent::QCameraComponent(class DGE::QtWrapper::QMLScene::QNode3D * __ptr64,bool) __ptr64'::`2'::<lambda_1> Is Destroyed
[ 80482.33 ] D: MemberFunctionPointer void (__cdecl DGE::QtWrapper::QMLScene::QComponent3D::*)(void) __ptr64 Is Destroyed
[ 80482.33 ] D: LambdaFunctionPointerVoidReturnType class `private: void __cdecl DGE::QtWrapper::QMLScene::QPerspectiveLens::commonInitConstructor(void) __ptr64'::`2'::<lambda_1> Is Destroyed
[ 80482.36 ] D: -----Released Scene Module-----
[ 80482.36 ] D: -----Released GFX Module-----
[ 80482.36 ] I: Log: Log file closed, 1403/4/13 22:30:19
