[     8.01 ] I: Log: Log file open in follow path at 1403/6/27 19:39:27 : C:\Users\AmirPasha\Desktop\Rpos\DAW-3\build2019\debug\Logs\Launch.log
[     8.02 ] I: The subsystem "class DGE::Core::IO::LogSystem::Logger" is registered successfully.
[     8.02 ] I: The subsystem "class DGE::Core::Windows::QtWindow" is registered successfully.
[     8.02 ] D: API version is: 4.60 ,shader version is: 4.60
[     8.02 ] I: The subsystem "class DGE::GFX::GCore::QtWrapper::QtRenderer" is registered successfully.
[     8.02 ] I: Current Render API is: 4.60
[     8.02 ] I: The subsystem "Renderer" is registered successfully.
[     8.02 ] I: The subsystem "class DGE::Core::Platforms::QtPlatform" is registered successfully.
[     8.02 ] I: The subsystem "Platform" is registered successfully.
[     8.02 ] I: The subsystem "class DGE::Core::IO::FileSystem::FileManager" is registered successfully.
[     8.02 ] I: The subsystem "class DGE::Core::CoreModule" is registered successfully.
[     8.02 ] I: The subsystem "class DGE::Core::Profiling::Profiler" is registered successfully.
[     8.02 ] I: The subsystem "class DGE::GFX::DrawablesManager" is registered successfully.
[     8.02 ] I: #version 460 core
#define GLES_Ver 460

[     8.02 ] I: The subsystem "class DGE::GFX::GraphicsManager" is registered successfully.
[     8.02 ] I: The subsystem "class DGE::GFX::GFXModule" is registered successfully.
[     8.15 ] D: Shader Compile successfully.
[     8.16 ] I: The subsystem "class DGE::Scene::ViewportManager" is registered successfully.
[     8.16 ] I: The subsystem "class DGE::Scene::SceneModule" is registered successfully.
[     8.16 ] I: The subsystem "class DGE::Managers::RenderManager" is registered successfully.
[     8.16 ] D: Engine Enabled
[     8.16 ] I: The subsystem "class DGE::Engine" is registered successfully.
[     8.16 ] D: Node with id 1 is added to Qt layer
[     8.16 ] D: Node with id 2460 is added to Qt layer
[     8.16 ] D: Node with id 2462 is added to Qt layer
[     8.16 ] D: Node with id 2464 is added to Qt layer
[     8.16 ] D: Node with id 2466 is added to Qt layer
[     8.16 ] D: Node with id 2468 is added to Qt layer
[     8.16 ] D: Node with id 2470 is added to Qt layer
[     8.16 ] D: Node with id 2472 is added to Qt layer
[     8.17 ] D: Node with id 2474 is added to Qt layer
[     8.17 ] D: Node with id 2476 is added to Qt layer
[     8.17 ] D: Node with id 2478 is added to Qt layer
[     8.17 ] D: Node with id 2480 is added to Qt layer
[     8.17 ] D: Node with id 2482 is added to Qt layer
[     8.17 ] D: Node with id 2484 is added to Qt layer
[     8.17 ] D: Node with id 2486 is added to Qt layer
[     8.17 ] D: Node with id 2487 is added to Qt layer
[     8.17 ] D: Node with id 2489 is added to Qt layer
[     8.17 ] D: Node with id 2491 is added to Qt layer
[     8.17 ] D: Node with id 3 is added to Qt layer
[     8.17 ] D: Node with id 2493 is added to Qt layer
[     8.18 ] S: New view-port registered with id: 1
[     8.18 ] S: New view-port registered with id: 2
[     8.18 ] S: New view-port registered with id: 3
[     8.18 ] S: New view-port registered with id: 4
[     8.18 ] S: New view-port registered with id: 5
[     8.18 ] S: New view-port registered with id: 6
[     8.31 ] D: Creating suitable QNanoBackend for OpenGL 4.6 context
[     8.32 ] D: Using backend: "OpenGL 3"
[     8.38 ] W: Floating point comparison needs context sanity check
[     8.38 ] D: QT onScaleChanged=  144
[     8.47 ] W: ShaderEffectSource: 'recursive' must be set to true when rendering recursively.
[     8.47 ] W: ShaderEffectSource: 'recursive' must be set to true when rendering recursively.
[     8.48 ] W: ShaderEffectSource: 'recursive' must be set to true when rendering recursively.
[     8.48 ] W: ShaderEffectSource: 'recursive' must be set to true when rendering recursively.
[     8.75 ] D: Engine Started.
[    85.80 ] D: P1 -460
[    85.81 ] D: P1 -454
[    85.83 ] D: P1 -454
[    85.84 ] D: P1 -453
[    85.84 ] D: P1 -452
[    85.86 ] D: P1 -447
[    85.86 ] D: P1 -438
[    85.87 ] D: P1 -436
[    85.87 ] D: P1 -428
[    85.87 ] D: P1 -420
[    85.89 ] D: P1 -406
[    85.89 ] D: P1 -395
[    85.90 ] D: P1 -392
[    85.90 ] D: P1 -388
[    85.90 ] D: P1 -388
[    85.91 ] D: P1 -386
[    85.92 ] D: P1 -384
[    85.93 ] D: P1 -383
[    85.98 ] D: P1 -383
[    85.98 ] D: P1 -383
[    85.98 ] D: P1 -383
[    85.98 ] D: P1 -383
[    85.99 ] D: P1 -383
[    85.99 ] D: P1 -383
[    86.01 ] D: P1 -383
[    86.01 ] D: P1 -388
[    86.02 ] D: P1 -392
[    86.02 ] D: P1 -400
[    86.03 ] D: P1 -402
[    86.04 ] D: P1 -413
[    86.04 ] D: P1 -419
[    86.04 ] D: P1 -421
[    86.04 ] D: P1 -422
[    86.05 ] D: P1 -427
[    86.05 ] D: P1 -430
[    86.07 ] D: P1 -446
[    86.07 ] D: P1 -451
[    86.08 ] D: P1 -453
[    86.08 ] D: P1 -455
[    86.09 ] D: P1 -459
[    86.09 ] D: P1 -461
[    86.10 ] D: P1 -463
[    88.25 ] D: P1 -369
[    88.26 ] D: P1 -342
[    88.26 ] D: P14
[    88.26 ] D: P1 -338
[    88.26 ] D: P14
[    88.27 ] D: P1 -336
[    88.27 ] D: P14
[    88.27 ] D: P1 -334
[    88.27 ] D: P14
[    88.28 ] D: P1 -332
[    88.28 ] D: P14
[    88.29 ] D: P1 -327
[    88.29 ] D: P1 -326
[    88.31 ] D: P1 -324
[    88.31 ] D: P1 -324
[    88.46 ] D: P1 -324
[    88.46 ] D: P1 -324
[    88.46 ] D: P1 -326
[    88.47 ] D: P1 -327
[    88.49 ] D: P1 -352
[    88.49 ] D: P14
[    88.49 ] D: P1 -363
[    88.49 ] D: P14
[    88.50 ] D: P1 -371
[    88.51 ] D: P1 -389
[    88.52 ] D: P1 -408
[    88.52 ] D: P1 -412
[    88.53 ] D: P1 -418
[    88.54 ] D: P1 -422
[    88.54 ] D: P1 -428
[    88.56 ] D: P1 -441
[    88.56 ] D: P1 -446
[    88.57 ] D: P1 -448
[    88.57 ] D: P1 -450
[    88.59 ] D: P1 -453
[    88.59 ] D: P1 -453
[    88.61 ] D: P1 -454
[    88.61 ] D: P1 -455
[    88.61 ] D: P1 -455
[    88.62 ] D: P1 -455
[    88.63 ] D: P1 -456
[    88.64 ] D: P1 -457
[    88.64 ] D: P1 -458
[    88.65 ] D: P1 -460
[    88.66 ] D: P1 -461
[    88.67 ] D: P1 -462
[    88.67 ] D: P1 -462
[    88.67 ] D: P1 -462
[    88.69 ] D: P1 -462
[    88.96 ] D: sltPositionChanged 220500
[    88.96 ] D: frame_offset 0 0 217
[    88.96 ] D: findOverlayItems 1 0
[    88.96 ] D: "{31125c61-18b5-461b-9ba8-388906ce098d}" i.value()->sampleClip()->startTime()  5000 327833 327833 5000
[    88.96 ] D: findOverlayItems
[    88.96 ] D: sltPositionChanged 220500
[    88.96 ] D: frame_offset 0 0 217
[    88.96 ] D: frame_offset 0 1 217
[    88.97 ] D: frame_offset 0 2 217
[    88.97 ] D: frame_offset 0 3 217
[    88.97 ] D: frame_offset 0 4 217
[    90.16 ] D: _requestForLoading false false
[    90.16 ] D: _requestForLoading2
[    90.16 ] D: _numberOfSampleBuffer 1
[    90.16 ] D: START TO load 0
[    90.16 ] D: sltPositionChanged 529200 true
[    90.16 ] D: START TO load 1
[    90.16 ] D: START TO load 2
[    90.16 ] D: START TO load 3
[    90.16 ] D: frame_offset 4 0 217
[    90.17 ] D: frame_offset 4 1 217
[    90.17 ] D: frame_offset 4 2 217
[    90.17 ] D: frame_offset 4 3 217
[    90.17 ] D: frame_offset 4 4 217
[    90.18 ] D: sltFirstBufferFilled ("{31125c61-18b5-461b-9ba8-388906ce098d}") "{31125c61-18b5-461b-9ba8-388906ce098d}" true
[    90.18 ] D: _requestForLoading true false
[    90.63 ] D: AsyncFileReader 4 9
[    96.88 ] D: _editController->getParameterCount() 14
[    96.97 ] D: trackIndex 0 0
[   107.87 ] W: ShaderEffectSource: 'recursive' must be set to true when rendering recursively.
[   108.66 ] D: _pointActive1 false true false
[   110.81 ] D: _pointActive1 false true false
[   110.81 ] D: inSelectedLineRETURN3
[   110.83 ] D: _trackIndex::_selected_point_index 0
[   110.86 ] D: _trackIndex::_selected_point_index 0
[   111.83 ] D: _pointActive1 false true false
[   111.83 ] D: inSelectedLineRETURN3
[   113.37 ] D: ADDED 0 "wetDry" 3
[   113.37 ] D: _tracksModel->getItem(i)->rect( QRect(0,0 1707x111)
[   113.37 ] D: _tracksModel->getItem(i)->rect( QRect(0,195 1707x111)
[   113.37 ] D: _tracksModel->getItem(i)->rect( QRect(0,306 1707x111)
[   113.37 ] D: _tracksModel->getItem(i)->rect( QRect(0,417 1707x111)
[   113.40 ] W: ShaderEffectSource: 'recursive' must be set to true when rendering recursively.
[   113.40 ] W: ShaderEffectSource: 'recursive' must be set to true when rendering recursively.
[   116.18 ] D: inSelectedLineRETURN3
[   116.19 ] W: ShaderEffectSource: 'recursive' must be set to true when rendering recursively.
[   116.80 ] D: inSelectedLineRETURN3
[   116.82 ] D: inSelectedLineRETURN3
[   116.84 ] D: inSelectedLineRETURN3
[   116.86 ] D: inSelectedLineRETURN3
[   116.88 ] D: inSelectedLineRETURN3
[   116.90 ] D: inSelectedLineRETURN3
[   116.92 ] D: inSelectedLineRETURN3
[   116.94 ] D: inSelectedLineRETURN3
[   116.96 ] D: inSelectedLineRETURN3
[   116.98 ] D: inSelectedLineRETURN3
[   117.00 ] D: inSelectedLineRETURN3
[   117.02 ] D: inSelectedLineRETURN3
[   117.04 ] D: inSelectedLineRETURN3
[   117.06 ] D: inSelectedLineRETURN3
[   117.08 ] D: inSelectedLineRETURN3
[   117.67 ] D: inSelectedLineRETURN3
[   117.68 ] D: inSelectedLineRETURN3
[   117.71 ] D: inSelectedLineRETURN3
[   117.72 ] D: inSelectedLineRETURN3
[   117.74 ] D: inSelectedLineRETURN3
[   117.76 ] D: inSelectedLineRETURN3
[   117.78 ] D: inSelectedLineRETURN3
[   117.81 ] D: inSelectedLineRETURN3
[   117.83 ] D: inSelectedLineRETURN3
[   117.85 ] D: inSelectedLineRETURN3
[   117.87 ] D: inSelectedLineRETURN3
[   117.89 ] D: inSelectedLineRETURN3
[   117.91 ] D: inSelectedLineRETURN3
[   117.93 ] D: inSelectedLineRETURN3
[   117.98 ] D: inSelectedLineRETURN3
[   118.01 ] D: inSelectedLineRETURN3
[   118.03 ] D: inSelectedLineRETURN3
[   118.08 ] D: inSelectedLineRETURN3
[   118.11 ] D: inSelectedLineRETURN3
[   118.13 ] D: inSelectedLineRETURN3
[   118.17 ] D: inSelectedLineRETURN3
[   118.19 ] D: inSelectedLineRETURN3
[   118.40 ] D: inSelectedLineRETURN3
[   118.42 ] D: inSelectedLineRETURN3
[   119.01 ] D: inSelectedLineRETURN3
[   119.03 ] D: inSelectedLineRETURN3
[   119.04 ] D: inSelectedLineRETURN3
[   119.07 ] D: inSelectedLineRETURN3
[   119.08 ] D: inSelectedLineRETURN3
[   119.11 ] D: inSelectedLineRETURN3
[   119.26 ] D: inSelectedLineRETURN3
[   119.27 ] D: inSelectedLineRETURN3
[   119.29 ] D: inSelectedLineRETURN3
[   119.31 ] D: inSelectedLineRETURN3
[   119.33 ] D: inSelectedLineRETURN3
[   119.35 ] D: inSelectedLineRETURN3
[   119.37 ] D: inSelectedLineRETURN3
[   119.42 ] D: inSelectedLineRETURN3
[   119.44 ] D: inSelectedLineRETURN3
[   119.46 ] D: inSelectedLineRETURN3
[   119.48 ] D: inSelectedLineRETURN3
[   119.50 ] D: inSelectedLineRETURN3
[   119.52 ] D: inSelectedLineRETURN3
[   119.54 ] D: inSelectedLineRETURN3
[   119.56 ] D: inSelectedLineRETURN3
[   119.58 ] D: inSelectedLineRETURN3
[   121.52 ] D: onSigValueChanged
[   121.55 ] D: inSelectedLineRETURN3
[   122.51 ] D: onSigValueChanged
[   122.52 ] D: onSigValueChanged
[   122.52 ] D: onSigValueChanged
[   122.53 ] D: inSelectedLineRETURN3
[   122.54 ] D: onSigValueChanged
[   122.54 ] D: onSigValueChanged
[   122.55 ] D: inSelectedLineRETURN3
[   122.56 ] D: onSigValueChanged
[   122.57 ] D: inSelectedLineRETURN3
[   122.58 ] D: onSigValueChanged
[   122.58 ] D: onSigValueChanged
[   122.58 ] D: onSigValueChanged
[   122.59 ] D: inSelectedLineRETURN3
[   122.60 ] D: onSigValueChanged
[   122.60 ] D: onSigValueChanged
[   122.61 ] D: onSigValueChanged
[   122.61 ] D: inSelectedLineRETURN3
[   122.62 ] D: onSigValueChanged
[   122.63 ] D: onSigValueChanged
[   122.63 ] D: inSelectedLineRETURN3
[   122.64 ] D: onSigValueChanged
[   122.65 ] D: onSigValueChanged
[   122.65 ] D: onSigValueChanged
[   122.65 ] D: inSelectedLineRETURN3
[   122.66 ] D: onSigValueChanged
[   122.67 ] D: onSigValueChanged
[   122.68 ] D: inSelectedLineRETURN3
[   122.68 ] D: onSigValueChanged
[   122.70 ] D: inSelectedLineRETURN3
[   122.70 ] D: onSigValueChanged
[   122.71 ] D: onSigValueChanged
[   122.72 ] D: inSelectedLineRETURN3
[   122.73 ] D: onSigValueChanged
[   122.73 ] D: onSigValueChanged
[   122.74 ] D: inSelectedLineRETURN3
[   122.75 ] D: onSigValueChanged
[   122.75 ] D: onSigValueChanged
[   122.76 ] D: inSelectedLineRETURN3
[   122.77 ] D: onSigValueChanged
[   122.77 ] D: onSigValueChanged
[   122.78 ] D: inSelectedLineRETURN3
[   122.79 ] D: onSigValueChanged
[   122.80 ] D: onSigValueChanged
[   122.80 ] D: onSigValueChanged
[   122.81 ] D: inSelectedLineRETURN3
[   122.81 ] D: onSigValueChanged
[   122.82 ] D: onSigValueChanged
[   122.83 ] D: inSelectedLineRETURN3
[   122.85 ] D: inSelectedLineRETURN3
[   122.85 ] D: onSigValueChanged
[   122.87 ] D: onSigValueChanged
[   122.88 ] D: inSelectedLineRETURN3
[   122.89 ] D: onSigValueChanged
[   122.90 ] D: onSigValueChanged
[   122.91 ] D: inSelectedLineRETURN3
[   122.91 ] D: onSigValueChanged
[   122.92 ] D: onSigValueChanged
[   122.92 ] D: onSigValueChanged
[   122.93 ] D: inSelectedLineRETURN3
[   122.94 ] D: onSigValueChanged
[   122.94 ] D: onSigValueChanged
[   122.95 ] D: inSelectedLineRETURN3
[   122.96 ] D: onSigValueChanged
[   122.96 ] D: onSigValueChanged
[   122.97 ] D: inSelectedLineRETURN3
[   122.98 ] D: onSigValueChanged
[   122.98 ] D: onSigValueChanged
[   122.98 ] D: onSigValueChanged
[   122.98 ] D: onSigValueChanged
[   122.99 ] D: inSelectedLineRETURN3
[   123.00 ] D: onSigValueChanged
[   123.00 ] D: onSigValueChanged
[   123.01 ] D: inSelectedLineRETURN3
[   123.02 ] D: onSigValueChanged
[   123.02 ] D: onSigValueChanged
[   123.03 ] D: inSelectedLineRETURN3
[   123.04 ] D: onSigValueChanged
[   123.05 ] D: onSigValueChanged
[   123.05 ] D: inSelectedLineRETURN3
[   123.06 ] D: onSigValueChanged
[   123.07 ] D: onSigValueChanged
[   123.07 ] D: inSelectedLineRETURN3
[   123.08 ] D: onSigValueChanged
[   123.08 ] D: onSigValueChanged
[   123.09 ] D: inSelectedLineRETURN3
[   123.10 ] D: onSigValueChanged
[   123.10 ] D: onSigValueChanged
[   123.10 ] D: onSigValueChanged
[   123.11 ] D: inSelectedLineRETURN3
[   123.12 ] D: onSigValueChanged
[   123.13 ] D: inSelectedLineRETURN3
[   123.14 ] D: onSigValueChanged
[   123.14 ] D: onSigValueChanged
[   123.14 ] D: onSigValueChanged
[   123.15 ] D: inSelectedLineRETURN3
[   123.16 ] D: onSigValueChanged
[   123.17 ] D: onSigValueChanged
[   123.17 ] D: onSigValueChanged
[   123.18 ] D: inSelectedLineRETURN3
[   123.18 ] D: onSigValueChanged
[   123.18 ] D: onSigValueChanged
[   123.20 ] D: inSelectedLineRETURN3
[   123.21 ] D: onSigValueChanged
[   123.22 ] D: inSelectedLineRETURN3
[   123.23 ] D: onSigValueChanged
[   123.24 ] D: inSelectedLineRETURN3
[   123.26 ] D: inSelectedLineRETURN3
[   123.73 ] D: onSigValueChanged
[   123.75 ] D: inSelectedLineRETURN3
[   124.50 ] D: inSelectedLineRETURN3
[   124.52 ] D: inSelectedLineRETURN3
[   124.54 ] D: inSelectedLineRETURN3
[   124.56 ] D: inSelectedLineRETURN3
[   124.58 ] D: inSelectedLineRETURN3
[   124.60 ] D: inSelectedLineRETURN3
[   124.62 ] D: inSelectedLineRETURN3
[   124.64 ] D: inSelectedLineRETURN3
[   124.66 ] D: inSelectedLineRETURN3
[   124.68 ] D: inSelectedLineRETURN3
[   124.71 ] D: inSelectedLineRETURN3
[   124.73 ] D: inSelectedLineRETURN3
[   124.74 ] D: inSelectedLineRETURN3
[   124.77 ] D: inSelectedLineRETURN3
[   124.79 ] D: inSelectedLineRETURN3
[   124.94 ] D: inSelectedLineRETURN3
[   124.99 ] D: inSelectedLineRETURN3
[   125.01 ] D: inSelectedLineRETURN3
[   125.07 ] D: inSelectedLineRETURN3
[   125.09 ] D: inSelectedLineRETURN3
[   125.12 ] D: inSelectedLineRETURN3
[   125.14 ] D: inSelectedLineRETURN3
[   125.15 ] D: inSelectedLineRETURN3
[   125.18 ] D: inSelectedLineRETURN3
[   125.19 ] D: inSelectedLineRETURN3
[   125.21 ] D: inSelectedLineRETURN3
[   125.23 ] D: inSelectedLineRETURN3
[   125.47 ] D: _pointActive1 false true false
[   125.47 ] D: inSelectedLineRETURN3
[   125.50 ] D: _trackIndex::_selected_point_index 0
[   125.53 ] D: _trackIndex::_selected_point_index 0
[   125.57 ] D: _trackIndex::_selected_point_index 0
[   125.59 ] D: _trackIndex::_selected_point_index 0
[   125.61 ] D: _trackIndex::_selected_point_index 0
[   125.64 ] D: _trackIndex::_selected_point_index 0
[   125.65 ] D: _trackIndex::_selected_point_index 0
[   125.67 ] D: _trackIndex::_selected_point_index 0
[   125.69 ] D: _trackIndex::_selected_point_index 0
[   125.72 ] D: _trackIndex::_selected_point_index 0
[   125.74 ] D: _trackIndex::_selected_point_index 0
[   125.77 ] D: _trackIndex::_selected_point_index 0
[   125.79 ] D: _trackIndex::_selected_point_index 0
[   125.81 ] D: _trackIndex::_selected_point_index 0
[   125.91 ] D: _trackIndex::_selected_point_index 0
[   126.43 ] D: _startSelectedClipIndex123 "{31125c61-18b5-461b-9ba8-388906ce098d}"
[   126.43 ] D: copySelectedArea1; QRectF(5000,0 322833x111) QRect(0,0 1707x111)
[   126.43 ] D: copySelectedArea3
[   126.43 ] D: copySelectedArea1; QRectF(5000,0 322833x111) QRect(0,195 1707x111)
[   126.43 ] D: copySelectedArea1; QRectF(5000,0 322833x111) QRect(0,306 1707x111)
