[    13.72 ] I: Log: Log file open in follow path at 1403/6/21 22:14:42 : C:\Users\AmirPasha\Desktop\Rpos\DAW-3\build2019\debug\Logs\Launch.log
[    13.72 ] I: The subsystem "class DGE::Core::IO::LogSystem::Logger" is registered successfully.
[    13.72 ] I: The subsystem "class DGE::Core::Windows::QtWindow" is registered successfully.
[    13.72 ] D: API version is: 4.60 ,shader version is: 4.60
[    13.72 ] I: The subsystem "class DGE::GFX::GCore::QtWrapper::QtRenderer" is registered successfully.
[    13.72 ] I: Current Render API is: 4.60
[    13.72 ] I: The subsystem "Renderer" is registered successfully.
[    13.72 ] I: The subsystem "class DGE::Core::Platforms::QtPlatform" is registered successfully.
[    13.72 ] I: The subsystem "Platform" is registered successfully.
[    13.72 ] I: The subsystem "class DGE::Core::IO::FileSystem::FileManager" is registered successfully.
[    13.72 ] I: The subsystem "class DGE::Core::CoreModule" is registered successfully.
[    13.72 ] I: The subsystem "class DGE::Core::Profiling::Profiler" is registered successfully.
[    13.72 ] I: The subsystem "class DGE::GFX::DrawablesManager" is registered successfully.
[    13.72 ] I: #version 460 core
#define GLES_Ver 460

[    13.72 ] I: The subsystem "class DGE::GFX::GraphicsManager" is registered successfully.
[    13.72 ] I: The subsystem "class DGE::GFX::GFXModule" is registered successfully.
[    14.11 ] D: Shader Compile successfully.
[    14.12 ] I: The subsystem "class DGE::Scene::ViewportManager" is registered successfully.
[    14.12 ] I: The subsystem "class DGE::Scene::SceneModule" is registered successfully.
[    14.12 ] I: The subsystem "class DGE::Managers::RenderManager" is registered successfully.
[    14.12 ] D: Engine Enabled
[    14.12 ] I: The subsystem "class DGE::Engine" is registered successfully.
[    14.12 ] D: Node with id 1 is added to Qt layer
[    14.12 ] D: Node with id 2460 is added to Qt layer
[    14.12 ] D: Node with id 2462 is added to Qt layer
[    14.13 ] D: Node with id 2464 is added to Qt layer
[    14.13 ] D: Node with id 2466 is added to Qt layer
[    14.13 ] D: Node with id 2468 is added to Qt layer
[    14.13 ] D: Node with id 2470 is added to Qt layer
[    14.13 ] D: Node with id 2472 is added to Qt layer
[    14.14 ] D: Node with id 2474 is added to Qt layer
[    14.14 ] D: Node with id 2476 is added to Qt layer
[    14.14 ] D: Node with id 2478 is added to Qt layer
[    14.14 ] D: Node with id 2480 is added to Qt layer
[    14.14 ] D: Node with id 2482 is added to Qt layer
[    14.14 ] D: Node with id 2484 is added to Qt layer
[    14.14 ] D: Node with id 2486 is added to Qt layer
[    14.15 ] D: Node with id 2487 is added to Qt layer
[    14.15 ] D: Node with id 2489 is added to Qt layer
[    14.16 ] D: Node with id 2491 is added to Qt layer
[    14.17 ] D: Node with id 3 is added to Qt layer
[    14.18 ] D: Node with id 2493 is added to Qt layer
[    14.19 ] S: New view-port registered with id: 1
[    14.19 ] S: New view-port registered with id: 2
[    14.19 ] S: New view-port registered with id: 3
[    14.19 ] S: New view-port registered with id: 4
[    14.20 ] S: New view-port registered with id: 5
[    14.20 ] S: New view-port registered with id: 6
[    15.43 ] D: Creating suitable QNanoBackend for OpenGL 4.6 context
[    15.43 ] D: Using backend: "OpenGL 3"
[    15.64 ] W: Floating point comparison needs context sanity check
[    15.64 ] D: QT onScaleChanged=  144
[    15.89 ] W: ShaderEffectSource: 'recursive' must be set to true when rendering recursively.
[    15.91 ] W: ShaderEffectSource: 'recursive' must be set to true when rendering recursively.
[    15.92 ] W: ShaderEffectSource: 'recursive' must be set to true when rendering recursively.
[    15.93 ] W: ShaderEffectSource: 'recursive' must be set to true when rendering recursively.
[    16.14 ] D: Engine Started.
[    48.13 ] D: P1 -200
[    48.14 ] D: P1 -216
[    48.14 ] D: P1 -218
[    48.15 ] D: P1 -224
[    48.15 ] D: P1 -230
[    48.15 ] D: P1 -234
[    48.16 ] D: P1 -235
[    48.17 ] D: P1 -241
[    48.18 ] D: P1 -246
[    48.18 ] D: P1 -250
[    48.19 ] D: P1 -253
[    48.19 ] D: P1 -257
[    48.20 ] D: P1 -262
[    48.21 ] D: P1 -282
[    48.22 ] D: P1 -286
[    48.22 ] D: P1 -289
[    48.23 ] D: P1 -292
[    48.23 ] D: P1 -304
[    48.24 ] D: P1 -309
[    48.25 ] D: P1 -320
[    48.25 ] D: P1 -327
[    48.25 ] D: P1 -330
[    48.25 ] D: P14
[    48.26 ] D: P1 -340
[    48.26 ] D: P14
[    48.26 ] D: P1 -343
[    48.26 ] D: P14
[    48.27 ] D: P1 -346
[    48.27 ] D: P14
[    48.28 ] D: P1 -352
[    48.28 ] D: P14
[    48.28 ] D: P1 -360
[    48.28 ] D: P14
[    48.29 ] D: P1 -363
[    48.29 ] D: P14
[    48.29 ] D: P1 -367
[    48.29 ] D: P14
[    48.30 ] D: P1 -371
[    48.30 ] D: P1 -371
[    48.31 ] D: P1 -375
[    48.32 ] D: P1 -382
[    48.32 ] D: P1 -385
[    48.33 ] D: P1 -388
[    48.33 ] D: P1 -389
[    48.34 ] D: P1 -390
[    48.35 ] D: P1 -391
[    48.35 ] D: P1 -395
[    48.35 ] D: P1 -396
[    48.36 ] D: P1 -397
[    48.37 ] D: P1 -399
[    48.37 ] D: P1 -400
[    48.38 ] D: P1 -400
[    48.38 ] D: P1 -401
[    48.39 ] D: P1 -402
[    48.39 ] D: P1 -403
[    48.40 ] D: P1 -403
[    48.41 ] D: P1 -404
[    48.42 ] D: P1 -406
[    48.42 ] D: P1 -407
[    48.43 ] D: P1 -408
[    48.44 ] D: P1 -408
[    48.46 ] D: P1 -409
[    48.79 ] D: P1 -409
[    48.80 ] D: P1 -409
[    48.80 ] D: P1 -409
[    48.81 ] D: P1 -409
[    48.81 ] D: P1 -409
[    48.83 ] D: P1 -407
[    48.83 ] D: P1 -407
[    48.83 ] D: P1 -407
[    48.84 ] D: P1 -407
[    48.85 ] D: P1 -407
[    48.85 ] D: P1 -407
[    48.85 ] D: P1 -407
[    48.86 ] D: P1 -406
[    48.86 ] D: P1 -406
[    48.88 ] D: P1 -406
[    48.88 ] D: P1 -405
[    48.89 ] D: P1 -405
[    48.90 ] D: P1 -405
[    48.90 ] D: P1 -405
[    48.91 ] D: P1 -405
[    48.92 ] D: P1 -405
[    48.93 ] D: P1 -403
[    48.95 ] D: P1 -403
[    48.95 ] D: P1 -402
[    48.95 ] D: P1 -402
[    48.97 ] D: P1 -402
[    48.97 ] D: P1 -401
[    48.97 ] D: P1 -401
[    48.98 ] D: P1 -401
[    48.99 ] D: P1 -400
[    49.00 ] D: P1 -400
[    49.01 ] D: P1 -400
[    49.02 ] D: P1 -400
[    49.03 ] D: P1 -400
[    49.20 ] D: sltPositionChanged 264599
[    49.21 ] D: frame_offset 0 0 217
[    49.21 ] D: findOverlayItems 1 0
[    49.21 ] D: frame_offset 0 1 217
[    49.21 ] D: "{75e93866-1552-4934-80bc-813f1eb4c477}" i.value()->sampleClip()->startTime()  6000 328833 328833 6000
[    49.21 ] D: findOverlayItems
[    49.22 ] D: frame_offset 0 2 217
[    49.22 ] D: frame_offset 0 3 217
[    49.22 ] D: frame_offset 0 4 217
[    49.23 ] D: sltPositionChanged 264599
[    49.23 ] D: frame_offset 0 0 217
[    49.24 ] D: frame_offset 0 1 217
[    49.24 ] D: frame_offset 0 2 217
[    49.25 ] D: frame_offset 0 3 217
[    49.25 ] D: frame_offset 0 4 217
[    53.09 ] D: _editController->getParameterCount() 9
[    53.09 ] D: ADDED 0 0 0
[    53.20 ] D: ADDED 1 0 0
[    53.20 ] D: ADDED 2 0 0
[    53.20 ] D: ADDED 3 0 0
[    53.31 ] D: ADDED
[    61.69 ] D: _editController->getParameterCount() 36
[    61.72 ] D: ADDED 0 0 0
[    62.12 ] D: ADDED 1 0 0
[    62.12 ] D: ADDED 2 0 0
[    62.12 ] D: ADDED 3 0 0
[    62.12 ] D: ADDED
[    73.05 ] W: ShaderEffectSource: 'recursive' must be set to true when rendering recursively.
[    75.73 ] D: _pointActive1 false true false
[    77.41 ] D: _pointActive1 false true false
[    81.27 ] D: _requestForLoading false false
[    81.27 ] D: _requestForLoading2
[    81.27 ] D: _numberOfSampleBuffer 1
[    81.27 ] D: START TO load 0
[    81.27 ] D: sltPositionChanged 441000 true
[    81.28 ] D: START TO load 1
[    81.28 ] D: START TO load 2
[    81.28 ] D: START TO load 3
[    81.28 ] D: frame_offset 2 0 217
[    81.28 ] D: frame_offset 2 1 217
[    81.29 ] D: frame_offset 2 2 217
[    81.29 ] D: frame_offset 2 3 217
[    81.29 ] D: frame_offset 2 4 217
[    81.31 ] D: sltFirstBufferFilled ("{75e93866-1552-4934-80bc-813f1eb4c477}") "{75e93866-1552-4934-80bc-813f1eb4c477}" true
[    81.31 ] D: _requestForLoading true false
[    81.77 ] D: AsyncFileReader 2 7
[    83.25 ] D: AsyncFileReader 3 8
[    84.75 ] D: AsyncFileReader 4 9
[    86.23 ] D: AsyncFileReader 0 10
[    87.74 ] D: AsyncFileReader 1 11
[    89.21 ] D: AsyncFileReader 2 12
[    90.69 ] D: AsyncFileReader 3 13
[   100.00 ] D: _pointActive1 false true false
[   187.01 ] D: _pointActive1 false true false
[   192.23 ] D: _pointActive1 false true false
