[     4.50 ] I: Log: Log file open in follow path at 1403/4/14 11:39:01 : C:\Users\AmirPasha\Desktop\Rpos\DAW-3\build2019\debug\Logs\Launch.log
[     4.50 ] I: The subsystem "class DGE::Core::IO::LogSystem::Logger" is registered successfully.
[     4.50 ] I: The subsystem "class DGE::Core::Windows::QtWindow" is registered successfully.
[     4.50 ] D: API version is: 4.60 ,shader version is: 4.60
[     4.50 ] I: The subsystem "class DGE::GFX::GCore::QtWrapper::QtRenderer" is registered successfully.
[     4.50 ] I: Current Render API is: 4.60
[     4.50 ] I: The subsystem "Renderer" is registered successfully.
[     4.50 ] I: The subsystem "class DGE::Core::Platforms::QtPlatform" is registered successfully.
[     4.50 ] I: The subsystem "Platform" is registered successfully.
[     4.50 ] I: The subsystem "class DGE::Core::IO::FileSystem::FileManager" is registered successfully.
[     4.50 ] I: The subsystem "class DGE::Core::CoreModule" is registered successfully.
[     4.50 ] I: The subsystem "class DGE::Core::Profiling::Profiler" is registered successfully.
[     4.50 ] I: The subsystem "class DGE::GFX::DrawablesManager" is registered successfully.
[     4.50 ] I: #version 460 core
#define GLES_Ver 460

[     4.50 ] I: The subsystem "class DGE::GFX::GraphicsManager" is registered successfully.
[     4.50 ] I: The subsystem "class DGE::GFX::GFXModule" is registered successfully.
[     4.58 ] D: Shader Compile successfully.
[     4.58 ] I: The subsystem "class DGE::Scene::ViewportManager" is registered successfully.
[     4.58 ] I: The subsystem "class DGE::Scene::SceneModule" is registered successfully.
[     4.58 ] I: The subsystem "class DGE::Managers::RenderManager" is registered successfully.
[     4.58 ] D: Engine Enabled
[     4.58 ] I: The subsystem "class DGE::Engine" is registered successfully.
[     4.58 ] D: Node with id 1 is added to Qt layer
[     4.58 ] D: Node with id 2460 is added to Qt layer
[     4.58 ] D: Node with id 2462 is added to Qt layer
[     4.58 ] D: Node with id 2464 is added to Qt layer
[     4.58 ] D: Node with id 2466 is added to Qt layer
[     4.58 ] D: Node with id 2468 is added to Qt layer
[     4.58 ] D: Node with id 2470 is added to Qt layer
[     4.59 ] D: Node with id 2472 is added to Qt layer
[     4.59 ] D: Node with id 2474 is added to Qt layer
[     4.59 ] D: Node with id 2476 is added to Qt layer
[     4.59 ] D: Node with id 2478 is added to Qt layer
[     4.59 ] D: Node with id 2480 is added to Qt layer
[     4.59 ] D: Node with id 2482 is added to Qt layer
[     4.59 ] D: Node with id 2484 is added to Qt layer
[     4.59 ] D: Node with id 2486 is added to Qt layer
[     4.59 ] D: Node with id 2487 is added to Qt layer
[     4.59 ] D: Node with id 2489 is added to Qt layer
[     4.59 ] D: Node with id 2491 is added to Qt layer
[     4.59 ] D: Node with id 3 is added to Qt layer
[     4.59 ] D: Node with id 2493 is added to Qt layer
[     4.59 ] S: New view-port registered with id: 1
[     4.59 ] S: New view-port registered with id: 2
[     4.59 ] S: New view-port registered with id: 3
[     4.59 ] S: New view-port registered with id: 4
[     4.59 ] S: New view-port registered with id: 5
[     4.59 ] S: New view-port registered with id: 6
[     4.68 ] D: Creating suitable QNanoBackend for OpenGL 4.6 context
[     4.68 ] D: Using backend: "OpenGL 3"
[     4.71 ] W: Floating point comparison needs context sanity check
[     4.71 ] D: QT onScaleChanged=  144
[     4.90 ] D: Engine Started.
[     5.62 ] W: qrc:/main.qml:434:29: QML Repeater: Detected anchors on an item that is managed by a layout. This is undefined behavior; use Layout.alignment instead.
[     5.62 ] W: qrc:/main.qml:434:29: QML Repeater: Detected anchors on an item that is managed by a layout. This is undefined behavior; use Layout.alignment instead.
[     7.99 ] W: Model size of -60 is less than 0
[    31.05 ] D: "C:/Users/AmirPasha/Desktop/Rpos/DAW-3/daw-3-SampleEditor/visr_config/generic/bs2051-9+10+3-subwoofers-xover.xml"
[    31.06 ] D: numberOfSpeakersAndSubs 24
[    31.14 ] D: "C:/Users/AmirPasha/Desktop/Rpos/DAW-3/daw-3-SampleEditor/visr_config/generic/bs2051-9+10+3-subwoofers-xover.xml"
[    31.15 ] D: numberOfSpeakersAndSubs 24
[    31.19 ] D: "C:/Users/AmirPasha/Desktop/Rpos/DAW-3/daw-3-SampleEditor/visr_config/generic/bs2051-9+10+3-subwoofers-xover.xml"
[    31.20 ] D: numberOfSpeakersAndSubs 24
[    31.24 ] D: "C:/Users/AmirPasha/Desktop/Rpos/DAW-3/daw-3-SampleEditor/visr_config/generic/bs2051-9+10+3-subwoofers-xover.xml"
[    31.25 ] D: numberOfSpeakersAndSubs 24
[    31.29 ] D: "C:/Users/AmirPasha/Desktop/Rpos/DAW-3/daw-3-SampleEditor/visr_config/generic/bs2051-9+10+3-subwoofers-xover.xml"
[    31.30 ] D: numberOfSpeakersAndSubs 24
[    31.37 ] D: "C:/Users/AmirPasha/Desktop/Rpos/DAW-3/daw-3-SampleEditor/visr_config/generic/bs2051-9+10+3-subwoofers-xover.xml"
[    31.39 ] D: numberOfSpeakersAndSubs 24
[    31.42 ] D: "C:/Users/AmirPasha/Desktop/Rpos/DAW-3/daw-3-SampleEditor/visr_config/generic/bs2051-9+10+3-subwoofers-xover.xml"
[    31.44 ] D: numberOfSpeakersAndSubs 24
[    31.47 ] D: "C:/Users/AmirPasha/Desktop/Rpos/DAW-3/daw-3-SampleEditor/visr_config/generic/bs2051-9+10+3-subwoofers-xover.xml"
[    31.48 ] D: numberOfSpeakersAndSubs 24
[    31.52 ] D: "C:/Users/AmirPasha/Desktop/Rpos/DAW-3/daw-3-SampleEditor/visr_config/generic/bs2051-9+10+3-subwoofers-xover.xml"
[    31.54 ] D: numberOfSpeakersAndSubs 24
[    31.62 ] D: "C:/Users/AmirPasha/Desktop/Rpos/DAW-3/daw-3-SampleEditor/visr_config/generic/bs2051-9+10+3-subwoofers-xover.xml"
[    31.63 ] D: numberOfSpeakersAndSubs 24
[    31.67 ] D: "C:/Users/AmirPasha/Desktop/Rpos/DAW-3/daw-3-SampleEditor/visr_config/generic/bs2051-9+10+3-subwoofers-xover.xml"
[    31.68 ] D: numberOfSpeakersAndSubs 24
[    31.72 ] D: "C:/Users/AmirPasha/Desktop/Rpos/DAW-3/daw-3-SampleEditor/visr_config/generic/bs2051-9+10+3-subwoofers-xover.xml"
[    31.73 ] D: numberOfSpeakersAndSubs 24
[    31.76 ] D: "C:/Users/AmirPasha/Desktop/Rpos/DAW-3/daw-3-SampleEditor/visr_config/generic/bs2051-9+10+3-subwoofers-xover.xml"
[    31.77 ] D: numberOfSpeakersAndSubs 24
[    31.85 ] D: "C:/Users/AmirPasha/Desktop/Rpos/DAW-3/daw-3-SampleEditor/visr_config/generic/bs2051-9+10+3-subwoofers-xover.xml"
[    31.87 ] D: numberOfSpeakersAndSubs 24
[    31.91 ] D: "C:/Users/AmirPasha/Desktop/Rpos/DAW-3/daw-3-SampleEditor/visr_config/generic/bs2051-9+10+3-subwoofers-xover.xml"
[    31.92 ] D: numberOfSpeakersAndSubs 24
[    31.95 ] D: "C:/Users/AmirPasha/Desktop/Rpos/DAW-3/daw-3-SampleEditor/visr_config/generic/bs2051-9+10+3-subwoofers-xover.xml"
[    31.97 ] D: numberOfSpeakersAndSubs 24
[    32.01 ] W: qrc:/main.qml:434:29: QML Repeater: Detected anchors on an item that is managed by a layout. This is undefined behavior; use Layout.alignment instead.
[    32.02 ] W: qrc:/main.qml:434:29: QML Repeater: Detected anchors on an item that is managed by a layout. This is undefined behavior; use Layout.alignment instead.
[    32.02 ] D: setTracksRect
[    32.02 ] D: sltStartContentYChanged1
[    32.02 ] D: sltStartContentYChanged2
[    32.02 ] D: sltStartContentYChanged3
[    32.02 ] D: _tracksModel->getItem(i)->rect()1 0 QRect(0,0 1957x111)
[    32.02 ] D: _tracksModel->getItem(i)->rect()1 1 QRect(0,111 1957x111)
[    32.02 ] D: _tracksModel->getItem(i)->rect()1 2 QRect(0,222 1957x111)
[    32.02 ] D: _tracksModel->getItem(i)->rect()1 3 QRect(0,333 1957x111)
[    32.02 ] D: setTracksRect
[    32.02 ] D: setTracksRect
[    32.02 ] D: sltStartContentYChanged4
[    32.04 ] W: Model size of -1 is less than 0
[    33.44 ] D: CHANGED 0 true
[    34.56 ] D: CHANGED 1 true
[    35.82 ] D: P1 -917
[    35.82 ] D: P14
[    35.82 ] D: P1 -918
[    35.82 ] D: P14
[    35.82 ] D: P1 -918
[    35.82 ] D: P14
[    35.84 ] D: P1 -923
[    35.84 ] D: P1 -924
[    35.84 ] D: P1 -925
[    35.84 ] D: P1 -925
[    35.84 ] D: P1 -925
[    35.85 ] D: P1 -926
[    35.85 ] D: P1 -927
[    35.86 ] D: P1 -927
[    35.86 ] D: P1 -927
[    35.87 ] D: P1 -927
[    35.87 ] D: P1 -927
[    36.04 ] D: P1 -927
[    36.04 ] D: P1 -928
[    36.04 ] D: P1 -929
[    36.04 ] D: P1 -929
[    36.04 ] D: P1 -930
[    36.05 ] D: P1 -930
[    36.06 ] D: P1 -932
[    36.06 ] D: P1 -933
[    36.06 ] D: P1 -934
[    36.06 ] D: P1 -935
[    36.07 ] D: P1 -940
[    36.07 ] D: P1 -941
[    36.07 ] D: P1 -943
[    36.08 ] D: P1 -944
[    36.08 ] D: P1 -945
[    36.09 ] D: P1 -949
[    36.09 ] D: P1 -950
[    36.09 ] D: P1 -951
[    36.09 ] D: P1 -952
[    36.10 ] D: P1 -952
[    36.11 ] D: P1 -954
[    36.11 ] D: P1 -954
[    36.11 ] D: P1 -954
[    36.12 ] D: P1 -955
[    36.18 ] D: sltPositionChanged 529200
[    36.18 ] D: frame_offset 0 0 10
[    36.18 ] D: frame_offset 0 1 10
[    36.18 ] D: frame_offset 0 2 10
[    36.19 ] D: frame_offset 0 3 10
[    36.19 ] D: frame_offset 0 4 10
[    36.20 ] D: findOverlayItems 1 0
[    36.20 ] D: "{4832bcc2-60b9-4a5b-a4ba-f4d62a5b5d6f}" i.value()->sampleClip()->startTime()  12000 27483.9 27483.9 12000
[    36.20 ] D: findOverlayItems
[    36.22 ] D: sltPositionChanged 529200
[    36.22 ] D: frame_offset 0 0 10
[    36.22 ] D: frame_offset 0 1 10
[    36.22 ] D: frame_offset 0 2 10
[    36.22 ] D: frame_offset 0 3 10
[    36.22 ] D: frame_offset 0 4 10
[    36.52 ] D: findTrackIndexByPoint 0 QRect(0,0 1957x111) true QPointF(179,57)
[    36.59 ] D: mouseReleaseEvent
[    36.72 ] D: _requestForLoading false false
[    36.72 ] D: _requestForLoading2
[    36.72 ] D: _numberOfSampleBuffer 1
[    36.72 ] D: START TO load 0
[    36.72 ] D: sltPositionChanged 441000 true
[    36.72 ] D: START TO load 1
[    36.72 ] D: START TO load 2
[    36.72 ] D: START TO load 3
[    36.72 ] D: frame_offset 0 0 10
[    36.72 ] D: frame_offset 0 1 10
[    36.73 ] D: frame_offset 0 2 10
[    36.73 ] D: frame_offset 0 3 10
[    36.73 ] D: frame_offset 0 4 10
[    36.75 ] D: sltFirstBufferFilled ("{4832bcc2-60b9-4a5b-a4ba-f4d62a5b5d6f}") "{4832bcc2-60b9-4a5b-a4ba-f4d62a5b5d6f}" true
[    36.75 ] D: _requestForLoading true false
[    40.24 ] D: AsyncFileReader 0 5
[    40.24 ] D: CHANGED 1 false
[    40.78 ] D: CHANGED 0 false
[    41.72 ] D: AsyncFileReader 1 6
[    41.74 ] D: CHANGED 0 true
[    43.19 ] D: CHANGED 0 false
[    43.22 ] D: AsyncFileReader 2 7
[    44.70 ] D: AsyncFileReader 3 8
[    44.98 ] D: CHANGED 10 true
[    45.30 ] D: CHANGED 11 true
[    46.18 ] D: AsyncFileReader 4 9
[    47.68 ] D: AsyncFileReader 0 10
[    48.26 ] D: setTracksRect
[    48.26 ] D: sltStartContentYChanged1
[    48.26 ] D: sltStartContentYChanged2
[    48.26 ] D: sltStartContentYChanged3
[    48.26 ] D: _tracksModel->getItem(i)->rect()1 0 QRect(0,0 3582x111)
[    48.26 ] D: _tracksModel->getItem(i)->rect()1 1 QRect(0,111 3582x111)
[    48.26 ] D: _tracksModel->getItem(i)->rect()1 2 QRect(0,222 3582x111)
[    48.26 ] D: _tracksModel->getItem(i)->rect()1 3 QRect(0,333 3582x111)
[    48.26 ] D: setTracksRect
[    48.26 ] D: setTracksRect
[    48.26 ] D: sltStartContentYChanged4
[    48.27 ] D: setTracksRect
[    48.27 ] D: sltStartContentYChanged1
[    48.27 ] D: sltStartContentYChanged2
[    48.27 ] D: sltStartContentYChanged3
[    48.27 ] D: _tracksModel->getItem(i)->rect()1 0 QRect(0,0 3897x111)
[    48.27 ] D: _tracksModel->getItem(i)->rect()1 1 QRect(0,111 3897x111)
[    48.27 ] D: _tracksModel->getItem(i)->rect()1 2 QRect(0,222 3897x111)
[    48.27 ] D: _tracksModel->getItem(i)->rect()1 3 QRect(0,333 3897x111)
[    48.27 ] D: setTracksRect
[    48.27 ] D: setTracksRect
[    48.27 ] D: sltStartContentYChanged4
[    48.27 ] D: setTracksRect
[    48.27 ] D: sltStartContentYChanged1
[    48.27 ] D: sltStartContentYChanged2
[    48.27 ] D: sltStartContentYChanged3
[    48.27 ] D: _tracksModel->getItem(i)->rect()1 0 QRect(0,0 3897x111)
[    48.27 ] D: _tracksModel->getItem(i)->rect()1 1 QRect(0,111 3897x111)
[    48.27 ] D: _tracksModel->getItem(i)->rect()1 2 QRect(0,222 3897x111)
[    48.27 ] D: _tracksModel->getItem(i)->rect()1 3 QRect(0,333 3897x111)
[    48.27 ] D: setTracksRect
[    48.27 ] D: setTracksRect
[    48.27 ] D: sltStartContentYChanged4
[    49.16 ] D: AsyncFileReader 1 11
[    49.54 ] D: CHANGED 10 false
[    49.83 ] D: CHANGED 11 false
[    50.64 ] D: AsyncFileReader 2 11
[    50.74 ] D: CHANGED 15 true
[    51.06 ] D: CHANGED 16 true
[    52.14 ] D: AsyncFileReader 3 11
[    53.62 ] D: AsyncFileReader 4 11
[    54.73 ] D: _requestForLoading false false
[    54.73 ] D: _requestForLoading2
[    54.73 ] D: _