[     3.59 ] I: Log: Log file open in follow path at 1403/4/10 23:25:59 : C:\Users\AmirPasha\Desktop\Rpos\DAW-3\build2019\debug\Logs\Launch.log
[     3.59 ] I: The subsystem "class DGE::Core::IO::LogSystem::Logger" is registered successfully.
[     3.59 ] I: The subsystem "class DGE::Core::Windows::QtWindow" is registered successfully.
[     3.59 ] D: API version is: 4.60 ,shader version is: 4.60
[     3.59 ] I: The subsystem "class DGE::GFX::GCore::QtWrapper::QtRenderer" is registered successfully.
[     3.59 ] I: Current Render API is: 4.60
[     3.59 ] I: The subsystem "Renderer" is registered successfully.
[     3.59 ] I: The subsystem "class DGE::Core::Platforms::QtPlatform" is registered successfully.
[     3.59 ] I: The subsystem "Platform" is registered successfully.
[     3.59 ] I: The subsystem "class DGE::Core::IO::FileSystem::FileManager" is registered successfully.
[     3.59 ] I: The subsystem "class DGE::Core::CoreModule" is registered successfully.
[     3.59 ] I: The subsystem "class DGE::Core::Profiling::Profiler" is registered successfully.
[     3.59 ] I: The subsystem "class DGE::GFX::DrawablesManager" is registered successfully.
[     3.59 ] I: #version 460 core
#define GLES_Ver 460

[     3.59 ] I: The subsystem "class DGE::GFX::GraphicsManager" is registered successfully.
[     3.59 ] I: The subsystem "class DGE::GFX::GFXModule" is registered successfully.
[     3.67 ] D: Shader Compile successfully.
[     3.67 ] I: The subsystem "class DGE::Scene::ViewportManager" is registered successfully.
[     3.67 ] I: The subsystem "class DGE::Scene::SceneModule" is registered successfully.
[     3.67 ] I: The subsystem "class DGE::Managers::RenderManager" is registered successfully.
[     3.67 ] D: Engine Enabled
[     3.67 ] I: The subsystem "class DGE::Engine" is registered successfully.
[     3.67 ] D: Node with id 1 is added to Qt layer
[     3.67 ] D: Node with id 2460 is added to Qt layer
[     3.67 ] D: Node with id 2462 is added to Qt layer
[     3.67 ] D: Node with id 2464 is added to Qt layer
[     3.67 ] D: Node with id 2466 is added to Qt layer
[     3.67 ] D: Node with id 2468 is added to Qt layer
[     3.68 ] D: Node with id 2470 is added to Qt layer
[     3.68 ] D: Node with id 2472 is added to Qt layer
[     3.68 ] D: Node with id 2474 is added to Qt layer
[     3.68 ] D: Node with id 2476 is added to Qt layer
[     3.68 ] D: Node with id 2478 is added to Qt layer
[     3.68 ] D: Node with id 2480 is added to Qt layer
[     3.68 ] D: Node with id 2482 is added to Qt layer
[     3.68 ] D: Node with id 2484 is added to Qt layer
[     3.68 ] D: Node with id 2486 is added to Qt layer
[     3.68 ] D: Node with id 2487 is added to Qt layer
[     3.68 ] D: Node with id 2489 is added to Qt layer
[     3.68 ] D: Node with id 2491 is added to Qt layer
[     3.68 ] D: Node with id 3 is added to Qt layer
[     3.68 ] D: Node with id 2493 is added to Qt layer
[     3.68 ] S: New view-port registered with id: 1
[     3.68 ] S: New view-port registered with id: 2
[     3.68 ] S: New view-port registered with id: 3
[     3.68 ] S: New view-port registered with id: 4
[     3.68 ] S: New view-port registered with id: 5
[     3.68 ] S: New view-port registered with id: 6
[     3.74 ] D: Creating suitable QNanoBackend for OpenGL 4.6 context
[     3.74 ] D: Using backend: "OpenGL 3"
[     3.77 ] W: Floating point comparison needs context sanity check
[     3.77 ] D: QT onScaleChanged=  144
[     3.94 ] D: Engine Started.
[     5.81 ] D: P1 -385
[     5.81 ] D: P14
[     5.81 ] D: P1 -444
[     5.82 ] D: P1 -448
[     5.83 ] D: P1 -464
[     5.83 ] D: P1 -467
[     5.83 ] D: P1 -468
[     5.84 ] D: P1 -469
[     5.84 ] D: P1 -476
[     5.84 ] D: P1 -477
[     5.84 ] D: P1 -478
[     5.86 ] D: P1 -478
[     5.86 ] D: P1 -480
[     5.90 ] D: P1 -480
[     5.90 ] D: P1 -480
[     5.91 ] D: P1 -480
[     5.91 ] D: P1 -480
[     5.91 ] D: P1 -480
[     5.91 ] D: P1 -480
[     5.91 ] D: P1 -479
[     5.93 ] D: P1 -476
[     5.93 ] D: P1 -476
[     5.93 ] D: P1 -475
[     5.93 ] D: P1 -474
[     5.94 ] D: P1 -474
[     5.95 ] D: P1 -468
[     5.95 ] D: P1 -467
[     5.95 ] D: P1 -466
[     5.95 ] D: P1 -465
[     5.96 ] D: P1 -459
[     5.96 ] D: P1 -459
[     5.96 ] D: P1 -457
[     5.97 ] D: P1 -456
[     5.98 ] D: P1 -456
[     5.98 ] D: P1 -453
[     5.98 ] D: P1 -452
[     5.98 ] D: P1 -452
[     5.99 ] D: P1 -451
[     5.99 ] D: P1 -450
[     6.00 ] D: P1 -450
[     6.00 ] D: P1 -449
[     6.01 ] D: P1 -449
[     6.01 ] D: P1 -449
[     6.01 ] D: P1 -449
[     6.01 ] D: P1 -449
[     6.02 ] D: P1 -448
[     6.03 ] D: P1 -448
[     6.03 ] D: P1 -448
[     6.03 ] D: P1 -448
[     6.03 ] D: P1 -448
[     6.04 ] D: P1 -448
[     6.05 ] D: P1 -450
[     6.05 ] D: P1 -450
[     6.05 ] D: P1 -450
[     6.05 ] D: P1 -451
[     6.06 ] D: P1 -453
[     6.06 ] D: P1 -454
[     6.06 ] D: P1 -454
[     6.07 ] D: P1 -454
[     6.08 ] D: P1 -456
[     6.08 ] D: P1 -456
[     6.08 ] D: P1 -457
[     6.09 ] D: P1 -457
[     6.27 ] D: sltPositionChanged 441000
[     6.27 ] D: frame_offset 0 0 10
[     6.28 ] D: frame_offset 0 1 10
[     6.28 ] D: frame_offset 0 2 10
[     6.28 ] D: frame_offset 0 3 10
[     6.28 ] D: frame_offset 0 4 10
[     6.28 ] D: findOverlayItems 1 0
[     6.28 ] D: "{ffbade68-cd53-4584-9ed1-691426b2d130}" i.value()->sampleClip()->startTime()  10000 24998.8 24998.8 10000
[     6.28 ] D: findOverlayItems
[     6.28 ] D: sltPositionChanged 441000
[     6.28 ] D: frame_offset 0 0 10
[     6.29 ] D: frame_offset 0 1 10
[     6.29 ] D: frame_offset 0 2 10
[     6.29 ] D: frame_offset 0 3 10
[     6.29 ] D: frame_offset 0 4 10
[     7.06 ] D: findTrackIndexByPoint 0 QRect(0,0 1957x111) true QPointF(174,78)
[     7.14 ] D: mouseReleaseEvent
[     9.36 ] D: findTrackIndexByPoint 0 QRect(0,0 1957x111) true QPointF(130,58)
[     9.44 ] D: mouseReleaseEvent
[    13.01 ] D: findTrackIndexByPoint 0 QRect(0,0 1957x111) true QPointF(126,65)
[    13.08 ] D: mouseReleaseEvent
[    13.40 ] D: _requestForLoading false false
[    13.40 ] D: _requestForLoading2
[    13.40 ] D: _numberOfSampleBuffer 1
[    13.40 ] D: START TO load 0
[    13.40 ] D: sltPositionChanged 308700 true
[    13.40 ] D: frame_offset 0 0 10
[    13.41 ] D: frame_offset 0 1 10
[    13.41 ] D: frame_offset 0 2 10
[    13.41 ] D: frame_offset 0 3 10
[    13.41 ] D: frame_offset 0 4 10
[    13.42 ] D: sltFirstBufferFilled ("{ffbade68-cd53-4584-9ed1-691426b2d130}") "{ffbade68-cd53-4584-9ed1-691426b2d130}" true
[    13.42 ] D: _requestForLoading true false
[    17.91 ] D: AsyncFileReader 0 5
[    19.41 ] D: AsyncFileReader 1 6
[    20.89 ] D: AsyncFileReader 2 7
[    21.76 ] D: _requestForLoading false false
[    21.76 ] D: _requestForLoading2
[    21.76 ] D: _numberOfSampleBuffer 1
[    21.76 ] D: START TO load 0
[    21.76 ] D: sltPositionChanged 308700 true
[    21.76 ] D: frame_offset 0 0 10
[    21.76 ] D: frame_offset 0 1 10
[    21.76 ] D: frame_offset 0 2 10
[    21.76 ] D: frame_offset 0 3 10
[    21.76 ] D: frame_offset 0 4 10
[    21.77 ] D: sltFirstBufferFilled ("{ffbade68-cd53-4584-9ed1-691426b2d130}") "{ffbade68-cd53-4584-9ed1-691426b2d130}" true
[    21.77 ] D: _requestForLoading true false
[    25.18 ] D: findTrackIndexByPoint 0 QRect(0,0 1957x111) true QPointF(120,75)
[    25.26 ] D: mouseReleaseEvent
[    25.55 ] D: findTrackIndexByPoint 0 QRect(0,0 1957x111) true QPointF(49,85)
[    25.64 ] D: mouseReleaseEvent
[    26.09 ] D: _requestForLoading false false
[    26.09 ] D: _requestForLoading2
[    26.09 ] D: _numberOfSampleBuffer 1
[    26.09 ] D: START TO load 0
[    26.09 ] D: sltPositionChanged 132300 true
[    26.09 ] D: frame_offset 0 0 10
[    26.09 ] D: frame_offset 0 1 10
[    26.10 ] D: frame_offset 0 2 10
[    26.10 ] D: frame_offset 0 3 10
[    26.10 ] D: frame_offset 0 4 10
[    26.10 ] D: sltFirstBufferFilled ("{ffbade68-cd53-4584-9ed1-691426b2d130}") "{ffbade68-cd53-4584-9ed1-691426b2d130}" true
[    26.10 ] D: _requestForLoading true false
[    31.95 ] D: findTrackIndexByPoint 0 QRect(0,0 1957x111) true QPointF(147,59)
[    31.95 ] D: _automationChanging false
[    31.95 ] D: findTrackIndexByPoint 0 QRect(0,0 1957x111) true QPointF(149,59)
[    31.95 ] D: mouseMove2
[    31.97 ] D: _automationChanging false
[    31.97 ] D: findTrackIndexByPoint 0 QRect(0,0 1957x111) true QPointF(150,59)
[    31.97 ] D: mouseMove2
[    32.03 ] D: mouseReleaseEvent
