[     4.39 ] I: Log: Log file open in follow path at 1403/4/14 10:19:44 : C:\Users\AmirPasha\Desktop\Rpos\DAW-3\build2019\debug\Logs\Launch.log
[     4.39 ] I: The subsystem "class DGE::Core::IO::LogSystem::Logger" is registered successfully.
[     4.39 ] I: The subsystem "class DGE::Core::Windows::QtWindow" is registered successfully.
[     4.39 ] D: API version is: 4.60 ,shader version is: 4.60
[     4.39 ] I: The subsystem "class DGE::GFX::GCore::QtWrapper::QtRenderer" is registered successfully.
[     4.39 ] I: Current Render API is: 4.60
[     4.39 ] I: The subsystem "Renderer" is registered successfully.
[     4.39 ] I: The subsystem "class DGE::Core::Platforms::QtPlatform" is registered successfully.
[     4.39 ] I: The subsystem "Platform" is registered successfully.
[     4.39 ] I: The subsystem "class DGE::Core::IO::FileSystem::FileManager" is registered successfully.
[     4.39 ] I: The subsystem "class DGE::Core::CoreModule" is registered successfully.
[     4.39 ] I: The subsystem "class DGE::Core::Profiling::Profiler" is registered successfully.
[     4.39 ] I: The subsystem "class DGE::GFX::DrawablesManager" is registered successfully.
[     4.39 ] I: #version 460 core
#define GLES_Ver 460

[     4.39 ] I: The subsystem "class DGE::GFX::GraphicsManager" is registered successfully.
[     4.39 ] I: The subsystem "class DGE::GFX::GFXModule" is registered successfully.
[     4.46 ] D: Shader Compile successfully.
[     4.46 ] I: The subsystem "class DGE::Scene::ViewportManager" is registered successfully.
[     4.46 ] I: The subsystem "class DGE::Scene::SceneModule" is registered successfully.
[     4.46 ] I: The subsystem "class DGE::Managers::RenderManager" is registered successfully.
[     4.46 ] D: Engine Enabled
[     4.46 ] I: The subsystem "class DGE::Engine" is registered successfully.
[     4.46 ] D: Node with id 1 is added to Qt layer
[     4.46 ] D: Node with id 2460 is added to Qt layer
[     4.46 ] D: Node with id 2462 is added to Qt layer
[     4.46 ] D: Node with id 2464 is added to Qt layer
[     4.46 ] D: Node with id 2466 is added to Qt layer
[     4.46 ] D: Node with id 2468 is added to Qt layer
[     4.47 ] D: Node with id 2470 is added to Qt layer
[     4.47 ] D: Node with id 2472 is added to Qt layer
[     4.47 ] D: Node with id 2474 is added to Qt layer
[     4.47 ] D: Node with id 2476 is added to Qt layer
[     4.47 ] D: Node with id 2478 is added to Qt layer
[     4.47 ] D: Node with id 2480 is added to Qt layer
[     4.47 ] D: Node with id 2482 is added to Qt layer
[     4.47 ] D: Node with id 2484 is added to Qt layer
[     4.47 ] D: Node with id 2486 is added to Qt layer
[     4.47 ] D: Node with id 2487 is added to Qt layer
[     4.47 ] D: Node with id 2489 is added to Qt layer
[     4.47 ] D: Node with id 2491 is added to Qt layer
[     4.47 ] D: Node with id 3 is added to Qt layer
[     4.47 ] D: Node with id 2493 is added to Qt layer
[     4.47 ] S: New view-port registered with id: 1
[     4.47 ] S: New view-port registered with id: 2
[     4.47 ] S: New view-port registered with id: 3
[     4.47 ] S: New view-port registered with id: 4
[     4.47 ] S: New view-port registered with id: 5
[     4.47 ] S: New view-port registered with id: 6
[     4.56 ] D: Creating suitable QNanoBackend for OpenGL 4.6 context
[     4.56 ] D: Using backend: "OpenGL 3"
[     4.59 ] W: Floating point comparison needs context sanity check
[     4.59 ] D: QT onScaleChanged=  144
[     4.79 ] D: Engine Started.
[    10.99 ] W: Model size of -60 is less than 0
[    29.65 ] D: "C:/Users/AmirPasha/Desktop/Rpos/DAW-3/daw-3-SampleEditor/visr_config/generic/bs2051-9+10+3-subwoofers-xover.xml"
[    29.66 ] D: numberOfSpeakersAndSubs 24
[    29.73 ] D: "C:/Users/AmirPasha/Desktop/Rpos/DAW-3/daw-3-SampleEditor/visr_config/generic/bs2051-9+10+3-subwoofers-xover.xml"
[    29.75 ] D: numberOfSpeakersAndSubs 24
[    29.77 ] D: "C:/Users/AmirPasha/Desktop/Rpos/DAW-3/daw-3-SampleEditor/visr_config/generic/bs2051-9+10+3-subwoofers-xover.xml"
[    29.78 ] D: numberOfSpeakersAndSubs 24
[    29.81 ] D: "C:/Users/AmirPasha/Desktop/Rpos/DAW-3/daw-3-SampleEditor/visr_config/generic/bs2051-9+10+3-subwoofers-xover.xml"
[    29.82 ] D: numberOfSpeakersAndSubs 24
[    29.84 ] D: "C:/Users/AmirPasha/Desktop/Rpos/DAW-3/daw-3-SampleEditor/visr_config/generic/bs2051-9+10+3-subwoofers-xover.xml"
[    29.86 ] D: numberOfSpeakersAndSubs 24
[    29.93 ] D: "C:/Users/AmirPasha/Desktop/Rpos/DAW-3/daw-3-SampleEditor/visr_config/generic/bs2051-9+10+3-subwoofers-xover.xml"
[    29.94 ] D: numberOfSpeakersAndSubs 24
[    29.97 ] D: "C:/Users/AmirPasha/Desktop/Rpos/DAW-3/daw-3-SampleEditor/visr_config/generic/bs2051-9+10+3-subwoofers-xover.xml"
[    29.98 ] D: numberOfSpeakersAndSubs 24
[    30.00 ] D: "C:/Users/AmirPasha/Desktop/Rpos/DAW-3/daw-3-SampleEditor/visr_config/generic/bs2051-9+10+3-subwoofers-xover.xml"
[    30.02 ] D: numberOfSpeakersAndSubs 24
[    30.04 ] D: "C:/Users/AmirPasha/Desktop/Rpos/DAW-3/daw-3-SampleEditor/visr_config/generic/bs2051-9+10+3-subwoofers-xover.xml"
[    30.05 ] D: numberOfSpeakersAndSubs 24
[    30.13 ] D: "C:/Users/AmirPasha/Desktop/Rpos/DAW-3/daw-3-SampleEditor/visr_config/generic/bs2051-9+10+3-subwoofers-xover.xml"
[    30.15 ] D: numberOfSpeakersAndSubs 24
[    30.17 ] D: "C:/Users/AmirPasha/Desktop/Rpos/DAW-3/daw-3-SampleEditor/visr_config/generic/bs2051-9+10+3-subwoofers-xover.xml"
[    30.18 ] D: numberOfSpeakersAndSubs 24
[    30.21 ] D: "C:/Users/AmirPasha/Desktop/Rpos/DAW-3/daw-3-SampleEditor/visr_config/generic/bs2051-9+10+3-subwoofers-xover.xml"
[    30.22 ] D: numberOfSpeakersAndSubs 24
[    30.24 ] D: "C:/Users/AmirPasha/Desktop/Rpos/DAW-3/daw-3-SampleEditor/visr_config/generic/bs2051-9+10+3-subwoofers-xover.xml"
[    30.26 ] D: numberOfSpeakersAndSubs 24
[    30.33 ] D: "C:/Users/AmirPasha/Desktop/Rpos/DAW-3/daw-3-SampleEditor/visr_config/generic/bs2051-9+10+3-subwoofers-xover.xml"
[    30.34 ] D: numberOfSpeakersAndSubs 24
[    30.37 ] D: "C:/Users/AmirPasha/Desktop/Rpos/DAW-3/daw-3-SampleEditor/visr_config/generic/bs2051-9+10+3-subwoofers-xover.xml"
[    30.38 ] D: numberOfSpeakersAndSubs 24
[    30.40 ] D: "C:/Users/AmirPasha/Desktop/Rpos/DAW-3/daw-3-SampleEditor/visr_config/generic/bs2051-9+10+3-subwoofers-xover.xml"
[    30.42 ] D: numberOfSpeakersAndSubs 24
[    30.46 ] W: Model size of -1 is less than 0
[    30.55 ] D: setTracksRect
[    30.55 ] D: sltStartContentYChanged1
[    30.55 ] D: sltStartContentYChanged2
[    30.55 ] D: sltStartContentYChanged3
[    30.55 ] D: _tracksModel->getItem(i)->rect()1 0 QRect(0,0 1957x111)
[    30.55 ] D: _tracksModel->getItem(i)->rect()1 1 QRect(0,111 1957x111)
[    30.55 ] D: _tracksModel->getItem(i)->rect()1 2 QRect(0,222 1957x111)
[    30.55 ] D: _tracksModel->getItem(i)->rect()1 3 QRect(0,333 1957x111)
[    30.55 ] D: setTracksRect
[    30.56 ] D: setTracksRect
[    30.56 ] D: sltStartContentYChanged4
[    34.22 ] D: P1 -942
[    34.22 ] D: P1 -948
[    34.22 ] D: P1 -949
[    34.22 ] D: P1 -950
[    34.23 ] D: P1 -950
[    34.23 ] D: P1 -952
[    34.23 ] D: P1 -953
[    34.24 ] D: P1 -953
[    34.24 ] D: P1 -956
[    34.25 ] D: P1 -957
[    34.26 ] D: P1 -959
[    34.26 ] D: P1 -960
[    34.26 ] D: P1 -960
[    34.28 ] D: P1 -963
[    34.28 ] D: P1 -964
[    34.28 ] D: P1 -965
[    34.28 ] D: P1 -965
[    34.29 ] D: P1 -966
[    34.29 ] D: P1 -968
[    34.30 ] D: P1 -968
[    34.31 ] D: P1 -971
[    34.31 ] D: P1 -972
[    34.31 ] D: P1 -973
[    34.32 ] D: P1 -973
[    34.33 ] D: P1 -974
[    34.33 ] D: P1 -974
[    34.33 ] D: P1 -975
[    34.34 ] D: P1 -975
[    34.34 ] D: P1 -976
[    34.35 ] D: P1 -977
[    34.35 ] D: P1 -977
[    34.36 ] D: P1 -978
[    34.36 ] D: P1 -978
[    34.36 ] D: P1 -978
[    34.36 ] D: P1 -978
[    34.37 ] D: P1 -979
[    34.38 ] D: P1 -979
[    34.38 ] D: P1 -979
[    34.38 ] D: P1 -979
[    34.38 ] D: P1 -980
[    34.39 ] D: P1 -980
[    34.39 ] D: P1 -980
[    34.40 ] D: P1 -980
[    34.41 ] D: P1 -980
[    34.68 ] D: sltPositionChanged 529200
[    34.68 ] D: frame_offset 0 0 10
[    34.69 ] D: frame_offset 0 1 10
[    34.69 ] D: findOverlayItems 1 0
[    34.69 ] D: "{d88e0c03-1240-48eb-8d0c-3d6de0866216}" i.value()->sampleClip()->startTime()  12000 27483.9 27483.9 12000
[    34.69 ] D: findOverlayItems
[    34.69 ] D: frame_offset 0 2 10
[    34.69 ] D: frame_offset 0 3 10
