[    12.42 ] I: Log: Log file open in follow path at 1403/6/27 19:42:22 : C:\Users\AmirPasha\Desktop\Rpos\DAW-3\build2019\debug\Logs\Launch.log
[    12.42 ] I: The subsystem "class DGE::Core::IO::LogSystem::Logger" is registered successfully.
[    12.42 ] I: The subsystem "class DGE::Core::Windows::QtWindow" is registered successfully.
[    12.42 ] D: API version is: 4.60 ,shader version is: 4.60
[    12.42 ] I: The subsystem "class DGE::GFX::GCore::QtWrapper::QtRenderer" is registered successfully.
[    12.42 ] I: Current Render API is: 4.60
[    12.42 ] I: The subsystem "Renderer" is registered successfully.
[    12.42 ] I: The subsystem "class DGE::Core::Platforms::QtPlatform" is registered successfully.
[    12.42 ] I: The subsystem "Platform" is registered successfully.
[    12.42 ] I: The subsystem "class DGE::Core::IO::FileSystem::FileManager" is registered successfully.
[    12.42 ] I: The subsystem "class DGE::Core::CoreModule" is registered successfully.
[    12.42 ] I: The subsystem "class DGE::Core::Profiling::Profiler" is registered successfully.
[    12.42 ] I: The subsystem "class DGE::GFX::DrawablesManager" is registered successfully.
[    12.42 ] I: #version 460 core
#define GLES_Ver 460

[    12.42 ] I: The subsystem "class DGE::GFX::GraphicsManager" is registered successfully.
[    12.42 ] I: The subsystem "class DGE::GFX::GFXModule" is registered successfully.
[    12.83 ] D: Shader Compile successfully.
[    12.84 ] I: The subsystem "class DGE::Scene::ViewportManager" is registered successfully.
[    12.84 ] I: The subsystem "class DGE::Scene::SceneModule" is registered successfully.
[    12.84 ] I: The subsystem "class DGE::Managers::RenderManager" is registered successfully.
[    12.84 ] D: Engine Enabled
[    12.84 ] I: The subsystem "class DGE::Engine" is registered successfully.
[    12.84 ] D: Node with id 1 is added to Qt layer
[    12.85 ] D: Node with id 2460 is added to Qt layer
[    12.85 ] D: Node with id 2462 is added to Qt layer
[    12.85 ] D: Node with id 2464 is added to Qt layer
[    12.85 ] D: Node with id 2466 is added to Qt layer
[    12.85 ] D: Node with id 2468 is added to Qt layer
[    12.85 ] D: Node with id 2470 is added to Qt layer
[    12.86 ] D: Node with id 2472 is added to Qt layer
[    12.86 ] D: Node with id 2474 is added to Qt layer
[    12.86 ] D: Node with id 2476 is added to Qt layer
[    12.86 ] D: Node with id 2478 is added to Qt layer
[    12.86 ] D: Node with id 2480 is added to Qt layer
[    12.87 ] D: Node with id 2482 is added to Qt layer
[    12.87 ] D: Node with id 2484 is added to Qt layer
[    12.87 ] D: Node with id 2486 is added to Qt layer
[    12.87 ] D: Node with id 2487 is added to Qt layer
[    12.88 ] D: Node with id 2489 is added to Qt layer
[    12.89 ] D: Node with id 2491 is added to Qt layer
[    12.91 ] D: Node with id 3 is added to Qt layer
[    12.92 ] D: Node with id 2493 is added to Qt layer
[    12.93 ] S: New view-port registered with id: 1
[    12.94 ] S: New view-port registered with id: 2
[    12.94 ] S: New view-port registered with id: 3
[    12.95 ] S: New view-port registered with id: 4
[    12.95 ] S: New view-port registered with id: 5
[    12.95 ] S: New view-port registered with id: 6
[    13.93 ] D: Creating suitable QNanoBackend for OpenGL 4.6 context
[    13.93 ] D: Using backend: "OpenGL 3"
[    14.13 ] W: Floating point comparison needs context sanity check
[    14.13 ] D: QT onScaleChanged=  144
[    14.22 ] W: ShaderEffectSource: 'recursive' must be set to true when rendering recursively.
[    14.24 ] W: ShaderEffectSource: 'recursive' must be set to true when rendering recursively.
[    14.34 ] W: ShaderEffectSource: 'recursive' must be set to true when rendering recursively.
[    14.35 ] W: ShaderEffectSource: 'recursive' must be set to true when rendering recursively.
[    14.64 ] D: Engine Started.
[   100.60 ] D: P1 -336
[   100.60 ] D: P14
[   100.61 ] D: P1 -362
[   100.61 ] D: P14
[   100.61 ] D: P1 -368
[   100.61 ] D: P14
[   100.61 ] D: P1 -371
[   100.62 ] D: P1 -372
[   100.62 ] D: P1 -375
[   100.63 ] D: P1 -377
[   100.64 ] D: P1 -383
[   100.64 ] D: P1 -384
[   100.65 ] D: P1 -385
[   100.65 ] D: P1 -386
[   100.65 ] D: P1 -386
[   100.67 ] D: P1 -387
[   100.67 ] D: P1 -388
[   100.67 ] D: P1 -388
[   100.83 ] D: P1 -389
[   100.87 ] D: P1 -389
[   100.87 ] D: P1 -389
[   100.87 ] D: P1 -390
[   100.89 ] D: P1 -391
[   100.90 ] D: P1 -392
[   100.91 ] D: P1 -393
[   100.91 ] D: P1 -393
[   100.92 ] D: P1 -393
[   100.93 ] D: P1 -395
[   100.94 ] D: P1 -396
[   100.95 ] D: P1 -397
[   100.96 ] D: P1 -399
[   100.96 ] D: P1 -399
[   100.97 ] D: P1 -400
[   100.98 ] D: P1 -401
[   100.98 ] D: P1 -403
[   100.99 ] D: P1 -403
[   101.00 ] D: P1 -404
[   101.00 ] D: P1 -404
[   101.01 ] D: P1 -406
[   101.01 ] D: P1 -406
[   101.02 ] D: P1 -406
[   101.02 ] D: P1 -406
[   101.03 ] D: P1 -407
[   101.05 ] D: P1 -408
[   101.05 ] D: P1 -408
[   101.05 ] D: P1 -408
[   101.06 ] D: P1 -408
[   101.10 ] D: P1 -408
[   101.12 ] D: P1 -408
[   101.16 ] D: P1 -408
[   101.29 ] D: sltPositionChanged 352800
[   101.30 ] D: frame_offset 0 0 217
[   101.30 ] D: frame_offset 0 1 217
[   101.31 ] D: findOverlayItems 1 0
[   101.31 ] D: "{df388589-02e7-4cec-abd0-946183c46489}" i.value()->sampleClip()->startTime()  8000 330833 330833 8000
[   101.31 ] D: findOverlayItems
[   101.31 ] D: frame_offset 0 2 217
[   101.31 ] D: frame_offset 0 3 217
[   101.31 ] D: frame_offset 0 4 217
[   101.32 ] D: sltPositionChanged 352800
[   101.33 ] D: frame_offset 0 0 217
[   101.33 ] D: frame_offset 0 1 217
[   101.34 ] D: frame_offset 0 2 217
[   101.34 ] D: frame_offset 0 3 217
[   101.35 ] D: frame_offset 0 4 217
[   104.08 ] D: _requestForLoading false false
[   104.08 ] D: _requestForLoading2
[   104.08 ] D: _numberOfSampleBuffer 1
[   104.08 ] D: START TO load 0
[   104.08 ] D: sltPositionChanged 617400 true
[   104.08 ] D: START TO load 1
[   104.08 ] D: START TO load 2
[   104.08 ] D: START TO load 3
[   104.08 ] D: frame_offset 4 0 217
[   104.09 ] D: frame_offset 4 1 217
[   104.09 ] D: frame_offset 4 2 217
[   104.09 ] D: frame_offset 4 3 217
[   104.10 ] D: frame_offset 4 4 217
[   104.11 ] D: sltFirstBufferFilled ("{df388589-02e7-4cec-abd0-946183c46489}") "{df388589-02e7-4cec-abd0-946183c46489}" true
[   104.11 ] D: _requestForLoading true false
[   109.34 ] D: _editController->getParameterCount() 7
[   109.56 ] D: trackIndex 0 0
[   118.54 ] W: ShaderEffectSource: 'recursive' must be set to true when rendering recursively.
[   124.23 ] D: _pointActive1 false true false
[   125.83 ] D: _pointActive1 false true false
[   136.18 ] D: ADDED 0 "feedback" 3
[   136.18 ] D: _tracksModel->getItem(i)->rect( QRect(0,0 1707x111)
[   136.18 ] D: _tracksModel->getItem(i)->rect( QRect(0,195 1707x111)
[   136.18 ] D: _tracksModel->getItem(i)->rect( QRect(0,306 1707x111)
[   136.18 ] D: _tracksModel->getItem(i)->rect( QRect(0,417 1707x111)
[   136.22 ] W: ShaderEffectSource: 'recursive' must be set to true when rendering recursively.
[   136.22 ] W: ShaderEffectSource: 'recursive' must be set to true when rendering recursively.
[   141.13 ] W: ShaderEffectSource: 'recursive' must be set to true when rendering recursively.
[   156.91 ] D: _pointActive1 false true false
[   159.36 ] D: _pointActive1 false true false
[   162.06 ] D: _requestForLoading false false
[   162.06 ] D: _requestForLoading2
[   162.06 ] D: _numberOfSampleBuffer 1
[   162.06 ] D: START TO load 0
[   162.06 ] D: sltPositionChanged 352800 true
[   162.07 ] D: START TO load 1
[   162.07 ] D: START TO load 2
[   162.07 ] D: START TO load 3
[   162.07 ] D: frame_offset 0 0 217
[   162.07 ] D: frame_offset 0 1 217
[   162.07 ] D: frame_offset 0 2 217
[   162.08 ] D: frame_offset 0 3 217
[   162.08 ] D: frame_offset 0 4 217
[   162.09 ] D: sltFirstBufferFilled ("{df388589-02e7-4cec-abd0-946183c46489}") "{df388589-02e7-4cec-abd0-946183c46489}" true
[   162.09 ] D: _requestForLoading true false
[   163.57 ] D: AsyncFileReader 0 5
[   165.05 ] D: AsyncFileReader 1 6
[   166.53 ] D: AsyncFileReader 2 7
[   168.02 ] D: AsyncFileReader 3 8
[   169.50 ] D: AsyncFileReader 4 9
[   170.99 ] D: AsyncFileReader 0 10
[   172.48 ] D: AsyncFileReader 1 11
[   173.96 ] D: AsyncFileReader 2 12
[   175.44 ] D: AsyncFileReader 3 13
[   247.90 ] D: _requestForLoading false false
[   247.90 ] D: _requestForLoading2
[   247.90 ] D: _numberOfSampleBuffer 1
[   247.90 ] D: START TO load 0
[   247.90 ] D: sltPositionChanged 352800 true
[   247.91 ] D: START TO load 1
[   247.91 ] D: START TO load 2
[   247.91 ] D: START TO load 3
[   247.91 ] D: frame_offset 0 0 217
[   247.91 ] D: frame_offset 0 1 217
[   247.91 ] D: frame_offset 0 2 217
[   247.92 ] D: frame_offset 0 3 217
[   247.92 ] D: frame_offset 0 4 217
[   247.94 ] D: sltFirstBufferFilled ("{df388589-02e7-4cec-abd0-946183c46489}") "{df388589-02e7-4cec-abd0-946183c46489}" true
[   247.94 ] D: _requestForLoading true false
[   249.42 ] D: AsyncFileReader 0 5
[   250.90 ] D: trackIndex 0 0
[   250.90 ] D: AsyncFileReader 1 6
[   252.38 ] D: AsyncFileReader 2 7
[   253.88 ] D: AsyncFileReader 3 8
[   255.36 ] D: AsyncFileReader 4 9
[   256.84 ] D: AsyncFileReader 0 10
[   258.34 ] D: AsyncFileReader 1 11
[   259.82 ] D: AsyncFileReader 2 12
[   261.30 ] D: AsyncFileReader 3 13
[   262.80 ] D: AsyncFileReader 4 14
[   264.28 ] D: AsyncFileReader 0 15
[   265.76 ] D: AsyncFileReader 1 16
[   267.26 ] D: AsyncFileReader 2 17
[   268.73 ] D: AsyncFileReader 3 18
[   270.21 ] D: AsyncFileReader 4 19
[   271.70 ] D: _requestForLoading false false
[   271.70 ] D: _requestForLoading2
[   271.70 ] D: _numberOfSampleBuffer 1
[   271.70 ] D: START TO load 0
[   271.70 ] D: sltPositionChanged 352800 true
[   271.70 ] D: START TO load 1
[   271.70 ] D: START TO load 2
[   271.70 ] D: START TO load 3
[   271.70 ] D: frame_offset 0 0 217
[   271.71 ] D: frame_offset 0 1 217
[   271.71 ] D: frame_offset 0 2 217
[   271.71 ] D: frame_offset 0 3 217
[   271.72 ] D: frame_offset 0 4 217
[   271.72 ] D: sltFirstBufferFilled ("{df388589-02e7-4cec-abd0-946183c46489}") "{df388589-02e7-4cec-abd0-946183c46489}" true
[   271.72 ] D: _requestForLoading true false
[   273.21 ] D: AsyncFileReader 0 5
[   274.69 ] D: AsyncFileReader 1 6
[   276.17 ] D: AsyncFileReader 2 7
[   277.67 ] D: AsyncFileReader 3 8
[   279.15 ] D: AsyncFileReader 4 9
[   323.65 ] D: _requestForLoading false false
[   323.65 ] D: _requestForLoading2
[   323.65 ] D: _numberOfSampleBuffer 1
[   323.65 ] D: START TO load 0
[   323.65 ] D: sltPositionChanged 352800 true
[   323.66 ] D: START TO load 1
[   323.66 ] D: START TO load 2
[   323.66 ] D: START TO load 3
[   323.66 ] D: frame_offset 0 0 217
[   323.66 ] D: frame_offset 0 1 217
[   323.66 ] D: frame_offset 0 2 217
[   323.67 ] D: frame_offset 0 3 217
[   323.67 ] D: frame_offset 0 4 217
[   323.67 ] D: sltFirstBufferFilled ("{df388589-02e7-4cec-abd0-946183c46489}") "{df388589-02e7-4cec-abd0-946183c46489}" true
[   323.67 ] D: _requestForLoading true false
[   325.16 ] D: AsyncFileReader 0 5
[   325.19 ] D: onSigValueChanged
[   325.20 ] D: onSigValueChanged
[   325.24 ] D: onSigValueChanged
[   325.24 ] D: onSigValueChanged
[   325.28 ] D: onSigValueChanged
[   325.28 ] D: onSigValueChanged
[   325.31 ] D: onSigValueChanged
[   325.36 ] D: onSigValueChanged
[   325.36 ] D: onSigValueChanged
[   325.40 ] D: onSigValueChanged
[   325.40 ] D: onSigValueChanged
[   325.44 ] D: onSigValueChanged
[   325.48 ] D: onSigValueChanged
[   325.50 ] D: onSigValueChanged
[   325.50 ] D: onSigValueChanged
[   325.57 ] D: onSigValueChanged
[   325.82 ] D: onSigValueChanged
[   325.86 ] D: onSigValueChanged
[   325.89 ] D: onSigValueChanged
[   325.89 ] D: onSigValueChanged
[   325.93 ] D: onSigValueChanged
[   325.95 ] D: onSigValueChanged
[   325.96 ] D: onSigValueChanged
[   325.99 ] D: onSigValueChanged
[   326.02 ] D: onSigValueChanged
[   326.02 ] D: onSigValueChanged
[   326.05 ] D: onSigValueChanged
[   326.08 ] D: onSigValueChanged
[   326.08 ] D: onSigValueChanged
[   326.11 ] D: onSigValueChanged
[   326.14 ] D: onSigValueChanged
[   326.18 ] D: onSigValueChanged
[   326.20 ] D: onSigValueChanged
[   326.24 ] D: onSigValueChanged
[   326.27 ] D: onSigValueChanged
[   326.27 ] D: onSigValueChanged
[   326.30 ] D: onSigValueChanged
[   326.39 ] D: onSigValueChanged
[   326.39 ] D: onSigValueChanged
[   326.42 ] D: onSigValueChanged
[   326.45 ] D: onSigValueChanged
[   326.45 ] D: onSigValueChanged
[   326.52 ] D: onSigValueChanged
[   326.52 ] D: onSigValueChanged
[   326.52 ] D: onSigValueChanged
[   326.57 ] D: onSigValueChanged
[   326.57 ] D: onSigValueChanged
[   326.61 ] D: onSigValueChanged
[   326.61 ] D: onSigValueChanged
[   326.64 ] D: onSigValueChanged
[   326.64 ] D: AsyncFileReader 1 6
[   326.69 ] D: onSigValueChanged
[   326.70 ] D: onSigValueChanged
[   326.70 ] D: onSigValueChanged
[   326.73 ] D: onSigValueChanged
[   326.74 ] D: onSigValueChanged
[   326.77 ] D: onSigValueChanged
[   326.81 ] D: onSigValueChanged
[   326.81 ] D: onSigValueChanged
[   326.85 ] D: onSigValueChanged
[   326.85 ] D: onSigValueChanged
[   326.89 ] D: onSigValueChanged
[   326.89 ] D: onSigValueChanged
[   326.93 ] D: onSigValueChanged
[   326.96 ] D: onSigValueChanged
[   326.96 ] D: onSigValueChanged
[   326.97 ] D: onSigValueChanged
[   327.00 ] D: onSigValueChanged
[   327.01 ] D: onSigValueChanged
[   327.05 ] D: onSigValueChanged
[   327.05 ] D: onSigValueChanged
[   327.08 ] D: onSigValueChanged
[   327.08 ] D: onSigValueChanged
[   327.12 ] D: onSigValueChanged
[   327.13 ] D: onSigValueChanged
[   327.17 ] D: onSigValueChanged
[   327.17 ] D: onSigValueChanged
[   327.17 ] D: onSigValueChanged
[   327.18 ] D: onSigValueChanged
[   327.20 ] D: onSigValueChanged
[   327.24 ] D: onSigValueChanged
[   327.24 ] D: onSigValueChanged
[   327.25 ] D: onSigValueChanged
[   327.25 ] D: onSigValueChanged
[   327.25 ] D: onSigValueChanged
[   327.29 ] D: onSigValueChanged
[   327.29 ] D: onSigValueChanged
[   327.29 ] D: onSigValueChanged
[   327.32 ] D: onSigValueChanged
[   327.33 ] D: onSigValueChanged
[   327.36 ] D: onSigValueChanged
[   327.36 ] D: onSigValueChanged
[   327.39 ] D: onSigValueChanged
[   327.43 ] D: onSigValueChanged
[   327.43 ] D: onSigValueChanged
[   327.43 ] D: onSigValueChanged
[   327.43 ] D: onSigValueChanged
[   327.47 ] D: onSigValueChanged
[   327.47 ] D: onSigValueChanged
[   327.47 ] D: onSigValueChanged
[   327.51 ] D: onSigValueChanged
[   327.52 ] D: onSigValueChanged
[   327.52 ] D: onSigValueChanged
[   327.55 ] D: onSigValueChanged
[   327.55 ] D: onSigValueChanged
[   327.57 ] D: onSigValueChanged
[   327.58 ] D: onSigValueChanged
[   327.58 ] D: onSigValueChanged
[   327.61 ] D: onSigValueChanged
[   327.63 ] D: onSigValueChanged
[   327.64 ] D: onSigValueChanged
[   327.64 ] D: onSigValueChanged
[   327.67 ] D: onSigValueChanged
[   327.70 ] D: onSigValueChanged
[   327.71 ] D: onSigValueChanged
[   327.71 ] D: onSigValueChanged
[   327.71 ] D: onSigValueChanged
[   327.71 ] D: onSigValueChanged
[   327.74 ] D: onSigValueChanged
[   327.74 ] D: onSigValueChanged
[   327.77 ] D: onSigValueChanged
[   327.77 ] D: onSigValueChanged
[   327.78 ] D: onSigValueChanged
[   327.82 ] D: onSigValueChanged
[   327.82 ] D: onSigValueChanged
[   327.86 ] D: onSigValueChanged
[   327.86 ] D: onSigValueChanged
[   327.86 ] D: onSigValueChanged
[   327.87 ] D: onSigValueChanged
[   327.90 ] D: onSigValueChanged
[   327.90 ] D: onSigValueChanged
[   327.94 ] D: onSigValueChanged
[   327.94 ] D: onSigValueChanged
[   327.95 ] D: onSigValueChanged
[   327.98 ] D: onSigValueChanged
[   327.98 ] D: onSigValueChanged
[   328.06 ] D: onSigValueChanged
[   328.13 ] D: AsyncFileReader 2 7
[   328.14 ] D: onSigValueChanged
[   328.14 ] D: onSigValueChanged
[   328.18 ] D: onSigValueChanged
[   328.21 ] D: onSigValueChanged
[   328.21 ] D: onSigValueChanged
[   328.28 ] D: onSigValueChanged
[   328.28 ] D: onSigValueChanged
[   328.28 ] D: onSigValueChanged
[   328.28 ] D: onSigValueChanged
[   328.32 ] D: onSigValueChanged
[   328.32 ] D: onSigValueChanged
[   328.36 ] D: onSigValueChanged
[   328.36 ] D: onSigValueChanged
[   328.37 ] D: onSigValueChanged
[   328.37 ] D: onSigValueChanged
[   328.40 ] D: onSigValueChanged
[   328.41 ] D: onSigValueChanged
[   328.41 ] D: onSigValueChanged
[   328.41 ] D: onSigValueChanged
[   328.41 ] D: onSigValueChanged
[   328.42 ] D: onSigValueChanged
[   328.45 ] D: onSigValueChanged
[   328.45 ] D: onSigValueChanged
[   328.45 ] D: onSigValueChanged
[   328.48 ] D: onSigValueChanged
[   328.48 ] D: onSigValueChanged
[   328.51 ] D: onSigValueChanged
[   328.51 ] D: onSigValueChanged
[   328.52 ] D: onSigValueChanged
[   328.55 ] D: onSigValueChanged
[   328.58 ] D: onSigValueChanged
[   328.58 ] D: onSigValueChanged
[   328.58 ] D: onSigValueChanged
[   328.58 ] D: onSigValueChanged
[   328.61 ] D: onSigValueChanged
[   328.64 ] D: onSigValueChanged
[   328.64 ] D: onSigValueChanged
[   328.64 ] D: onSigValueChanged
[   328.68 ] D: onSigValueChanged
[   328.68 ] D: onSigValueChanged
[   328.71 ] D: onSigValueChanged
[   328.71 ] D: onSigValueChanged
[   328.75 ] D: onSigValueChanged
[   328.75 ] D: onSigValueChanged
[   328.76 ] D: onSigValueChanged
[   328.76 ] D: onSigValueChanged
[   328.76 ] D: onSigValueChanged
[   328.80 ] D: onSigValueChanged
[   328.80 ] D: onSigValueChanged
[   328.80 ] D: onSigValueChanged
[   328.84 ] D: onSigValueChanged
[   328.84 ] D: onSigValueChanged
[   328.85 ] D: onSigValueChanged
[   328.89 ] D: onSigValueChanged
[   328.89 ] D: onSigValueChanged
[   328.89 ] D: onSigValueChanged
[   328.89 ] D: onSigValueChanged
[   328.93 ] D: onSigValueChanged
[   328.93 ] D: onSigValueChanged
[   328.93 ] D: onSigValueChanged
[   328.93 ] D: onSigValueChanged
[   328.97 ] D: onSigValueChanged
[   328.97 ] D: onSigValueChanged
[   328.97 ] D: onSigValueChanged
[   329.01 ] D: onSigValueChanged
[   329.01 ] D: onSigValueChanged
[   329.01 ] D: onSigValueChanged
[   329.01 ] D: onSigValueChanged
[   329.05 ] D: onSigValueChanged
[   329.05 ] D: onSigValueChanged
[   329.05 ] D: onSigValueChanged
[   329.05 ] D: onSigValueChanged
[   329.05 ] D: onSigValueChanged
[   329.10 ] D: onSigValueChanged
[   329.10 ] D: onSigValueChanged
[   329.14 ] D: onSigValueChanged
[   329.14 ] D: onSigValueChanged
[   329.14 ] D: onSigValueChanged
[   329.17 ] D: onSigValueChanged
[   329.18 ] D: onSigValueChanged
[   329.21 ] D: onSigValueChanged
[   329.24 ] D: onSigValueChanged
[   329.24 ] D: onSigValueChanged
[   329.28 ] D: onSigValueChanged
[   329.28 ] D: onSigValueChanged
[   329.32 ] D: onSigValueChanged
[   329.32 ] D: onSigValueChanged
[   329.36 ] D: onSigValueChanged
[   329.62 ] D: AsyncFileReader 3 8
[   330.26 ] D: onSigValueChanged
[   330.26 ] D: onSigValueChanged
[   330.27 ] D: onSigValueChanged
[   330.30 ] D: onSigValueChanged
[   330.30 ] D: onSigValueChanged
[   330.33 ] D: onSigValueChanged
[   330.33 ] D: onSigValueChanged
[   330.33 ] D: onSigValueChanged
[   330.33 ] D: onSigValueChanged
[   330.38 ] D: onSigValueChanged
[   330.38 ] D: onSigValueChanged
[   330.38 ] D: onSigValueChanged
[   330.38 ] D: onSigValueChanged
[   330.38 ] D: onSigValueChanged
[   330.42 ] D: onSigValueChanged
[   330.42 ] D: onSigValueChanged
[   330.42 ] D: onSigValueChanged
[   330.45 ] D: onSigValueChanged
[   330.45 ] D: onSigValueChanged
[   330.45 ] D: onSigValueChanged
[   330.49 ] D: onSigValueChanged
[   330.49 ] D: onSigValueChanged
[   330.50 ] D: onSigValueChanged
[   330.50 ] D: onSigValueChanged
[   330.54 ] D: onSigValueChanged
[   331.11 ] D: AsyncFileReader 4 9
[   331.16 ] D: onSigValueChanged
[   332.58 ] D: AsyncFileReader 0 10
[   334.08 ] D: AsyncFileReader 1 11
[   335.57 ] D: AsyncFileReader 2 12
[   337.05 ] D: AsyncFileReader 3 13
[   338.53 ] D: AsyncFileReader 4 14
[   340.02 ] D: AsyncFileReader 0 15
[   341.49 ] D: AsyncFileReader 1 16
[   342.90 ] D: _requestForLoading false false
[   342.90 ] D: _requestForLoading2
[   342.90 ] D: _numberOfSampleBuffer 1
[   342.90 ] D: START TO load 0
[   342.90 ] D: sltPositionChanged 1102500 true
[   342.90 ] D: START TO load 1
[   342.90 ] D: START TO load 2
[   342.90 ] D: START TO load 3
[   342.90 ] D: frame_offset 11 0 217
[   342.91 ] D: frame_offset 11 1 217
[   342.91 ] D: frame_offset 11 2 217
[   342.92 ] D: frame_offset 11 3 217
[   342.92 ] D: frame_offset 11 4 217
[   342.93 ] D: sltFirstBufferFilled ("{df388589-02e7-4cec-abd0-946183c46489}") "{df388589-02e7-4cec-abd0-946183c46489}" true
[   342.93 ] D: _requestForLoading true false
[   343.76 ] D: AsyncFileReader 1 16
[   343.81 ] D: trackIndex 0 0
[   345.26 ] D: AsyncFileReader 2 17
[   346.21 ] D: _pointActive1 false false true
[   346.21 ] D: _outerActive1
[   346.21 ] D: _outerActive2
[   346.21 ] D: _outerActive3
[   346.21 ] D: _outerActive4
[   346.74 ] D: AsyncFileReader 3 18
[   348.08 ] D: _requestForLoading false false
[   348.09 ] D: _requestForLoading2
[   348.09 ] D: _numberOfSampleBuffer 1
[   348.09 ] D: START TO load 0
[   348.09 ] D: sltPositionChanged 220500 true
[   348.09 ] D: START TO load 1
[   348.09 ] D: START TO load 2
[   348.09 ] D: START TO load 3
[   348.09 ] D: frame_offset 0 0 217
[   348.09 ] D: frame_offset 0 1 217
[   348.10 ] D: frame_offset 0 2 217
[   348.10 ] D: frame_offset 0 3 217
[   348.10 ] D: frame_offset 0 4 217
[   348.11 ] D: sltFirstBufferFilled ("{df388589-02e7-4cec-abd0-946183c46489}") "{df388589-02e7-4cec-abd0-946183c46489}" true
[   348.11 ] D: _requestForLoading true false
[   350.45 ] D: trackIndex 0 0
[   351.55 ] D: _requestForLoading false false
[   351.55 ] D: _requestForLoading2
[   351.55 ] D: _numberOfSampleBuffer 1
[   351.55 ] D: START TO load 0
[   351.55 ] D: sltPositionChanged 617400 true
[   351.55 ] D: START TO load 1
[   351.55 ] D: START TO load 2
[   351.56 ] D: frame_offset 4 0 217
[   351.56 ] D: START TO load 3
[   351.56 ] D: frame_offset 4 1 217
[   351.56 ] D: frame_offset 4 2 217
[   351.57 ] D: frame_offset 4 3 217
[   351.57 ] D: frame_offset 4 4 217
[   351.57 ] D: sltFirstBufferFilled ("{df388589-02e7-4cec-abd0-946183c46489}") "{df388589-02e7-4cec-abd0-946183c46489}" true
[   351.57 ] D: _requestForLoading true false
[   353.01 ] D: AsyncFileReader 4 9
[   354.49 ] D: AsyncFileReader 0 10
[   355.98 ] D: AsyncFileReader 1 11
[   357.46 ] D: AsyncFileReader 2 12
[   358.36 ] D: onSigValueChanged
[   358.36 ] D: onSigValueChanged
[   358.37 ] D: onSigValueChanged
[   358.37 ] D: onSigValueChanged
[   358.41 ] D: onSigValueChanged
[   358.41 ] D: onSigValueChanged
[   358.45 ] D: onSigValueChanged
[   358.48 ] D: onSigValueChanged
[   358.48 ] D: onSigValueChanged
[   358.52 ] D: onSigValueChanged
[   358.52 ] D: onSigValueChanged
[   358.57 ] D: onSigValueChanged
[   358.57 ] D: onSigValueChanged
[   358.58 ] D: onSigValueChanged
[   358.62 ] D: onSigValueChanged
[   358.62 ] D: onSigValueChanged
[   358.66 ] D: onSigValueChanged
[   358.67 ] D: onSigValueChanged
[   358.71 ] D: onSigValueChanged
[   358.71 ] D: onSigValueChanged
[   358.76 ] D: onSigValueChanged
[   358.94 ] D: AsyncFileReader 3 13
[   359.01 ] D: onSigValueChanged
[   359.05 ] D: onSigValueChanged
[   359.05 ] D: onSigValueChanged
[   359.10 ] D: onSigValueChanged
[   359.10 ] D: onSigValueChanged
[   359.10 ] D: onSigValueChanged
[   359.13 ] D: onSigValueChanged
[   359.14 ] D: onSigValueChanged
[   359.16 ] D: onSigValueChanged
[   359.19 ] D: onSigValueChanged
[   359.22 ] D: onSigValueChanged
[   360.42 ] D: AsyncFileReader 4 14
[   361.92 ] D: AsyncFileReader 0 15
[   363.40 ] D: AsyncFileReader 1 16
[   364.89 ] D: AsyncFileReader 2 17
[   366.38 ] D: AsyncFileReader 3 18
[   367.86 ] D: AsyncFileReader 4 19
[   369.38 ] D: _requestForLoading false false
[   369.38 ] D: _requestForLoading2
[   369.38 ] D: _numberOfSampleBuffer 1
[   369.38 ] D: START TO load 0
[   369.38 ] D: sltPositionChanged 529200 true
[   369.39 ] D: START TO load 1
[   369.39 ] D: START TO load 2
[   369.39 ] D: START TO load 3
[   369.39 ] D: frame_offset 2 0 217
[   369.39 ] D: frame_offset 2 1 217
[   369.39 ] D: frame_offset 2 2 217
[   369.40 ] D: frame_offset 2 3 217
[   369.40 ] D: frame_offset 2 4 217
[   369.40 ] D: sltFirstBufferFilled ("{df388589-02e7-4cec-abd0-946183c46489}") "{df388589-02e7-4cec-abd0-946183c46489}" true
[   369.40 ] D: _requestForLoading true false
[   369.86 ] D: AsyncFileReader 2 7
[   394.92 ] D: onSigValueChanged
[   394.93 ] D: onSigValueChanged
[   394.93 ] D: onSigValueChanged
[   394.94 ] D: onSigValueChanged
[   394.94 ] D: onSigValueChanged
[   394.96 ] D: onSigValueChanged
[   394.96 ] D: onSigValueChanged
[   394.98 ] D: onSigValueChanged
[   394.98 ] D: onSigValueChanged
[   395.00 ] D: onSigValueChanged
[   395.00 ] D: onSigValueChanged
[   395.02 ] D: onSigValueChanged
[   395.02 ] D: onSigValueChanged
[   395.02 ] D: onSigValueChanged
[   395.04 ] D: onSigValueChanged
[   395.04 ] D: onSigValueChanged
[   395.05 ] D: onSigValueChanged
[   395.08 ] D: onSigValueChanged
[   395.08 ] D: onSigValueChanged
[   395.10 ] D: onSigValueChanged
[   395.10 ] D: onSigValueChanged
[   395.12 ] D: onSigValueChanged
[   395.12 ] D: onSigValueChanged
[   395.12 ] D: onSigValueChanged
[   395.14 ] D: onSigValueChanged
[   395.14 ] D: onSigValueChanged
[   395.16 ] D: onSigValueChanged
[   395.16 ] D: onSigValueChanged
[   395.17 ] D: onSigValueChanged
[   395.18 ] D: onSigValueChanged
[   395.19 ] D: onSigValueChanged
[   395.20 ] D: onSigValueChanged
[   395.20 ] D: onSigValueChanged
[   395.22 ] D: onSigValueChanged
[   395.22 ] D: onSigValueChanged
[   395.24 ] D: onSigValueChanged
[   395.24 ] D: onSigValueChanged
[   395.26 ] D: onSigValueChanged
[   395.26 ] D: onSigValueChanged
[   395.29 ] D: onSigValueChanged
[   395.29 ] D: onSigValueChanged
[   395.30 ] D: onSigValueChanged
[   395.30 ] D: onSigValueChanged
[   395.30 ] D: onSigValueChanged
[   395.32 ] D: onSigValueChanged
[   395.32 ] D: onSigValueChanged
[   395.34 ] D: onSigValueChanged
[   395.34 ] D: onSigValueChanged
[   395.36 ] D: onSigValueChanged
[   395.36 ] D: onSigValueChanged
[   395.38 ] D: onSigValueChanged
[   395.39 ] D: onSigValueChanged
[   395.40 ] D: onSigValueChanged
[   395.50 ] D: onSigValueChanged
[   395.50 ] D: onSigValueChanged
[   395.50 ] D: onSigValueChanged
[   395.50 ] D: onSigValueChanged
[   395.52 ] D: onSigValueChanged
[   395.52 ] D: onSigValueChanged
[   395.54 ] D: onSigValueChanged
[   395.56 ] D: onSigValueChanged
[   395.57 ] D: onSigValueChanged
[   395.58 ] D: onSigValueChanged
[   395.60 ] D: onSigValueChanged
[   395.61 ] D: onSigValueChanged
[   395.62 ] D: onSigValueChanged
[   395.64 ] D: onSigValueChanged
[   400.05 ] D: _requestForLoading false false
[   400.05 ] D: _requestForLoading2
[   400.05 ] D: _numberOfSampleBuffer 1
[   400.05 ] D: START TO load 0
[   400.05 ] D: sltPositionChanged 396900 true
[   400.05 ] D: START TO load 1
[   400.05 ] D: START TO load 2
[   400.05 ] D: START TO load 3
[   400.05 ] D: frame_offset 0 0 217
[   400.05 ] D: frame_offset 0 1 217
[   400.06 ] D: frame_offset 0 2 217
[   400.06 ] D: frame_offset 0 3 217
[   400.06 ] D: frame_offset 0 4 217
[   400.07 ] D: sltFirstBufferFilled ("{df388589-02e7-4cec-abd0-946183c46489}") "{df388589-02e7-4cec-abd0-946183c46489}" true
[   400.07 ] D: _requestForLoading true false
[   400.57 ] D: AsyncFileReader 0 5
[   413.01 ] D: _requestForLoading false false
[   413.01 ] D: _requestForLoading2
[   413.01 ] D: _numberOfSampleBuffer 1
[   413.01 ] D: START TO load 0
[   413.01 ] D: sltPositionChanged 396900 true
[   413.01 ] D: START TO load 1
[   413.01 ] D: START TO load 2
[   413.01 ] D: START TO load 3
[   413.01 ] D: frame_offset 0 0 217
[   413.01 ] D: frame_offset 0 1 217
[   413.02 ] D: frame_offset 0 2 217
[   413.02 ] D: frame_offset 0 3 217
[   413.02 ] D: frame_offset 0 4 217
[   413.03 ] D: sltFirstBufferFilled ("{df388589-02e7-4cec-abd0-946183c46489}") "{df388589-02e7-4cec-abd0-946183c46489}" true
[   413.03 ] D: _requestForLoading true false
[   413.52 ] D: AsyncFileReader 0 5
[   425.27 ] D: _requestForLoading false false
[   425.27 ] D: _requestForLoading2
[   425.27 ] D: _numberOfSampleBuffer 1
[   425.27 ] D: START TO load 0
[   425.27 ] D: sltPositionChanged 308700 true
[   425.28 ] D: START TO load 1
[   425.28 ] D: START TO load 2
[   425.28 ] D: frame_offset 0 0 217
[   425.28 ] D: START TO load 3
[   425.28 ] D: frame_offset 0 1 217
[   425.28 ] D: frame_offset 0 2 217
[   425.29 ] D: frame_offset 0 3 217
[   425.29 ] D: frame_offset 0 4 217
[   425.30 ] D: sltFirstBufferFilled ("{df388589-02e7-4cec-abd0-946183c46489}") "{df388589-02e7-4cec-abd0-946183c46489}" true
[   425.30 ] D: _requestForLoading true false
[   427.78 ] D: AsyncFileReader 0 5
[   429.28 ] D: AsyncFileReader 1 6
[   430.76 ] D: AsyncFileReader 2 7
[   431.01 ] F: Src: C:\Qt\5.15.2\msvc2019_64\include\QtCore/qvector.h:412::  ASSERT: "isDetached()" in file C:\Qt\5.15.2\msvc2019_64\include\QtCore/qvector.h, line 412
[   432.24 ] D: AsyncFileReader 3 8
[   433.74 ] D: AsyncFileReader 4 9
[   435.22 ] D: AsyncFileReader 0 10
[   436.70 ] D: AsyncFileReader 1 11
[   438.20 ] D: AsyncFileReader 2 12
[   439.89 ] D: AsyncFileReader 3 13
[   441.37 ] D: AsyncFileReader 4 14
[   442.87 ] D: AsyncFileReader 0 15
[   444.35 ] D: AsyncFileReader 1 16
[   445.83 ] D: AsyncFileReader 2 17
[   447.33 ] D: AsyncFileReader 3 18
[   448.81 ] D: AsyncFileReader 4 19
[   450.29 ] D: AsyncFileReader 0 20
[   451.79 ] D: AsyncFileReader 1 21
[   453.27 ] D: AsyncFileReader 2 22
[   454.75 ] D: AsyncFileReader 3 23
[   456.24 ] D: AsyncFileReader 4 24
[   457.71 ] F: Src: C:\Qt\5.15.2\msvc2019_64\include\QtCore/qvector.h:412::  ASSERT: "isDetached()" in file C:\Qt\5.15.2\msvc2019_64\include\QtCore/qvector.h, line 412
[   457.72 ] D: AsyncFileReader 0 25
[   459.21 ] D: AsyncFileReader 1 26
[   460.75 ] D: _requestForLoading false false
[   460.75 ] D: _requestForLoading2
[   460.75 ] D: _numberOfSampleBuffer 1
[   460.75 ] D: START TO load 0
[   460.75 ] D: sltPositionChanged 308700 true
[   460.75 ] D: START TO load 1
[   460.75 ] D: START TO load 2
[   460.75 ] D: START TO load 3
[   460.75 ] D: frame_offset 0 0 217
[   460.76 ] D: frame_offset 0 1 217
[   460.76 ] D: frame_offset 0 2 217
[   460.76 ] D: frame_offset 0 3 217
[   460.77 ] D: frame_offset 0 4 217
[   460.77 ] D: sltFirstBufferFilled ("{df388589-02e7-4cec-abd0-946183c46489}") "{df388589-02e7-4cec-abd0-946183c46489}" true
[   460.77 ] D: _requestForLoading true false
[   564.02 ] D: trackIndex 0 0
[   569.21 ] D: trackIndex 0 0
[   589.71 ] D: trackIndex 0 0
[   592.88 ] D: LambdaFunctionPointerVoidReturnType class `public: __cdecl DGE::QtWrapper::QMLScene::QNode3D::QNode3D(class DGE::QtWrapper::QMLScene::QINode3D * __ptr64) __ptr64'::`2'::<lambda_1> Is Destroyed
[   592.88 ] D: LambdaFunctionPointerVoidReturnType class `public: __cdecl DGE::QtWrapper::QMLScene::QNode3D::QNode3D(class DGE::QtWrapper::QMLScene::QINode3D * __ptr64) __ptr64'::`2'::<lambda_1> Is Destroyed
[   593.05 ] D: LambdaFunctionPointerVoidReturnType class `protected: void __cdecl DGE::QtWrapper::QMLScene::QPerspectiveCameraController::commonInitConstructor(void) __ptr64'::`2'::<lambda_1> Is Destroyed
[   593.05 ] D: LambdaFunctionPointerVoidReturnType class `private: void __cdecl DGE::QtWrapper::QMLScene::QThirdPersonController::commonInitConstructor(void) __ptr64'::`2'::<lambda_1> Is Destroyed
[   593.05 ] D: LambdaFunctionPointerVoidReturnType class `protected: void __cdecl DGE::QtWrapper::QMLScene::QPerspectiveCameraController::commonInitConstructor(void) __ptr64'::`2'::<lambda_1> Is Destroyed
[   593.05 ] D: MemberFunctionPointer void (__cdecl DGE::QtWrapper::QMLScene::QComponent3D::*)(void) __ptr64 Is Destroyed
[   593.06 ] D: MemberFunctionPointer void (__cdecl DGE::QtWrapper::QMLScene::QThirdPersonController::*)(class std::shared_ptr<class DGE::Scene::Component>) __ptr64 Is Destroyed
[   593.06 ] D: LambdaFunctionPointerVoidReturnType class `public: __cdecl DGE::QtWrapper::QMLScene::QCameraComponent::QCameraComponent(class DGE::QtWrapper::QMLScene::QNode3D * __ptr64,bool) __ptr64'::`2'::<lambda_1> Is Destroyed
[   593.06 ] D: MemberFunctionPointer void (__cdecl DGE::QtWrapper::QMLScene::QComponent3D::*)(void) __ptr64 Is Destroyed
[   593.06 ] D: LambdaFunctionPointerVoidReturnType class `private: void __cdecl DGE::QtWrapper::QMLScene::QPerspectiveLens::commonInitConstructor(void) __ptr64'::`2'::<lambda_1> Is Destroyed
[   593.06 ] D: LambdaFunctionPointerVoidReturnType class `protected: void __cdecl DGE::QtWrapper::QMLScene::QPerspectiveCameraController::commonInitConstructor(void) __ptr64'::`2'::<lambda_1> Is Destroyed
[   593.06 ] D: LambdaFunctionPointerVoidReturnType class `private: void __cdecl DGE::QtWrapper::QMLScene::QThirdPersonController::commonInitConstructor(void) __ptr64'::`2'::<lambda_1> Is Destroyed
[   593.06 ] D: LambdaFunctionPointerVoidReturnType class `protected: void __cdecl DGE::QtWrapper::QMLScene::QPerspectiveCameraController::commonInitConstructor(void) __ptr64'::`2'::<lambda_1> Is Destroyed
[   593.06 ] D: MemberFunctionPointer void (__cdecl DGE::QtWrapper::QMLScene::QComponent3D::*)(void) __ptr64 Is Destroyed
[   593.06 ] D: MemberFunctionPointer void (__cdecl DGE::QtWrapper::QMLScene::QThirdPersonController::*)(class std::shared_ptr<class DGE::Scene::Component>) __ptr64 Is Destroyed
[   593.06 ] D: LambdaFunctionPointerVoidReturnType class `public: __cdecl DGE::QtWrapper::QMLScene::QCameraComponent::QCameraComponent(class DGE::QtWrapper::QMLScene::QNode3D * __ptr64,bool) __ptr64'::`2'::<lambda_1> Is Destroyed
[   593.06 ] D: MemberFunctionPointer void (__cdecl DGE::QtWrapper::QMLScene::QComponent3D::*)(void) __ptr64 Is Destroyed
[   593.06 ] D: LambdaFunctionPointerVoidReturnType class `private: void __cdecl DGE::QtWrapper::QMLScene::QOrthoLens::commonInitConstructor(void) __ptr64'::`2'::<lambda_1> Is Destroyed
[   593.07 ] D: LambdaFunctionPointerVoidReturnType class `protected: void __cdecl DGE::QtWrapper::QMLScene::QPerspectiveCameraController::commonInitConstructor(void) __ptr64'::`2'::<lambda_1> Is Destroyed
[   593.07 ] D: LambdaFunctionPointerVoidReturnType class `private: void __cdecl DGE::QtWrapper::QMLScene::QThirdPersonController::commonInitConstructor(void) __ptr64'::`2'::<lambda_1> Is Destroyed
[   593.07 ] D: LambdaFunctionPointerVoidReturnType class `protected: void __cdecl DGE::QtWrapper::QMLScene::QPerspectiveCameraController::commonInitConstructor(void) __ptr64'::`2'::<lambda_1> Is Destroyed
[   593.07 ] D: MemberFunctionPointer void (__cdecl DGE::QtWrapper::QMLScene::QComponent3D::*)(void) __ptr64 Is Destroyed
[   593.07 ] D: MemberFunctionPointer void (__cdecl DGE::QtWrapper::QMLScene::QThirdPersonController::*)(class std::shared_ptr<class DGE::Scene::Component>) __ptr64 Is Destroyed
[   593.07 ] D: LambdaFunctionPointerVoidReturnType class `public: __cdecl DGE::QtWrapper::QMLScene::QCameraComponent::QCameraComponent(class DGE::QtWrapper::QMLScene::QNode3D * __ptr64,bool) __ptr64'::`2'::<lambda_1> Is Destroyed
[   593.07 ] D: MemberFunctionPointer void (__cdecl DGE::QtWrapper::QMLScene::QComponent3D::*)(void) __ptr64 Is Destroyed
[   593.07 ] D: LambdaFunctionPointerVoidReturnType class `private: void __cdecl DGE::QtWrapper::QMLScene::QOrthoLens::commonInitConstructor(void) __ptr64'::`2'::<lambda_1> Is Destroyed
[   593.09 ] D: LambdaFunctionPointerVoidReturnType class `public: __cdecl DGE::QtWrapper::QMLScene::QCameraComponent::QCameraComponent(class DGE::QtWrapper::QMLScene::QNode3D * __ptr64,bool) __ptr64'::`2'::<lambda_1> Is Destroyed
[   593.09 ] D: MemberFunctionPointer void (__cdecl DGE::QtWrapper::QMLScene::QComponent3D::*)(void) __ptr64 Is Destroyed
[   593.09 ] D: LambdaFunctionPointerVoidReturnType class `private: void __cdecl DGE::QtWrapper::QMLScene::QPerspectiveLens::commonInitConstructor(void) __ptr64'::`2'::<lambda_1> Is Destroyed
[   593.32 ] D: LambdaFunctionPointerVoidReturnType class `protected: void __cdecl DGE::QtWrapper::QMLScene::QPerspectiveCameraController::commonInitConstructor(void) __ptr64'::`2'::<lambda_1> Is Destroyed
[   593.32 ] D: LambdaFunctionPointerVoidReturnType class `private: void __cdecl DGE::QtWrapper::QMLScene::QThirdPersonController::commonInitConstructor(void) __ptr64'::`2'::<lambda_1> Is Destroyed
[   593.32 ] D: LambdaFunctionPointerVoidReturnType class `protected: void __cdecl DGE::QtWrapper::QMLScene::QPerspectiveCameraController::commonInitConstructor(void) __ptr64'::`2'::<lambda_1> Is Destroyed
[   593.32 ] D: MemberFunctionPointer void (__cdecl DGE::QtWrapper::QMLScene::QComponent3D::*)(void) __ptr64 Is Destroyed
[   593.32 ] D: MemberFunctionPointer void (__cdecl DGE::QtWrapper::QMLScene::QThirdPersonController::*)(class std::shared_ptr<class DGE::Scene::Component>) __ptr64 Is Destroyed
[   593.32 ] D: LambdaFunctionPointerVoidReturnType class `public: __cdecl DGE::QtWrapper::QMLScene::QCameraComponent::QCameraComponent(class DGE::QtWrapper::QMLScene::QNode3D * __ptr64,bool) __ptr64'::`2'::<lambda_1> Is Destroyed
[   593.32 ] D: MemberFunctionPointer void (__cdecl DGE::QtWrapper::QMLScene::QComponent3D::*)(void) __ptr64 Is Destroyed
[   593.32 ] D: LambdaFunctionPointerVoidReturnType class `private: void __cdecl DGE::QtWrapper::QMLScene::QPerspectiveLens::commonInitConstructor(void) __ptr64'::`2'::<lambda_1> Is Destroyed
[   593.33 ] D: LambdaFunctionPointerVoidReturnType class `protected: void __cdecl DGE::QtWrapper::QMLScene::QPerspectiveCameraController::commonInitConstructor(void) __ptr64'::`2'::<lambda_1> Is Destroyed
[   593.33 ] D: LambdaFunctionPointerVoidReturnType class `private: void __cdecl DGE::QtWrapper::QMLScene::QThirdPersonController::commonInitConstructor(void) __ptr64'::`2'::<lambda_1> Is Destroyed
[   593.33 ] D: LambdaFunctionPointerVoidReturnType class `protected: void __cdecl DGE::QtWrapper::QMLScene::QPerspectiveCameraController::commonInitConstructor(void) __ptr64'::`2'::<lambda_1> Is Destroyed
[   593.33 ] D: MemberFunctionPointer void (__cdecl DGE::QtWrapper::QMLScene::QComponent3D::*)(void) __ptr64 Is Destroyed
[   593.33 ] D: MemberFunctionPointer void (__cdecl DGE::QtWrapper::QMLScene::QThirdPersonController::*)(class std::shared_ptr<class DGE::Scene::Component>) __ptr64 Is Destroyed
[   593.33 ] D: LambdaFunctionPointerVoidReturnType class `public: __cdecl DGE::QtWrapper::QMLScene::QCameraComponent::QCameraComponent(class DGE::QtWrapper::QMLScene::QNode3D * __ptr64,bool) __ptr64'::`2'::<lambda_1> Is Destroyed
[   593.33 ] D: MemberFunctionPointer void (__cdecl DGE::QtWrapper::QMLScene::QComponent3D::*)(void) __ptr64 Is Destroyed
[   593.33 ] D: LambdaFunctionPointerVoidReturnType class `private: void __cdecl DGE::QtWrapper::QMLScene::QOrthoLens::commonInitConstructor(void) __ptr64'::`2'::<lambda_1> Is Destroyed
[   593.33 ] D: LambdaFunctionPointerVoidReturnType class `protected: void __cdecl DGE::QtWrapper::QMLScene::QPerspectiveCameraController::commonInitConstructor(void) __ptr64'::`2'::<lambda_1> Is Destroyed
[   593.33 ] D: LambdaFunctionPointerVoidReturnType class `private: void __cdecl DGE::QtWrapper::QMLScene::QThirdPersonController::commonInitConstructor(void) __ptr64'::`2'::<lambda_1> Is Destroyed
[   593.33 ] D: LambdaFunctionPointerVoidReturnType class `protected: void __cdecl DGE::QtWrapper::QMLScene::QPerspectiveCameraController::commonInitConstructor(void) __ptr64'::`2'::<lambda_1> Is Destroyed
[   593.33 ] D: MemberFunctionPointer void (__cdecl DGE::QtWrapper::QMLScene::QComponent3D::*)(void) __ptr64 Is Destroyed
[   593.33 ] D: MemberFunctionPointer void (__cdecl DGE::QtWrapper::QMLScene::QThirdPersonController::*)(class std::shared_ptr<class DGE::Scene::Component>) __ptr64 Is Destroyed
[   593.34 ] D: LambdaFunctionPointerVoidReturnType class `public: __cdecl DGE::QtWrapper::QMLScene::QCameraComponent::QCameraComponent(class DGE::QtWrapper::QMLScene::QNode3D * __ptr64,bool) __ptr64'::`2'::<lambda_1> Is Destroyed
[   593.34 ] D: MemberFunctionPointer void (__cdecl DGE::QtWrapper::QMLScene::QComponent3D::*)(void) __ptr64 Is Destroyed
[   593.34 ] D: LambdaFunctionPointerVoidReturnType class `private: void __cdecl DGE::QtWrapper::QMLScene::QOrthoLens::commonInitConstructor(void) __ptr64'::`2'::<lambda_1> Is Destroyed
[   593.36 ] D: LambdaFunctionPointerVoidReturnType class `public: __cdecl DGE::QtWrapper::QMLScene::QCameraComponent::QCameraComponent(class DGE::QtWrapper::QMLScene::QNode3D * __ptr64,bool) __ptr64'::`2'::<lambda_1> Is Destroyed
[   593.36 ] D: MemberFunctionPointer void (__cdecl DGE::QtWrapper::QMLScene::QComponent3D::*)(void) __ptr64 Is Destroyed
[   593.36 ] D: LambdaFunctionPointerVoidReturnType class `private: void __cdecl DGE::QtWrapper::QMLScene::QPerspectiveLens::commonInitConstructor(void) __ptr64'::`2'::<lambda_1> Is Destroyed
[   593.62 ] D: LambdaFunctionPointerVoidReturnType class `protected: void __cdecl DGE::QtWrapper::QMLScene::QPerspectiveCameraController::commonInitConstructor(void) __ptr64'::`2'::<lambda_1> Is Destroyed
[   593.62 ] D: LambdaFunctionPointerVoidReturnType class `protected: void __cdecl DGE::QtWrapper::QMLScene::QPerspectiveCameraController::commonInitConstructor(void) __ptr64'::`2'::<lambda_1> Is Destroyed
[   593.62 ] D: LambdaFunctionPointerVoidReturnType class `private: void __cdecl DGE::QtWrapper::QMLScene::QThirdPersonController::commonInitConstructor(void) __ptr64'::`2'::<lambda_1> Is Destroyed
[   593.62 ] D: MemberFunctionPointer void (__cdecl DGE::QtWrapper::QMLScene::QComponent3D::*)(void) __ptr64 Is Destroyed
[   593.62 ] D: MemberFunctionPointer void (__cdecl DGE::QtWrapper::QMLScene::QThirdPersonController::*)(class std::shared_ptr<class DGE::Scene::Component>) __ptr64 Is Destroyed
[   593.62 ] D: LambdaFunctionPointerVoidReturnType class `public: __cdecl DGE::QtWrapper::QMLScene::QCameraComponent::QCameraComponent(class DGE::QtWrapper::QMLScene::QNode3D * __ptr64,bool) __ptr64'::`2'::<lambda_1> Is Destroyed
[   593.62 ] D: MemberFunctionPointer void (__cdecl DGE::QtWrapper::QMLScene::QComponent3D::*)(void) __ptr64 Is Destroyed
[   593.62 ] D: LambdaFunctionPointerVoidReturnType class `private: void __cdecl DGE::QtWrapper::QMLScene::QPerspectiveLens::commonInitConstructor(void) __ptr64'::`2'::<lambda_1> Is Destroyed
[   593.63 ] D: LambdaFunctionPointerVoidReturnType class `protected: void __cdecl DGE::QtWrapper::QMLScene::QPerspectiveCameraController::commonInitConstructor(void) __ptr64'::`2'::<lambda_1> Is Destroyed
[   593.63 ] D: LambdaFunctionPointerVoidReturnType class `private: void __cdecl DGE::QtWrapper::QMLScene::QThirdPersonController::commonInitConstructor(void) __ptr64'::`2'::<lambda_1> Is Destroyed
[   593.63 ] D: LambdaFunctionPointerVoidReturnType class `protected: void __cdecl DGE::QtWrapper::QMLScene::QPerspectiveCameraController::commonInitConstructor(void) __ptr64'::`2'::<lambda_1> Is Destroyed
[   593.63 ] D: MemberFunctionPointer void (__cdecl DGE::QtWrapper::QMLScene::QComponent3D::*)(void) __ptr64 Is Destroyed
[   593.63 ] D: MemberFunctionPointer void (__cdecl DGE::QtWrapper::QMLScene::QThirdPersonController::*)(class std::shared_ptr<class DGE::Scene::Component>) __ptr64 Is Destroyed
[   593.63 ] D: LambdaFunctionPointerVoidReturnType class `public: __cdecl DGE::QtWrapper::QMLScene::QCameraComponent::QCameraComponent(class DGE::QtWrapper::QMLScene::QNode3D * __ptr64,bool) __ptr64'::`2'::<lambda_1> Is Destroyed
[   593.63 ] D: MemberFunctionPointer void (__cdecl DGE::QtWrapper::QMLScene::QComponent3D::*)(void) __ptr64 Is Destroyed
[   593.63 ] D: LambdaFunctionPointerVoidReturnType class `private: void __cdecl DGE::QtWrapper::QMLScene::QOrthoLens::commonInitConstructor(void) __ptr64'::`2'::<lambda_1> Is Destroyed
[   593.64 ] D: LambdaFunctionPointerVoidReturnType class `protected: void __cdecl DGE::QtWrapper::QMLScene::QPerspectiveCameraController::commonInitConstructor(void) __ptr64'::`2'::<lambda_1> Is Destroyed
[   593.64 ] D: LambdaFunctionPointerVoidReturnType class `private: void __cdecl DGE::QtWrapper::QMLScene::QThirdPersonController::commonInitConstructor(void) __ptr64'::`2'::<lambda_1> Is Destroyed
[   593.64 ] D: LambdaFunctionPointerVoidReturnType class `protected: void __cdecl DGE::QtWrapper::QMLScene::QPerspectiveCameraController::commonInitConstructor(void) __ptr64'::`2'::<lambda_1> Is Destroyed
[   593.64 ] D: MemberFunctionPointer void (__cdecl DGE::QtWrapper::QMLScene::QComponent3D::*)(void) __ptr64 Is Destroyed
[   593.64 ] D: MemberFunctionPointer void (__cdecl DGE::QtWrapper::QMLScene::QThirdPersonController::*)(class std::shared_ptr<class DGE::Scene::Component>) __ptr64 Is Destroyed
[   593.64 ] D: LambdaFunctionPointerVoidReturnType class `public: __cdecl DGE::QtWrapper::QMLScene::QCameraComponent::QCameraComponent(class DGE::QtWrapper::QMLScene::QNode3D * __ptr64,bool) __ptr64'::`2'::<lambda_1> Is Destroyed
[   593.64 ] D: MemberFunctionPointer void (__cdecl DGE::QtWrapper::QMLScene::QComponent3D::*)(void) __ptr64 Is Destroyed
[   593.64 ] D: LambdaFunctionPointerVoidReturnType class `private: void __cdecl DGE::QtWrapper::QMLScene::QOrthoLens::commonInitConstructor(void) __ptr64'::`2'::<lambda_1> Is Destroyed
[   593.66 ] D: LambdaFunctionPointerVoidReturnType class `public: __cdecl DGE::QtWrapper::QMLScene::QCameraComponent::QCameraComponent(class DGE::QtWrapper::QMLScene::QNode3D * __ptr64,bool) __ptr64'::`2'::<lambda_1> Is Destroyed
[   593.66 ] D: MemberFunctionPointer void (__cdecl DGE::QtWrapper::QMLScene::QComponent3D::*)(void) __ptr64 Is Destroyed
[   593.66 ] D: LambdaFunctionPointerVoidReturnType class `private: void __cdecl DGE::QtWrapper::QMLScene::QPerspectiveLens::commonInitConstructor(void) __ptr64'::`2'::<lambda_1> Is Destroyed
[   599.67 ] D: ~ClipArea()
[   599.71 ] D: LambdaFunctionPointerVoidReturnType class `public: __cdecl DGE::QtWrapper::QMLScene::QNode3D::QNode3D(class DGE::QtWrapper::QMLScene::QINode3D * __ptr64) __ptr64'::`2'::<lambda_1> Is Destroyed
[   599.71 ] D: LambdaFunctionPointerVoidReturnType class `public: __cdecl DGE::QtWrapper::QMLScene::QNode3D::QNode3D(class DGE::QtWrapper::QMLScene::QINode3D * __ptr64) __ptr64'::`2'::<lambda_1> Is Destroyed
[   599.71 ] D: LambdaFunctionPointerVoidReturnType class `public: __cdecl DGE::QtWrapper::QMLScene::QNode3D::QNode3D(class DGE::QtWrapper::QMLScene::QINode3D * __ptr64) __ptr64'::`2'::<lambda_1> Is Destroyed
[   599.71 ] D: LambdaFunctionPointerVoidReturnType class `public: __cdecl DGE::QtWrapper::QMLScene::QEntity3D::QEntity3D(class DGE::QtWrapper::QMLScene::QINode3D * __ptr64) __ptr64'::`2'::<lambda_2> Is Destroyed
[   599.71 ] D: LambdaFunctionPointerVoidReturnType class `public: __cdecl DGE::QtWrapper::QMLScene::QEntity3D::QEntity3D(class DGE::QtWrapper::QMLScene::QINode3D * __ptr64) __ptr64'::`2'::<lambda_1> Is Destroyed
[   599.71 ] D: LambdaFunctionPointerVoidReturnType class `public: __cdecl DGE::QtWrapper::QMLScene::QNode3D::QNode3D(class DGE::QtWrapper::QMLScene::QINode3D * __ptr64) __ptr64'::`2'::<lambda_1> Is Destroyed
[   599.71 ] D: LambdaFunctionPointerVoidReturnType class `public: __cdecl DGE::QtWrapper::QMLScene::QDShader::QDShader(class DGE::QtWrapper::QMLScene::QNode3D * __ptr64) __ptr64'::`2'::<lambda_2> Is Destroyed
[   599.72 ] D: LambdaFunctionPointerVoidReturnType class `public: __cdecl DGE::QtWrapper::QMLScene::QDShader::QDShader(class DGE::QtWrapper::QMLScene::QNode3D * __ptr64) __ptr64'::`2'::<lambda_1> Is Destroyed
[   599.72 ] D: MemberFunctionPointer void (__cdecl DGE::QtWrapper::QMLScene::QComponent3D::*)(void) __ptr64 Is Destroyed
[   599.72 ] D: LambdaFunctionPointerVoidReturnType class `public: __cdecl DGE::QtWrapper::QMLScene::QDModel::QDModel(class DGE::QtWrapper::QMLScene::QNode3D * __ptr64) __ptr64'::`2'::<lambda_2> Is Destroyed
[   599.72 ] D: MemberFunctionPointer void (__cdecl DGE::QtWrapper::QMLScene::QComponent3D::*)(void) __ptr64 Is Destroyed
[   599.72 ] D: LambdaFunctionPointerVoidReturnType class `public: __cdecl DGE::QtWrapper::QMLScene::QDModel::QDModel(class DGE::QtWrapper::QMLScene::QNode3D * __ptr64) __ptr64'::`2'::<lambda_1> Is Destroyed
[   599.72 ] D: LambdaFunctionPointerVoidReturnType class `public: __cdecl DGE::QtWrapper::QMLScene::Model::BuiltIn::QDSphere::QDSphere(class QObject * __ptr64) __ptr64'::`2'::<lambda_1> Is Destroyed
[   599.72 ] D: LambdaFunctionPointerVoidReturnType class `public: __cdecl `public: __cdecl DGE::QtWrapper::QMLScene::QDModel::QDModel(class DGE::QtWrapper::QMLScene::QNode3D * __ptr64) __ptr64'::`2'::<lambda_2>::operator()(void)const __ptr64'::`2'::<lambda_1> Is Destroyed
[   599.72 ] D: LambdaFunctionPointerVoidReturnType class `public: void __cdecl DGE::QtWrapper::QMLScene::QDModel::modelInitialize(void) __ptr64'::`5'::<lambda_1> Is Destroyed
[   599.72 ] D: MemberFunctionPointer void (__cdecl DGE::QtWrapper::QMLScene::QComponent3D::*)(void) __ptr64 Is Destroyed
[   599.72 ] D: LambdaFunctionPointerVoidReturnType class `public: __cdecl DGE::QtWrapper::QMLScene::QNode3D::QNode3D(class DGE::QtWrapper::QMLScene::QINode3D * __ptr64) __ptr64'::`2'::<lambda_1> Is Destroyed
[   599.72 ] D: LambdaFunctionPointerVoidReturnType class `public: __cdecl DGE::QtWrapper::QMLScene::QNode3D::QNode3D(class DGE::QtWrapper::QMLScene::QINode3D * __ptr64) __ptr64'::`2'::<lambda_1> Is Destroyed
[   599.72 ] D: LambdaFunctionPointerVoidReturnType class `public: __cdecl DGE::QtWrapper::QMLScene::QNode3D::QNode3D(class DGE::QtWrapper::QMLScene::QINode3D * __ptr64) __ptr64'::`2'::<lambda_1> Is Destroyed
[   599.72 ] D: LambdaFunctionPointerVoidReturnType class `public: __cdecl DGE::QtWrapper::QMLScene::QNode3D::QNode3D(class DGE::QtWrapper::QMLScene::QINode3D * __ptr64) __ptr64'::`2'::<lambda_1> Is Destroyed
[   599.72 ] D: LambdaFunctionPointerVoidReturnType class `public: __cdecl DGE::QtWrapper::QMLScene::QNode3D::QNode3D(class DGE::QtWrapper::QMLScene::QINode3D * __ptr64) __ptr64'::`2'::<lambda_1> Is Destroyed
[   599.72 ] D: LambdaFunctionPointerVoidReturnType class `public: __cdecl DGE::QtWrapper::QMLScene::QNode3D::QNode3D(class DGE::QtWrapper::QMLScene::QINode3D * __ptr64) __ptr64'::`2'::<lambda_1> Is Destroyed
[   599.72 ] D: LambdaFunctionPointerVoidReturnType class `public: __cdecl DGE::QtWrapper::QMLScene::QNode3D::QNode3D(class DGE::QtWrapper::QMLScene::QINode3D * __ptr64) __ptr64'::`2'::<lambda_1> Is Destroyed
[   599.72 ] D: LambdaFunctionPointerVoidReturnType class `public: __cdecl DGE::QtWrapper::QMLScene::QNode3D::QNode3D(class DGE::QtWrapper::QMLScene::QINode3D * __ptr64) __ptr64'::`2'::<lambda_1> Is Destroyed
[   599.72 ] D: LambdaFunctionPointerVoidReturnType class `public: __cdecl DGE::QtWrapper::QMLScene::QNode3D::QNode3D(class DGE::QtWrapper::QMLScene::QINode3D * __ptr64) __ptr64'::`2'::<lambda_1> Is Destroyed
[   599.72 ] D: LambdaFunctionPointerVoidReturnType class `public: __cdecl DGE::QtWrapper::QMLScene::QNode3D::QNode3D(class DGE::QtWrapper::QMLScene::QINode3D * __ptr64) __ptr64'::`2'::<lambda_1> Is Destroyed
[   599.72 ] D: LambdaFunctionPointerVoidReturnType class `public: __cdecl DGE::QtWrapper::QMLScene::QNode3D::QNode3D(class DGE::QtWrapper::QMLScene::QINode3D * __ptr64) __ptr64'::`2'::<lambda_1> Is Destroyed
[   599.72 ] D: LambdaFunctionPointerVoidReturnType class `public: __cdecl DGE::QtWrapper::QMLScene::QNode3D::QNode3D(class DGE::QtWrapper::QMLScene::QINode3D * __ptr64) __ptr64'::`2'::<lambda_1> Is Destroyed
[   599.72 ] D: LambdaFunctionPointerVoidReturnType class `public: __cdecl DGE::QtWrapper::QMLScene::QNode3D::QNode3D(class DGE::QtWrapper::QMLScene::QINode3D * __ptr64) __ptr64'::`2'::<lambda_1> Is Destroyed
[   599.72 ] D: LambdaFunctionPointerVoidReturnType class `public: __cdecl DGE::QtWrapper::QMLScene::QNode3D::QNode3D(class DGE::QtWrapper::QMLScene::QINode3D * __ptr64) __ptr64'::`2'::<lambda_1> Is Destroyed
[   599.72 ] D: LambdaFunctionPointerVoidReturnType class `public: __cdecl DGE::QtWrapper::QMLScene::QNode3D::QNode3D(class DGE::QtWrapper::QMLScene::QINode3D * __ptr64) __ptr64'::`2'::<lambda_1> Is Destroyed
[   599.72 ] D: LambdaFunctionPointerVoidReturnType class `public: __cdecl DGE::QtWrapper::QMLScene::QNode3D::QNode3D(class DGE::QtWrapper::QMLScene::QINode3D * __ptr64) __ptr64'::`2'::<lambda_1> Is Destroyed
[   599.72 ] D: LambdaFunctionPointerVoidReturnType class `public: __cdecl DGE::QtWrapper::QMLScene::QNode3D::QNode3D(class DGE::QtWrapper::QMLScene::QINode3D * __ptr64) __ptr64'::`2'::<lambda_1> Is Destroyed
[   599.72 ] D: LambdaFunctionPointerVoidReturnType class `public: __cdecl DGE::QtWrapper::QMLScene::QNode3D::QNode3D(class DGE::QtWrapper::QMLScene::QINode3D * __ptr64) __ptr64'::`2'::<lambda_1> Is Destroyed
[   599.73 ] D: LambdaFunctionPointerVoidReturnType class `public: __cdecl DGE::QtWrapper::QMLScene::QNode3D::QNode3D(class DGE::QtWrapper::QMLScene::QINode3D * __ptr64) __ptr64'::`2'::<lambda_1> Is Destroyed
[   599.73 ] D: LambdaFunctionPointerVoidReturnType class `public: __cdecl DGE::QtWrapper::QMLScene::QNode3D::QNode3D(class DGE::QtWrapper::QMLScene::QINode3D * __ptr64) __ptr64'::`2'::<lambda_1> Is Destroyed
[   599.75 ] D: Destroy Node with id: 2457 and name: 
[   599.75 ] D: LambdaFunctionPointerVoidReturnType class `public: __cdecl DGE::Scene::Node::Node(class std::shared_ptr<class DGE::GFX::GCore::Renderer>,class std::shared_ptr<class DGE::Core::System::Context>) __ptr64'::`2'::<lambda_1> Is Destroyed
[   599.76 ] D: LambdaFunctionPointerVoidReturnType class `public: void __cdecl DGE::QtWrapper::QMLScene::QNode3D::localScaleInitialize(void) __ptr64'::`5'::<lambda_1> Is Destroyed
[   599.76 ] D: LambdaFunctionPointerVoidReturnType class `public: void __cdecl DGE::QtWrapper::QMLScene::QNode3D::localScaleInitialize(void) __ptr64'::`5'::<lambda_1> Is Destroyed
[   599.76 ] D: LambdaFunctionPointerVoidReturnType class `public: void __cdecl DGE::QtWrapper::QMLScene::QNode3D::localScaleInitialize(void) __ptr64'::`5'::<lambda_1> Is Destroyed
[   599.76 ] D: LambdaFunctionPointerVoidReturnType class `public: void __cdecl DGE::QtWrapper::QMLScene::QNode3D::localRotationInitialize(void) __ptr64'::`5'::<lambda_1> Is Destroyed
[   599.76 ] D: LambdaFunctionPointerVoidReturnType class `public: void __cdecl DGE::QtWrapper::QMLScene::QNode3D::localRotationInitialize(void) __ptr64'::`5'::<lambda_1> Is Destroyed
[   599.76 ] D: LambdaFunctionPointerVoidReturnType class `public: void __cdecl DGE::QtWrapper::QMLScene::QNode3D::localRotationInitialize(void) __ptr64'::`5'::<lambda_1> Is Destroyed
[   599.76 ] D: LambdaFunctionPointerVoidReturnType class `public: void __cdecl DGE::QtWrapper::QMLScene::QNode3D::localPositionInitialize(void) __ptr64'::`5'::<lambda_1> Is Destroyed
[   599.76 ] D: LambdaFunctionPointerVoidReturnType class `public: void __cdecl DGE::QtWrapper::QMLScene::QNode3D::localPositionInitialize(void) __ptr64'::`5'::<lambda_1> Is Destroyed
[   599.76 ] D: LambdaFunctionPointerVoidReturnType class `public: void __cdecl DGE::QtWrapper::QMLScene::QNode3D::localPositionInitialize(void) __ptr64'::`5'::<lambda_1> Is Destroyed
[   599.76 ] D: Destroy Node with id: 2458 and name: 
[   599.76 ] D: LambdaFunctionPointerVoidReturnType class `public: __cdecl DGE::Scene::DEntity::DEntity(class std::shared_ptr<class DGE::GFX::GCore::Renderer>,class std::shared_ptr<class DGE::Core::System::Context>) __ptr64'::`2'::<lambda_1> Is Destroyed
[   599.77 ] D: Destroy Node with id: 2458 and name: 
[   599.77 ] D: LambdaFunctionPointerVoidReturnType class `public: __cdecl DGE::Scene::Node::Node(class std::shared_ptr<class DGE::GFX::GCore::Renderer>,class std::shared_ptr<class DGE::Core::System::Context>) __ptr64'::`2'::<lambda_1> Is Destroyed
[   599.77 ] D: LambdaFunctionPointerVoidReturnType class `public: void __cdecl DGE::QtWrapper::QMLScene::QNode3D::localScaleInitialize(void) __ptr64'::`5'::<lambda_1> Is Destroyed
[   599.77 ] D: LambdaFunctionPointerVoidReturnType class `public: void __cdecl DGE::QtWrapper::QMLScene::QNode3D::localScaleInitialize(void) __ptr64'::`5'::<lambda_1> Is Destroyed
[   599.77 ] D: LambdaFunctionPointerVoidReturnType class `public: void __cdecl DGE::QtWrapper::QMLScene::QNode3D::localScaleInitialize(void) __ptr64'::`5'::<lambda_1> Is Destroyed
[   599.77 ] D: LambdaFunctionPointerVoidReturnType class `public: void __cdecl DGE::QtWrapper::QMLScene::QNode3D::localScaleInitialize(void) __ptr64'::`5'::<lambda_1> Is Destroyed
[   599.77 ] D: LambdaFunctionPointerVoidReturnType class `public: void __cdecl DGE::QtWrapper::QMLScene::QNode3D::localScaleInitialize(void) __ptr64'::`5'::<lambda_1> Is Destroyed
[   599.77 ] D: LambdaFunctionPointerVoidReturnType class `public: void __cdecl DGE::QtWrapper::QMLScene::QNode3D::localScaleInitialize(void) __ptr64'::`5'::<lambda_1> Is Destroyed
[   599.77 ] D: LambdaFunctionPointerVoidReturnType class `public: void __cdecl DGE::QtWrapper::QMLScene::QNode3D::localRotationInitialize(void) __ptr64'::`5'::<lambda_1> Is Destroyed
[   599.77 ] D: LambdaFunctionPointerVoidReturnType class `public: void __cdecl DGE::QtWrapper::QMLScene::QNode3D::localRotationInitialize(void) __ptr64'::`5'::<lambda_1> Is Destroyed
[   599.77 ] D: LambdaFunctionPointerVoidReturnType class `public: void __cdecl DGE::QtWrapper::QMLScene::QNode3D::localRotationInitialize(void) __ptr64'::`5'::<lambda_1> Is Destroyed
[   599.77 ] D: LambdaFunctionPointerVoidReturnType class `public: void __cdecl DGE::QtWrapper::QMLScene::QNode3D::localRotationInitialize(void) __ptr64'::`5'::<lambda_1> Is Destroyed
[   599.77 ] D: LambdaFunctionPointerVoidReturnType class `public: void __cdecl DGE::QtWrapper::QMLScene::QNode3D::localRotationInitialize(void) __ptr64'::`5'::<lambda_1> Is Destroyed
[   599.77 ] D: LambdaFunctionPointerVoidReturnType class `public: void __cdecl DGE::QtWrapper::QMLScene::QNode3D::localRotationInitialize(void) __ptr64'::`5'::<lambda_1> Is Destroyed
[   599.77 ] D: LambdaFunctionPointerVoidReturnType class `public: void __cdecl DGE::QtWrapper::QMLScene::QNode3D::localPositionInitialize(void) __ptr64'::`5'::<lambda_1> Is Destroyed
[   599.77 ] D: LambdaFunctionPointerVoidReturnType class `public: void __cdecl DGE::QtWrapper::QMLScene::QNode3D::localPositionInitialize(void) __ptr64'::`5'::<lambda_1> Is Destroyed
[   599.77 ] D: LambdaFunctionPointerVoidReturnType class `public: void __cdecl DGE::QtWrapper::QMLScene::QNode3D::localPositionInitialize(void) __ptr64'::`5'::<lambda_1> Is Destroyed
[   599.77 ] D: LambdaFunctionPointerVoidReturnType class `public: void __cdecl DGE::QtWrapper::QMLScene::QNode3D::localPositionInitialize(void) __ptr64'::`5'::<lambda_1> Is Destroyed
[   599.77 ] D: LambdaFunctionPointerVoidReturnType class `public: void __cdecl DGE::QtWrapper::QMLScene::QNode3D::localPositionInitialize(void) __ptr64'::`5'::<lambda_1> Is Destroyed
[   599.77 ] D: LambdaFunctionPointerVoidReturnType class `public: void __cdecl DGE::QtWrapper::QMLScene::QNode3D::localPositionInitialize(void) __ptr64'::`5'::<lambda_1> Is Destroyed
[   599.78 ] D: Destroy Node with id: 2459 and name: 
[   599.78 ] D: LambdaFunctionPointerVoidReturnType class `public: __cdecl DGE::Scene::Node::Node(class std::shared_ptr<class DGE::GFX::GCore::Renderer>,class std::shared_ptr<class DGE::Core::System::Context>) __ptr64'::`2'::<lambda_1> Is Destroyed
[   599.80 ] D: LambdaFunctionPointerVoidReturnType class `public: __cdecl DGE::Scene::AnimationController::AnimationController(class std::shared_ptr<class DGE::GFX::GCore::Renderer>,class std::shared_ptr<class DGE::Core::System::Context>) __ptr64'::`2'::<lambda_1> Is Destroyed
[   599.80 ] D: LambdaFunctionPointerVoidReturnType class `public: virtual bool __cdecl DGE::Scene::AnimationController::initialize(class std::map<class DGE::Core::BaseType::DString,class std::any,struct std::less<class DGE::Core::BaseType::DString>,class std::allocator<struct std::pair<class DGE::Core::BaseType::DString const ,class std::any> > > & __ptr64) __ptr64'::`2'::<lambda_2> Is Destroyed
[   599.80 ] D: LambdaFunctionPointer class `public: virtual bool __cdecl DGE::Scene::AnimationController::initialize(class std::map<class DGE::Core::BaseType::DString,class std::any,struct std::less<class DGE::Core::BaseType::DString>,class std::allocator<struct std::pair<class DGE::Core::BaseType::DString const ,class std::any> > > & __ptr64) __ptr64'::`2'::<lambda_1> Is Destroyed
[   599.80 ] D: LambdaFunctionPointerVoidReturnType class `protected: virtual void __cdecl DGE::GFX::Primitives::Sphere::regenerateVertices(bool) __ptr64'::`5'::<lambda_2> Is Destroyed
[   599.80 ] D: LambdaFunctionPointerVoidReturnType class `protected: virtual void __cdecl DGE::GFX::Primitives::Sphere::regenerateVertices(bool) __ptr64'::`5'::<lambda_1> Is Destroyed
[   599.82 ] D: LambdaFunctionPointerVoidReturnType class `public: void __cdecl DGE::QtWrapper::QMLScene::QDShader::fragmentSourceCodeInitialize(void) __ptr64'::`5'::<lambda_1> Is Destroyed
[   599.82 ] D: LambdaFunctionPointerVoidReturnType class `public: void __cdecl DGE::QtWrapper::QMLScene::QDShader::fragmentSourceCodeInitialize(void) __ptr64'::`5'::<lambda_1> Is Destroyed
[   599.82 ] D: LambdaFunctionPointerVoidReturnType class `public: void __cdecl DGE::QtWrapper::QMLScene::QDShader::fragmentSourceCodeInitialize(void) __ptr64'::`5'::<lambda_1> Is Destroyed
[   599.82 ] D: LambdaFunctionPointerVoidReturnType class `public: void __cdecl DGE::QtWrapper::QMLScene::QDShader::fragmentSourceCodeInitialize(void) __ptr64'::`5'::<lambda_1> Is Destroyed
[   599.82 ] D: LambdaFunctionPointerVoidReturnType class `public: void __cdecl DGE::QtWrapper::QMLScene::QDShader::fragmentSourceCodeInitialize(void) __ptr64'::`5'::<lambda_1> Is Destroyed
[   599.82 ] D: LambdaFunctionPointerVoidReturnType class `public: void __cdecl DGE::QtWrapper::QMLScene::QDShader::vertexSourceCodeInitialize(void) __ptr64'::`5'::<lambda_1> Is Destroyed
[   599.82 ] D: LambdaFunctionPointerVoidReturnType class `public: void __cdecl DGE::QtWrapper::QMLScene::QDShader::vertexSourceCodeInitialize(void) __ptr64'::`5'::<lambda_1> Is Destroyed
[   599.82 ] D: LambdaFunctionPointerVoidReturnType class `public: void __cdecl DGE::QtWrapper::QMLScene::QDShader::vertexSourceCodeInitialize(void) __ptr64'::`5'::<lambda_1> Is Destroyed
[   599.82 ] D: LambdaFunctionPointerVoidReturnType class `public: void __cdecl DGE::QtWrapper::QMLScene::QDShader::vertexSourceCodeInitialize(void) __ptr64'::`5'::<lambda_1> Is Destroyed
[   599.82 ] D: LambdaFunctionPointerVoidReturnType class `public: void __cdecl DGE::QtWrapper::QMLScene::QDShader::vertexSourceCodeInitialize(void) __ptr64'::`5'::<lambda_1> Is Destroyed
[   599.83 ] D: -----Released Scene Module-----
[   599.84 ] D: -----Released GFX Module-----
[   599.84 ] I: Log: Log file closed, 1403/6/27 19:52:09
