[     4.54 ] I: Log: Log file open in follow path at 1403/6/9 10:31:48 : C:\Users\AmirPasha\Desktop\Rpos\DAW-3\build2019\debug\Logs\Launch.log
[     4.54 ] I: The subsystem "class DGE::Core::IO::LogSystem::Logger" is registered successfully.
[     4.54 ] I: The subsystem "class DGE::Core::Windows::QtWindow" is registered successfully.
[     4.54 ] D: API version is: 4.60 ,shader version is: 4.60
[     4.54 ] I: The subsystem "class DGE::GFX::GCore::QtWrapper::QtRenderer" is registered successfully.
[     4.54 ] I: Current Render API is: 4.60
[     4.54 ] I: The subsystem "Renderer" is registered successfully.
[     4.54 ] I: The subsystem "class DGE::Core::Platforms::QtPlatform" is registered successfully.
[     4.54 ] I: The subsystem "Platform" is registered successfully.
[     4.54 ] I: The subsystem "class DGE::Core::IO::FileSystem::FileManager" is registered successfully.
[     4.54 ] I: The subsystem "class DGE::Core::CoreModule" is registered successfully.
[     4.54 ] I: The subsystem "class DGE::Core::Profiling::Profiler" is registered successfully.
[     4.54 ] I: The subsystem "class DGE::GFX::DrawablesManager" is registered successfully.
[     4.54 ] I: #version 460 core
#define GLES_Ver 460

[     4.54 ] I: The subsystem "class DGE::GFX::GraphicsManager" is registered successfully.
[     4.55 ] I: The subsystem "class DGE::GFX::GFXModule" is registered successfully.
[     4.63 ] D: Shader Compile successfully.
[     4.63 ] I: The subsystem "class DGE::Scene::ViewportManager" is registered successfully.
[     4.63 ] I: The subsystem "class DGE::Scene::SceneModule" is registered successfully.
[     4.63 ] I: The subsystem "class DGE::Managers::RenderManager" is registered successfully.
[     4.63 ] D: Engine Enabled
[     4.63 ] I: The subsystem "class DGE::Engine" is registered successfully.
[     4.63 ] D: Node with id 1 is added to Qt layer
[     4.63 ] D: Node with id 2460 is added to Qt layer
[     4.63 ] D: Node with id 2462 is added to Qt layer
[     4.64 ] D: Node with id 2464 is added to Qt layer
[     4.64 ] D: Node with id 2466 is added to Qt layer
[     4.64 ] D: Node with id 2468 is added to Qt layer
[     4.64 ] D: Node with id 2470 is added to Qt layer
[     4.64 ] D: Node with id 2472 is added to Qt layer
[     4.64 ] D: Node with id 2474 is added to Qt layer
[     4.64 ] D: Node with id 2476 is added to Qt layer
[     4.64 ] D: Node with id 2478 is added to Qt layer
[     4.64 ] D: Node with id 2480 is added to Qt layer
[     4.64 ] D: Node with id 2482 is added to Qt layer
[     4.64 ] D: Node with id 2484 is added to Qt layer
[     4.64 ] D: Node with id 2486 is added to Qt layer
[     4.64 ] D: Node with id 2487 is added to Qt layer
[     4.64 ] D: Node with id 2489 is added to Qt layer
[     4.64 ] D: Node with id 2491 is added to Qt layer
[     4.64 ] D: Node with id 3 is added to Qt layer
[     4.64 ] D: Node with id 2493 is added to Qt layer
[     4.64 ] S: New view-port registered with id: 1
[     4.64 ] S: New view-port registered with id: 2
[     4.64 ] S: New view-port registered with id: 3
[     4.64 ] S: New view-port registered with id: 4
[     4.64 ] S: New view-port registered with id: 5
[     4.65 ] S: New view-port registered with id: 6
[     4.75 ] D: Creating suitable QNanoBackend for OpenGL 4.6 context
[     4.75 ] D: Using backend: "OpenGL 3"
[     4.78 ] W: Floating point comparison needs context sanity check
[     4.78 ] D: QT onScaleChanged=  144
[     4.82 ] W: ShaderEffectSource: 'recursive' must be set to true when rendering recursively.
[     4.82 ] W: ShaderEffectSource: 'recursive' must be set to true when rendering recursively.
[     4.82 ] W: ShaderEffectSource: 'recursive' must be set to true when rendering recursively.
[     4.82 ] W: ShaderEffectSource: 'recursive' must be set to true when rendering recursively.
[     4.99 ] D: Engine Started.
[    13.44 ] D: findTrackIndexByPoint 0 QRect(0,0 1707x111) true QPointF(57,79)
[    13.79 ] D: findTrackIndexByPoint 0 QRect(0,0 1707x111) false QPointF(61,174)
[    13.79 ] D: findTrackIndexByPoint 1 QRect(0,111 1707x111) true QPointF(61,174)
[    15.73 ] D: _editController->getParameterCount() 143
[    15.73 ] D: info.stepCount 0x61bb65660 0.7 0 0
[    15.73 ] D: info.stepCount 0x61bb65660 0.5 0 0
[    15.73 ] D: info.stepCount 0x61bb65660 0 1 0
[    15.73 ] D: info.stepCount 0x61bb65660 0.5 0 0
[    15.73 ] D: info.stepCount 0x61bb65660 0.5 0 0
[    15.73 ] D: info.stepCount 0x61bb65660 0.5 0 0
[    15.73 ] D: info.stepCount 0x61bb65660 0.5 0 0
[    15.73 ] D: info.stepCount 0x61bb65660 0 1 0
[    15.73 ] D: info.stepCount 0x61bb65660 0 1 0
[    15.73 ] D: info.stepCount 0x61bb65660 0 0 0
[    15.73 ] D: info.stepCount 0x61bb65660 0 0 0
[    15.73 ] D: info.stepCount 0x61bb65660 0 0 0
[    15.73 ] D: info.stepCount 0x61bb65660 0 0 0
[    15.73 ] D: info.stepCount 0x61bb65660 0 0 0
[    15.73 ] D: info.stepCount 0x61bb65660 0 0 0
[    15.73 ] D: info.stepCount 0x61bb65660 0 0 0
[    15.73 ] D: info.stepCount 0x61bb65660 0 0 0
[    15.73 ] D: info.stepCount 0x61bb65660 0 0 0
[    15.73 ] D: info.stepCount 0x61bb65660 0 0 0
[    15.73 ] D: info.stepCount 0x61bb65660 0 0 0
[    15.73 ] D: info.stepCount 0x61bb65660 0 0 0
[    15.73 ] D: info.stepCount 0x61bb65660 0 0 0
[    15.73 ] D: info.stepCount 0x61bb65660 0 0 0
[    15.73 ] D: info.stepCount 0x61bb65660 0 0 0
[    15.73 ] D: info.stepCount 0x61bb65660 0 0 0
[    15.73 ] D: info.stepCount 0x61bb65660 0 0 0
[    15.73 ] D: info.stepCount 0x61bb65660 0 0 0
[    15.73 ] D: info.stepCount 0x61bb65660 0 0 0
[    15.73 ] D: info.stepCount 0x61bb65660 0 0 0
[    15.73 ] D: info.stepCount 0x61bb65660 0 0 0
[    15.73 ] D: info.stepCount 0x61bb65660 0 0 0
[    15.73 ] D: info.stepCount 0x61bb65660 0 0 0
[    15.73 ] D: info.stepCount 0x61bb65660 0 0 0
[    15.73 ] D: info.stepCount 0x61bb65660 0 0 0
[    15.73 ] D: info.stepCount 0x61bb65660 0 0 0
[    15.73 ] D: info.stepCount 0x61bb65660 0 0 0
[    15.73 ] D: info.stepCount 0x61bb65660 0 0 0
[    15.73 ] D: info.stepCount 0x61bb65660 0 0 0
[    15.73 ] D: info.stepCount 0x61bb65660 0 0 0
[    15.73 ] D: info.stepCount 0x61bb65660 0 0 0
[    15.73 ] D: info.stepCount 0x61bb65660 0 0 0
[    15.73 ] D: info.stepCount 0x61bb65660 0 0 0
[    15.73 ] D: info.stepCount 0x61bb65660 0 0 0
[    15.73 ] D: info.stepCount 0x61bb65660 0 0 0
[    15.73 ] D: info.stepCount 0x61bb65660 0 0 0
[    15.73 ] D: info.stepCount 0x61bb65660 0 0 0
[    15.73 ] D: info.stepCount 0x61bb65660 0 0 0
[    15.73 ] D: info.stepCount 0x61bb65660 0 0 0
[    15.73 ] D: info.stepCount 0x61bb65660 0 0 0
[    15.73 ] D: info.stepCount 0x61bb65660 0 0 0
[    15.73 ] D: info.stepCount 0x61bb65660 0 0 0
[    15.73 ] D: info.stepCount 0x61bb65660 0 0 0
[    15.73 ] D: info.stepCount 0x61bb65660 0 0 0
[    15.73 ] D: info.stepCount 0x61bb65660 0 0 0
[    15.73 ] D: info.stepCount 0x61bb65660 0 0 0
[    15.73 ] D: info.stepCount 0x61bb65660 0 0 0
[    15.73 ] D: info.stepCount 0x61bb65660 0 0 0
[    15.73 ] D: info.stepCount 0x61bb65660 0 0 0
[    15.73 ] D: info.stepCount 0x61bb65660 0 0 0
[    15.73 ] D: info.stepCount 0x61bb65660 0 0 0
[    15.73 ] D: info.stepCount 0x61bb65660 0 0 0
[    15.73 ] D: info.stepCount 0x61bb65660 0 0 0
[    15.73 ] D: info.stepCount 0x61bb65660 0 0 0
[    15.73 ] D: info.stepCount 0x61bb65660 0 0 0
[    15.73 ] D: info.stepCount 0x61bb65660 0 0 0
[    15.73 ] D: info.stepCount 0x61bb65660 0 0 0
[    15.73 ] D: info.stepCount 0x61bb65660 0 0 0
[    15.73 ] D: info.stepCount 0x61bb65660 0 0 0
[    15.73 ] D: info.stepCount 0x61bb65660 0 0 0
[    15.73 ] D: info.stepCount 0x61bb65660 0 0 0
[    15.73 ] D: info.stepCount 0x61bb65660 0 0 0
[    15.73 ] D: info.stepCount 0x61bb65660 0 0 0
[    15.73 ] D: info.stepCount 0x61bb65660 0 0 0
[    15.73 ] D: info.stepCount 0x61bb65660 0 0 0
[    15.73 ] D: info.stepCount 0x61bb65660 0 0 0
[    15.73 ] D: info.stepCount 0x61bb65660 0 0 0
[    15.73 ] D: info.stepCount 0x61bb65660 0 0 0
[    15.73 ] D: info.stepCount 0x61bb65660 0 0 0
[    15.73 ] D: info.stepCount 0x61bb65660 0 0 0
[    15.73 ] D: info.stepCount 0x61bb65660 0 0 0
[    15.73 ] D: info.stepCount 0x61bb65660 0 0 0
[    15.73 ] D: info.stepCount 0x61bb65660 0 0 0
[    15.73 ] D: info.stepCount 0x61bb65660 0 0 0
[    15.73 ] D: info.stepCount 0x61bb65660 0 0 0
[    15.73 ] D: info.stepCount 0x61bb65660 0 0 0
[    15.73 ] D: info.stepCount 0x61bb65660 0 0 0
[    15.73 ] D: info.stepCount 0x61bb65660 0 0 0
[    15.73 ] D: info.stepCount 0x61bb65660 0 0 0
[    15.73 ] D: info.stepCount 0x61bb65660 0 0 0
[    15.73 ] D: info.stepCount 0x61bb65660 0 0 0
[    15.73 ] D: info.stepCount 0x61bb65660 0 0 0
[    15.73 ] D: info.stepCount 0x61bb65660 0 0 0
[    15.73 ] D: info.stepCount 0x61bb65660 0 0 0
[    15.73 ] D: info.stepCount 0x61bb65660 0 0 0
[    15.73 ] D: info.stepCount 0x61bb65660 0 0 0
[    15.73 ] D: info.stepCount 0x61bb65660 0 0 0
[    15.73 ] D: info.stepCount 0x61bb65660 0 0 0
[    15.73 ] D: info.stepCount 0x61bb65660 0 0 0
[    15.73 ] D: info.stepCount 0x61bb65660 0 0 0
[    15.73 ] D: info.stepCount 0x61bb65660 0 0 0
[    15.73 ] D: info.stepCount 0x61bb65660 0 0 0
[    15.73 ] D: info.stepCount 0x61bb65660 0 0 0
[    15.73 ] D: info.stepCount 0x61bb65660 0 0 0
[    15.73 ] D: info.stepCount 0x61bb65660 0 0 0
[    15.73 ] D: info.stepCount 0x61bb65660 0 0 0
[    15.73 ] D: info.stepCount 0x61bb65660 0 0 0
[    15.73 ] D: info.stepCount 0x61bb65660 0 0 0
[    15.73 ] D: info.stepCount 0x61bb65660 0 0 0
[    15.73 ] D: info.stepCount 0x61bb65660 0 0 0
[    15.73 ] D: info.stepCount 0x61bb65660 0 0 0
[    15.73 ] D: info.stepCount 0x61bb65660 0 0 0
[    15.73 ] D: info.stepCount 0x61bb65660 0 0 0
[    15.73 ] D: info.stepCount 0x61bb65660 0 0 0
[    15.73 ] D: info.stepCount 0x61bb65660 0 0 0
[    15.73 ] D: info.stepCount 0x61bb65660 0 0 0
[    15.73 ] D: info.stepCount 0x61bb65660 0 0 0
[    15.73 ] D: info.stepCount 0x61bb65660 0 0 0
[    15.73 ] D: info.stepCount 0x61bb65660 0 0 0
[    15.73 ] D: info.stepCount 0x61bb65660 0 0 0
[    15.73 ] D: info.stepCount 0x61bb65660 0 0 0
[    15.73 ] D: info.stepCount 0x61bb65660 0 0 0
[    15.73 ] D: info.stepCount 0x61bb65660 0 0 0
[    15.73 ] D: info.stepCount 0x61bb65660 0 0 0
[    15.73 ] D: info.stepCount 0x61bb65660 0 0 0
[    15.73 ] D: info.stepCount 0x61bb65660 0 0 0
[    15.73 ] D: info.stepCount 0x61bb65660 0 0 0
[    15.73 ] D: info.stepCount 0x61bb65660 0 0 0
[    15.73 ] D: info.stepCount 0x61bb65660 0 0 0
[    15.73 ] D: info.stepCount 0x61bb65660 0 0 0
[    15.73 ] D: info.stepCount 0x61bb65660 0 0 0
[    15.73 ] D: info.stepCount 0x61bb65660 0 0 0
[    15.73 ] D: info.stepCount 0x61bb65660 0 0 0
[    15.73 ] D: info.stepCount 0x61bb65660 0 0 0
[    15.73 ] D: info.stepCount 0x61bb65660 0 0 0
[    15.73 ] D: info.stepCount 0x61bb65660 0 0 0
[    15.73 ] D: info.stepCount 0x61bb65660 0 0 0
[    15.73 ] D: info.stepCount 0x61bb65660 0 0 0
[    15.73 ] D: info.stepCount 0x61bb65660 0 0 0
[    15.73 ] D: info.stepCount 0x61bb65660 0 0 0
[    15.73 ] D: info.stepCount 0x61bb65660 0 0 0
[    15.73 ] D: info.stepCount 0x61bb65660 0 0 0
[    15.73 ] D: info.stepCount 0x61bb65660 0 0 0
[    15.73 ] D: info.stepCount 0x61bb65660 0 0 0
[    15.73 ] D: effectModel.controls Vst3Effect(0x1e0ea7d0ad0)
[    15.93 ] D: ADDING3 1 
[    15.94 ] D: Vst3EffectControls(0x1e0f45f6f70)
[    16.18 ] W: qrc:/Vst3Effect.qml:6:1: QML Vst3Effect: Binding loop detected for property "implicitWidth"
[    16.18 ] D: setTracksRect
[    16.18 ] D: sltStartContentYChanged1
[    16.18 ] D: sltStartContentYChanged2
[    16.18 ] D: sltStartContentYChanged3
[    16.18 ] D: _tracksModel->getItem(i)->rect()1 0 QRect(0,0 1707x111)
[    16.18 ] D: _tracksModel->getItem(i)->rect()1 1 QRect(0,111 1707x111)
[    16.18 ] D: _tracksModel->getItem(i)->rect()1 2 QRect(0,222 1707x111)
[    16.18 ] D: _tracksModel->getItem(i)->rect()1 3 QRect(0,333 1707x111)
[    16.18 ] D: setTracksRect
[    16.18 ] D: setTracksRect
[    16.18 ] D: sltStartContentYChanged4
[  1310.69 ] D: LambdaFunctionPointerVoidReturnType class `public: __cdecl DGE::QtWrapper::QMLScene::QNode3D::QNode3D(class DGE::QtWrapper::QMLScene::QINode3D * __ptr64) __ptr64'::`2'::<lambda_1> Is Destroyed
[  1310.69 ] D: LambdaFunctionPointerVoidReturnType class `public: __cdecl DGE::QtWrapper::QMLScene::QNode3D::QNode3D(class DGE::QtWrapper::QMLScene::QINode3D * __ptr64) __ptr64'::`2'::<lambda_1> Is Destroyed
[  1310.69 ] D: LambdaFunctionPointerVoidReturnType class `protected: void __cdecl DGE::QtWrapper::QMLScene::QPerspectiveCameraController::commonInitConstructor(void) __ptr64'::`2'::<lambda_1> Is Destroyed
[  1310.69 ] D: LambdaFunctionPointerVoidReturnType class `private: void __cdecl DGE::QtWrapper::QMLScene::QThirdPersonController::commonInitConstructor(void) __ptr64'::`2'::<lambda_1> Is Destroyed
[  1310.69 ] D: LambdaFunctionPointerVoidReturnType class `protected: void __cdecl DGE::QtWrapper::QMLScene::QPerspectiveCameraController::commonInitConstructor(void) __ptr64'::`2'::<lambda_1> Is Destroyed
[  1310.69 ] D: MemberFunctionPointer void (__cdecl DGE::QtWrapper::QMLScene::QComponent3D::*)(void) __ptr64 Is Destroyed
[  1310.69 ] D: MemberFunctionPointer void (__cdecl DGE::QtWrapper::QMLScene::QThirdPersonController::*)(class std::shared_ptr<class DGE::Scene::Component>) __ptr64 Is Destroyed
[  1310.69 ] D: LambdaFunctionPointerVoidReturnType class `public: __cdecl DGE::QtWrapper::QMLScene::QCameraComponent::QCameraComponent(class DGE::QtWrapper::QMLScene::QNode3D * __ptr64,bool) __ptr64'::`2'::<lambda_1> Is Destroyed
[  1310.69 ] D: MemberFunctionPointer void (__cdecl DGE::QtWrapper::QMLScene::QComponent3D::*)(void) __ptr64 Is Destroyed
[  1310.69 ] D: LambdaFunctionPointerVoidReturnType class `private: void __cdecl DGE::QtWrapper::QMLScene::QPerspectiveLens::commonInitConstructor(void) __ptr64'::`2'::<lambda_1> Is Destroyed
[  1310.69 ] D: LambdaFunctionPointerVoidReturnType class `protected: void __cdecl DGE::QtWrapper::QMLScene::QPerspectiveCameraController::commonInitConstructor(void) __ptr64'::`2'::<lambda_1> Is Destroyed
[  1310.69 ] D: LambdaFunctionPointerVoidReturnType class `private: void __cdecl DGE::QtWrapper::QMLScene::QThirdPersonController::commonInitConstructor(void) __ptr64'::`2'::<lambda_1> Is Destroyed
[  1310.69 ] D: LambdaFunctionPointerVoidReturnType class `protected: void __cdecl DGE::QtWrapper::QMLScene::QPerspectiveCameraController::commonInitConstructor(void) __ptr64'::`2'::<lambda_1> Is Destroyed
[  1310.69 ] D: MemberFunctionPointer void (__cdecl DGE::QtWrapper::QMLScene::QComponent3D::*)(void) __ptr64 Is Destroyed
[  1310.69 ] D: MemberFunctionPointer void (__cdecl DGE::QtWrapper::QMLScene::QThirdPersonController::*)(class std::shared_ptr<class DGE::Scene::Component>) __ptr64 Is Destroyed
[  1310.69 ] D: LambdaFunctionPointerVoidReturnType class `public: __cdecl DGE::QtWrapper::QMLScene::QCameraComponent::QCameraComponent(class DGE::QtWrapper::QMLScene::QNode3D * __ptr64,bool) __ptr64'::`2'::<lambda_1> Is Destroyed
[  1310.69 ] D: MemberFunctionPointer void (__cdecl DGE::QtWrapper::QMLScene::QComponent3D::*)(void) __ptr64 Is Destroyed
[  1310.69 ] D: LambdaFunctionPointerVoidReturnType class `private: void __cdecl DGE::QtWrapper::QMLScene::QOrthoLens::commonInitConstructor(void) __ptr64'::`2'::<lambda_1> Is Destroyed
[  1310.69 ] D: LambdaFunctionPointerVoidReturnType class `protected: void __cdecl DGE::QtWrapper::QMLScene::QPerspectiveCameraController::commonInitConstructor(void) __ptr64'::`2'::<lambda_1> Is Destroyed
[  1310.69 ] D: LambdaFunctionPointerVoidReturnType class `private: void __cdecl DGE::QtWrapper::QMLScene::QThirdPersonController::commonInitConstructor(void) __ptr64'::`2'::<lambda_1> Is Destroyed
[  1310.69 ] D: LambdaFunctionPointerVoidReturnType class `protected: void __cdecl DGE::QtWrapper::QMLScene::QPerspectiveCameraController::commonInitConstructor(void) __ptr64'::`2'::<lambda_1> Is Destroyed
[  1310.69 ] D: MemberFunctionPointer void (__cdecl DGE::QtWrapper::QMLScene::QComponent3D::*)(void) __ptr64 Is Destroyed
[  1310.69 ] D: MemberFunctionPointer void (__cdecl DGE::QtWrapper::QMLScene::QThirdPersonController::*)(class std::shared_ptr<class DGE::Scene::Component>) __ptr64 Is Destroyed
[  1310.69 ] D: LambdaFunctionPointerVoidReturnType class `public: __cdecl DGE::QtWrapper::QMLScene::QCameraComponent::QCameraComponent(class DGE::QtWrapper::QMLScene::QNode3D * __ptr64,bool) __ptr64'::`2'::<lambda_1> Is Destroyed
[  1310.69 ] D: MemberFunctionPointer void (__cdecl DGE::QtWrapper::QMLScene::QComponent3D::*)(void) __ptr64 Is Destroyed
[  1310.69 ] D: LambdaFunctionPointerVoidReturnType class `private: void __cdecl DGE::QtWrapper::QMLScene::QOrthoLens::commonInitConstructor(void) __ptr64'::`2'::<lambda_1> Is Destroyed
[  1310.69 ] D: LambdaFunctionPointerVoidReturnType class `public: __cdecl DGE::QtWrapper::QMLScene::QCameraComponent::QCameraComponent(class DGE::QtWrapper::QMLScene::QNode3D * __ptr64,bool) __ptr64'::`2'::<lambda_1> Is Destroyed
[  1310.69 ] D: MemberFunctionPointer void (__cdecl DGE::QtWrapper::QMLScene::QComponent3D::*)(void) __ptr64 Is Destroyed
[  1310.69 ] D: LambdaFunctionPointerVoidReturnType class `private: void __cdecl DGE::QtWrapper::QMLScene::QPerspectiveLens::commonInitConstructor(void) __ptr64'::`2'::<lambda_1> Is Destroyed
[  1310.70 ] D: LambdaFunctionPointerVoidReturnType class `protected: void __cdecl DGE::QtWrapper::QMLScene::QPerspectiveCameraController::commonInitConstructor(void) __ptr64'::`2'::<lambda_1> Is Destroyed
[  1310.70 ] D: LambdaFunctionPointerVoidReturnType class `private: void __cdecl DGE::QtWrapper::QMLScene::QThirdPersonController::commonInitConstructor(void) __ptr64'::`2'::<lambda_1> Is Destroyed
[  1310.70 ] D: LambdaFunctionPointerVoidReturnType class `protected: void __cdecl DGE::QtWrapper::QMLScene::QPerspectiveCameraController::commonInitConstructor(void) __ptr64'::`2'::<lambda_1> Is Destroyed
[  1310.70 ] D: MemberFunctionPointer void (__cdecl DGE::QtWrapper::QMLScene::QComponent3D::*)(void) __ptr64 Is Destroyed
[  1310.70 ] D: MemberFunctionPointer void (__cdecl DGE::QtWrapper::QMLScene::QThirdPersonController::*)(class std::shared_ptr<class DGE::Scene::Component>) __ptr64 Is Destroyed
[  1310.70 ] D: LambdaFunctionPointerVoidReturnType class `public: __cdecl DGE::QtWrapper::QMLScene::QCameraComponent::QCameraComponent(class DGE::QtWrapper::QMLScene::QNode3D * __ptr64,bool) __ptr64'::`2'::<lambda_1> Is Destroyed
[  1310.70 ] D: MemberFunctionPointer void (__cdecl DGE::QtWrapper::QMLScene::QComponent3D::*)(void) __ptr64 Is Destroyed
[  1310.70 ] D: LambdaFunctionPointerVoidReturnType class `private: void __cdecl DGE::QtWrapper::QMLScene::QPerspectiveLens::commonInitConstructor(void) __ptr64'::`2'::<lambda_1> Is Destroyed
[  1310.70 ] D: LambdaFunctionPointerVoidReturnType class `protected: void __cdecl DGE::QtWrapper::QMLScene::QPerspectiveCameraController::commonInitConstructor(void) __ptr64'::`2'::<lambda_1> Is Destroyed
[  1310.70 ] D: LambdaFunctionPointerVoidReturnType class `private: void __cdecl DGE::QtWrapper::QMLScene::QThirdPersonController::commonInitConstructor(void) __ptr64'::`2'::<lambda_1> Is Destroyed
[  1310.70 ] D: LambdaFunctionPointerVoidReturnType class `protected: void __cdecl DGE::QtWrapper::QMLScene::QPerspectiveCameraController::commonInitConstructor(void) __ptr64'::`2'::<lambda_1> Is Destroyed
[  1310.70 ] D: MemberFunctionPointer void (__cdecl DGE::QtWrapper::QMLScene::QComponent3D::*)(void) __ptr64 Is Destroyed
[  1310.70 ] D: MemberFunctionPointer void (__cdecl DGE::QtWrapper::QMLScene::QThirdPersonController::*)(class std::shared_ptr<class DGE::Scene::Component>) __ptr64 Is Destroyed
[  1310.70 ] D: LambdaFunctionPointerVoidReturnType class `public: __cdecl DGE::QtWrapper::QMLScene::QCameraComponent::QCameraComponent(class DGE::QtWrapper::QMLScene::QNode3D * __ptr64,bool) __ptr64'::`2'::<lambda_1> Is Destroyed
[  1310.70 ] D: MemberFunctionPointer void (__cdecl DGE::QtWrapper::QMLScene::QComponent3D::*)(void) __ptr64 Is Destroyed
[  1310.70 ] D: LambdaFunctionPointerVoidReturnType class `private: void __cdecl DGE::QtWrapper::QMLScene::QOrthoLens::commonInitConstructor(void) __ptr64'::`2'::<lambda_1> Is Destroyed
[  1310.70 ] D: LambdaFunctionPointerVoidReturnType class `protected: void __cdecl DGE::QtWrapper::QMLScene::QPerspectiveCameraController::commonInitConstructor(void) __ptr64'::`2'::<lambda_1> Is Destroyed
[  1310.70 ] D: LambdaFunctionPointerVoidReturnType class `protected: void __cdecl DGE::QtWrapper::QMLScene::QPerspectiveCameraController::commonInitConstructor(void) __ptr64'::`2'::<lambda_1> Is Destroyed
[  1310.70 ] D: LambdaFunctionPointerVoidReturnType class `private: void __cdecl DGE::QtWrapper::QMLScene::QThirdPersonController::commonInitConstructor(void) __ptr64'::`2'::<lambda_1> Is Destroyed
[  1310.70 ] D: MemberFunctionPointer void (__cdecl DGE::QtWrapper::QMLScene::QComponent3D::*)(void) __ptr64 Is Destroyed
[  1310.70 ] D: MemberFunctionPointer void (__cdecl DGE::QtWrapper::QMLScene::QThirdPersonController::*)(class std::shared_ptr<class DGE::Scene::Component>) __ptr64 Is Destroyed
[  1310.70 ] D: LambdaFunctionPointerVoidReturnType class `public: __cdecl DGE::QtWrapper::QMLScene::QCameraComponent::QCameraComponent(class DGE::QtWrapper::QMLScene::QNode3D * __ptr64,bool) __ptr64'::`2'::<lambda_1> Is Destroyed
[  1310.70 ] D: MemberFunctionPointer void (__cdecl DGE::QtWrapper::QMLScene::QComponent3D::*)(void) __ptr64 Is Destroyed
[  1310.70 ] D: LambdaFunctionPointerVoidReturnType class `private: void __cdecl DGE::QtWrapper::QMLScene::QOrthoLens::commonInitConstructor(void) __ptr64'::`2'::<lambda_1> Is Destroyed
[  1310.70 ] D: LambdaFunctionPointerVoidReturnType class `public: __cdecl DGE::QtWrapper::QMLScene::QCameraComponent::QCameraComponent(class DGE::QtWrapper::QMLScene::QNode3D * __ptr64,bool) __ptr64'::`2'::<lambda_1> Is Destroyed
[  1310.70 ] D: MemberFunctionPointer void (__cdecl DGE::QtWrapper::QMLScene::QComponent3D::*)(void) __ptr64 Is Destroyed
[  1310.70 ] D: LambdaFunctionPointerVoidReturnType class `private: void __cdecl DGE::QtWrapper::QMLScene::QPerspectiveLens::commonInitConstructor(void) __ptr64'::`2'::<lambda_1> Is Destroyed
[  1310.71 ] D: LambdaFunctionPointerVoidReturnType class `protected: void __cdecl DGE::QtWrapper::QMLScene::QPerspectiveCameraController::commonInitConstructor(void) __ptr64'::`2'::<lambda_1> Is Destroyed
[  1310.71 ] D: LambdaFunctionPointerVoidReturnType class `protected: void __cdecl DGE::QtWrapper::QMLScene::QPerspectiveCameraController::commonInitConstructor(void) __ptr64'::`2'::<lambda_1> Is Destroyed
[  1310.71 ] D: LambdaFunctionPointerVoidReturnType class `private: void __cdecl DGE::QtWrapper::QMLScene::QThirdPersonController::commonInitConstructor(void) __ptr64'::`2'::<lambda_1> Is Destroyed
[  1310.71 ] D: MemberFunctionPointer void (__cdecl DGE::QtWrapper::QMLScene::QComponent3D::*)(void) __ptr64 Is Destroyed
[  1310.71 ] D: MemberFunctionPointer void (__cdecl DGE::QtWrapper::QMLScene::QThirdPersonController::*)(class std::shared_ptr<class DGE::Scene::Component>) __ptr64 Is Destroyed
[  1310.71 ] D: LambdaFunctionPointerVoidReturnType class `public: __cdecl DGE::QtWrapper::QMLScene::QCameraComponent::QCameraComponent(class DGE::QtWrapper::QMLScene::QNode3D * __ptr64,bool) __ptr64'::`2'::<lambda_1> Is Destroyed
[  1310.71 ] D: MemberFunctionPointer void (__cdecl DGE::QtWrapper::QMLScene::QComponent3D::*)(void) __ptr64 Is Destroyed
[  1310.71 ] D: LambdaFunctionPointerVoidReturnType class `private: void __cdecl DGE::QtWrapper::QMLScene::QPerspectiveLens::commonInitConstructor(void) __ptr64'::`2'::<lambda_1> Is Destroyed
[  1310.71 ] D: LambdaFunctionPointerVoidReturnType class `protected: void __cdecl DGE::QtWrapper::QMLScene::QPerspectiveCameraController::commonInitConstructor(void) __ptr64'::`2'::<lambda_1> Is Destroyed
[  1310.71 ] D: LambdaFunctionPointerVoidReturnType class `private: void __cdecl DGE::QtWrapper::QMLScene::QThirdPersonController::commonInitConstructor(void) __ptr64'::`2'::<lambda_1> Is Destroyed
[  1310.71 ] D: LambdaFunctionPointerVoidReturnType class `protected: void __cdecl DGE::QtWrapper::QMLScene::QPerspectiveCameraController::commonInitConstructor(void) __ptr64'::`2'::<lambda_1> Is Destroyed
[  1310.71 ] D: MemberFunctionPointer void (__cdecl DGE::QtWrapper::QMLScene::QComponent3D::*)(void) __ptr64 Is Destroyed
[  1310.71 ] D: MemberFunctionPointer void (__cdecl DGE::QtWrapper::QMLScene::QThirdPersonController::*)(class std::shared_ptr<class DGE::Scene::Component>) __ptr64 Is Destroyed
[  1310.71 ] D: LambdaFunctionPointerVoidReturnType class `public: __cdecl DGE::QtWrapper::QMLScene::QCameraComponent::QCameraComponent(class DGE::QtWrapper::QMLScene::QNode3D * __ptr64,bool) __ptr64'::`2'::<lambda_1> Is Destroyed
[  1310.71 ] D: MemberFunctionPointer void (__cdecl DGE::QtWrapper::QMLScene::QComponent3D::*)(void) __ptr64 Is Destroyed
[  1310.71 ] D: LambdaFunctionPointerVoidReturnType class `private: void __cdecl DGE::QtWrapper::QMLScene::QOrthoLens::commonInitConstructor(void) __ptr64'::`2'::<lambda_1> Is Destroyed
[  1310.71 ] D: LambdaFunctionPointerVoidReturnType class `protected: void __cdecl DGE::QtWrapper::QMLScene::QPerspectiveCameraController::commonInitConstructor(void) __ptr64'::`2'::<lambda_1> Is Destroyed
[  1310.71 ] D: LambdaFunctionPointerVoidReturnType class `protected: void __cdecl DGE::QtWrapper::QMLScene::QPerspectiveCameraController::commonInitConstructor(void) __ptr64'::`2'::<lambda_1> Is Destroyed
[  1310.71 ] D: LambdaFunctionPointerVoidReturnType class `private: void __cdecl DGE::QtWrapper::QMLScene::QThirdPersonController::commonInitConstructor(void) __ptr64'::`2'::<lambda_1> Is Destroyed
[  1310.71 ] D: MemberFunctionPointer void (__cdecl DGE::QtWrapper::QMLScene::QComponent3D::*)(void) __ptr64 Is Destroyed
[  1310.71 ] D: MemberFunctionPointer void (__cdecl DGE::QtWrapper::QMLScene::QThirdPersonController::*)(class std::shared_ptr<class DGE::Scene::Component>) __ptr64 Is Destroyed
[  1310.71 ] D: LambdaFunctionPointerVoidReturnType class `public: __cdecl DGE::QtWrapper::QMLScene::QCameraComponent::QCameraComponent(class DGE::QtWrapper::QMLScene::QNode3D * __ptr64,bool) __ptr64'::`2'::<lambda_1> Is Destroyed
[  1310.71 ] D: MemberFunctionPointer void (__cdecl DGE::QtWrapper::QMLScene::QComponent3D::*)(void) __ptr64 Is Destroyed
[  1310.71 ] D: LambdaFunctionPointerVoidReturnType class `private: void __cdecl DGE::QtWrapper::QMLScene::QOrthoLens::commonInitConstructor(void) __ptr64'::`2'::<lambda_1> Is Destroyed
[  1310.71 ] D: LambdaFunctionPointerVoidReturnType class `public: __cdecl DGE::QtWrapper::QMLScene::QCameraComponent::QCameraComponent(class DGE::QtWrapper::QMLScene::QNode3D * __ptr64,bool) __ptr64'::`2'::<lambda_1> Is Destroyed
[  1310.71 ] D: MemberFunctionPointer void (__cdecl DGE::QtWrapper::QMLScene::QComponent3D::*)(void) __ptr64 Is Destroyed
[  1310.71 ] D: LambdaFunctionPointerVoidReturnType class `private: void __cdecl DGE::QtWrapper::QMLScene::QPerspectiveLens::commonInitConstructor(void) __ptr64'::`2'::<lambda_1> Is Destroyed
[  1310.80 ] D: -----Released Scene Module-----
[  1310.80 ] D: -----Released GFX Module-----
[  1310.80 ] I: Log: Log file closed, 1403/6/9 10:53:35
