[     8.15 ] I: Log: Log file open in follow path at 1403/6/21 21:51:51 : C:\Users\AmirPasha\Desktop\Rpos\DAW-3\build2019\debug\Logs\Launch.log
[     8.15 ] I: The subsystem "class DGE::Core::IO::LogSystem::Logger" is registered successfully.
[     8.15 ] I: The subsystem "class DGE::Core::Windows::QtWindow" is registered successfully.
[     8.15 ] D: API version is: 4.60 ,shader version is: 4.60
[     8.15 ] I: The subsystem "class DGE::GFX::GCore::QtWrapper::QtRenderer" is registered successfully.
[     8.15 ] I: Current Render API is: 4.60
[     8.15 ] I: The subsystem "Renderer" is registered successfully.
[     8.15 ] I: The subsystem "class DGE::Core::Platforms::QtPlatform" is registered successfully.
[     8.15 ] I: The subsystem "Platform" is registered successfully.
[     8.15 ] I: The subsystem "class DGE::Core::IO::FileSystem::FileManager" is registered successfully.
[     8.15 ] I: The subsystem "class DGE::Core::CoreModule" is registered successfully.
[     8.15 ] I: The subsystem "class DGE::Core::Profiling::Profiler" is registered successfully.
[     8.15 ] I: The subsystem "class DGE::GFX::DrawablesManager" is registered successfully.
[     8.15 ] I: #version 460 core
#define GLES_Ver 460

[     8.15 ] I: The subsystem "class DGE::GFX::GraphicsManager" is registered successfully.
[     8.15 ] I: The subsystem "class DGE::GFX::GFXModule" is registered successfully.
[     8.27 ] D: Shader Compile successfully.
[     8.27 ] I: The subsystem "class DGE::Scene::ViewportManager" is registered successfully.
[     8.27 ] I: The subsystem "class DGE::Scene::SceneModule" is registered successfully.
[     8.27 ] I: The subsystem "class DGE::Managers::RenderManager" is registered successfully.
[     8.27 ] D: Engine Enabled
[     8.27 ] I: The subsystem "class DGE::Engine" is registered successfully.
[     8.27 ] D: Node with id 1 is added to Qt layer
[     8.27 ] D: Node with id 2460 is added to Qt layer
[     8.27 ] D: Node with id 2462 is added to Qt layer
[     8.27 ] D: Node with id 2464 is added to Qt layer
[     8.27 ] D: Node with id 2466 is added to Qt layer
[     8.28 ] D: Node with id 2468 is added to Qt layer
[     8.28 ] D: Node with id 2470 is added to Qt layer
[     8.28 ] D: Node with id 2472 is added to Qt layer
[     8.28 ] D: Node with id 2474 is added to Qt layer
[     8.28 ] D: Node with id 2476 is added to Qt layer
[     8.28 ] D: Node with id 2478 is added to Qt layer
[     8.28 ] D: Node with id 2480 is added to Qt layer
[     8.28 ] D: Node with id 2482 is added to Qt layer
[     8.28 ] D: Node with id 2484 is added to Qt layer
[     8.28 ] D: Node with id 2486 is added to Qt layer
[     8.28 ] D: Node with id 2487 is added to Qt layer
[     8.28 ] D: Node with id 2489 is added to Qt layer
[     8.28 ] D: Node with id 2491 is added to Qt layer
[     8.28 ] D: Node with id 3 is added to Qt layer
[     8.28 ] D: Node with id 2493 is added to Qt layer
[     8.28 ] S: New view-port registered with id: 1
[     8.28 ] S: New view-port registered with id: 2
[     8.28 ] S: New view-port registered with id: 3
[     8.28 ] S: New view-port registered with id: 4
[     8.29 ] S: New view-port registered with id: 5
[     8.29 ] S: New view-port registered with id: 6
[     8.42 ] D: Creating suitable QNanoBackend for OpenGL 4.6 context
[     8.42 ] D: Using backend: "OpenGL 3"
[     8.48 ] W: Floating point comparison needs context sanity check
[     8.48 ] D: QT onScaleChanged=  144
[     8.54 ] W: ShaderEffectSource: 'recursive' must be set to true when rendering recursively.
[     8.55 ] W: ShaderEffectSource: 'recursive' must be set to true when rendering recursively.
[     8.55 ] W: ShaderEffectSource: 'recursive' must be set to true when rendering recursively.
[     8.55 ] W: ShaderEffectSource: 'recursive' must be set to true when rendering recursively.
[     8.77 ] D: Engine Started.
[    84.92 ] D: P1 -371
[    84.92 ] D: P1 -457
[    84.93 ] D: P1 -461
[    84.93 ] D: P1 -463
[    84.93 ] D: P1 -465
[    85.29 ] D: P1 -464
[    85.29 ] D: P1 -453
[    85.29 ] D: P1 -449
[    85.29 ] D: P1 -447
[    85.31 ] D: P1 -430
[    85.31 ] D: P1 -424
[    85.31 ] D: P1 -421
[    85.31 ] D: P1 -419
[    85.32 ] D: P1 -407
[    85.32 ] D: P1 -402
[    85.32 ] D: P1 -399
[    85.33 ] D: P1 -397
[    85.34 ] D: P1 -395
[    85.34 ] D: P1 -387
[    85.34 ] D: P1 -386
[    85.34 ] D: P1 -385
[    85.36 ] D: P1 -381
[    85.36 ] D: P1 -381
[    85.36 ] D: P1 -380
[    85.36 ] D: P1 -380
[    85.36 ] D: P1 -380
[    85.37 ] D: P1 -379
[    85.38 ] D: P1 -378
[    85.38 ] D: P1 -378
[    85.81 ] D: sltPositionChanged 220500
[    85.81 ] D: frame_offset 0 0 217
[    85.81 ] D: frame_offset 0 1 217
[    85.82 ] D: frame_offset 0 2 217
[    85.82 ] D: frame_offset 0 3 217
[    85.82 ] D: frame_offset 0 4 217
[    85.82 ] D: findOverlayItems 1 0
[    85.82 ] D: "{7b200c7e-4e7a-4eee-840c-d29036a2fc6f}" i.value()->sampleClip()->startTime()  5000 327833 327833 5000
[    85.82 ] D: findOverlayItems
[    85.82 ] D: sltPositionChanged 220500
[    85.82 ] D: frame_offset 0 0 217
[    85.83 ] D: frame_offset 0 1 217
[    85.83 ] D: frame_offset 0 2 217
[    85.83 ] D: frame_offset 0 3 217
[    85.83 ] D: frame_offset 0 4 217
[   104.02 ] D: _editController->getParameterCount() 21
[   104.03 ] D: ADDED 0 0 0
[   104.09 ] D: ADDED 1 0 0
[   104.09 ] D: ADDED 2 0 0
[   104.09 ] D: ADDED 3 0 0
[   104.09 ] D: ADDED
[   119.17 ] W: ShaderEffectSource: 'recursive' must be set to true when rendering recursively.
[   120.26 ] D: _pointActive1 false true false
[   121.41 ] D: _pointActive1 false true false
[   123.12 ] D: _requestForLoading false false
[   123.12 ] D: _requestForLoading2
[   123.12 ] D: _numberOfSampleBuffer 1
[   123.12 ] D: START TO load 0
[   123.12 ] D: sltPositionChanged 396900 true
[   123.12 ] D: START TO load 1
[   123.12 ] D: START TO load 2
[   123.12 ] D: START TO load 3
[   123.13 ] D: frame_offset 2 0 217
[   123.13 ] D: frame_offset 2 1 217
[   123.13 ] D: frame_offset 2 2 217
[   123.13 ] D: frame_offset 2 3 217
[   123.14 ] D: frame_offset 2 4 217
[   123.14 ] D: sltFirstBufferFilled ("{7b200c7e-4e7a-4eee-840c-d29036a2fc6f}") "{7b200c7e-4e7a-4eee-840c-d29036a2fc6f}" true
[   123.14 ] D: _requestForLoading true false
[   123.61 ] D: AsyncFileReader 2 7
[   125.10 ] D: AsyncFileReader 3 8
[   126.59 ] D: AsyncFileReader 4 9
[   128.07 ] D: AsyncFileReader 0 10
[   129.55 ] D: AsyncFileReader 1 11
[   131.04 ] D: AsyncFileReader 2 12
[   132.52 ] D: AsyncFileReader 3 13
[   134.01 ] D: AsyncFileReader 4 14
[   135.50 ] D: AsyncFileReader 0 15
[   136.99 ] D: AsyncFileReader 1 16
[   138.47 ] D: AsyncFileReader 2 17
[   139.96 ] D: AsyncFileReader 3 18
[   141.45 ] D: AsyncFileReader 4 19
[   142.93 ] D: AsyncFileReader 0 20
[   144.42 ] D: AsyncFileReader 1 21
[   145.90 ] D: AsyncFileReader 2 22
[   147.39 ] D: AsyncFileReader 3 23
[   148.88 ] D: AsyncFileReader 4 24
[   149.31 ] D: _requestForLoading false false
[   149.31 ] D: _requestForLoading2
[   149.31 ] D: _numberOfSampleBuffer 1
[   149.31 ] D: START TO load 0
[   149.31 ] D: sltPositionChanged 352800 true
[   149.31 ] D: START TO load 1
[   149.31 ] D: START TO load 2
[   149.31 ] D: START TO load 3
[   149.31 ] D: frame_offset 2 0 217
[   149.31 ] D: frame_offset 2 1 217
[   149.31 ] D: frame_offset 2 2 217
[   149.32 ] D: frame_offset 2 3 217
[   149.32 ] D: frame_offset 2 4 217
[   149.32 ] D: sltFirstBufferFilled ("{7b200c7e-4e7a-4eee-840c-d29036a2fc6f}") "{7b200c7e-4e7a-4eee-840c-d29036a2fc6f}" true
[   149.32 ] D: _requestForLoading true false
[   149.99 ] D: _requestForLoading false false
[   149.99 ] D: _requestForLoading2
[   149.99 ] D: _numberOfSampleBuffer 1
[   149.99 ] D: START TO load 0
[   149.99 ] D: sltPositionChanged 352800 true
[   149.99 ] D: START TO load 1
[   149.99 ] D: START TO load 2
[   149.99 ] D: START TO load 3
[   149.99 ] D: frame_offset 2 0 217
[   150.00 ] D: frame_offset 2 1 217
[   150.00 ] D: frame_offset 2 2 217
[   150.00 ] D: frame_offset 2 3 217
[   150.00 ] D: frame_offset 2 4 217
[   150.01 ] D: sltFirstBufferFilled ("{7b200c7e-4e7a-4eee-840c-d29036a2fc6f}") "{7b200c7e-4e7a-4eee-840c-d29036a2fc6f}" true
[   150.01 ] D: _requestForLoading true false
[   151.46 ] D: AsyncFileReader 2 7
[   152.96 ] D: AsyncFileReader 3 8
[   154.43 ] D: AsyncFileReader 4 9
[   155.92 ] D: AsyncFileReader 0 10
