[     1.27 ] I: Log: Log file open in follow path at 1403/3/3 14:35:46 : C:\Projects\SampleEditor\build2019\debug\Logs\Launch.log
[     1.27 ] I: The subsystem "class DGE::Core::IO::LogSystem::Logger" is registered successfully.
[     1.27 ] I: The subsystem "class DGE::Core::Windows::QtWindow" is registered successfully.
[     1.27 ] D: API version is: 4.60 - Build 31.0.101.4502 ,shader version is: 4.60 - Build 31.0.101.4502
[     1.27 ] I: The subsystem "class DGE::GFX::GCore::QtWrapper::QtRenderer" is registered successfully.
[     1.27 ] I: Current Render API is: 4.60 - Build 31.0.101.4502
[     1.27 ] I: The subsystem "Renderer" is registered successfully.
[     1.27 ] I: The subsystem "class DGE::Core::Platforms::QtPlatform" is registered successfully.
[     1.27 ] I: The subsystem "Platform" is registered successfully.
[     1.27 ] I: The subsystem "class DGE::Core::IO::FileSystem::FileManager" is registered successfully.
[     1.27 ] I: The subsystem "class DGE::Core::CoreModule" is registered successfully.
[     1.27 ] I: The subsystem "class DGE::Core::Profiling::Profiler" is registered successfully.
[     1.27 ] I: The subsystem "class DGE::GFX::DrawablesManager" is registered successfully.
[     1.27 ] I: #version 460 core
#define GLES_Ver 460

[     1.27 ] I: The subsystem "class DGE::GFX::GraphicsManager" is registered successfully.
[     1.27 ] I: The subsystem "class DGE::GFX::GFXModule" is registered successfully.
[     1.27 ] I: The subsystem "class DGE::Scene::ViewportManager" is registered successfully.
[     1.27 ] I: The subsystem "class DGE::Scene::SceneModule" is registered successfully.
[     1.27 ] I: The subsystem "class DGE::Managers::RenderManager" is registered successfully.
[     1.27 ] D: Engine Enabled
[     1.27 ] I: The subsystem "class DGE::Engine" is registered successfully.
[     1.27 ] D: Node with id 1 is added to Qt layer
[     1.27 ] D: Node with id 2457 is added to Qt layer
[     1.27 ] D: Node with id 2459 is added to Qt layer
[     1.27 ] D: Node with id 2461 is added to Qt layer
[     1.27 ] D: Node with id 2463 is added to Qt layer
[     1.27 ] D: Node with id 2465 is added to Qt layer
[     1.27 ] D: Node with id 2467 is added to Qt layer
[     1.27 ] D: Node with id 2469 is added to Qt layer
[     1.27 ] D: Node with id 2471 is added to Qt layer
[     1.27 ] D: Node with id 2473 is added to Qt layer
[     1.28 ] D: Node with id 2475 is added to Qt layer
[     1.28 ] D: Node with id 2477 is added to Qt layer
[     1.28 ] D: Node with id 2479 is added to Qt layer
[     1.28 ] D: Node with id 2481 is added to Qt layer
[     1.28 ] D: Node with id 2483 is added to Qt layer
[     1.28 ] D: Node with id 2484 is added to Qt layer
[     1.28 ] D: Node with id 2486 is added to Qt layer
[     1.28 ] D: Node with id 2488 is added to Qt layer
[     1.28 ] D: Node with id 3 is added to Qt layer
[     1.28 ] D: Node with id 2490 is added to Qt layer
[     1.28 ] S: New view-port registered with id: 1
[     1.28 ] E: Src: D:\QD-27-3dEnvironmentToolbox\EngineLib\Core/System/Context.hpp:47:DGE::Core::System::Context::registerEvent:  A duplicate event with name "nodeAddedToScene" is registered for object "class DGE::Scene::SceneNode_SceneNode1"
[     1.28 ] E: Src: D:\QD-27-3dEnvironmentToolbox\EngineLib\Core/System/Context.hpp:47:DGE::Core::System::Context::registerEvent:  A duplicate event with name "nodeRemovedFromScene" is registered for object "class DGE::Scene::SceneNode_SceneNode1"
[     1.28 ] E: Src: D:\QD-27-3dEnvironmentToolbox\EngineLib\Core/System/Context.hpp:47:DGE::Core::System::Context::registerEvent:  A duplicate event with name "componentAddedToScene" is registered for object "class DGE::Scene::SceneNode_SceneNode1"
[     1.28 ] E: Src: D:\QD-27-3dEnvironmentToolbox\EngineLib\Core/System/Context.hpp:47:DGE::Core::System::Context::registerEvent:  A duplicate event with name "componentRemovedFromScene" is registered for object "class DGE::Scene::SceneNode_SceneNode1"
[     1.29 ] D: Shader Compile successfully.
[     1.29 ] D: Shader Compile successfully.
[     1.29 ] D: Shader Compile successfully.
[     1.29 ] D: Shader Compile successfully.
[     1.29 ] D: Shader Compile successfully.
[     1.29 ] D: Shader Compile successfully.
[     1.29 ] D: Shader Compile successfully.
[     1.30 ] D: Shader Compile successfully.
[     1.30 ] D: Shader Compile successfully.
[     1.30 ] D: Shader Compile successfully.
[     1.30 ] D: Shader Compile successfully.
[     1.30 ] D: Shader Compile successfully.
[     1.30 ] D: Shader Compile successfully.
[     1.30 ] D: Shader Compile successfully.
[     1.30 ] D: Shader Compile successfully.
[     1.31 ] D: Shader Compile successfully.
[     1.31 ] D: Shader Compile successfully.
[     1.33 ] D: Engine Started.
[    10.84 ] D: LambdaFunctionPointerVoidReturnType class `protected: void __cdecl DGE::QtWrapper::QMLScene::QPerspectiveCameraController::commonInitConstructor(void) __ptr64'::`2'::<lambda_1> Is Destroyed
[    10.84 ] D: LambdaFunctionPointerVoidReturnType class `private: void __cdecl DGE::QtWrapper::QMLScene::QThirdPersonController::commonInitConstructor(void) __ptr64'::`2'::<lambda_1> Is Destroyed
[    10.84 ] D: LambdaFunctionPointerVoidReturnType class `protected: void __cdecl DGE::QtWrapper::QMLScene::QPerspectiveCameraController::commonInitConstructor(void) __ptr64'::`2'::<lambda_1> Is Destroyed
[    10.84 ] D: MemberFunctionPointer void (__cdecl DGE::QtWrapper::QMLScene::QComponent3D::*)(void) __ptr64 Is Destroyed
[    10.84 ] D: MemberFunctionPointer void (__cdecl DGE::QtWrapper::QMLScene::QThirdPersonController::*)(class std::shared_ptr<class DGE::Scene::Component>) __ptr64 Is Destroyed
[    10.84 ] D: LambdaFunctionPointerVoidReturnType class `public: __cdecl DGE::QtWrapper::QMLScene::QCameraComponent::QCameraComponent(class DGE::QtWrapper::QMLScene::QNode3D * __ptr64,bool) __ptr64'::`2'::<lambda_1> Is Destroyed
[    10.84 ] D: MemberFunctionPointer void (__cdecl DGE::QtWrapper::QMLScene::QComponent3D::*)(void) __ptr64 Is Destroyed
[    10.84 ] D: LambdaFunctionPointerVoidReturnType class `private: void __cdecl DGE::QtWrapper::QMLScene::QPerspectiveLens::commonInitConstructor(void) __ptr64'::`2'::<lambda_1> Is Destroyed
[    10.84 ] D: LambdaFunctionPointerVoidReturnType class `protected: void __cdecl DGE::QtWrapper::QMLScene::QPerspectiveCameraController::commonInitConstructor(void) __ptr64'::`2'::<lambda_1> Is Destroyed
[    10.84 ] D: LambdaFunctionPointerVoidReturnType class `private: void __cdecl DGE::QtWrapper::QMLScene::QThirdPersonController::commonInitConstructor(void) __ptr64'::`2'::<lambda_1> Is Destroyed
[    10.84 ] D: LambdaFunctionPointerVoidReturnType class `protected: void __cdecl DGE::QtWrapper::QMLScene::QPerspectiveCameraController::commonInitConstructor(void) __ptr64'::`2'::<lambda_1> Is Destroyed
[    10.84 ] D: MemberFunctionPointer void (__cdecl DGE::QtWrapper::QMLScene::QComponent3D::*)(void) __ptr64 Is Destroyed
[    10.85 ] D: MemberFunctionPointer void (__cdecl DGE::QtWrapper::QMLScene::QThirdPersonController::*)(class std::shared_ptr<class DGE::Scene::Component>) __ptr64 Is Destroyed
[    10.85 ] D: LambdaFunctionPointerVoidReturnType class `public: __cdecl DGE::QtWrapper::QMLScene::QCameraComponent::QCameraComponent(class DGE::QtWrapper::QMLScene::QNode3D * __ptr64,bool) __ptr64'::`2'::<lambda_1> Is Destroyed
[    10.85 ] D: MemberFunctionPointer void (__cdecl DGE::QtWrapper::QMLScene::QComponent3D::*)(void) __ptr64 Is Destroyed
[    10.85 ] D: LambdaFunctionPointerVoidReturnType class `private: void __cdecl DGE::QtWrapper::QMLScene::QPerspectiveLens::commonInitConstructor(void) __ptr64'::`2'::<lambda_1> Is Destroyed
[    10.85 ] D: LambdaFunctionPointerVoidReturnType class `protected: void __cdecl DGE::QtWrapper::QMLScene::QPerspectiveCameraController::commonInitConstructor(void) __ptr64'::`2'::<lambda_1> Is Destroyed
[    10.85 ] D: MemberFunctionPointer void (__cdecl DGE::QtWrapper::QMLScene::QComponent3D::*)(void) __ptr64 Is Destroyed
[    10.85 ] D: LambdaFunctionPointerVoidReturnType class `public: __cdecl DGE::QtWrapper::QMLScene::QCameraComponent::QCameraComponent(class DGE::QtWrapper::QMLScene::QNode3D * __ptr64,bool) __ptr64'::`2'::<lambda_1> Is Destroyed
[    10.85 ] D: MemberFunctionPointer void (__cdecl DGE::QtWrapper::QMLScene::QComponent3D::*)(void) __ptr64 Is Destroyed
[    10.85 ] D: LambdaFunctionPointerVoidReturnType class `private: void __cdecl DGE::QtWrapper::QMLScene::QPerspectiveLens::commonInitConstructor(void) __ptr64'::`2'::<lambda_1> Is Destroyed
[    10.85 ] D: LambdaFunctionPointerVoidReturnType class `private: void __cdecl DGE::QtWrapper::QMLScene::QOrthoLens::commonInitConstructor(void) __ptr64'::`2'::<lambda_1> Is Destroyed
[    10.85 ] D: LambdaFunctionPointerVoidReturnType class `public: void __cdecl DGE::QtWrapper::QMLScene::QOrthoLens::bottomInitialize(void) __ptr64'::`5'::<lambda_1> Is Destroyed
[    10.85 ] D: LambdaFunctionPointerVoidReturnType class `public: __cdecl DGE::GFX::OrthoLens::OrthoLens(void) __ptr64'::`2'::<lambda_4> Is Destroyed
[    10.85 ] D: LambdaFunctionPointerVoidReturnType class `public: void __cdecl DGE::QtWrapper::QMLScene::QOrthoLens::topInitialize(void) __ptr64'::`5'::<lambda_1> Is Destroyed
[    10.85 ] D: LambdaFunctionPointerVoidReturnType class `public: __cdecl DGE::GFX::OrthoLens::OrthoLens(void) __ptr64'::`2'::<lambda_3> Is Destroyed
[    10.85 ] D: LambdaFunctionPointerVoidReturnType class `public: void __cdecl DGE::QtWrapper::QMLScene::QOrthoLens::rightInitialize(void) __ptr64'::`5'::<lambda_1> Is Destroyed
[    10.85 ] D: LambdaFunctionPointerVoidReturnType class `public: __cdecl DGE::GFX::OrthoLens::OrthoLens(void) __ptr64'::`2'::<lambda_2> Is Destroyed
[    10.85 ] D: LambdaFunctionPointerVoidReturnType class `public: void __cdecl DGE::QtWrapper::QMLScene::QOrthoLens::leftInitialize(void) __ptr64'::`5'::<lambda_1> Is Destroyed
[    10.85 ] D: LambdaFunctionPointerVoidReturnType class `public: __cdecl DGE::GFX::OrthoLens::OrthoLens(void) __ptr64'::`2'::<lambda_1> Is Destroyed
[    10.85 ] D: LambdaFunctionPointerVoidReturnType class `public: void __cdecl DGE::QtWrapper::QMLScene::QOrthoLens::heightScreenInitialize(void) __ptr64'::`5'::<lambda_1> Is Destroyed
[    10.85 ] D: LambdaFunctionPointerVoidReturnType class `public: __cdecl DGE::GFX::OrthoLens::OrthoLens(void) __ptr64'::`2'::<lambda_6> Is Destroyed
[    10.85 ] D: LambdaFunctionPointerVoidReturnType class `public: void __cdecl DGE::QtWrapper::QMLScene::QOrthoLens::widthScreenInitialize(void) __ptr64'::`5'::<lambda_1> Is Destroyed
[    10.85 ] D: LambdaFunctionPointerVoidReturnType class `public: __cdecl DGE::GFX::OrthoLens::OrthoLens(void) __ptr64'::`2'::<lambda_5> Is Destroyed
[    10.85 ] D: -----Released Scene Module-----
[    10.85 ] D: -----Released GFX Module-----
[    10.86 ] I: Log: Log file closed, 1403/3/3 14:35:56
