[     5.45 ] I: Log: Log file open in follow path at 1403/5/28 22:07:55 : C:\Users\AmirPasha\Desktop\Rpos\DAW-3\build2019\debug\Logs\Launch.log
[     5.45 ] I: The subsystem "class DGE::Core::IO::LogSystem::Logger" is registered successfully.
[     5.45 ] I: The subsystem "class DGE::Core::Windows::QtWindow" is registered successfully.
[     5.45 ] D: API version is: 4.60 ,shader version is: 4.60
[     5.45 ] I: The subsystem "class DGE::GFX::GCore::QtWrapper::QtRenderer" is registered successfully.
[     5.45 ] I: Current Render API is: 4.60
[     5.45 ] I: The subsystem "Renderer" is registered successfully.
[     5.45 ] I: The subsystem "class DGE::Core::Platforms::QtPlatform" is registered successfully.
[     5.45 ] I: The subsystem "Platform" is registered successfully.
[     5.45 ] I: The subsystem "class DGE::Core::IO::FileSystem::FileManager" is registered successfully.
[     5.45 ] I: The subsystem "class DGE::Core::CoreModule" is registered successfully.
[     5.45 ] I: The subsystem "class DGE::Core::Profiling::Profiler" is registered successfully.
[     5.45 ] I: The subsystem "class DGE::GFX::DrawablesManager" is registered successfully.
[     5.45 ] I: #version 460 core
#define GLES_Ver 460

[     5.45 ] I: The subsystem "class DGE::GFX::GraphicsManager" is registered successfully.
[     5.45 ] I: The subsystem "class DGE::GFX::GFXModule" is registered successfully.
[     5.53 ] D: Shader Compile successfully.
[     5.53 ] I: The subsystem "class DGE::Scene::ViewportManager" is registered successfully.
[     5.53 ] I: The subsystem "class DGE::Scene::SceneModule" is registered successfully.
[     5.53 ] I: The subsystem "class DGE::Managers::RenderManager" is registered successfully.
[     5.53 ] D: Engine Enabled
[     5.53 ] I: The subsystem "class DGE::Engine" is registered successfully.
[     5.53 ] D: Node with id 1 is added to Qt layer
[     5.53 ] D: Node with id 2460 is added to Qt layer
[     5.53 ] D: Node with id 2462 is added to Qt layer
[     5.53 ] D: Node with id 2464 is added to Qt layer
[     5.53 ] D: Node with id 2466 is added to Qt layer
[     5.53 ] D: Node with id 2468 is added to Qt layer
[     5.53 ] D: Node with id 2470 is added to Qt layer
[     5.53 ] D: Node with id 2472 is added to Qt layer
[     5.53 ] D: Node with id 2474 is added to Qt layer
[     5.53 ] D: Node with id 2476 is added to Qt layer
[     5.53 ] D: Node with id 2478 is added to Qt layer
[     5.53 ] D: Node with id 2480 is added to Qt layer
[     5.53 ] D: Node with id 2482 is added to Qt layer
[     5.53 ] D: Node with id 2484 is added to Qt layer
[     5.53 ] D: Node with id 2486 is added to Qt layer
[     5.53 ] D: Node with id 2487 is added to Qt layer
[     5.53 ] D: Node with id 2489 is added to Qt layer
[     5.54 ] D: Node with id 2491 is added to Qt layer
[     5.54 ] D: Node with id 3 is added to Qt layer
[     5.54 ] D: Node with id 2493 is added to Qt layer
[     5.54 ] S: New view-port registered with id: 1
[     5.54 ] S: New view-port registered with id: 2
[     5.54 ] S: New view-port registered with id: 3
[     5.54 ] S: New view-port registered with id: 4
[     5.54 ] S: New view-port registered with id: 5
[     5.54 ] S: New view-port registered with id: 6
[     5.64 ] D: Creating suitable QNanoBackend for OpenGL 4.6 context
[     5.64 ] D: Using backend: "OpenGL 3"
[     5.67 ] W: Floating point comparison needs context sanity check
[     5.67 ] D: QT onScaleChanged=  144
[     5.70 ] W: ShaderEffectSource: 'recursive' must be set to true when rendering recursively.
[     5.70 ] W: ShaderEffectSource: 'recursive' must be set to true when rendering recursively.
[     5.72 ] W: ShaderEffectSource: 'recursive' must be set to true when rendering recursively.
[     5.73 ] W: ShaderEffectSource: 'recursive' must be set to true when rendering recursively.
[     5.89 ] D: Engine Started.
[     6.32 ] D: findTrackIndexByPoint 0 QRect(0,0 1707x111) false QPointF(1001,125)
[     6.32 ] D: findTrackIndexByPoint 1 QRect(0,111 1707x111) true QPointF(1001,125)
[     9.32 ] W: qrc:/TrackPanels/Audio/Automation/AutomationDropMenu.qml:239: ReferenceError: scaleSize2 is not defined
[     9.32 ] W: qrc:/TrackPanels/Audio/Automation/AutomationDropMenu.qml:237: ReferenceError: scaleSize2 is not defined
[     9.32 ] W: qrc:/TrackPanels/Audio/Automation/AutomationDropMenu.qml:218: ReferenceError: scaleSize2 is not defined
[     9.32 ] W: qrc:/TrackPanels/Audio/Automation/AutomationDropMenu.qml:199: ReferenceError: scaleSize2 is not defined
[     9.32 ] W: qrc:/TrackPanels/Audio/Automation/AutomationDropMenu.qml:198: ReferenceError: scaleSize2 is not defined
[     9.32 ] W: qrc:/TrackPanels/Audio/Automation/AutomationDropMenu.qml:208: ReferenceError: scaleSize2 is not defined
[     9.32 ] W: qrc:/TrackPanels/Audio/Automation/AutomationDropMenu.qml:204: ReferenceError: scaleSize2 is not defined
[     9.32 ] W: qrc:/TrackPanels/Audio/Automation/AutomationDropMenu.qml:195: ReferenceError: scaleSize2 is not defined
[     9.33 ] W: qrc:/TrackPanels/Audio/Automation/AutomationDropMenu.qml:218: ReferenceError: scaleSize2 is not defined
[     9.33 ] W: qrc:/TrackPanels/Audio/Automation/AutomationDropMenu.qml:199: ReferenceError: scaleSize2 is not defined
[     9.33 ] W: qrc:/TrackPanels/Audio/Automation/AutomationDropMenu.qml:198: ReferenceError: scaleSize2 is not defined
[     9.33 ] W: qrc:/TrackPanels/Audio/Automation/AutomationDropMenu.qml:208: ReferenceError: scaleSize2 is not defined
[     9.33 ] W: qrc:/TrackPanels/Audio/Automation/AutomationDropMenu.qml:204: ReferenceError: scaleSize2 is not defined
[     9.33 ] W: qrc:/TrackPanels/Audio/Automation/AutomationDropMenu.qml:195: ReferenceError: scaleSize2 is not defined
[     9.33 ] W: qrc:/TrackPanels/Audio/Automation/AutomationDropMenu.qml:218: ReferenceError: scaleSize2 is not defined
[     9.33 ] W: qrc:/TrackPanels/Audio/Automation/AutomationDropMenu.qml:199: ReferenceError: scaleSize2 is not defined
[     9.33 ] W: qrc:/TrackPanels/Audio/Automation/AutomationDropMenu.qml:198: ReferenceError: scaleSize2 is not defined
[     9.33 ] W: qrc:/TrackPanels/Audio/Automation/AutomationDropMenu.qml:208: ReferenceError: scaleSize2 is not defined
[     9.33 ] W: qrc:/TrackPanels/Audio/Automation/AutomationDropMenu.qml:204: ReferenceError: scaleSize2 is not defined
[     9.33 ] W: qrc:/TrackPanels/Audio/Automation/AutomationDropMenu.qml:195: ReferenceError: scaleSize2 is not defined
[     9.33 ] W: qrc:/TrackPanels/Audio/Automation/AutomationDropMenu.qml:218: ReferenceError: scaleSize2 is not defined
[     9.33 ] W: qrc:/TrackPanels/Audio/Automation/AutomationDropMenu.qml:199: ReferenceError: scaleSize2 is not defined
[     9.33 ] W: qrc:/TrackPanels/Audio/Automation/AutomationDropMenu.qml:198: ReferenceError: scaleSize2 is not defined
[     9.33 ] W: qrc:/TrackPanels/Audio/Automation/AutomationDropMenu.qml:208: ReferenceError: scaleSize2 is not defined
[     9.33 ] W: qrc:/TrackPanels/Audio/Automation/AutomationDropMenu.qml:204: ReferenceError: scaleSize2 is not defined
[     9.33 ] W: qrc:/TrackPanels/Audio/Automation/AutomationDropMenu.qml:195: ReferenceError: scaleSize2 is not defined
[     9.34 ] W: qrc:/TrackPanels/Audio/Automation/AutomationDropMenu.qml:218: ReferenceError: scaleSize2 is not defined
[     9.34 ] W: qrc:/TrackPanels/Audio/Automation/AutomationDropMenu.qml:199: ReferenceError: scaleSize2 is not defined
[     9.34 ] W: qrc:/TrackPanels/Audio/Automation/AutomationDropMenu.qml:198: ReferenceError: scaleSize2 is not defined
[     9.34 ] W: qrc:/TrackPanels/Audio/Automation/AutomationDropMenu.qml:208: ReferenceError: scaleSize2 is not defined
[     9.34 ] W: qrc:/TrackPanels/Audio/Automation/AutomationDropMenu.qml:204: ReferenceError: scaleSize2 is not defined
[     9.34 ] W: qrc:/TrackPanels/Audio/Automation/AutomationDropMenu.qml:195: ReferenceError: scaleSize2 is not defined
[     9.34 ] W: qrc:/TrackPanels/Audio/Automation/AutomationDropMenu.qml:218: ReferenceError: scaleSize2 is not defined
[     9.34 ] W: qrc:/TrackPanels/Audio/Automation/AutomationDropMenu.qml:199: ReferenceError: scaleSize2 is not defined
[     9.34 ] W: qrc:/TrackPanels/Audio/Automation/AutomationDropMenu.qml:198: ReferenceError: scaleSize2 is not defined
[     9.34 ] W: qrc:/TrackPanels/Audio/Automation/AutomationDropMenu.qml:208: ReferenceError: scaleSize2 is not defined
[     9.34 ] W: qrc:/TrackPanels/Audio/Automation/AutomationDropMenu.qml:204: ReferenceError: scaleSize2 is not defined
[     9.34 ] W: qrc:/TrackPanels/Audio/Automation/AutomationDropMenu.qml:195: ReferenceError: scaleSize2 is not defined
[     9.34 ] W: qrc:/TrackPanels/Audio/Automation/AutomationDropMenu.qml:218: ReferenceError: scaleSize2 is not defined
[     9.34 ] W: qrc:/TrackPanels/Audio/Automation/AutomationDropMenu.qml:199: ReferenceError: scaleSize2 is not defined
[     9.34 ] W: qrc:/TrackPanels/Audio/Automation/AutomationDropMenu.qml:198: ReferenceError: scaleSize2 is not defined
[     9.34 ] W: qrc:/TrackPanels/Audio/Automation/AutomationDropMenu.qml:208: ReferenceError: scaleSize2 is not defined
[     9.34 ] W: qrc:/TrackPanels/Audio/Automation/AutomationDropMenu.qml:204: ReferenceError: scaleSize2 is not defined
[     9.34 ] W: qrc:/TrackPanels/Audio/Automation/AutomationDropMenu.qml:195: ReferenceError: scaleSize2 is not defined
[     9.34 ] W: qrc:/TrackPanels/Audio/Automation/AutomationDropMenu.qml:218: ReferenceError: scaleSize2 is not defined
[     9.34 ] W: qrc:/TrackPanels/Audio/Automation/AutomationDropMenu.qml:199: ReferenceError: scaleSize2 is not defined
[     9.34 ] W: qrc:/TrackPanels/Audio/Automation/AutomationDropMenu.qml:198: ReferenceError: scaleSize2 is not defined
[     9.34 ] W: qrc:/TrackPanels/Audio/Automation/AutomationDropMenu.qml:208: ReferenceError: scaleSize2 is not defined
[     9.34 ] W: qrc:/TrackPanels/Audio/Automation/AutomationDropMenu.qml:204: ReferenceError: scaleSize2 is not defined
[     9.34 ] W: qrc:/TrackPanels/Audio/Automation/AutomationDropMenu.qml:195: ReferenceError: scaleSize2 is not defined
[     9.35 ] W: qrc:/TrackPanels/Audio/Automation/AutomationDropMenu.qml:218: ReferenceError: scaleSize2 is not defined
[     9.35 ] W: qrc:/TrackPanels/Audio/Automation/AutomationDropMenu.qml:199: ReferenceError: scaleSize2 is not defined
[     9.35 ] W: qrc:/TrackPanels/Audio/Automation/AutomationDropMenu.qml:198: ReferenceError: scaleSize2 is not defined
[     9.35 ] W: qrc:/TrackPanels/Audio/Automation/AutomationDropMenu.qml:208: ReferenceError: scaleSize2 is not defined
[     9.35 ] W: qrc:/TrackPanels/Audio/Automation/AutomationDropMenu.qml:204: ReferenceError: scaleSize2 is not defined
[     9.35 ] W: qrc:/TrackPanels/Audio/Automation/AutomationDropMenu.qml:195: ReferenceError: scaleSize2 is not defined
[     9.35 ] W: qrc:/TrackPanels/Audio/Automation/AutomationDropMenu.qml:218: ReferenceError: scaleSize2 is not defined
[     9.35 ] W: qrc:/TrackPanels/Audio/Automation/AutomationDropMenu.qml:199: ReferenceError: scaleSize2 is not defined
[     9.35 ] W: qrc:/TrackPanels/Audio/Automation/AutomationDropMenu.qml:198: ReferenceError: scaleSize2 is not defined
[     9.35 ] W: qrc:/TrackPanels/Audio/Automation/AutomationDropMenu.qml:208: ReferenceError: scaleSize2 is not defined
[     9.35 ] W: qrc:/TrackPanels/Audio/Automation/AutomationDropMenu.qml:204: ReferenceError: scaleSize2 is not defined
[     9.35 ] W: qrc:/TrackPanels/Audio/Automation/AutomationDropMenu.qml:195: ReferenceError: scaleSize2 is not defined
[     9.35 ] W: qrc:/TrackPanels/Audio/Automation/AutomationDropMenu.qml:218: ReferenceError: scaleSize2 is not defined
[     9.35 ] W: qrc:/TrackPanels/Audio/Automation/AutomationDropMenu.qml:199: ReferenceError: scaleSize2 is not defined
[     9.35 ] W: qrc:/TrackPanels/Audio/Automation/AutomationDropMenu.qml:198: ReferenceError: scaleSize2 is not defined
[     9.35 ] W: qrc:/TrackPanels/Audio/Automation/AutomationDropMenu.qml:208: ReferenceError: scaleSize2 is not defined
[     9.35 ] W: qrc:/TrackPanels/Audio/Automation/AutomationDropMenu.qml:204: ReferenceError: scaleSize2 is not defined
[     9.35 ] W: qrc:/TrackPanels/Audio/Automation/AutomationDropMenu.qml:195: ReferenceError: scaleSize2 is not defined
[     9.35 ] W: qrc:/TrackPanels/Audio/Automation/AutomationDropMenu.qml:218: ReferenceError: scaleSize2 is not defined
[     9.35 ] W: qrc:/TrackPanels/Audio/Automation/AutomationDropMenu.qml:199: ReferenceError: scaleSize2 is not defined
[     9.35 ] W: qrc:/TrackPanels/Audio/Automation/AutomationDropMenu.qml:198: ReferenceError: scaleSize2 is not defined
[     9.35 ] W: qrc:/TrackPanels/Audio/Automation/AutomationDropMenu.qml:208: ReferenceError: scaleSize2 is not defined
[     9.35 ] W: qrc:/TrackPanels/Audio/Automation/AutomationDropMenu.qml:204: ReferenceError: scaleSize2 is not defined
[     9.35 ] W: qrc:/TrackPanels/Audio/Automation/AutomationDropMenu.qml:195: ReferenceError: scaleSize2 is not defined
[    20.75 ] D: P1 -356
[    20.75 ] D: P14
[    20.75 ] D: P1 -362
[    20.75 ] D: P14
[    20.75 ] D: P1 -362
[    20.75 ] D: P14
[    20.75 ] W: qrc:/main.qml:663: TypeError: Cannot read property 'contentY' of undefined
[    20.75 ] D: P1 -362
[    20.75 ] D: P14
[    20.76 ] D: P1 -363
[    20.76 ] D: P14
[    20.76 ] W: qrc:/main.qml:663: TypeError: Cannot read property 'contentY' of undefined
[    20.76 ] D: P1 -363
[    20.76 ] D: P14
[    20.76 ] D: P1 -363
[    20.76 ] D: P14
[    20.76 ] D: P1 -364
[    20.76 ] D: P14
[    20.76 ] D: P1 -364
[    20.76 ] D: P14
[    20.77 ] D: P1 -364
[    20.77 ] D: P14
[    20.77 ] W: qrc:/main.qml:663: TypeError: Cannot read property 'contentY' of undefined
[    20.77 ] D: P1 -364
[    20.77 ] D: P14
[    20.78 ] D: P1 -364
[    20.78 ] D: P14
[    20.78 ] D: P1 -364
[    20.78 ] D: P14
[    20.78 ] W: qrc:/main.qml:663: TypeError: Cannot read property 'contentY' of undefined
[    20.78 ] D: P1 -364
[    20.78 ] D: P14
[    20.78 ] D: P1 -364
[    20.78 ] D: P14
[    20.80 ] D: P1 -364
[    20.80 ] D: P14
[    20.80 ] W: qrc:/main.qml:663: TypeError: Cannot read property 'contentY' of undefined
[    20.80 ] D: P1 -364
[    20.80 ] D: P14
[    20.80 ] D: P1 -363
[    20.80 ] D: P14
[    20.80 ] D: P1 -363
[    20.80 ] D: P14
[    20.80 ] D: P1 -363
[    20.80 ] D: P14
[    20.81 ] D: P1 -363
[    20.81 ] D: P14
[    20.82 ] D: P1 -363
[    20.82 ] D: P14
[    20.82 ] W: qrc:/main.qml:663: TypeError: Cannot read property 'contentY' of undefined
[    20.82 ] D: P1 -363
[    20.82 ] D: P14
[    20.82 ] W: qrc:/main.qml:663: TypeError: Cannot read property 'contentY' of undefined
[    20.82 ] D: P1 -363
[    20.82 ] D: P14
[    20.83 ] D: P1 -363
[    20.83 ] D: P14
[    20.83 ] W: qrc:/main.qml:663: TypeError: Cannot read property 'contentY' of undefined
[    20.83 ] D: P1 -363
[    20.83 ] D: P14
[    20.83 ] D: P1 -363
[    20.83 ] D: P14
[    20.85 ] D: P1 -363
[    20.85 ] D: P14
[    20.85 ] D: P1 -363
[    20.85 ] D: P14
[    20.85 ] D: P1 -363
[    20.85 ] D: P14
[    20.85 ] W: qrc:/main.qml:663: TypeError: Cannot read property 'contentY' of undefined
[    20.85 ] D: P1 -363
[    20.85 ] D: P14
[    20.86 ] W: qrc:/main.qml:663: TypeError: Cannot read property 'contentY' of undefined
[    20.86 ] D: P1 -363
[    20.86 ] D: P14
[    20.86 ] D: P1 -363
[    20.86 ] D: P14
[    20.87 ] W: qrc:/main.qml:663: TypeError: Cannot read property 'contentY' of undefined
[    20.88 ] D: P1 -363
[    20.88 ] D: P14
[    20.88 ] W: qrc:/main.qml:663: TypeError: Cannot read property 'contentY' of undefined
[    20.88 ] D: P1 -363
[    20.88 ] D: P14
[    20.89 ] D: P1 -363
[    20.89 ] D: P14
[    20.90 ] D: P1 -363
[    20.90 ] D: P14
[    20.90 ] D: P1 -363
[    20.90 ] D: P14
[    20.90 ] D: P1 -363
[    20.90 ] D: P14
[    20.90 ] D: P1 -363
[    20.90 ] D: P14
[    20.90 ] W: qrc:/main.qml:663: TypeError: Cannot read property 'contentY' of undefined
[    20.91 ] D: P1 -363
[    20.91 ] D: P14
[    20.91 ] W: qrc:/main.qml:663: TypeError: Cannot read property 'contentY' of undefined
[    20.92 ] D: P1 -362
[    20.92 ] D: P14
[    20.92 ] D: P1 -362
[    20.92 ] D: P14
[    20.92 ] D: P1 -361
[    20.92 ] D: P14
[    20.92 ] W: qrc:/main.qml:663: TypeError: Cannot read property 'contentY' of undefined
[    20.92 ] D: P1 -361
[    20.92 ] D: P14
[    20.93 ] D: P1 -359
[    20.93 ] D: P14
[    20.93 ] D: P1 -358
[    20.93 ] D: P14
[    20.93 ] D: P1 -358
[    20.93 ] D: P14
[    20.93 ] W: qrc:/main.qml:663: TypeError: Cannot read property 'contentY' of undefined
[    20.93 ] D: P1 -357
[    20.93 ] D: P14
[    20.95 ] D: P1 -356
[    20.95 ] D: P14
[    20.95 ] W: qrc:/main.qml:663: TypeError: Cannot read property 'contentY' of undefined
[    20.95 ] D: P1 -353
[    20.95 ] D: P14
[    20.95 ] D: P1 -353
[    20.95 ] D: P14
[    20.95 ] D: P1 -352
[    20.95 ] D: P14
[    20.95 ] D: P1 -351
[    20.95 ] D: P14
[    20.96 ] D: P1 -350
[    20.96 ] D: P14
[    20.97 ] D: P1 -346
[    20.97 ] D: P14
[    20.97 ] D: P1 -345
[    20.97 ] D: P14
[    20.97 ] W: qrc:/main.qml:663: TypeError: Cannot read property 'contentY' of undefined
[    20.97 ] D: P1 -344
[    20.97 ] D: P14
[    20.97 ] D: P1 -342
[    20.97 ] D: P14
[    20.98 ] D: P1 -342
[    20.98 ] D: P14
[    20.98 ] W: qrc:/main.qml:663: TypeError: Cannot read property 'contentY' of undefined
[    20.98 ] D: P1 -336
[    20.98 ] D: P14
[    20.98 ] D: P1 -336
[    20.98 ] D: P14
[    20.99 ] D: P1 -335
[    20.99 ] D: P14
[    21.00 ] D: P1 -334
[    21.00 ] D: P14
[    21.00 ] D: P1 -331
[    21.00 ] D: P14
[    21.00 ] D: P1 -331
[    21.00 ] D: P14
[    21.00 ] W: qrc:/main.qml:663: TypeError: Cannot read property 'contentY' of undefined
[    21.00 ] D: P1 -330
[    21.00 ] D: P14
[    21.00 ] D: P1 -330
[    21.00 ] D: P14
[    21.01 ] D: P1 -329
[    21.01 ] D: P1 -329
[    21.02 ] D: P1 -328
[    21.02 ] D: P1 -328
[    21.03 ] D: P1 -327
[    21.03 ] D: P1 -326
[    21.03 ] D: P1 -325
[    21.03 ] D: P1 -325
[    21.05 ] D: P1 -325
[    21.05 ] D: P1 -323
[    21.05 ] D: P1 -322
[    21.05 ] D: P1 -322
[    21.06 ] D: P1 -322
[    21.07 ] D: P1 -320
[    21.07 ] D: P1 -320
[    21.07 ] D: P1 -319
[    21.08 ] D: P1 -319
[    21.08 ] D: P1 -318
[    21.08 ] D: P1 -318
[    21.10 ] D: P1 -317
[    21.10 ] D: P1 -317
[    21.10 ] D: P1 -316
[    21.11 ] D: P1 -316
[    21.43 ] D: sltPositionChanged 396900
[    21.43 ] D: frame_offset 0 0 10
[    21.43 ] D: findOverlayItems 1 1
[    21.43 ] D: "{955759da-ec55-4760-bb59-bda4f11c0513}" i.value()->sampleClip()->startTime()  9000 24483.9 24483.9 9000
[    21.43 ] D: findOverlayItems
[    21.43 ] D: sltPositionChanged 396900
[    21.43 ] D: frame_offset 0 0 10
[    21.43 ] D: frame_offset 0 1 10
[    21.43 ] D: frame_offset 0 2 10
[    21.43 ] D: frame_offset 0 3 10
[    21.44 ] D: frame_offset 0 4 10
[    22.03 ] D: findTrackIndexByPoint 0 QRect(0,0 1707x111) false QPointF(166,171)
[    22.03 ] D: findTrackIndexByPoint 1 QRect(0,111 1707x111) true QPointF(166,171)
[    22.03 ] D: setMultiEq
[    22.73 ] D: findTrackIndexByPoint 0 QRect(0,0 1707x111) false QPointF(161,190)
[    22.73 ] D: findTrackIndexByPoint 1 QRect(0,111 1707x111) true QPointF(161,190)
[    22.73 ] D: setMultiEq
[    23.49 ] D: _requestForLoading false false
[    23.49 ] D: _requestForLoading2
[    23.49 ] D: _numberOfSampleBuffer 1
[    23.49 ] D: START TO load 0
[    23.49 ] D: START TO load 1
[    23.49 ] D: sltPositionChanged 396900 true
[    23.49 ] D: START TO load 2
[    23.49 ] D: START TO load 3
[    23.49 ] D: frame_offset 0 0 10
[    23.50 ] D: frame_offset 0 1 10
[    23.50 ] D: frame_offset 0 2 10
[    23.50 ] D: frame_offset 0 3 10
[    23.50 ] D: frame_offset 0 4 10
[    23.50 ] D: sltFirstBufferFilled ("{955759da-ec55-4760-bb59-bda4f11c0513}") "{955759da-ec55-4760-bb59-bda4f11c0513}" true
[    23.51 ] D: _requestForLoading true false
[    27.03 ] D: _requestForLoading false false
[    27.03 ] D: _requestForLoading2
[    27.03 ] D: _numberOfSampleBuffer 1
[    27.03 ] D: START TO load 0
[    27.03 ] D: START TO load 1
[    27.03 ] D: sltPositionChanged 396900 true
[    27.03 ] D: START TO load 2
[    27.03 ] D: START TO load 3
[    27.03 ] D: frame_offset 0 0 10
[    27.03 ] D: frame_offset 0 1 10
[    27.03 ] D: frame_offset 0 2 10
[    27.04 ] D: frame_offset 0 3 10
[    27.04 ] D: frame_offset 0 4 10
[    27.05 ] D: sltFirstBufferFilled ("{955759da-ec55-4760-bb59-bda4f11c0513}") "{955759da-ec55-4760-bb59-bda4f11c0513}" true
[    27.05 ] D: _requestForLoading true false
[    28.96 ] D: findTrackIndexByPoint 0 QRect(0,0 1707x111) false QPointF(154,179)
[    28.96 ] D: findTrackIndexByPoint 1 QRect(0,111 1707x111) true QPointF(154,179)
[    28.97 ] D: setMultiEq
[    29.73 ] D: _requestForLoading false false
[    29.73 ] D: _requestForLoading2
[    29.73 ] D: _numberOfSampleBuffer 1
[    29.73 ] D: START TO load 0
[    29.73 ] D: START TO load 1
[    29.73 ] D: sltPositionChanged 396900 true
[    29.73 ] D: START TO load 2
[    29.73 ] D: START TO load 3
[    29.73 ] D: frame_offset 0 0 10
[    29.74 ] D: frame_offset 0 1 10
[    29.74 ] D: frame_offset 0 2 10
[    29.74 ] D: frame_offset 0 3 10
[    29.74 ] D: frame_offset 0 4 10
[    29.75 ] D: sltFirstBufferFilled ("{955759da-ec55-4760-bb59-bda4f11c0513}") "{955759da-ec55-4760-bb59-bda4f11c0513}" true
[    29.75 ] D: _requestForLoading true false
[    38.99 ] D: findTrackIndexByPoint 0 QRect(0,0 1707x111) false QPointF(159,160)
[    38.99 ] D: findTrackIndexByPoint 1 QRect(0,111 1707x111) true QPointF(159,160)
[    38.99 ] D: setMultiEq
[    39.50 ] D: _requestForLoading false false
[    39.50 ] D: _requestForLoading2
[    39.50 ] D: _numberOfSampleBuffer 1
[    39.50 ] D: START TO load 0
[    39.50 ] D: START TO load 1
[    39.50 ] D: sltPositionChanged 396900 true
[    39.50 ] D: START TO load 2
[    39.50 ] D: START TO load 3
[    39.50 ] D: frame_offset 0 0 10
[    39.50 ] D: frame_offset 0 1 10
[    39.51 ] D: frame_offset 0 2 10
[    39.51 ] D: frame_offset 0 3 10
[    39.51 ] D: frame_offset 0 4 10
[    39.52 ] D: sltFirstBufferFilled ("{955759da-ec55-4760-bb59-bda4f11c0513}") "{955759da-ec55-4760-bb59-bda4f11c0513}" true
[    39.52 ] D: _requestForLoading true false
[    40.62 ] W: qrc:/Items/CustomRectangle.qml:56: TypeError: Cannot read property 'color' of null
[    40.62 ] W: qrc:/Items/CustomRectangle.qml:56: TypeError: Cannot read property 'color' of null
[    40.62 ] W: qrc:/Items/CustomRectangle.qml:56: TypeError: Cannot read property 'color' of null
[    40.62 ] W: qrc:/Items/CustomRectangle.qml:56: TypeError: Cannot read property 'color' of null
[    44.81 ] D: findTrackIndexByPoint 0 QRect(0,0 1707x111) false QPointF(202,184)
[    44.81 ] D: findTrackIndexByPoint 1 QRect(0,111 1707x111) true QPointF(202,184)
[    44.81 ] D: setMultiEq
[    45.28 ] D: _requestForLoading false false
[    45.28 ] D: _requestForLoading2
[    45.29 ] D: _numberOfSampleBuffer 1
[    45.29 ] D: START TO load 0
[    45.29 ] D: START TO load 1
[    45.29 ] D: sltPositionChanged 485100 true
[    45.29 ] D: START TO load 2
[    45.29 ] D: START TO load 3
[    45.29 ] D: frame_offset 1 0 10
[    45.29 ] D: frame_offset 1 1 10
[    45.29 ] D: frame_offset 1 2 10
[    45.29 ] D: frame_offset 1 3 10
[    45.29 ] D: frame_offset 1 4 10
[    45.30 ] D: sltFirstBufferFilled ("{955759da-ec55-4760-bb59-bda4f11c0513}") "{955759da-ec55-4760-bb59-bda4f11c0513}" true
[    45.30 ] D: _requestForLoading true false
[    46.28 ] D: AsyncFileReader 1 6
[    47.76 ] D: AsyncFileReader 2 7
[    60.21 ] D: findTrackIndexByPoint 0 QRect(0,0 1707x111) false QPointF(184,187)
[    60.21 ] D: findTrackIndexByPoint 1 QRect(0,111 1707x111) true QPointF(184,187)
[    60.21 ] D: setMultiEq
[    60.63 ] D: _requestForLoading false false
[    60.63 ] D: _requestForLoading2
[    60.63 ] D: _numberOfSampleBuffer 1
[    60.63 ] D: START TO load 0
[    60.63 ] D: START TO load 1
[    60.63 ] D: sltPositionChanged 441000 true
[    60.63 ] D: START TO load 2
[    60.63 ] D: START TO load 3
[    60.63 ] D: frame_offset 0 0 10
[    60.63 ] D: frame_offset 0 1 10
[    60.64 ] D: frame_offset 0 2 10
[    60.64 ] D: frame_offset 0 3 10
[    60.64 ] D: frame_offset 0 4 10
[    60.64 ] D: sltFirstBufferFilled ("{955759da-ec55-4760-bb59-bda4f11c0513}") "{955759da-ec55-4760-bb59-bda4f11c0513}" true
[    60.64 ] D: _requestForLoading true false
[    61.13 ] D: AsyncFileReader 0 5
[    62.63 ] D: AsyncFileReader 1 6
[   142.06 ] D: findTrackIndexByPoint 0 QRect(0,0 1707x111) false QPointF(183,168)
[   142.06 ] D: findTrackIndexByPoint 1 QRect(0,111 1707x111) true QPointF(183,168)
[   142.06 ] D: setMultiEq
[   142.60 ] D: _requestForLoading false false
[   142.60 ] D: _requestForLoading2
[   142.60 ] D: _numberOfSampleBuffer 1
[   142.60 ] D: START TO load 0
[   142.60 ] D: START TO load 1
[   142.60 ] D: sltPositionChanged 441000 true
[   142.60 ] D: START TO load 2
[   142.60 ] D: START TO load 3
[   142.60 ] D: frame_offset 0 0 10
[   142.60 ] D: frame_offset 0 1 10
[   142.60 ] D: frame_offset 0 2 10
[   142.60 ] D: frame_offset 0 3 10
[   142.61 ] D: frame_offset 0 4 10
[   142.61 ] D: sltFirstBufferFilled ("{955759da-ec55-4760-bb59-bda4f11c0513}") "{955759da-ec55-4760-bb59-bda4f11c0513}" true
[   142.61 ] D: _requestForLoading true false
[   143.09 ] D: AsyncFileReader 0 5
[   149.93 ] D: _requestForLoading false false
[   149.93 ] D: _requestForLoading2
[   149.93 ] D: _numberOfSampleBuffer 1
[   149.93 ] D: START TO load 0
[   149.93 ] D: START TO load 1
[   149.93 ] D: sltPositionChanged 441000 true
[   149.93 ] D: START TO load 2
[   149.93 ] D: START TO load 3
[   149.93 ] D: frame_offset 0 0 10
[   149.93 ] D: frame_offset 0 1 10
[   149.93 ] D: frame_offset 0 2 10
[   149.93 ] D: frame_offset 0 3 10
[   149.94 ] D: frame_offset 0 4 10
[   149.94 ] D: sltFirstBufferFilled ("{955759da-ec55-4760-bb59-bda4f11c0513}") "{955759da-ec55-4760-bb59-bda4f11c0513}" true
[   149.94 ] D: _requestForLoading true false
[   150.42 ] D: AsyncFileReader 0 5
[   151.92 ] D: AsyncFileReader 1 6
[   153.40 ] D: AsyncFileReader 2 7
[   162.02 ] D: findTrackIndexByPoint 0 QRect(0,0 1707x111) false QPointF(790,184)
[   162.02 ] D: findTrackIndexByPoint 1 QRect(0,111 1707x111) true QPointF(790,184)
[   162.02 ] D: setMultiEq
[   169.88 ] D: findTrackIndexByPoint 0 QRect(0,0 1707x111) false QPointF(202,192)
[   169.88 ] D: findTrackIndexByPoint 1 QRect(0,111 1707x111) true QPointF(202,192)
[   169.88 ] D: setMultiEq
[   170.31 ] D: _requestForLoading false false
[   170.31 ] D: _requestForLoading2
[   170.31 ] D: _numberOfSampleBuffer 1
[   170.31 ] D: START TO load 0
[   170.31 ] D: START TO load 1
[   170.31 ] D: sltPositionChanged 485100 true
[   170.31 ] D: START TO load 2
[   170.31 ] D: START TO load 3
[   170.31 ] D: frame_offset 1 0 10
[   170.31 ] D: frame_offset 1 1 10
[   170.32 ] D: frame_offset 1 2 10
[   170.32 ] D: frame_offset 1 3 10
[   170.32 ] D: frame_offset 1 4 10
[   170.33 ] D: sltFirstBufferFilled ("{955759da-ec55-4760-bb59-bda4f11c0513}") "{955759da-ec55-4760-bb59-bda4f11c0513}" true
[   170.33 ] D: _requestForLoading true false
[   171.30 ] D: AsyncFileReader 1 6
[   176.45 ] D: findTrackIndexByPoint 0 QRect(0,0 1707x111) false QPointF(199,191)
[   176.45 ] D: findTrackIndexByPoint 1 QRect(0,111 1707x111) true QPointF(199,191)
[   176.45 ] D: setMultiEq
[   177.04 ] D: _requestForLoading false false
[   177.04 ] D: _requestForLoading2
[   177.04 ] D: _numberOfSampleBuffer 1
[   177.04 ] D: START TO load 0
[   177.04 ] D: START TO load 1
[   177.04 ] D: sltPositionChanged 485100 true
[   177.04 ] D: START TO load 2
[   177.04 ] D: START TO load 3
[   177.04 ] D: frame_offset 1 0 10
[   177.04 ] D: frame_offset 1 1 10
[   177.04 ] D: frame_offset 1 2 10
[   177.04 ] D: frame_offset 1 3 10
[   177.05 ] D: frame_offset 1 4 10
[   177.05 ] D: sltFirstBufferFilled ("{955759da-ec55-4760-bb59-bda4f11c0513}") "{955759da-ec55-4760-bb59-bda4f11c0513}" true
[   177.05 ] D: _requestForLoading true false
[   178.02 ] D: AsyncFileReader 1 6
[   399.20 ] W: qrc:/TrackPanels/Audio/Automation/Automation.qml:0: ReferenceError: theme is not defined
[   399.22 ] D: p1 QRect(0,27 1707x81) -4.67861e+10 -1.03969e+07 -842150451
[   399.57 ] D: p1 QRect(0,27 1707x81) 611.111 1.23457 127
[   399.59 ] D: p1 QRect(0,27 1707x81) 2611.11 0.950617 104
[   399.60 ] D: p1 QRect(0,27 1707x81) 4222.22 0.703704 84
[   399.62 ] D: p1 QRect(0,27 1707x81) 5333.33 0.567901 73
[   399.62 ] D: p2 QRect(0,27 1707x81) 5333.33 0.567901
[   399.64 ] D: p1 QRect(0,27 1707x81) 5777.78 0.518519 69
[   399.64 ] D: p2 QRect(0,27 1707x81) 5777.78 0.518519
[   399.65 ] D: p1 QRect(0,27 1707x81) 5833.33 0.518519 69
[   399.65 ] D: p2 QRect(0,27 1707x81) 5833.33 0.518519
[   399.79 ] D: p1 QRect(0,27 1707x81) 5944.44 0.518519 69
[   399.79 ] D: p2 QRect(0,27 1707x81) 5944.44 0.518519
[   399.80 ] D: p1 QRect(0,27 1707x81) 6000 0.518519 69
[   399.80 ] D: p2 QRect(0,27 1707x81) 6000 0.518519
[   399.82 ] D: p1 QRect(0,27 1707x81) 6111.11 0.555556 72
[   399.82 ] D: p2 QRect(0,27 1707x81) 6111.11 0.555556
[   399.84 ] D: p1 QRect(0,27 1707x81) 6277.78 0.592593 75
[   399.84 ] D: p2 QRect(0,27 1707x81) 6277.78 0.592593
[   399.85 ] D: p1 QRect(0,27 1707x81) 6388.89 0.604938 76
[   399.87 ] D: p1 QRect(0,27 1707x81) 6444.44 0.617284 77
[   400.02 ] D: p1 QRect(0,27 1707x81) 6500 0.617284 77
[   400.04 ] D: p1 QRect(0,27 1707x81) 6555.56 0.604938 76
[   400.09 ] D: p1 QRect(0,27 1707x81) 6555.56 0.592593 75
[   400.09 ] D: p2 QRect(0,27 1707x81) 6555.56 0.592593
[   400.22 ] D: p1 QRect(0,27 1707x81) 6611.11 0.592593 75
[   400.22 ] D: p2 QRect(0,27 1707x81) 6611.11 0.592593
[   400.24 ] D: p1 QRect(0,27 1707x81) 6666.67 0.567901 73
[   400.24 ] D: p2 QRect(0,27 1707x81) 6666.67 0.567901
[   400.25 ] D: p1 QRect(0,27 1707x81) 6666.67 0.555556 72
[   400.25 ] D: p2 QRect(0,27 1707x81) 6666.67 0.555556
[   400.27 ] D: p1 QRect(0,27 1707x81) 6777.78 0.54321 71
[   400.27 ] D: p2 QRect(0,27 1707x81) 6777.78 0.54321
[   400.29 ] D: p1 QRect(0,27 1707x81) 6833.33 0.518519 69
[   400.29 ] D: p2 QRect(0,27 1707x81) 6833.33 0.518519
[   400.30 ] D: p1 QRect(0,27 1707x81) 6888.89 0.518519 69
[   400.30 ] D: p2 QRect(0,27 1707x81) 6888.89 0.518519
[   400.43 ] D: findTrackIndexByPoint 0 QRect(0,0 1707x111) true QPointF(124,69)
[   400.44 ] D: p1 QRect(0,27 1707x81) 6888.89 0.518519 69
[   400.44 ] D: p2 QRect(0,27 1707x81) 6888.89 0.518519
[   400.50 ] D: p1 QRect(0,27 1707x81) 6888.89 0.518519 69
[   400.50 ] D: p1 QRect(0,27 1707x81) 6888.89 0.518519 69
[   400.50 ] D: p2 QRect(0,27 1707x81) 6888.89 0.518519
[   400.59 ] D: p1 QRect(0,27 1707x81) 6944.44 0.518519 69
[   400.59 ] D: p1 QRect(0,27 1707x81) 6944.44 0.518519 69
[   400.59 ] D: p2 QRect(0,27 1707x81) 6944.44 0.518519
[   400.60 ] D: p1 QRect(0,27 1707x81) 7111.11 0.518519 69
[   400.60 ] D: p1 QRect(0,27 1707x81) 7111.11 0.518519 69
[   400.60 ] D: p2 QRect(0,27 1707x81) 7111.11 0.518519
[   400.62 ] D: p1 QRect(0,27 1707x81) 7444.44 0.518519 69
[   400.62 ] D: p1 QRect(0,27 1707x81) 7444.44 0.518519 69
[   400.62 ] D: p2 QRect(0,27 1707x81) 7444.44 0.518519
[   400.64 ] D: p1 QRect(0,27 1707x81) 8166.67 0.530864 70
[   400.64 ] D: p1 QRect(0,27 1707x81) 8166.67 0.530864 70
[   400.64 ] D: p2 QRect(0,27 1707x81) 8166.67 0.530864
[   400.65 ] D: p1 QRect(0,27 1707x81) 8833.33 0.555556 72
[   400.65 ] D: p1 QRect(0,27 1707x81) 8833.33 0.555556 72
[   400.65 ] D: p2 QRect(0,27 1707x81) 8833.33 0.555556
[   400.67 ] D: p1 QRect(0,27 1707x81) 9277.78 0.567901 73
[   400.67 ] D: p1 QRect(0,27 1707x81) 9277.78 0.567901 73
[   400.67 ] D: p2 QRect(0,27 1707x81) 9277.78 0.567901
[   400.69 ] D: p1 QRect(0,27 1707x81) 9666.67 0.580247 74
[   400.69 ] D: p1 QRect(0,27 1707x81) 9777.78 0.580247 74
[   400.69 ] D: p2 QRect(0,27 1707x81) 9777.78 0.580247
[   400.70 ] D: p1 QRect(0,27 1707x81) 9777.78 0.580247 74
[   400.70 ] D: p1 QRect(0,27 1707x81) 9777.78 0.580247 74
[   400.70 ] D: p2 QRect(0,27 1707x81) 9777.78 0.580247
[   400.72 ] D: p1 QRect(0,27 1707x81) 9888.89 0.580247 74
[   400.72 ] D: p1 QRect(0,27 1707x81) 9888.89 0.580247 74
[   400.72 ] D: p2 QRect(0,27 1707x81) 9888.89 0.580247
[   400.86 ] D: p1 QRect(0,27 1707x81) 9944.44 0.580247 74
[   400.86 ] D: p1 QRect(0,27 1707x81) 9944.44 0.580247 74
[   400.86 ] D: p2 QRect(0,27 1707x81) 9944.44 0.580247
[   400.87 ] D: p1 QRect(0,27 1707x81) 10000 0.580247 74
[   400.87 ] D: p1 QRect(0,27 1707x81) 10000 0.580247 74
[   400.87 ] D: p2 QRect(0,27 1707x81) 10000 0.580247
[   400.95 ] D: findTrackIndexByPoint 0 QRect(0,0 1707x111) true QPointF(180,74)
[   400.97 ] D: p1 QRect(0,27 1707x81) 10000 0.580247 74
[   400.97 ] D: p1 QRect(0,27 1707x81) 10000 0.580247 74
[   400.97 ] D: p2 QRect(0,27 1707x81) 10000 0.580247
[   401.03 ] D: _automationChanging false
[   401.03 ] D: mouseMove2
[   401.04 ] D: p1 QRect(0,27 1707x81) 10000 0.580247 74
[   401.04 ] D: p1 QRect(0,27 1707x81) 10000 0.580247 74
[   401.04 ] D: _automationChanging false
[   401.04 ] D: p2 QRect(0,27 1707x81) 10000 0.580247
[   401.04 ] D: mouseMove2
[   401.04 ] D: _automationChanging false
[   401.04 ] D: mouseMove2
[   401.04 ] D: _automationChanging false
[   401.04 ] D: mouseMove2
[   401.05 ] D: _automationChanging false
[   401.05 ] D: mouseMove2
[   401.05 ] D: p1 QRect(0,27 1707x81) 10000 0.580247 74
[   401.05 ] D: p1 QRect(0,27 1707x81) 10000 0.580247 74
[   401.05 ] D: p2 QRect(0,27 1707x81) 10000 0.580247
[   401.05 ] D: _automationChanging false
[   401.05 ] D: mouseMove2
[   401.07 ] D: p1 QRect(0,27 1707x81) 10000 0.580247 74
[   401.07 ] D: p1 QRect(0,27 1707x81) 10000 0.580247 74
[   401.07 ] D: p2 QRect(0,27 1707x81) 10000 0.580247
[   401.07 ] D: _automationChanging false
[   401.07 ] D: mouseMove2
[   401.07 ] D: _automationChanging false
[   401.07 ] D: mouseMove2
[   401.09 ] D: p1 QRect(0,27 1707x81) 10000 0.580247 74
[   401.09 ] D: p1 QRect(0,27 1707x81) 10000 0.580247 74
[   401.09 ] D: _automationChanging false
[   401.09 ] D: p2 QRect(0,27 1707x81) 10000 0.580247
[   401.09 ] D: mouseMove2
[   401.09 ] D: _automationChanging false
[   401.09 ] D: mouseMove2
[   401.09 ] D: _automationChanging false
[   401.09 ] D: mouseMove2
[   401.10 ] D: p1 QRect(0,27 1707x81) 10000 0.580247 74
[   401.10 ] D: p1 QRect(0,27 1707x81) 10000 0.580247 74
[   401.10 ] D: p2 QRect(0,27 1707x81) 10000 0.580247
[   401.10 ] D: _automationChanging false
[   401.10 ] D: mouseMove2
[   401.10 ] D: _automationChanging false
[   401.10 ] D: mouseMove2
[   401.12 ] D: p1 QRect(0,27 1707x81) 10000 0.580247 74
[   401.12 ] D: p1 QRect(0,27 1707x81) 10000 0.580247 74
[   401.12 ] D: _automationChanging false
[   401.12 ] D: p2 QRect(0,27 1707x81) 10000 0.580247
[   401.12 ] D: mouseMove2
[   401.12 ] D: _automationChanging false
[   401.12 ] D: mouseMove2
[   401.12 ] D: _automationChanging false
[   401.12 ] D: mouseMove2
[   401.14 ] D: p1 QRect(0,27 1707x81) 10000 0.580247 74
[   401.14 ] D: p1 QRect(0,27 1707x81) 10000 0.580247 74
[   401.14 ] D: p2 QRect(0,27 1707x81) 10000 0.580247
[   401.14 ] D: _automationChanging false
[   401.14 ] D: mouseMove2
[   401.15 ] D: p1 QRect(0,27 1707x81) 10000 0.580247 74
[   401.15 ] D: p1 QRect(0,27 1707x81) 10000 0.580247 74
[   401.15 ] D: _automationChanging false
[   401.15 ] D: p2 QRect(0,27 1707x81) 10000 0.580247
[   401.15 ] D: mouseMove2
[   401.17 ] D: p1 QRect(0,27 1707x81) 10000 0.580247 74
[   401.17 ] D: p1 QRect(0,27 1707x81) 10000 0.580247 74
[   401.17 ] D: p2 QRect(0,27 1707x81) 10000 0.580247
[   401.17 ] D: _automationChanging false
[   401.17 ] D: mouseMove2
[   401.19 ] D: _automationChanging false
[   401.19 ] D: mouseMove2
[   401.19 ] D: p1 QRect(0,27 1707x81) 10000 0.580247 74
[   401.19 ] D: p1 QRect(0,27 1707x81) 10000 0.580247 74
[   401.19 ] D: p2 QRect(0,27 1707x81) 10000 0.580247
[   401.20 ] D: p1 QRect(0,27 1707x81) 10000 0.580247 74
[   401.20 ] D: p1 QRect(0,27 1707x81) 10000 0.580247 74
[   401.20 ] D: _automationChanging false
[   401.20 ] D: p2 QRect(0,27 1707x81) 10000 0.580247
[   401.20 ] D: mouseMove2
[   401.22 ] D: p1 QRect(0,27 1707x81) 10000 0.580247 74
[   401.22 ] D: p1 QRect(0,27 1707x81) 10000 0.580247 74
[   401.22 ] D: _automationChanging false
[   401.22 ] D: p2 QRect(0,27 1707x81) 10000 0.580247
[   401.22 ] D: mouseMove2
[   401.24 ] D: p1 QRect(0,27 1707x81) 10000 0.580247 74
[   401.24 ] D: p1 QRect(0,27 1707x81) 10000 0.580247 74
[   401.24 ] D: _automationChanging false
[   401.24 ] D: p2 QRect(0,27 1707x81) 10000 0.580247
[   401.24 ] D: mouseMove2
[   401.25 ] D: p1 QRect(0,27 1707x81) 10000 0.580247 74
[   401.25 ] D: _automationChanging false
[   401.25 ] D: p1 QRect(0,27 1707x81) 10000 0.580247 74
[   401.25 ] D: mouseMove2
[   401.25 ] D: p2 QRect(0,27 1707x81) 10000 0.580247
[   401.26 ] D: _automationChanging false
[   401.26 ] D: mouseMove2
[   401.27 ] D: _automationChanging false
[   401.27 ] D: mouseMove2
[   401.27 ] D: _automationChanging false
[   401.27 ] D: mouseMove2
[   401.30 ] D: _automationChanging false
[   401.30 ] D: mouseMove2
[   401.31 ] D: _automationChanging false
[   401.31 ] D: mouseMove2
[   401.34 ] D: _automationChanging false
[   401.34 ] D: mouseMove2
[   401.35 ] D: _automationChanging false
[   401.35 ] D: mouseMove2
[   401.39 ] D: _automationChanging false
[   401.39 ] D: mouseMove2
[   401.40 ] D: _automationChanging false
[   401.40 ] D: mouseMove2
[   401.66 ] D: p1 QRect(0,27 1707x81) 11277.8 0.209877 44
[   401.66 ] D: p1 QRect(0,27 1707x81) 11277.8 0.209877 44
[   401.66 ] D: p1 QRect(0,27 1707x81) 11277.8 0.209877 44
[   401.66 ] D: p2 QRect(0,27 1707x81) 11277.8 0.209877
[   401.73 ] D: p1 QRect(0,27 1707x81) 11333.3 0.209877 44
[   401.73 ] D: p1 QRect(0,27 1707x81) 