[     4.91 ] I: Log: Log file open in follow path at 1403/6/18 23:09:03 : C:\Users\AmirPasha\Desktop\Rpos\DAW-3\build2019\debug\Logs\Launch.log
[     4.91 ] I: The subsystem "class DGE::Core::IO::LogSystem::Logger" is registered successfully.
[     4.91 ] I: The subsystem "class DGE::Core::Windows::QtWindow" is registered successfully.
[     4.91 ] D: API version is: 4.60 ,shader version is: 4.60
[     4.91 ] I: The subsystem "class DGE::GFX::GCore::QtWrapper::QtRenderer" is registered successfully.
[     4.91 ] I: Current Render API is: 4.60
[     4.91 ] I: The subsystem "Renderer" is registered successfully.
[     4.91 ] I: The subsystem "class DGE::Core::Platforms::QtPlatform" is registered successfully.
[     4.91 ] I: The subsystem "Platform" is registered successfully.
[     4.91 ] I: The subsystem "class DGE::Core::IO::FileSystem::FileManager" is registered successfully.
[     4.91 ] I: The subsystem "class DGE::Core::CoreModule" is registered successfully.
[     4.91 ] I: The subsystem "class DGE::Core::Profiling::Profiler" is registered successfully.
[     4.91 ] I: The subsystem "class DGE::GFX::DrawablesManager" is registered successfully.
[     4.91 ] I: #version 460 core
#define GLES_Ver 460

[     4.91 ] I: The subsystem "class DGE::GFX::GraphicsManager" is registered successfully.
[     4.91 ] I: The subsystem "class DGE::GFX::GFXModule" is registered successfully.
[     5.00 ] D: Shader Compile successfully.
[     5.00 ] I: The subsystem "class DGE::Scene::ViewportManager" is registered successfully.
[     5.00 ] I: The subsystem "class DGE::Scene::SceneModule" is registered successfully.
[     5.00 ] I: The subsystem "class DGE::Managers::RenderManager" is registered successfully.
[     5.00 ] D: Engine Enabled
[     5.00 ] I: The subsystem "class DGE::Engine" is registered successfully.
[     5.00 ] D: Node with id 1 is added to Qt layer
[     5.00 ] D: Node with id 2460 is added to Qt layer
[     5.00 ] D: Node with id 2462 is added to Qt layer
[     5.00 ] D: Node with id 2464 is added to Qt layer
[     5.00 ] D: Node with id 2466 is added to Qt layer
[     5.00 ] D: Node with id 2468 is added to Qt layer
[     5.01 ] D: Node with id 2470 is added to Qt layer
[     5.01 ] D: Node with id 2472 is added to Qt layer
[     5.01 ] D: Node with id 2474 is added to Qt layer
[     5.01 ] D: Node with id 2476 is added to Qt layer
[     5.01 ] D: Node with id 2478 is added to Qt layer
[     5.01 ] D: Node with id 2480 is added to Qt layer
[     5.01 ] D: Node with id 2482 is added to Qt layer
[     5.01 ] D: Node with id 2484 is added to Qt layer
[     5.01 ] D: Node with id 2486 is added to Qt layer
[     5.01 ] D: Node with id 2487 is added to Qt layer
[     5.01 ] D: Node with id 2489 is added to Qt layer
[     5.01 ] D: Node with id 2491 is added to Qt layer
[     5.01 ] D: Node with id 3 is added to Qt layer
[     5.01 ] D: Node with id 2493 is added to Qt layer
[     5.01 ] S: New view-port registered with id: 1
[     5.01 ] S: New view-port registered with id: 2
[     5.01 ] S: New view-port registered with id: 3
[     5.01 ] S: New view-port registered with id: 4
[     5.01 ] S: New view-port registered with id: 5
[     5.01 ] S: New view-port registered with id: 6
[     5.12 ] D: Creating suitable QNanoBackend for OpenGL 4.6 context
[     5.12 ] D: Using backend: "OpenGL 3"
[     5.16 ] W: Floating point comparison needs context sanity check
[     5.16 ] D: QT onScaleChanged=  144
[     5.18 ] W: ShaderEffectSource: 'recursive' must be set to true when rendering recursively.
[     5.19 ] W: ShaderEffectSource: 'recursive' must be set to true when rendering recursively.
[     5.19 ] W: ShaderEffectSource: 'recursive' must be set to true when rendering recursively.
[     5.20 ] W: ShaderEffectSource: 'recursive' must be set to true when rendering recursively.
[     5.37 ] D: Engine Started.
[    27.80 ] D: _editController->getParameterCount() 14
[    27.81 ] D: effectModel.controls VST3
[    27.81 ] D: ADDED 0 0 0
[    27.85 ] D: ADDED 1 0 0
[    27.85 ] D: ADDED 2 0 0
[    27.85 ] D: ADDED 3 0 0
[    27.88 ] D: ADDED
[    33.67 ] W: ShaderEffectSource: 'recursive' must be set to true when rendering recursively.
[    34.65 ] D: findTrackIndexByPoint 0 QRect(0,0 1707x111) true QPointF(95,66)
[    34.66 ] D: createSelectedPoints 0 -1
[    35.22 ] D: findTrackIndexByPoint 0 QRect(0,0 1707x111) true QPointF(156,60)
[    35.24 ] D: createSelectedPoints 0 -1
[    35.33 ] D: _pointActive1 false true false
[    35.36 ] D: _automationChanging true
[    35.36 ] D: _currentMouseY 157 59 156 60 QSizeF(1, -1)
[    35.36 ] D: mouseMove2
[    35.37 ] D: _pointActive2 false 0
[    35.37 ] D: _automationChanging true
[    35.37 ] D: createSelectedPoints 0 -1
[    35.37 ] D: _currentMouseY 157 57 156 60 QSizeF(0, -2)
[    35.37 ] D: mouseMove2
[    35.38 ] D: _automationChanging true
[    35.38 ] D: _currentMouseY 157 54 156 60 QSizeF(0, -3)
[    35.38 ] D: mouseMove2
[    35.38 ] D: _automationChanging true
[    35.38 ] D: _currentMouseY 158 54 156 60 QSizeF(1, 0)
[    35.38 ] D: mouseMove2
[    35.38 ] D: _automationChanging true
[    35.38 ] D: _currentMouseY 159 53 156 60 QSizeF(1, -1)
[    35.38 ] D: mouseMove2
[    35.39 ] D: _automationChanging true
[    35.39 ] D: _pointActive2 false 0
[    35.39 ] D: createSelectedPoints 0 -1
[    35.39 ] D: _currentMouseY 159 53 156 60 QSizeF(0, 0)
[    35.39 ] D: mouseMove2
[    35.39 ] D: _automationChanging true
[    35.39 ] D: _currentMouseY 160 52 156 60 QSizeF(1, -1)
[    35.39 ] D: mouseMove2
[    35.39 ] D: _automationChanging true
[    35.39 ] D: _currentMouseY 160 51 156 60 QSizeF(0, -1)
[    35.40 ] D: mouseMove2
[    35.40 ] D: _pointActive2 false 0
[    35.40 ] D: createSelectedPoints 0 -1
[    35.40 ] D: _automationChanging true
[    35.40 ] D: _currentMouseY 160 49 156 60 QSizeF(0, -2)
[    35.40 ] D: mouseMove2
[    35.42 ] D: _automationChanging true
[    35.42 ] D: _pointActive2 false 0
[    35.42 ] D: createSelectedPoints 0 -1
[    35.42 ] D: _currentMouseY 160 48 156 60 QSizeF(0, -1)
[    35.42 ] D: mouseMove2
[    35.44 ] D: _automationChanging true
[    35.44 ] D: _pointActive2 false 0
[    35.44 ] D: createSelectedPoints 0 -1
[    35.44 ] D: _currentMouseY 161 45 156 60 QSizeF(1, -3)
[    35.44 ] D: mouseMove2
[    35.44 ] D: _automationChanging true
[    35.44 ] D: _currentMouseY 161 44 156 60 QSizeF(0, -1)
[    35.44 ] D: mouseMove2
[    35.45 ] D: _pointActive2 false 0
[    35.45 ] D: createSelectedPoints 0 -1
[    35.45 ] D: _automationChanging true
[    35.45 ] D: _currentMouseY 161 42 156 60 QSizeF(0, -2)
[    35.46 ] D: mouseMove2
[    35.47 ] D: _pointActive2 false 0
[    35.47 ] D: createSelectedPoints 0 -1
[    35.47 ] D: _automationChanging true
[    35.47 ] D: _currentMouseY 161 42 156 60 QSizeF(0, 0)
[    35.47 ] D: mouseMove2
[    35.47 ] D: _automationChanging true
[    35.47 ] D: _currentMouseY 161 41 156 60 QSizeF(0, -1)
[    35.47 ] D: mouseMove2
[    35.49 ] D: _pointActive2 false 0
[    35.49 ] D: createSelectedPoints 0 -1
[    35.50 ] D: _automationChanging true
[    35.50 ] D: _currentMouseY 162 38 156 60 QSizeF(1, -3)
[    35.50 ] D: mouseMove2
[    35.52 ] D: _pointActive2 false 0
[    35.52 ] D: createSelectedPoints 0 -1
[    35.52 ] D: _automationChanging true
[    35.52 ] D: _currentMouseY 162 37 156 60 QSizeF(0, -1)
[    35.52 ] D: mouseMove2
[    35.52 ] D: _automationChanging true
[    35.53 ] D: _currentMouseY 162 35 156 60 QSizeF(0, -2)
[    35.53 ] D: mouseMove2
[    35.54 ] D: _pointActive2 false 0
[    35.54 ] D: createSelectedPoints 0 -1
[    35.54 ] D: _automationChanging true
[    35.54 ] D: _currentMouseY 162 34 156 60 QSizeF(0, -1)
[    35.54 ] D: mouseMove2
[    35.54 ] D: _automationChanging true
[    35.54 ] D: _currentMouseY 163 33 156 60 QSizeF(1, -1)
[    35.54 ] D: mouseMove2
[    35.55 ] D: _automationChanging true
[    35.55 ] D: _pointActive2 false 0
[    35.55 ] D: createSelectedPoints 0 -1
[    35.55 ] D: _currentMouseY 163 32 156 60 QSizeF(0, -1)
[    35.55 ] D: mouseMove2
[    35.56 ] D: _automationChanging true
[    35.56 ] D: _currentMouseY 163 32 156 60 QSizeF(0, 0)
[    35.56 ] D: mouseMove2
[    35.56 ] D: _automationChanging true
[    35.56 ] D: _currentMouseY 163 31 156 60 QSizeF(0, -1)
[    35.56 ] D: mouseMove2
[    35.57 ] D: _pointActive2 false 0
[    35.57 ] D: createSelectedPoints 0 -1
[    35.58 ] D: _automationChanging true
[    35.58 ] D: _currentMouseY 163 29 156 60 QSizeF(0, -2)
[    35.58 ] D: mouseMove2
[    35.58 ] D: _automationChanging true
[    35.58 ] D: _currentMouseY 163 29 156 60 QSizeF(0, 0)
[    35.58 ] D: mouseMove2
[    35.59 ] D: _pointActive2 false 0
[    35.59 ] D: createSelectedPoints 0 -1
[    35.60 ] D: _automationChanging true
[    35.60 ] D: _currentMouseY 163 28 156 60 QSizeF(0, -1)
[    35.60 ] D: mouseMove2
[    35.62 ] D: _pointActive2 false 0
[    35.62 ] D: createSelectedPoints 0 -1
[    35.62 ] D: _automationChanging true
[    35.62 ] D: _currentMouseY 164 28 156 60 QSizeF(1, 0)
[    35.62 ] D: mouseMove2
[    35.62 ] D: _automationChanging true
[    35.62 ] D: _currentMouseY 164 27 156 60 QSizeF(0, -1)
[    35.63 ] D: mouseMove2
[    35.63 ] D: _pointActive2 false 0
[    35.63 ] D: _automationChanging true
[    35.63 ] D: createSelectedPoints 0 -1
[    35.64 ] D: _currentMouseY 164 27 156 60 QSizeF(0, 0)
[    35.64 ] D: mouseMove2
[    35.65 ] D: _pointActive2 false 0
[    35.65 ] D: createSelectedPoints 0 -1
[    35.72 ] D: _automationChanging true
[    35.72 ] D: _currentMouseY 164 27 156 60 QSizeF(0, -1)
[    35.72 ] D: mouseMove2
[    35.72 ] D: _pointActive2 false 0
[    35.72 ] D: createSelectedPoints 0 -1
[    35.73 ] D: _automationChanging true
[    35.73 ] D: _currentMouseY 165 27 156 60 QSizeF(1, 0)
[    35.73 ] D: mouseMove2
[    35.73 ] D: _automationChanging true
[    35.73 ] D: _currentMouseY 165 27 156 60 QSizeF(0, 0)
[    35.73 ] D: mouseMove2
[    35.73 ] D: _automationChanging true
[    35.73 ] D: _currentMouseY 165 27 156 60 QSizeF(0, -1)
[    35.73 ] D: mouseMove2
[    35.74 ] D: _pointActive2 false 0
[    35.74 ] D: createSelectedPoints 0 -1
[    35.75 ] D: _automationChanging true
[    35.75 ] D: _currentMouseY 165 27 156 60 QSizeF(0, 0)
[    35.75 ] D: mouseMove2
[    35.77 ] D: _pointActive2 false 0
[    35.77 ] D: createSelectedPoints 0 -1
[    35.77 ] D: _automationChanging true
[    35.77 ] D: _currentMouseY 165 27 156 60 QSizeF(0, -1)
[    35.77 ] D: mouseMove2
[    35.79 ] D: _pointActive2 false 0
[    35.79 ] D: createSelectedPoints 0 -1
[    35.79 ] D: _automationChanging true
[    35.79 ] D: _currentMouseY 165 27 156 60 QSizeF(0, 0)
[    35.79 ] D: mouseMove2
[    35.80 ] D: _pointActive2 false 0
[    35.80 ] D: createSelectedPoints 0 -1
[    35.85 ] D: _automationChanging true
[    35.85 ] D: _currentMouseY 165 27 156 60 QSizeF(0, -1)
[    35.86 ] D: mouseMove2
[    35.87 ] D: _pointActive2 false 0
[    35.87 ] D: createSelectedPoints 0 -1
[    35.87 ] D: _automationChanging true
[    35.87 ] D: _currentMouseY 165 27 156 60 QSizeF(0, 0)
[    35.87 ] D: mouseMove2
[    35.88 ] D: _pointActive2 false 0
[    35.88 ] D: createSelectedPoints 0 -1
[    35.95 ] D: createSelectedPoints 0 -1
[    36.45 ] D: findTrackIndexByPoint 0 QRect(0,0 1707x111) true QPointF(243,29)
[    36.47 ] D: createSelectedPoints 0 -1
[    36.51 ] D: _automationChanging true
[    36.51 ] D: mouseMove2
[    36.52 ] D: _automationChanging true
[    36.52 ] D: mouseMove2
[    36.52 ] D: _automationChanging true
[    36.52 ] D: mouseMove2
[    36.52 ] D: _automationChanging true
[    36.52 ] D: mouseMove2
[    36.52 ] D: _automationChanging true
[    36.52 ] D: mouseMove2
[    36.53 ] D: _automationChanging true
[    36.53 ] D: mouseMove2
[    36.53 ] D: _automationChanging true
[    36.53 ] D: mouseMove2
[    36.53 ] D: _automationChanging true
[    36.53 ] D: mouseMove2
[    36.54 ] D: _automationChanging true
[    36.54 ] D: mouseMove2
[    36.54 ] D: _automationChanging true
[    36.54 ] D: mouseMove2
[    36.55 ] D: _automationChanging true
[    36.55 ] D: mouseMove2
[    36.55 ] D: _automationChanging true
[    36.55 ] D: mouseMove2
[    36.55 ] D: _automationChanging true
[    36.55 ] D: mouseMove2
[    36.55 ] D: _automationChanging true
[    36.55 ] D: mouseMove2
[    36.57 ] D: _automationChanging true
[    36.57 ] D: _currentMouseY 247 50 243 29 QSizeF(4, 21)
[    36.57 ] D: mouseMove2
[    36.57 ] D: _automationChanging true
[    36.57 ] D: _currentMouseY 252 73 243 29 QSizeF(5, 23)
[    36.57 ] D: mouseMove2
[    36.58 ] D: _pointActive1 false true false
[    36.59 ] D: _automationChanging true
[    36.59 ] D: _currentMouseY 253 78 243 29 QSizeF(1, 5)
[    36.59 ] D: mouseMove2
[    36.59 ] D: _automationChanging true
[    36.59 ] D: _currentMouseY 254 84 243 29 QSizeF(1, 6)
[    36.59 ] D: mouseMove2
[    36.59 ] D: _automationChanging true
[    36.59 ] D: _currentMouseY 255 85 243 29 QSizeF(1, 1)
[    36.59 ] D: mouseMove2
[    36.60 ] D: _automationChanging true
[    36.60 ] D: _pointActive2 false 0
[    36.60 ] D: createSelectedPoints 0 -1
[    36.60 ] D: _currentMouseY 255 86 243 29 QSizeF(0, 1)
[    36.60 ] D: mouseMove2
[    36.60 ] D: _automationChanging true
[    36.61 ] D: _currentMouseY 256 90 243 29 QSizeF(1, 4)
[    36.61 ] D: mouseMove2
[    36.62 ] D: _automationChanging true
[    36.62 ] D: _pointActive2 false 0
[    36.62 ] D: createSelectedPoints 0 -1
[    36.62 ] D: _currentMouseY 256 91 243 29 QSizeF(0, 1)
[    36.62 ] D: mouseMove2
[    36.62 ] D: _automationChanging true
[    36.63 ] D: _currentMouseY 257 95 243 29 QSizeF(1, 4)
[    36.63 ] D: mouseMove2
[    36.63 ] D: _automationChanging true
[    36.63 ] D: _currentMouseY 257 96 243 29 QSizeF(0, 1)
[    36.63 ] D: mouseMove2
[    36.64 ] D: _pointActive2 false 0
[    36.64 ] D: _automationChanging true
[    36.64 ] D: createSelectedPoints 0 -1
[    36.64 ] D: _currentMouseY 258 97 243 29 QSizeF(1, 1)
[    36.64 ] D: mouseMove2
[    36.64 ] D: _automationChanging true
[    36.64 ] D: _currentMouseY 259 99 243 29 QSizeF(1, 2)
[    36.65 ] D: mouseMove2
[    36.65 ] D: _automationChanging true
[    36.65 ] D: _currentMouseY 259 99 243 29 QSizeF(0, 0)
[    36.65 ] D: mouseMove2
[    36.65 ] D: _pointActive2 false 0
[    36.65 ] D: createSelectedPoints 0 -1
[    36.65 ] D: _automationChanging true
[    36.65 ] D: _currentMouseY 259 100 243 29 QSizeF(0, 1)
[    36.65 ] D: mouseMove2
[    36.67 ] D: _pointActive2 false 0
[    36.67 ] D: createSelectedPoints 0 -1
[    36.67 ] D: _automationChanging true
[    36.67 ] D: _currentMouseY 260 102 243 29 QSizeF(1, 2)
[    36.67 ] D: mouseMove2
[    36.69 ] D: _automationChanging true
[    36.69 ] D: _pointActive2 false 0
[    36.69 ] D: createSelectedPoints 0 -1
[    36.69 ] D: _currentMouseY 260 103 243 29 QSizeF(0, 1)
[    36.69 ] D: mouseMove2
[    36.69 ] D: _automationChanging true
[    36.69 ] D: _currentMouseY 261 105 243 29 QSizeF(1, 2)
[    36.69 ] D: mouseMove2
[    36.70 ] D: _pointActive2 false 0
[    36.70 ] D: createSelectedPoints 0 -1
[    36.70 ] D: _automationChanging true
[    36.70 ] D: _currentMouseY 262 106 243 29 QSizeF(1, 1)
[    36.70 ] D: mouseMove2
[    36.70 ] D: _automationChanging true
[    36.71 ] D: _currentMouseY 262 107 243 29 QSizeF(0, 1)
[    36.71 ] D: mouseMove2
[    36.72 ] D: _pointActive2 false 0
[    36.72 ] D: createSelectedPoints 0 -1
[    36.72 ] D: _automationChanging true
[    36.72 ] D: _currentMouseY 262 107 243 29 QSizeF(0, 0)
[    36.72 ] D: mouseMove2
[    36.72 ] D: _automationChanging true
[    36.72 ] D: _currentMouseY 262 107 243 29 QSizeF(0, 1)
[    36.72 ] D: mouseMove2
[    36.74 ] D: _pointActive2 false 0
[    36.74 ] D: createSelectedPoints 0 -1
[    36.75 ] D: _automationChanging true
[    36.75 ] D: _currentMouseY 263 107 243 29 QSizeF(1, 1)
[    36.75 ] D: mouseMove2
[    36.77 ] D: _pointActive2 false 0
[    36.77 ] D: createSelectedPoints 0 -1
[    36.77 ] D: _automationChanging true
[    36.77 ] D: _currentMouseY 264 107 243 29 QSizeF(1, 2)
[    36.77 ] D: mouseMove2
[    36.77 ] D: _automationChanging true
[    36.77 ] D: _currentMouseY 264 107 243 29 QSizeF(0, 1)
[    36.78 ] D: mouseMove2
[    36.78 ] D: _pointActive2 false 0
[    36.78 ] D: createSelectedPoints 0 -1
[    36.78 ] D: _automationChanging true
[    36.78 ] D: _currentMouseY 266 107 243 29 QSizeF(2, 2)
[    36.79 ] D: mouseMove2
[    36.80 ] D: _automationChanging true
[    36.80 ] D: _pointActive2 false 0
[    36.80 ] D: createSelectedPoints 0 -1
[    36.80 ] D: _currentMouseY 266 107 243 29 QSizeF(0, 1)
[    36.80 ] D: mouseMove2
[    36.81 ] D: _automationChanging true
[    36.81 ] D: _currentMouseY 266 107 243 29 QSizeF(0, 2)
[    36.81 ] D: mouseMove2
[    36.82 ] D: _pointActive2 false 0
[    36.82 ] D: _automationChanging true
[    36.82 ] D: createSelectedPoints 0 -1
[    36.82 ] D: _currentMouseY 266 107 243 29 QSizeF(0, 0)
[    36.82 ] D: mouseMove2
[    36.82 ] D: _automationChanging true
[    36.82 ] D: _currentMouseY 266 107 243 29 QSizeF(0, 1)
[    36.82 ] D: mouseMove2
[    36.83 ] D: _pointActive2 false 0
[    36.83 ] D: createSelectedPoints 0 -1
[    36.83 ] D: _automationChanging true
[    36.83 ] D: _currentMouseY 267 107 243 29 QSizeF(1, 0)
[    36.84 ] D: mouseMove2
[    36.85 ] D: _pointActive2 false 0
[    36.85 ] D: _automationChanging true
[    36.85 ] D: createSelectedPoints 0 -1
[    36.85 ] D: _currentMouseY 267 107 243 29 QSizeF(0, 0)
[    36.85 ] D: mouseMove2
[    36.86 ] D: _automationChanging true
[    36.86 ] D: _currentMouseY 267 107 243 29 QSizeF(0, 1)
[    36.86 ] D: mouseMove2
[    36.87 ] D: _pointActive2 false 0
[    36.87 ] D: _automationChanging true
[    36.87 ] D: createSelectedPoints 0 -1
[    36.87 ] D: _currentMouseY 267 107 243 29 QSizeF(0, 0)
[    36.87 ] D: mouseMove2
[    36.88 ] D: _pointActive2 false 0
[    36.88 ] D: createSelectedPoints 0 -1
[    37.12 ] D: _automationChanging true
[    37.12 ] D: _currentMouseY 268 107 243 29 QSizeF(1, 0)
[    37.12 ] D: mouseMove2
[    37.13 ] D: _automationChanging true
[    37.13 ] D: _currentMouseY 268 107 243 29 QSizeF(0, 0)
[    37.13 ] D: mouseMove2
[    37.13 ] D: _pointActive2 false 0
[    37.13 ] D: createSelectedPoints 0 -1
[    37.14 ] D: _automationChanging true
[    37.14 ] D: _currentMouseY 269 107 243 29 QSizeF(1, 0)
[    37.14 ] D: mouseMove2
[    37.14 ] D: _automationChanging true
[    37.14 ] D: _currentMouseY 270 106 243 29 QSizeF(1, -1)
[    37.14 ] D: mouseMove2
[    37.15 ] D: _automationChanging true
[    37.15 ] D: _currentMouseY 271 106 243 29 QSizeF(1, 0)
[    37.15 ] D: mouseMove2
[    37.15 ] D: _automationChanging true
[    37.15 ] D: _currentMouseY 271 106 243 29 QSizeF(0, 0)
[    37.15 ] D: mouseMove2
[    37.15 ] D: _pointActive2 false 0
[    37.15 ] D: createSelectedPoints 0 -1
[    37.15 ] D: _automationChanging true
[    37.15 ] D: _currentMouseY 272 106 243 29 QSizeF(1, 0)
[    37.15 ] D: mouseMove2
[    37.15 ] D: _automationChanging true
[    37.16 ] D: _currentMouseY 273 105 243 29 QSizeF(1, -1)
[    37.16 ] D: mouseMove2
[    37.17 ] D: _pointActive2 false 0
[    37.17 ] D: createSelectedPoints 0 -1
[    37.17 ] D: _automationChanging true
[    37.17 ] D: _currentMouseY 276 103 243 29 QSizeF(3, -2)
[    37.17 ] D: mouseMove2
[    37.19 ] D: _pointActive2 false 0
[    37.19 ] D: createSelectedPoints 0 -1
[    37.19 ] D: _automationChanging true
[    37.19 ] D: _currentMouseY 277 102 243 29 QSizeF(1, -1)
[    37.19 ] D: mouseMove2
[    37.19 ] D: _automationChanging true
[    37.19 ] D: _currentMouseY 278 102 243 29 QSizeF(1, 0)
[    37.19 ] D: mouseMove2
[    37.20 ] D: _pointActive2 false 0
[    37.20 ] D: createSelectedPoints 0 -1
[    37.20 ] D: _automationChanging true
[    37.20 ] D: _currentMouseY 278 102 243 29 QSizeF(0, 0)
[    37.21 ] D: mouseMove2
[    37.21 ] D: _automationChanging true
[    37.21 ] D: _currentMouseY 279 102 243 29 QSizeF(1, 0)
[    37.21 ] D: mouseMove2
[    37.22 ] D: _pointActive2 false 0
[    37.22 ] D: createSelectedPoints 0 -1
[    37.22 ] D: _automationChanging true
[    37.22 ] D: _currentMouseY 279 102 243 29 QSizeF(0, 0)
[    37.22 ] D: mouseMove2
[    37.24 ] D: _pointActive2 false 0
[    37.24 ] D: createSelectedPoints 0 -1
[    37.24 ] D: _automationChanging true
[    37.24 ] D: _currentMouseY 279 101 243 29 QSizeF(0, -1)
[    37.24 ] D: mouseMove2
[    37.25 ] D: _pointActive2 false 0
[    37.25 ] D: createSelectedPoints 0 -1
[    37.25 ] D: _automationChanging true
[    37.25 ] D: _currentMouseY 280 101 243 29 QSizeF(1, 0)
[    37.26 ] D: mouseMove2
[    37.26 ] D: _automationChanging true
[    37.26 ] D: _currentMouseY 282 101 243 29 QSizeF(2, 0)
[    37.26 ] D: mouseMove2
[    37.27 ] D: _pointActive2 false 0
[    37.27 ] D: createSelectedPoints 0 -1
[    37.27 ] D: _automationChanging true
[    37.27 ] D: _currentMouseY 282 100 243 29 QSizeF(0, -1)
[    37.27 ] D: mouseMove2
[    37.29 ] D: _pointActive2 false 0
[    37.29 ] D: createSelectedPoints 0 -1
[    37.29 ] D: _automationChanging true
[    37.29 ] D: _currentMouseY 282 100 243 29 QSizeF(0, 0)
[    37.29 ] D: mouseMove2
[    37.30 ] D: _pointActive2 false 0
[    37.30 ] D: createSelectedPoints 0 -1
[    37.33 ] D: _automationChanging true
[    37.33 ] D: _currentMouseY 283 100 243 29 QSizeF(1, 0)
[    37.34 ] D: mouseMove2
[    37.34 ] D: _pointActive2 false 0
[    37.34 ] D: createSelectedPoints 0 -1
[    37.66 ] D: _automationChanging true
[    37.66 ] D: _currentMouseY 285 100 243 29 QSizeF(2, 0)
[    37.66 ] D: mouseMove2
[    37.66 ] D: _pointActive2 false 0
[    37.66 ] D: createSelectedPoints 0 -1
[    37.66 ] D: _automationChanging true
[    37.66 ] D: _currentMouseY 285 100 243 29 QSizeF(0, 0)
[    37.66 ] D: mouseMove2
[    37.68 ] D: _pointActive2 false 0
[    37.68 ] D: createSelectedPoints 0 -1
[    37.69 ] D: _automationChanging true
[    37.69 ] D: _currentMouseY 286 100 243 29 QSizeF(1, 0)
[    37.69 ] D: mouseMove2
[    37.70 ] D: _pointActive2 false 0
[    37.70 ] D: createSelectedPoints 0 -1
[    37.70 ] D: _automationChanging true
[    37.70 ] D: _currentMouseY 286 100 243 29 QSizeF(0, 0)
[    37.71 ] D: mouseMove2
[    37.72 ] D: _automationChanging true
[    37.72 ] D: _pointActive2 false 0
[    37.72 ] D: createSelectedPoints 0 -1
[    37.72 ] D: _currentMouseY 287 100 243 29 QSizeF(1, 0)
[    37.72 ] D: mouseMove2
[    37.73 ] D: _pointActive2 false 0
[    37.73 ] D: createSelectedPoints 0 -1
[    37.77 ] D: _automationChanging true
[    37.77 ] D: _currentMouseY 289 100 243 29 QSizeF(2, 0)
[    37.77 ] D: mouseMove2
[    37.78 ] D: _pointActive2 false 0
[    37.78 ] D: createSelectedPoints 0 -1
[    37.78 ] D: _automationChanging true
[    37.78 ] D: _currentMouseY 290 100 243 29 QSizeF(1, 0)
[    37.79 ] D: mouseMove2
[    37.80 ] D: _pointActive2 false 0
[    37.80 ] D: createSelectedPoints 0 -1
[    37.80 ] D: _automationChanging true
[    37.80 ] D: _currentMouseY 290 101 243 29 QSizeF(0, 1)
[    37.80 ] D: mouseMove2
[    37.81 ] D: _automationChanging true
[    37.81 ] D: _currentMouseY 291 101 243 29 QSizeF(1, 0)
[    37.81 ] D: mouseMove2
[    37.82 ] D: _pointActive2 false 0
[    37.82 ] D: createSelectedPoints 0 -1
[    37.85 ] D: _automationChanging true
[    37.85 ] D: _currentMouseY 293 101 243 29 QSizeF(2, 0)
[    37.85 ] D: mouseMove2
[    37.87 ] D: _pointActive2 false 0
[    37.87 ] D: createSelectedPoints 0 -1
[    37.87 ] D: _automationChanging true
[    37.87 ] D: _currentMouseY 293 101 243 29 QSizeF(0, 0)
[    37.87 ] D: mouseMove2
[    37.88 ] D: _pointActive2 false 0
[    37.88 ] D: createSelectedPoints 0 -1
[    37.90 ] D: _automationChanging true
[    37.90 ] D: _currentMouseY 293 102 243 29 QSizeF(0, 1)
[    37.90 ] D: mouseMove2
[    37.91 ] D: _pointActive2 false 0
[    37.91 ] D: createSelectedPoints 0 -1
[    37.91 ] D: _automationChanging true
[    37.91 ] D: _currentMouseY 294 102 243 29 QSizeF(1, 0)
[    37.91 ] D: mouseMove2
[    37.91 ] D: _automationChanging true
[    37.91 ] D: _currentMouseY 294 102 243 29 QSizeF(0, 0)
[    37.92 ] D: mouseMove2
[    37.92 ] D: _pointActive2 false 0
[    37.92 ] D: createSelectedPoints 0 -1
[    37.92 ] D: _automationChanging true
[    37.92 ] D: _currentMouseY 294 103 243 29 QSizeF(0, 1)
[    37.92 ] D: mouseMove2
[    37.93 ] D: _pointActive2 false 0
[    37.93 ] D: createSelectedPoints 0 -1
[    37.93 ] D: _automationChanging true
[    37.93 ] D: _currentMouseY 295 103 243 29 QSizeF(1, 0)
[    37.93 ] D: mouseMove2
[    37.95 ] D: _pointActive2 false 0
[    37.95 ] D: createSelectedPoints 0 -1
[    37.95 ] D: _automationChanging true
[    37.95 ] D: _currentMouseY 295 103 243 29 QSizeF(0, 0)
[    37.96 ] D: mouseMove2
[    37.97 ] D: _pointActive2 false 0
[    37.97 ] D: createSelectedPoints 0 -1
[    38.45 ] D: createSelectedPoints 0 -1
[    89.67 ] D: findTrackIndexByPoint 0 QRect(0,0 1707x111) true QPointF(68,89)
[    89.69 ] D: createSelectedPoints 0 -1
[    90.41 ] D: findTrackIndexByPoint 0 QRect(0,0 1707x111) true QPointF(115,82)
[    90.42 ] D: _automationChanging false
[    90.42 ] D: findTrackIndexByPoint 0 QRect(0,0 1707x111) true QPointF(116,82)
[    90.42 ] D: mouseMove2
[    90.42 ] D: createSelectedPoints 0 -1
[   109.91 ] D: createSelectedPoints 0 -1
[   111.39 ] D: findTrackIndexByPoint 0 QRect(0,0 1707x111) true QPointF(44,43)
[   111.41 ] D: createSelectedPoints 0 -1
[   111.77 ] D: findTrackIndexByPoint 0 QRect(0,0 1707x111) true QPointF(106,43)
[   111.77 ] D: createSelectedPoints 0 -1
[   111.83 ] D: _automationChanging true
[   111.83 ] D: mouseMove2
[   111.84 ] D: _automationChanging true
[   111.84 ] D: mouseMove2
[   111.84 ] D: _automationChanging true
[   111.84 ] D: mouseMove2
[   111.86 ] D: _automationChanging true
[   111.86 ] D: mouseMove2
[   111.86 ] D: _automationChanging true
[   111.86 ] D: mouseMove2
[   111.86 ] D: _automationChanging true
[   111.86 ] D: mouseMove2
[   111.87 ] D: _automationChanging true
[   111.88 ] D: _currentMouseY 113 53 106 43 QSizeF(7, 10)
[   111.88 ] D: mouseMove2
[   111.89 ] D: _automationChanging true
[   111.89 ] D: _pointActive1 false true false
[   111.89 ] D: _currentMouseY 121 64 106 43 QSizeF(8, 11)
[   111.89 ] D: mouseMove2
[   111.90 ] D: _automationChanging true
[   111.90 ] D: _currentMouseY 122 66 106 43 QSizeF(1, 2)
[   111.90 ] D: mouseMove2
[   111.90 ] D: _pointActive2 false 0
[   111.90 ] D: createSelectedPoints 0 -1
[   111.90 ] D: _automationChanging true
[   111.91 ] D: _currentMouseY 124 69 106 43 QSizeF(2, 3)
[   111.91 ] D: mouseMove2
[   111.91 ] D: _automationChanging true
[   111.91 ] D: _currentMouseY 125 69 106 43 QSizeF(1, 0)
[   111.91 ] D: mouseMove2
[   111.92 ] D: _pointActive2 false 0
[   111.92 ] D: _automationChanging true
[   111.92 ] D: createSelectedPoints 0 -1
[   111.93 ] D: _currentMouseY 127 73 106 43 QSizeF(2, 4)
[   111.93 ] D: mouseMove2
[   111.93 ] D: _automationChanging true
[   111.93 ] D: _currentMouseY 128 74 106 43 QSizeF(1, 1)
[   111.93 ] D: mouseMove2
[   111.94 ] D: _pointActive2 false 0
[   111.94 ] D: createSelectedPoints 0 -1
[   111.94 ] D: _automationChanging true
[   111.94 ] D: _currentMouseY 129 76 106 43 QSizeF(1, 2)
[   111.94 ] D: mouseMove2
[   111.96 ] D: _automationChanging true
[   111.96 ] D: _pointActive2 false 0
[   111.96 ] D: createSelectedPoints 0 -1
[   111.96 ] D: _currentMouseY 130 79 106 43 QSizeF(1, 3)
[   111.96 ] D: mouseMove2
[   111.97 ] D: _automationChanging true
[   111.97 ] D: _pointActive2 false 0
[   111.97 ] D: createSelectedPoints 0 -1
[   111.98 ] D: _currentMouseY 132 84 106 43 QSizeF(2, 5)
[   111.98 ] D: mouseMove2
[   111.98 ] D: _automationChanging true
[   111.98 ] D: _currentMouseY 133 86 106 43 QSizeF(1, 2)
[   111.98 ] D: mouseMove2
[   111.99 ] D: _automationChanging true
[   111.99 ] D: _pointActive2 false 0
[   111.99 ] D: createSelectedPoints 0 -1
[   111.99 ] D: _currentMouseY 135 88 106 43 QSizeF(2, 2)
[   112.00 ] D: mouseMove2
[   112.01 ] D: _automationChanging true
[   112.01 ] D: _pointActive2 false 0
[   112.01 ] D: createSelectedPoints 0 -1
[   112.01 ] D: _currentMouseY 137 92 106 43 QSizeF(2, 4)
[   112.01 ] D: mouseMove2
[   112.02 ] D: _automationChanging true
[   112.02 ] D: _pointActive2 false 0
[   112.02 ] D: createSelectedPoints 0 -1
[   112.03 ] D: _currentMouseY 138 93 106 43 QSizeF(1, 1)
[   112.03 ] D: mouseMove2
[   112.03 ] D: _automationChanging true
[   112.03 ] D: _currentMouseY 138 93 106 43 QSizeF(0, 0)
[   112.03 ] D: mouseMove2
[   112.04 ] D: _pointActive2 false 0
[   112.04 ] D: _automationChanging true
[   112.04 ] D: createSelectedPoints 0 -1
[   112.04 ] D: _currentMouseY 138 94 106 43 QSizeF(0, 1)
[   112.05 ] D: mouseMove2
[   112.06 ] D: _pointActive2 false 0
[   112.06 ] D: createSelectedPoints 0 -1
[   112.06 ] D: _automationChanging true
[   112.06 ] D: _currentMouseY 138 94 106 43 QSizeF(0, 0)
[   112.06 ] D: mouseMove2
[   112.07 ] D: _pointActive2 false 0
[   112.07 ] D: createSelectedPoints 0 -1
[   112.07 ] D: _automationChanging true
[   112.07 ] D: _currentMouseY 139 95 106 43 QSizeF(1, 1)
[   112.08 ] D: mouseMove2
[   112.08 ] D: _automationChanging true
[   112.08 ] D: _currentMouseY 139 96 106 43 QSizeF(0, 1)
[   112.08 ] D: mouseMove2
[   112.09 ] D: _pointActive2 false 0
[   112.09 ] D: _automationChanging true
[   112.09 ] D: createSelectedPoints 0 -1
[   112.09 ] D: _currentMouseY 139 96 106 43 QSizeF(0, 0)
[   112.09 ] D: mouseMove2
[   112.11 ] D: _pointActive2 false 0
[   112.11 ] D: createSelectedPoints 0 -1
[   112.11 ] D: _automationChanging true
[   112.11 ] D: _currentMouseY 139 97 106 43 QSizeF(0, 1)
[   112.11 ] D: mouseMove2
[   112.11 ] D: _automationChanging true
[   112.11 ] D: _currentMouseY 139 99 106 43 QSizeF(0, 2)
[   112.11 ] D: mouseMove2
[   112.12 ] D: _pointActive2 false 0
[   112.12 ] D: createSelectedPoints 0 -1
[   112.12 ] D: _automationChanging true
[   112.13 ] D: _currentMouseY 139 99 106 43 QSizeF(0, 0)
[   112.13 ] D: mouseMove2
[   112.14 ] D: _pointActive2 false 0
[   112.14 ] D: createSelectedPoints 0 -1
[   112.14 ] D: _automationChanging true
[   112.14 ] D: _currentMouseY 139 100 106 43 QSizeF(0, 1)
[   112.14 ] D: mouseMove2
[   112.15 ] D: _pointActive2 false 0
[   112.15 ] D: createSelectedPoints 0 -1
[   112.16 ] D: _automationChanging true
[   112.16 ] D: _currentMouseY 139 100 106 43 QSizeF(0, 0)
[   112.16 ] D: mouseMove2
[   112.17 ] D: _pointActive2 false 0
[   112.17 ] D: createSelectedPoints 0 -1
[   112.27 ] D: createSelectedPoints 0 -1
[   112.66 ] D: findTrackIndexByPoint 0 QRect(0,0 1707x111) true QPointF(185,97)
[   112.67 ] D: createSelectedPoints 0 -1
[   112.76 ] D: _automationChanging true
[   112.76 ] D: mouseMove2
[   112.77 ] D: _pointActive1 false true false
[   112.77 ] D: _automationChanging true
[   112.78 ] D: _currentMouseY 187 95 185 97 QSizeF(2, -2)
[   112.78 ] D: mouseMove2
[   112.79 ] D: _automationChanging true
[   112.79 ] D: _pointActive2 false 0
[   112.79 ] D: createSelectedPoints 0 -1
[   112.79 ] D: _currentMouseY 191 93 185 97 QSizeF(4, -2)
[   112.79 ] D: mouseMove2
[   112.79 ] D: _automationChanging true
[   112.79 ] D: _currentMouseY 195 90 185 97 QSizeF(4, -3)
[   112.80 ] D: mouseMove2
[   112.81 ] D: _automationChanging true
[   112.81 ] D: _pointActive2 false 0
[   112.81 ] D: createSelectedPoints 0 -1
[   112.81 ] D: _currentMouseY 196 89 185 97 QSizeF(1, -1)
[   112.81 ] D: mouseMove2
[   112.81 ] D: _automationChanging true
[   112.81 ] D: _currentMouseY 197 89 185 97 QSizeF(1, 0)
[   112.81 ] D: mouseMove2
[   112.82 ] D: _automationChanging true
[   112.82 ] D: _pointActive2 false 0
[   112.82 ] D: createSelectedPoints 0 -1
[   112.82 ] D: _currentMouseY 202 86 185 97 QSizeF(5, -3)
[   112.83 ] D: mouseMove2
[   112.84 ] D: _automationChanging true
[   112.84 ] D: _pointActive2 false 0
[   112.84 ] D: createSelectedPoints 0 -1
[   112.84 ] D: _currentMouseY 205 84 185 97 QSizeF(3, -2)
[   112.85 ] D: mouseMove2
[   112.86 ] D: _pointActive2 false 0
[   112.86 ] D: createSelectedPoints 0 -1
[   112.86 ] D: _automationChanging true
[   112.86 ] D: _currentMouseY 209 80 185 97 QSizeF(4, -4)
[   112.86 ] D: mouseMove2
[   112.87 ] D: _automationChanging true
[   112.87 ] D: _pointActive2 false 0
[   112.87 ] D: createSelectedPoints 0 -1
[   112.88 ] D: _currentMouseY 214 76 185 97 QSizeF(5, -4)
[   112.88 ] D: mouseMove2
[   112.88 ] D: _automationChanging true
[   112.88 ] D: _currentMouseY 215 76 185 97 QSizeF(1, 0)
[   112.88 ] D: mouseMove2
[   112.89 ] D: _automationChanging true
[   112.89 ] D: _pointActive2 false 0
[   112.89 ] D: createSelectedPoints 0 -1
[   112.89 ] D: _currentMouseY 217 74 185 97 QSizeF(2, -2)
[   112.89 ] D: mouseMove2
[   112.89 ] D: _automationChanging true
[   112.89 ] D: _currentMouseY 217 73 185 97 QSizeF(0, -1)
[   112.89 ] D: mouseMove2
[   112.89 ] D: _automationChanging true
[   112.89 ] D: _currentMouseY 219 72 185 97 QSizeF(2, -1)
[   112.90 ] D: mouseMove2
[   112.90 ] D: _automationChanging true
[   112.90 ] D: _pointActive2 false 0
[   112.90 ] D: createSelectedPoints 0 -1
[   112.91 ] D: _currentMouseY 219 71 185 97 QSizeF(0, -1)
[   112.91 ] D: mouseMove2
[   112.91 ] D: _automationChanging true
[   112.91 ] D: _currentMouseY 220 69 185 97 QSizeF(1, -2)
[   112.91 ] D: mouseMove2
[   112.92 ] D: _pointActive2 false 0
[   112.92 ] D: _automationChanging true
[   112.92 ] D: createSelectedPoints 0 -1
[   112.93 ] D: _currentMouseY 221 68 185 97 QSizeF(1, -1)
[   112.93 ] D: mouseMove2
[   112.93 ] D: _automationChanging true
[   112.93 ] D: _currentMouseY 223 66 185 97 QSizeF(2, -2)
[   112.93 ] D: mouseMove2
[   112.94 ] D: _pointActive2 false 0
[   112.94 ] D: createSelectedPoints 0 -1
[   112.94 ] D: _automationChanging true
[   112.94 ] D: _currentMouseY 224 66 185 97 QSizeF(1, 0)
[   112.94 ] D: mouseMove2
[   112.96 ] D: _pointActive2 false 0
[   112.96 ] D: createSelectedPoints 0 -1
[   112.96 ] D: _automationChanging true
[   112.96 ] D: _currentMouseY 224 65 185 97 QSizeF(0, -1)
[   112.96 ] D: mouseMove2
[   112.96 ] D: _automationChanging true
[   112.96 ] D: _currentMouseY 225 65 185 97 QSizeF(1, 0)
[   112.96 ] D: mouseMove2
[   112.97 ] D: _automationChanging true
[   112.97 ] D: _pointActive2 false 0
[   112.97 ] D: createSelectedPoints 0 -1
[   112.97 ] D: _currentMouseY 226 64 185 97 QSizeF(1, -1)
[   112.98 ] D: mouseMove2
[   112.99 ] D: _automationChanging true
[   112.99 ] D: _pointActive2 false 0
[   112.99 ] D: createSelectedPoints 0 -1
[   112.99 ] D: _currentMouseY 228 63 185 97 QSizeF(2, -1)
[   113.00 ] D: mouseMove2
[   113.01 ] D: _automationChanging true
[   113.01 ] D: _pointActive2 false 0
[   113.01 ] D: createSelectedPoints 0 -1
[   113.01 ] D: _currentMouseY 229 62 185 97 QSizeF(1, -1)
[   113.01 ] D: mouseMove2
[   113.01 ] D: _automationChanging true
[   113.01 ] D: _currentMouseY 230 62 185 97 QSizeF(1, 0)
[   113.01 ] D: mouseMove2
[   113.02 ] D: _automationChanging true
[   113.02 ] D: _pointActive2 false 0
[   113.02 ] D: createSelectedPoints 0 -1
[   113.03 ] D: _currentMouseY 231 61 185 97 QSizeF(1, -1)
[   113.03 ] D: mouseMove2
[   113.04 ] D: _automationChanging true
[   113.04 ] D: _pointActive2 false 0
[   113.04 ] D: createSelectedPoints 0 -1
[   113.04 ] D: _currentMouseY 232 61 185 97 QSizeF(1, 0)
[   113.04 ] D: mouseMove2
[   113.06 ] D: _automationChanging true
[   113.06 ] D: _pointActive2 false 0
[   113.06 ] D: createSelectedPoints 0 -1
[   113.06 ] D: _currentMouseY 233 60 185 97 QSizeF(1, -1)
[   113.06 ] D: mouseMove2
[   113.06 ] D: _automationChanging true
[   113.06 ] D: _currentMouseY 233 60 185 97 QSizeF(0, 0)
[   113.06 ] D: mouseMove2
[   113.07 ] D: _pointActive2 false 0
[   113.07 ] D: createSelectedPoints 0 -1
[   113.32 ] D: createSelectedPoints 0 -1
[   120.98 ] D: createSelectedPoints 0 -1
[   122.39 ] D: findTrackIndexByPoint 0 QRect(0,0 1707x111) true QPointF(47,67)
[   122.41 ] D: createSelectedPoints 0 -1
[   122.79 ] D: findTrackIndexByPoint 0 QRect(0,0 1707x111) true QPointF(92,59)
[   122.81 ] D: createSelectedPoints 0 -1
[   122.85 ] D: _automationChanging true
[   122.86 ] D: mouseMove2
[   122.86 ] D: _automationChanging true
[   122.86 ] D: mouseMove2
[   122.87 ] D: _automationChanging true
[   122.87 ] D: mouseMove2
[   122.87 ] D: _automationChanging true
[   122.87 ] D: mouseMove2
[   122.87 ] D: _automationChanging true
[   122.87 ] D: mouseMove2
[   122.89 ] D: _automationChanging true
[   122.89 ] D: mouseMove2
[   122.89 ] D: _automationChanging true
[   122.89 ] D: mouseMove2
[   122.89 ] D: _automationChanging true
[   122.90 ] D: mouseMove2
[   122.91 ] D: _automationChanging true
[   122.91 ] D: _currentMouseY 105 53 92 59 QSizeF(13, -6)
[   122.91 ] D: mouseMove2
[   122.92 ] D: _automationChanging true
[   122.92 ] D: _pointActive1 false true false
[   122.93 ] D: _currentMouseY 119 46 92 59 QSizeF(14, -7)
[   122.93 ] D: mouseMove2
[   122.93 ] D: _automationChanging true
[   122.93 ] D: _currentMouseY 134 39 92 59 QSizeF(15, -7)
[   122.93 ] D: mouseMove2
[   122.94 ] D: _automationChanging true
[   122.94 ] D: _pointActive2 false 0
[   122.94 ] D: createSelectedPoints 0 -1
[   122.94 ] D: _currentMouseY 135 38 92 59 QSizeF(1, -1)
[   122.94 ] D: mouseMove2
[   122.96 ] D: _automationChanging true
[   122.96 ] D: _pointActive2 false 0
[   122.96 ] D: createSelectedPoints 0 -1
[   122.96 ] D: _currentMouseY 138 35 92 59 QSizeF(3, -3)
[   122.96 ] D: mouseMove2
[   122.96 ] D: _automationChanging true
[   122.96 ] D: _currentMouseY 138 34 92 59 QSizeF(0, -1)
[   122.96 ] D: mouseMove2
[   122.97 ] D: _pointActive2 false 0
[   122.97 ] D: createSelectedPoints 0 -1
[   122.97 ] D: _automationChanging true
[   122.97 ] D: _currentMouseY 140 33 92 59 QSizeF(2, -1)
[   122.98 ] D: mouseMove2
[   122.98 ] D: _automationChanging true
[   122.98 ] D: _currentMouseY 140 32 92 59 QSizeF(0, -1)
[   122.98 ] D: mouseMove2
[   122.99 ] D: _pointActive2 false 0
[   122.99 ] D: _automationChanging true
[   122.99 ] D: createSelectedPoints 0 -1
[   123.00 ] D: _currentMouseY 141 31 92 59 QSizeF(1, -1)
[   123.00 ] D: mouseMove2
[   123.01 ] D: _automationChanging true
[   123.01 ] D: _pointActive2 false 0
[   123.01 ] D: createSelectedPoints 0 -1
[   123.01 ] D: _currentMouseY 143 30 92 59 QSizeF(2, -1)
[   123.01 ] D: mouseMove2
[   123.01 ] D: _automationChanging true
[   123.01 ] D: _currentMouseY 146 27 92 59 QSizeF(3, -3)
[   123.02 ] D: mouseMove2
[   123.03 ] D: _pointActive2 false 0
[   123.03 ] D: _automationChanging true
[   123.03 ] D: createSelectedPoints 0 -1
[   123.03 ] D: _currentMouseY 146 27 92 59 QSizeF(0, 0)
[   123.03 ] D: mouseMove2
[   123.04 ] D: _automationChanging true
[   123.04 ] D: _pointActive2 false 0
[   123.04 ] D: createSelectedPoints 0 -1
[   123.04 ] D: _currentMouseY 146 27 92 59 QSizeF(0, -1)
[   123.05 ] D: mouseMove2
[   123.06 ] D: _pointActive2 false 0
[   123.06 ] D: createSelectedPoints 0 -1
[   123.06 ] D: _automationChanging true
[   123.06 ] D: _currentMouseY 147 27 92 59 QSizeF(1, -1)
[   123.06 ] D: mouseMove2
[   123.06 ] D: _automationChanging true
[   123.06 ] D: _currentMouseY 147 27 92 59 QSizeF(0, -1)
[   123.06 ] D: mouseMove2
[   123.07 ] D: _pointActive2 false 0
[   123.07 ] D: createSelectedPoints 0 -1
[   123.07 ] D: _automationChanging true
[   123.07 ] D: _currentMouseY 147 27 92 59 QSizeF(0, 0)
[   123.08 ] D: mouseMove2
[   123.09 ] D: _pointActive2 false 0
[   123.09 ] D: createSelectedPoints 0 -1
[   123.09 ] D: _automationChanging true
[   123.09 ] D: _currentMouseY 148 27 92 59 QSizeF(1, 0)
[   123.10 ] D: mouseMove2
[   123.11 ] D: _pointActive2 false 0
[   123.11 ] D: createSelectedPoints 0 -1
[   123.11 ] D: _automationChanging true
[   123.11 ] D: _currentMouseY 148 27 92 59 QSizeF(0, -1)
[   123.11 ] D: mouseMove2
[   123.13 ] D: _pointActive2 false 0
[   123.13 ] D: createSelectedPoints 0 -1
[   123.13 ] D: _automationChanging true
[   123.13 ] D: _currentMouseY 148 27 92 59 QSizeF(0, 0)
[   123.13 ] D: mouseMove2
[   123.14 ] D: _pointActive2 false 0
[   123.14 ] D: createSelectedPoints 0 -1
[   123.26 ] D: createSelectedPoints 0 -1
[   123.64 ] D: findTrackIndexByPoint 0 QRect(0,0 1707x111) true QPointF(173,30)
[   123.66 ] D: createSelectedPoints 0 -1
[   123.68 ] D: _automationChanging true
[   123.68 ] D: mouseMove2
[   123.68 ] D: _automationChanging true
[   123.68 ] D: mouseMove2
[   123.68 ] D: _automationChanging true
[   123.68 ] D: mouseMove2
[   123.69 ] D: _automationChanging true
[   123.69 ] D: mouseMove2
[   123.69 ] D: _automationChanging true
[   123.69 ] D: mouseMove2
[   123.71 ] D: _automationChanging true
[   123.71 ] D: mouseMove2
[   123.71 ] D: _automationChanging true
[   123.71 ] D: mouseMove2
[   123.71 ] D: _automationChanging true
[   123.71 ] D: mouseMove2
[   123.71 ] D: _automationChanging true
[   123.71 ] D: mouseMove2
[   123.72 ] D: _automationChanging true
[   123.72 ] D: mouseMove2
[   123.72 ] D: _automationChanging true
[   123.72 ] D: mouseMove2
[   123.73 ] D: _automationChanging true
[   123.73 ] D: mouseMove2
[   123.74 ] D: _automationChanging true
[   123.74 ] D: mouseMove2
[   123.74 ] D: _automationChanging true
[   123.74 ] D: mouseMove2
[   123.74 ] D: _automationChanging true
[   123.74 ] D: mouseMove2
[   123.75 ] D: _automationChanging true
[   123.75 ] D: _currentMouseY 192 54 173 30 QSizeF(19, 24)
[   123.75 ] D: mouseMove2
[   123.76 ] D: _pointActive1 false true false
[   123.76 ] D: _automationChanging true
[   123.76 ] D: _currentMouseY 193 57 173 30 QSizeF(1, 3)
[   123.76 ] D: mouseMove2
[   123.77 ] D: _automationChanging true
[   123.77 ] D: _pointActive2 false 0
[   123.77 ] D: createSelectedPoints 0 -1
[   123.78 ] D: _currentMouseY 194 57 173 30 QSizeF(1, 0)
[   123.78 ] D: mouseMove2
[   123.78 ] D: _automationChanging true
[   123.78 ] D: _currentMouseY 195 58 173 30 QSizeF(1, 1)
[   123.78 ] D: mouseMove2
[   123.79 ] D: _automationChanging true
[   123.79 ] D: _pointActive2 false 0
[   123.79 ] D: createSelectedPoints 0 -1
[   123.79 ] D: _currentMouseY 195 59 173 30 QSizeF(0, 1)
[   123.80 ] D: mouseMove2
[   123.81 ] D: _pointActive2 false 0
[   123.81 ] D: createSelectedPoints 0 -1
[   123.81 ] D: _automationChanging true
[   123.81 ] D: _currentMouseY 196 61 173 30 QSizeF(1, 2)
[   123.81 ] D: mouseMove2
[   123.82 ] D: _automationChanging true
[   123.82 ] D: _pointActive2 false 0
[   123.82 ] D: createSelectedPoints 0 -1
[   123.83 ] D: _currentMouseY 198 63 173 30 QSizeF(2, 2)
[   123.83 ] D: mouseMove2
[   123.84 ] D: _automationChanging true
[   123.84 ] D: _pointActive2 false 0
[   123.84 ] D: createSelectedPoints 0 -1
[   123.85 ] D: _currentMouseY 199 63 173 30 QSizeF(1, 0)
[   123.85 ] D: mouseMove2
[   123.86 ] D: _pointActive2 false 0
[   123.86 ] D: createSelectedPoints 0 -1
[   123.86 ] D: _automationChanging true
[   123.86 ] D: _currentMouseY 199 63 173 30 QSizeF(0, 0)
[   123.86 ] D: mouseMove2
[   123.87 ] D: _pointActive2 false 0
[   123.87 ] D: createSelectedPoints 0 -1
[   123.88 ] D: _automationChanging true
[   123.88 ] D: _currentMouseY 200 63 173 30 QSizeF(1, 0)
[   123.88 ] D: mouseMove2
[   123.89 ] D: _pointActive2 false 0
[   123.89 ] D: createSelectedPoints 0 -1
[   123.89 ] D: _automationChanging true
[   123.89 ] D: _currentMouseY 201 64 173 30 QSizeF(1, 1)
[   123.89 ] D: mouseMove2
[   123.90 ] D: _automationChanging true
[   123.90 ] D: _currentMouseY 201 65 173 30 QSizeF(0, 1)
[   123.90 ] D: mouseMove2
[   123.91 ] D: _pointActive2 false 0
[   123.91 ] D: createSelectedPoints 0 -1
[   123.91 ] D: _automationChanging true
[   123.91 ] D: _currentMouseY 201 65 173 30 QSizeF(0, 0)
[   123.91 ] D: mouseMove2
[   123.92 ] D: _automationChanging true
[   123.92 ] D: _pointActive2 false 0
[   123.93 ] D: createSelectedPoints 0 -1
[   123.93 ] D: _currentMouseY 202 65 173 30 QSizeF(1, 0)
[   123.93 ] D: mouseMove2
[   123.93 ] D: _automationChanging true
[   123.93 ] D: _currentMouseY 203 66 173 30 QSizeF(1, 1)
[   123.93 ] D: mouseMove2
[   123.94 ] D: _pointActive2 false 0
[   123.94 ] D: createSelectedPoints 0 -1
[   123.94 ] D: _automationChanging true
[   123.94 ] D: _currentMouseY 203 67 173 30 QSizeF(0, 1)
[   123.94 ] D: mouseMove2
[   123.96 ] D: _pointActive2 false 0
[   123.96 ] D: createSelectedPoints 0 -1
[   123.96 ] D: _automationChanging true
[   123.96 ] D: _currentMouseY 204 68 173 30 QSizeF(1, 1)
[   123.96 ] D: mouseMove2
[   123.97 ] D: _pointActive2 false 0
[   123.97 ] D: createSelectedPoints 0 -1
[   123.97 ] D: _automationChanging true
[   123.98 ] D: _currentMouseY 204 68 173 30 QSizeF(0, 0)
[   123.98 ] D: mouseMove2
[   123.99 ] D: _automationChanging true
[   123.99 ] D: _pointActive2 false 0
[   123.99 ] D: createSelectedPoints 0 -1
[   123.99 ] D: _currentMouseY 205 68 173 30 QSizeF(1, 0)
[   123.99 ] D: mouseMove2
[   123.99 ] D: _automationChanging true
[   123.99 ] D: _currentMouseY 207 69 173 30 QSizeF(2, 1)
[   123.99 ] D: mouseMove2
[   124.01 ] D: _automationChanging true
[   124.01 ] D: _pointActive2 false 0
[   124.01 ] D: createSelectedPoints 0 -1
[   124.01 ] D: _currentMouseY 207 70 173 30 QSizeF(0, 1)
[   124.01 ] D: mouseMove2
[   124.02 ] D: _automationChanging true
[   124.02 ] D: _pointActive2 false 0
[   124.02 ] D: createSelectedPoints 0 -1
[   124.03 ] D: _currentMouseY 208 70 173 30 QSizeF(1, 0)
[   124.03 ] D: mouseMove2
[   124.04 ] D: _automationChanging true
[   124.04 ] D: _pointActive2 false 0
[   124.04 ] D: createSelectedPoints 0 -1
[   124.04 ] D: _currentMouseY 210 72 173 30 QSizeF(2, 2)
[   124.04 ] D: mouseMove2
[   124.06 ] D: _pointActive2 false 0
[   124.06 ] D: createSelectedPoints 0 -1
[   124.06 ] D: _automationChanging true
[   124.06 ] D: _currentMouseY 210 73 173 30 QSizeF(0, 1)
[   124.06 ] D: mouseMove2
[   124.07 ] D: _pointActive2 false 0
[   124.07 ] D: createSelectedPoints 0 -1
[   124.08 ] D: _automationChanging true
[   124.08 ] D: _currentMouseY 210 73 173 30 QSizeF(0, 0)
[   124.08 ] D: mouseMove2
[   124.09 ] D: _pointActive2 false 0
[   124.09 ] D: createSelectedPoints 0 -1
[   124.16 ] D: createSelectedPoints 0 -1
[   124.97 ] D: fos:  true
[   124.97 ] D: fos:  false
[   413.86 ] W: Retrying to obtain clipboard.
[   419.62 ] W: Retrying to obtain clipboard.
[   425.37 ] W: Retrying to obtain clipboard.
[   541.79 ] D: LambdaFunctionPointerVoidReturnType class `public: __cdecl DGE::QtWrapper::QMLScene::QNode3D::QNode3D(class DGE::QtWrapper::QMLScene::QINode3D * __ptr64) __ptr64'::`2'::<lambda_1> Is Destroyed
[   541.79 ] D: LambdaFunctionPointerVoidReturnType class `public: __cdecl DGE::QtWrapper::QMLScene::QNode3D::QNode3D(class DGE::QtWrapper::QMLScene::QINode3D * __ptr64) __ptr64'::`2'::<lambda_1> Is Destroyed
[   541.80 ] D: LambdaFunctionPointerVoidReturnType class `private: void __cdecl DGE::QtWrapper::QMLScene::QThirdPersonController::commonInitConstructor(void) __ptr64'::`2'::<lambda_1> Is Destroyed
[   541.80 ] D: LambdaFunctionPointerVoidReturnType class `protected: void __cdecl DGE::QtWrapper::QMLScene::QPerspectiveCameraController::commonInitConstructor(void) __ptr64'::`2'::<lambda_1> Is Destroyed
[   541.80 ] D: LambdaFunctionPointerVoidReturnType class `protected: void __cdecl DGE::QtWrapper::QMLScene::QPerspectiveCameraController::commonInitConstructor(void) __ptr64'::`2'::<lambda_1> Is Destroyed
[   541.80 ] D: MemberFunctionPointer void (__cdecl DGE::QtWrapper::QMLScene::QComponent3D::*)(void) __ptr64 Is Destroyed
[   541.80 ] D: MemberFunctionPointer void (__cdecl DGE::QtWrapper::QMLScene::QThirdPersonController::*)(class std::shared_ptr<class DGE::Scene::Component>) __ptr64 Is Destroyed
[   541.80 ] D: LambdaFunctionPointerVoidReturnType class `public: __cdecl DGE::QtWrapper::QMLScene::QCameraComponent::QCameraComponent(class DGE::QtWrapper::QMLScene::QNode3D * __ptr64,bool) __ptr64'::`2'::<lambda_1> Is Destroyed
[   541.80 ] D: MemberFunctionPointer void (__cdecl DGE::QtWrapper::QMLScene::QComponent3D::*)(void) __ptr64 Is Destroyed
[   541.80 ] D: LambdaFunctionPointerVoidReturnType class `private: void __cdecl DGE::QtWrapper::QMLScene::QPerspectiveLens::commonInitConstructor(void) __ptr64'::`2'::<lambda_1> Is Destroyed
[   541.80 ] D: LambdaFunctionPointerVoidReturnType class `protected: void __cdecl DGE::QtWrapper::QMLScene::QPerspectiveCameraController::commonInitConstructor(void) __ptr64'::`2'::<lambda_1> Is Destroyed
[   541.80 ] D: LambdaFunctionPointerVoidReturnType class `private: void __cdecl DGE::QtWrapper::QMLScene::QThirdPersonController::commonInitConstructor(void) __ptr64'::`2'::<lambda_1> Is Destroyed
[   541.80 ] D: LambdaFunctionPointerVoidReturnType class `protected: void __cdecl DGE::QtWrapper::QMLScene::QPerspectiveCameraController::commonInitConstructor(void) __ptr64'::`2'::<lambda_1> Is Destroyed
[   541.80 ] D: MemberFunctionPointer void (__cdecl DGE::QtWrapper::QMLScene::QComponent3D::*)(void) __ptr64 Is Destroyed
[   541.80 ] D: MemberFunctionPointer void (__cdecl DGE::QtWrapper::QMLScene::QThirdPersonController::*)(class std::shared_ptr<class DGE::Scene::Component>) __ptr64 Is Destroyed
[   541.80 ] D: LambdaFunctionPointerVoidReturnType class `public: __cdecl DGE::QtWrapper::QMLScene::QCameraComponent::QCameraComponent(class DGE::QtWrapper::QMLScene::QNode3D * __ptr64,bool) __ptr64'::`2'::<lambda_1> Is Destroyed
[   541.80 ] D: MemberFunctionPointer void (__cdecl DGE::QtWrapper::QMLScene::QComponent3D::*)(void) __ptr64 Is Destroyed
[   541.80 ] D: LambdaFunctionPointerVoidReturnType class `private: void __cdecl DGE::QtWrapper::QMLScene::QOrthoLens::commonInitConstructor(void) __ptr64'::`2'::<lambda_1> Is Destroyed
[   541.80 ] D: LambdaFunctionPointerVoidReturnType class `protected: void __cdecl DGE::QtWrapper::QMLScene::QPerspectiveCameraController::commonInitConstructor(void) __ptr64'::`2'::<lambda_1> Is Destroyed
[   541.80 ] D: LambdaFunctionPointerVoidReturnType class `private: void __cdecl DGE::QtWrapper::QMLScene::QThirdPersonController::commonInitConstructor(void) __ptr64'::`2'::<lambda_1> Is Destroyed
[   541.80 ] D: LambdaFunctionPointerVoidReturnType class `protected: void __cdecl DGE::QtWrapper::QMLScene::QPerspectiveCameraController::commonInitConstructor(void) __ptr64'::`2'::<lambda_1> Is Destroyed
[   541.80 ] D: MemberFunctionPointer void (__cdecl DGE::QtWrapper::QMLScene::QComponent3D::*)(void) __ptr64 Is Destroyed
[   541.80 ] D: MemberFunctionPointer void (__cdecl DGE::QtWrapper::QMLScene::QThirdPersonController::*)(class std::shared_ptr<class DGE::Scene::Component>) __ptr64 Is Destroyed
[   541.80 ] D: LambdaFunctionPointerVoidReturnType class `public: __cdecl DGE::QtWrapper::QMLScene::QCameraComponent::QCameraComponent(class DGE::QtWrapper::QMLScene::QNode3D * __ptr64,bool) __ptr64'::`2'::<lambda_1> Is Destroyed
[   541.80 ] D: MemberFunctionPointer void (__cdecl DGE::QtWrapper::QMLScene::QComponent3D::*)(void) __ptr64 Is Destroyed
[   541.80 ] D: LambdaFunctionPointerVoidReturnType class `private: void __cdecl DGE::QtWrapper::QMLScene::QOrthoLens::commonInitConstructor(void) __ptr64'::`2'::<lambda_1> Is Destroyed
[   541.80 ] D: LambdaFunctionPointerVoidReturnType class `public: __cdecl DGE::QtWrapper::QMLScene::QCameraComponent::QCameraComponent(class DGE::QtWrapper::QMLScene::QNode3D * __ptr64,bool) __ptr64'::`2'::<lambda_1> Is Destroyed
[   541.80 ] D: MemberFunctionPointer void (__cdecl DGE::QtWrapper::QMLScene::QComponent3D::*)(void) __ptr64 Is Destroyed
[   541.80 ] D: LambdaFunctionPointerVoidReturnType class `private: void __cdecl DGE::QtWrapper::QMLScene::QPerspectiveLens::commonInitConstructor(void) __ptr64'::`2'::<lambda_1> Is Destroyed
[   541.81 ] D: LambdaFunctionPointerVoidReturnType class `protected: void __cdecl DGE::QtWrapper::QMLScene::QPerspectiveCameraController::commonInitConstructor(void) __ptr64'::`2'::<lambda_1> Is Destroyed
[   541.81 ] D: LambdaFunctionPointerVoidReturnType class `private: void __cdecl DGE::QtWrapper::QMLScene::QThirdPersonController::commonInitConstructor(void) __ptr64'::`2'::<lambda_1> Is Destroyed
[   541.81 ] D: LambdaFunctionPointerVoidReturnType class `protected: void __cdecl DGE::QtWrapper::QMLScene::QPerspectiveCameraController::commonInitConstructor(void) __ptr64'::`2'::<lambda_1> Is Destroyed
[   541.81 ] D: MemberFunctionPointer void (__cdecl DGE::QtWrapper::QMLScene::QComponent3D::*)(void) __ptr64 Is Destroyed
[   541.81 ] D: MemberFunctionPointer void (__cdecl DGE::QtWrapper::QMLScene::QThirdPersonController::*)(class std::shared_ptr<class DGE::Scene::Component>) __ptr64 Is Destroyed
[   541.81 ] D: LambdaFunctionPointerVoidReturnType class `public: __cdecl DGE::QtWrapper::QMLScene::QCameraComponent::QCameraComponent(class DGE::QtWrapper::QMLScene::QNode3D * __ptr64,bool) __ptr64'::`2'::<lambda_1> Is Destroyed
[   541.81 ] D: MemberFunctionPointer void (__cdecl DGE::QtWrapper::QMLScene::QComponent3D::*)(void) __ptr64 Is Destroyed
[   541.81 ] D: LambdaFunctionPointerVoidReturnType class `private: void __cdecl DGE::QtWrapper::QMLScene::QPerspectiveLens::commonInitConstructor(void) __ptr64'::`2'::<lambda_1> Is Destroyed
[   541.81 ] D: LambdaFunctionPointerVoidReturnType class `protected: void __cdecl DGE::QtWrapper::QMLScene::QPerspectiveCameraController::commonInitConstructor(void) __ptr64'::`2'::<lambda_1> Is Destroyed
[   541.81 ] D: LambdaFunctionPointerVoidReturnType class `private: void __cdecl DGE::QtWrapper::QMLScene::QThirdPersonController::commonInitConstructor(void) __ptr64'::`2'::<lambda_1> Is Destroyed
[   541.81 ] D: LambdaFunctionPointerVoidReturnType class `protected: void __cdecl DGE::QtWrapper::QMLScene::QPerspectiveCameraController::commonInitConstructor(void) __ptr64'::`2'::<lambda_1> Is Destroyed
[   541.81 ] D: MemberFunctionPointer void (__cdecl DGE::QtWrapper::QMLScene::QComponent3D::*)(void) __ptr64 Is Destroyed
[   541.81 ] D: MemberFunctionPointer void (__cdecl DGE::QtWrapper::QMLScene::QThirdPersonController::*)(class std::shared_ptr<class DGE::Scene::Component>) __ptr64 Is Destroyed
[   541.81 ] D: LambdaFunctionPointerVoidReturnType class `public: __cdecl DGE::QtWrapper::QMLScene::QCameraComponent::QCameraComponent(class DGE::QtWrapper::QMLScene::QNode3D * __ptr64,bool) __ptr64'::`2'::<lambda_1> Is Destroyed
[   541.81 ] D: MemberFunctionPointer void (__cdecl DGE::QtWrapper::QMLScene::QComponent3D::*)(void) __ptr64 Is Destroyed
[   541.81 ] D: LambdaFunctionPointerVoidReturnType class `private: void __cdecl DGE::QtWrapper::QMLScene::QOrthoLens::commonInitConstructor(void) __ptr64'::`2'::<lambda_1> Is Destroyed
[   541.81 ] D: LambdaFunctionPointerVoidReturnType class `protected: void __cdecl DGE::QtWrapper::QMLScene::QPerspectiveCameraController::commonInitConstructor(void) __ptr64'::`2'::<lambda_1> Is Destroyed
[   541.81 ] D: LambdaFunctionPointerVoidReturnType class `protected: void __cdecl DGE::QtWrapper::QMLScene::QPerspectiveCameraController::commonInitConstructor(void) __ptr64'::`2'::<lambda_1> Is Destroyed
[   541.81 ] D: LambdaFunctionPointerVoidReturnType class `private: void __cdecl DGE::QtWrapper::QMLScene::QThirdPersonController::commonInitConstructor(void) __ptr64'::`2'::<lambda_1> Is Destroyed
[   541.81 ] D: MemberFunctionPointer void (__cdecl DGE::QtWrapper::QMLScene::QComponent3D::*)(void) __ptr64 Is Destroyed
[   541.81 ] D: MemberFunctionPointer void (__cdecl DGE::QtWrapper::QMLScene::QThirdPersonController::*)(class std::shared_ptr<class DGE::Scene::Component>) __ptr64 Is Destroyed
[   541.81 ] D: LambdaFunctionPointerVoidReturnType class `public: __cdecl DGE::QtWrapper::QMLScene::QCameraComponent::QCameraComponent(class DGE::QtWrapper::QMLScene::QNode3D * __ptr64,bool) __ptr64'::`2'::<lambda_1> Is Destroyed
[   541.81 ] D: MemberFunctionPointer void (__cdecl DGE::QtWrapper::QMLScene::QComponent3D::*)(void) __ptr64 Is Destroyed
[   541.81 ] D: LambdaFunctionPointerVoidReturnType class `private: void __cdecl DGE::QtWrapper::QMLScene::QOrthoLens::commonInitConstructor(void) __ptr64'::`2'::<lambda_1> Is Destroyed
[   541.81 ] D: LambdaFunctionPointerVoidReturnType class `public: __cdecl DGE::QtWrapper::QMLScene::QCameraComponent::QCameraComponent(class DGE::QtWrapper::QMLScene::QNode3D * __ptr64,bool) __ptr64'::`2'::<lambda_1> Is Destroyed
[   541.81 ] D: MemberFunctionPointer void (__cdecl DGE::QtWrapper::QMLScene::QComponent3D::*)(void) __ptr64 Is Destroyed
[   541.81 ] D: LambdaFunctionPointerVoidReturnType class `private: void __cdecl DGE::QtWrapper::QMLScene::QPerspectiveLens::commonInitConstructor(void) __ptr64'::`2'::<lambda_1> Is Destroyed
[   541.82 ] D: LambdaFunctionPointerVoidReturnType class `protected: void __cdecl DGE::QtWrapper::QMLScene::QPerspectiveCameraController::commonInitConstructor(void) __ptr64'::`2'::<lambda_1> Is Destroyed
[   541.82 ] D: LambdaFunctionPointerVoidReturnType class `protected: void __cdecl DGE::QtWrapper::QMLScene::QPerspectiveCameraController::commonInitConstructor(void) __ptr64'::`2'::<lambda_1> Is Destroyed
[   541.82 ] D: LambdaFunctionPointerVoidReturnType class `private: void __cdecl DGE::QtWrapper::QMLScene::QThirdPersonController::commonInitConstructor(void) __ptr64'::`2'::<lambda_1> Is Destroyed
[   541.82 ] D: MemberFunctionPointer void (__cdecl DGE::QtWrapper::QMLScene::QComponent3D::*)(void) __ptr64 Is Destroyed
[   541.82 ] D: MemberFunctionPointer void (__cdecl DGE::QtWrapper::QMLScene::QThirdPersonController::*)(class std::shared_ptr<class DGE::Scene::Component>) __ptr64 Is Destroyed
[   541.82 ] D: LambdaFunctionPointerVoidReturnType class `public: __cdecl DGE::QtWrapper::QMLScene::QCameraComponent::QCameraComponent(class DGE::QtWrapper::QMLScene::QNode3D * __ptr64,bool) __ptr64'::`2'::<lambda_1> Is Destroyed
[   541.82 ] D: MemberFunctionPointer void (__cdecl DGE::QtWrapper::QMLScene::QComponent3D::*)(void) __ptr64 Is Destroyed
[   541.82 ] D: LambdaFunctionPointerVoidReturnType class `private: void __cdecl DGE::QtWrapper::QMLScene::QPerspectiveLens::commonInitConstructor(void) __ptr64'::`2'::<lambda_1> Is Destroyed
[   541.82 ] D: LambdaFunctionPointerVoidReturnType class `protected: void __cdecl DGE::QtWrapper::QMLScene::QPerspectiveCameraController::commonInitConstructor(void) __ptr64'::`2'::<lambda_1> Is Destroyed
[   541.82 ] D: LambdaFunctionPointerVoidReturnType class `protected: void __cdecl DGE::QtWrapper::QMLScene::QPerspectiveCameraController::commonInitConstructor(void) __ptr64'::`2'::<lambda_1> Is Destroyed
[   541.82 ] D: LambdaFunctionPointerVoidReturnType class `private: void __cdecl DGE::QtWrapper::QMLScene::QThirdPersonController::commonInitConstructor(void) __ptr64'::`2'::<lambda_1> Is Destroyed
[   541.82 ] D: MemberFunctionPointer void (__cdecl DGE::QtWrapper::QMLScene::QComponent3D::*)(void) __ptr64 Is Destroyed
[   541.82 ] D: MemberFunctionPointer void (__cdecl DGE::QtWrapper::QMLScene::QThirdPersonController::*)(class std::shared_ptr<class DGE::Scene::Component>) __ptr64 Is Destroyed
[   541.82 ] D: LambdaFunctionPointerVoidReturnType class `public: __cdecl DGE::QtWrapper::QMLScene::QCameraComponent::QCameraComponent(class DGE::QtWrapper::QMLScene::QNode3D * __ptr64,bool) __ptr64'::`2'::<lambda_1> Is Destroyed
[   541.82 ] D: MemberFunctionPointer void (__cdecl DGE::QtWrapper::QMLScene::QComponent3D::*)(void) __ptr64 Is Destroyed
[   541.82 ] D: LambdaFunctionPointerVoidReturnType class `private: void __cdecl DGE::QtWrapper::QMLScene::QOrthoLens::commonInitConstructor(void) __ptr64'::`2'::<lambda_1> Is Destroyed
[   541.82 ] D: LambdaFunctionPointerVoidReturnType class `protected: void __cdecl DGE::QtWrapper::QMLScene::QPerspectiveCameraController::commonInitConstructor(void) __ptr64'::`2'::<lambda_1> Is Destroyed
[   541.82 ] D: LambdaFunctionPointerVoidReturnType class `protected: void __cdecl DGE::QtWrapper::QMLScene::QPerspectiveCameraController::commonInitConstructor(void) __ptr64'::`2'::<lambda_1> Is Destroyed
[   541.82 ] D: LambdaFunctionPointerVoidReturnType class `private: void __cdecl DGE::QtWrapper::QMLScene::QThirdPersonController::commonInitConstructor(void) __ptr64'::`2'::<lambda_1> Is Destroyed
[   541.82 ] D: MemberFunctionPointer void (__cdecl DGE::QtWrapper::QMLScene::QComponent3D::*)(void) __ptr64 Is Destroyed
[   541.82 ] D: MemberFunctionPointer void (__cdecl DGE::QtWrapper::QMLScene::QThirdPersonController::*)(class std::shared_ptr<class DGE::Scene::Component>) __ptr64 Is Destroyed
[   541.82 ] D: LambdaFunctionPointerVoidReturnType class `public: __cdecl DGE::QtWrapper::QMLScene::QCameraComponent::QCameraComponent(class DGE::QtWrapper::QMLScene::QNode3D * __ptr64,bool) __ptr64'::`2'::<lambda_1> Is Destroyed
[   541.82 ] D: MemberFunctionPointer void (__cdecl DGE::QtWrapper::QMLScene::QComponent3D::*)(void) __ptr64 Is Destroyed
[   541.82 ] D: LambdaFunctionPointerVoidReturnType class `private: void __cdecl DGE::QtWrapper::QMLScene::QOrthoLens::commonInitConstructor(void) __ptr64'::`2'::<lambda_1> Is Destroyed
[   541.82 ] D: LambdaFunctionPointerVoidReturnType class `public: __cdecl DGE::QtWrapper::QMLScene::QCameraComponent::QCameraComponent(class DGE::QtWrapper::QMLScene::QNode3D * __ptr64,bool) __ptr64'::`2'::<lambda_1> Is Destroyed
[   541.82 ] D: MemberFunctionPointer void (__cdecl DGE::QtWrapper::QMLScene::QComponent3D::*)(void) __ptr64 Is Destroyed
[   541.82 ] D: LambdaFunctionPointerVoidReturnType class `private: void __cdecl DGE::QtWrapper::QMLScene::QPerspectiveLens::commonInitConstructor(void) __ptr64'::`2'::<lambda_1> Is Destroyed
[   541.92 ] D: LambdaFunctionPointerVoidReturnType class `public: __cdecl AnimationManager::AnimationManager(class QObject * __ptr64) __ptr64'::`2'::<lambda_1> Is Destroyed
[   541.92 ] D: Release a BaseUIItem object
[   541.93 ] D: -----Released Scene Module-----
[   541.93 ] D: -----Released GFX Module-----
[   541.93 ] I: Log: Log file closed, 1403/6/18 23:18:01
