[     4.48 ] I: Log: Log file open in follow path at 1403/6/12 09:07:09 : C:\Users\AmirPasha\Desktop\Rpos\DAW-3\build2019\debug\Logs\Launch.log
[     4.48 ] I: The subsystem "class DGE::Core::IO::LogSystem::Logger" is registered successfully.
[     4.48 ] I: The subsystem "class DGE::Core::Windows::QtWindow" is registered successfully.
[     4.49 ] D: API version is: 4.60 ,shader version is: 4.60
[     4.49 ] I: The subsystem "class DGE::GFX::GCore::QtWrapper::QtRenderer" is registered successfully.
[     4.49 ] I: Current Render API is: 4.60
[     4.49 ] I: The subsystem "Renderer" is registered successfully.
[     4.49 ] I: The subsystem "class DGE::Core::Platforms::QtPlatform" is registered successfully.
[     4.49 ] I: The subsystem "Platform" is registered successfully.
[     4.49 ] I: The subsystem "class DGE::Core::IO::FileSystem::FileManager" is registered successfully.
[     4.49 ] I: The subsystem "class DGE::Core::CoreModule" is registered successfully.
[     4.49 ] I: The subsystem "class DGE::Core::Profiling::Profiler" is registered successfully.
[     4.49 ] I: The subsystem "class DGE::GFX::DrawablesManager" is registered successfully.
[     4.49 ] I: #version 460 core
#define GLES_Ver 460

[     4.49 ] I: The subsystem "class DGE::GFX::GraphicsManager" is registered successfully.
[     4.49 ] I: The subsystem "class DGE::GFX::GFXModule" is registered successfully.
[     4.56 ] D: Shader Compile successfully.
[     4.56 ] I: The subsystem "class DGE::Scene::ViewportManager" is registered successfully.
[     4.56 ] I: The subsystem "class DGE::Scene::SceneModule" is registered successfully.
[     4.56 ] I: The subsystem "class DGE::Managers::RenderManager" is registered successfully.
[     4.56 ] D: Engine Enabled
[     4.56 ] I: The subsystem "class DGE::Engine" is registered successfully.
[     4.56 ] D: Node with id 1 is added to Qt layer
[     4.56 ] D: Node with id 2460 is added to Qt layer
[     4.56 ] D: Node with id 2462 is added to Qt layer
[     4.56 ] D: Node with id 2464 is added to Qt layer
[     4.56 ] D: Node with id 2466 is added to Qt layer
[     4.56 ] D: Node with id 2468 is added to Qt layer
[     4.56 ] D: Node with id 2470 is added to Qt layer
[     4.57 ] D: Node with id 2472 is added to Qt layer
[     4.57 ] D: Node with id 2474 is added to Qt layer
[     4.57 ] D: Node with id 2476 is added to Qt layer
[     4.57 ] D: Node with id 2478 is added to Qt layer
[     4.57 ] D: Node with id 2480 is added to Qt layer
[     4.57 ] D: Node with id 2482 is added to Qt layer
[     4.57 ] D: Node with id 2484 is added to Qt layer
[     4.57 ] D: Node with id 2486 is added to Qt layer
[     4.57 ] D: Node with id 2487 is added to Qt layer
[     4.57 ] D: Node with id 2489 is added to Qt layer
[     4.57 ] D: Node with id 2491 is added to Qt layer
[     4.57 ] D: Node with id 3 is added to Qt layer
[     4.57 ] D: Node with id 2493 is added to Qt layer
[     4.57 ] S: New view-port registered with id: 1
[     4.57 ] S: New view-port registered with id: 2
[     4.57 ] S: New view-port registered with id: 3
[     4.57 ] S: New view-port registered with id: 4
[     4.57 ] S: New view-port registered with id: 5
[     4.57 ] S: New view-port registered with id: 6
[     4.67 ] D: Creating suitable QNanoBackend for OpenGL 4.6 context
[     4.67 ] D: Using backend: "OpenGL 3"
[     4.70 ] W: Floating point comparison needs context sanity check
[     4.70 ] D: QT onScaleChanged=  144
[     4.72 ] W: ShaderEffectSource: 'recursive' must be set to true when rendering recursively.
[     4.72 ] W: ShaderEffectSource: 'recursive' must be set to true when rendering recursively.
[     4.72 ] W: ShaderEffectSource: 'recursive' must be set to true when rendering recursively.
[     4.72 ] W: ShaderEffectSource: 'recursive' must be set to true when rendering recursively.
[     4.90 ] D: Engine Started.
[   476.54 ] D: P1 -290
[   476.55 ] D: P1 -307
[   476.55 ] D: P1 -309
[   476.55 ] D: P1 -311
[   476.55 ] D: P1 -313
[   476.55 ] D: P1 -314
[   476.56 ] D: P1 -316
[   476.56 ] D: P1 -318
[   476.57 ] D: P1 -322
[   476.57 ] D: P1 -325
[   476.57 ] D: P1 -327
[   476.59 ] D: P1 -336
[   476.59 ] D: P14
[   476.59 ] W: qrc:/main.qml:663: TypeError: Cannot read property 'contentY' of undefined
[   476.59 ] D: P1 -337
[   476.59 ] D: P14
[   476.59 ] D: P1 -338
[   476.59 ] D: P14
[   476.59 ] D: P1 -339
[   476.59 ] D: P14
[   476.60 ] D: P1 -341
[   476.60 ] D: P14
[   476.60 ] W: qrc:/main.qml:663: TypeError: Cannot read property 'contentY' of undefined
[   476.60 ] D: P1 -345
[   476.60 ] D: P14
[   476.60 ] W: qrc:/main.qml:663: TypeError: Cannot read property 'contentY' of undefined
[   476.61 ] D: P1 -347
[   476.61 ] D: P14
[   476.62 ] D: P1 -351
[   476.62 ] D: P14
[   476.62 ] W: qrc:/main.qml:663: TypeError: Cannot read property 'contentY' of undefined
[   476.62 ] D: P1 -358
[   476.62 ] D: P14
[   476.62 ] D: P1 -359
[   476.62 ] D: P14
[   476.62 ] W: qrc:/main.qml:663: TypeError: Cannot read property 'contentY' of undefined
[   476.62 ] D: P1 -360
[   476.62 ] D: P14
[   476.64 ] D: P1 -366
[   476.64 ] D: P14
[   476.64 ] W: qrc:/main.qml:663: TypeError: Cannot read property 'contentY' of undefined
[   476.64 ] D: P1 -369
[   476.64 ] D: P1 -371
[   476.64 ] D: P1 -371
[   476.65 ] D: P1 -375
[   476.65 ] D: P1 -376
[   476.65 ] D: P1 -377
[   476.65 ] D: P1 -378
[   476.66 ] D: P1 -379
[   476.67 ] D: P1 -385
[   476.67 ] D: P1 -387
[   476.67 ] D: P1 -388
[   476.68 ] D: P1 -389
[   476.68 ] D: P1 -390
[   476.68 ] D: P1 -392
[   476.69 ] D: P1 -393
[   476.69 ] D: P1 -394
[   476.70 ] D: P1 -395
[   476.70 ] D: P1 -398
[   476.71 ] D: P1 -398
[   476.72 ] D: P1 -399
[   476.72 ] D: P1 -401
[   476.73 ] D: P1 -402
[   476.75 ] D: P1 -402
[   477.20 ] D: sltPositionChanged 485099
[   477.20 ] D: frame_offset 0 0 217
[   477.20 ] D: frame_offset 0 1 217
[   477.21 ] D: frame_offset 0 2 217
[   477.21 ] D: frame_offset 0 3 217
[   477.21 ] D: frame_offset 0 4 217
[   477.22 ] D: findOverlayItems 1 0
[   477.22 ] D: "{f6ee9428-d074-4b9c-b9d4-323ededb5c7f}" i.value()->sampleClip()->startTime()  11000 333833 333833 11000
[   477.22 ] D: findOverlayItems
[   477.22 ] D: sltPositionChanged 485099
[   477.22 ] D: frame_offset 0 0 217
[   477.23 ] D: frame_offset 0 1 217
[   477.23 ] D: frame_offset 0 2 217
[   477.23 ] D: frame_offset 0 3 217
[   477.23 ] D: frame_offset 0 4 217
[   482.37 ] D: _editController->getParameterCount() 143
[   482.37 ] D: info.stepCount 0xb3cd357c0 0.7 0 0
[   482.37 ] D: info.stepCount 0xb3cd357c0 0.5 0 0
[   482.37 ] D: info.stepCount 0xb3cd357c0 0 1 0
[   482.37 ] D: info.stepCount 0xb3cd357c0 0.5 0 0
[   482.37 ] D: info.stepCount 0xb3cd357c0 0.5 0 0
[   482.37 ] D: info.stepCount 0xb3cd357c0 0.5 0 0
[   482.37 ] D: info.stepCount 0xb3cd357c0 0.5 0 0
[   482.37 ] D: info.stepCount 0xb3cd357c0 0 1 0
[   482.37 ] D: info.stepCount 0xb3cd357c0 0 1 0
[   482.37 ] D: info.stepCount 0xb3cd357c0 0 0 0
[   482.37 ] D: info.stepCount 0xb3cd357c0 0 0 0
[   482.37 ] D: info.stepCount 0xb3cd357c0 0 0 0
[   482.37 ] D: info.stepCount 0xb3cd357c0 0 0 0
[   482.37 ] D: info.stepCount 0xb3cd357c0 0 0 0
[   482.37 ] D: info.stepCount 0xb3cd357c0 0 0 0
[   482.37 ] D: info.stepCount 0xb3cd357c0 0 0 0
[   482.37 ] D: info.stepCount 0xb3cd357c0 0 0 0
[   482.37 ] D: info.stepCount 0xb3cd357c0 0 0 0
[   482.37 ] D: info.stepCount 0xb3cd357c0 0 0 0
[   482.37 ] D: info.stepCount 0xb3cd357c0 0 0 0
[   482.37 ] D: info.stepCount 0xb3cd357c0 0 0 0
[   482.37 ] D: info.stepCount 0xb3cd357c0 0 0 0
[   482.37 ] D: info.stepCount 0xb3cd357c0 0 0 0
[   482.37 ] D: info.stepCount 0xb3cd357c0 0 0 0
[   482.37 ] D: info.stepCount 0xb3cd357c0 0 0 0
[   482.37 ] D: info.stepCount 0xb3cd357c0 0 0 0
[   482.37 ] D: info.stepCount 0xb3cd357c0 0 0 0
[   482.37 ] D: info.stepCount 0xb3cd357c0 0 0 0
[   482.37 ] D: info.stepCount 0xb3cd357c0 0 0 0
[   482.37 ] D: info.stepCount 0xb3cd357c0 0 0 0
[   482.37 ] D: info.stepCount 0xb3cd357c0 0 0 0
[   482.37 ] D: info.stepCount 0xb3cd357c0 0 0 0
[   482.37 ] D: info.stepCount 0xb3cd357c0 0 0 0
[   482.37 ] D: info.stepCount 0xb3cd357c0 0 0 0
[   482.37 ] D: info.stepCount 0xb3cd357c0 0 0 0
[   482.37 ] D: info.stepCount 0xb3cd357c0 0 0 0
[   482.37 ] D: info.stepCount 0xb3cd357c0 0 0 0
[   482.37 ] D: info.stepCount 0xb3cd357c0 0 0 0
[   482.37 ] D: info.stepCount 0xb3cd357c0 0 0 0
[   482.37 ] D: info.stepCount 0xb3cd357c0 0 0 0
[   482.37 ] D: info.stepCount 0xb3cd357c0 0 0 0
[   482.37 ] D: info.stepCount 0xb3cd357c0 0 0 0
[   482.37 ] D: info.stepCount 0xb3cd357c0 0 0 0
[   482.37 ] D: info.stepCount 0xb3cd357c0 0 0 0
[   482.37 ] D: info.stepCount 0xb3cd357c0 0 0 0
[   482.37 ] D: info.stepCount 0xb3cd357c0 0 0 0
[   482.37 ] D: info.stepCount 0xb3cd357c0 0 0 0
[   482.37 ] D: info.stepCount 0xb3cd357c0 0 0 0
[   482.37 ] D: info.stepCount 0xb3cd357c0 0 0 0
[   482.37 ] D: info.stepCount 0xb3cd357c0 0 0 0
[   482.37 ] D: info.stepCount 0xb3cd357c0 0 0 0
[   482.37 ] D: info.stepCount 0xb3cd357c0 0 0 0
[   482.37 ] D: info.stepCount 0xb3cd357c0 0 0 0
[   482.37 ] D: info.stepCount 0xb3cd357c0 0 0 0
[   482.37 ] D: info.stepCount 0xb3cd357c0 0 0 0
[   482.37 ] D: info.stepCount 0xb3cd357c0 0 0 0
[   482.37 ] D: info.stepCount 0xb3cd357c0 0 0 0
[   482.37 ] D: info.stepCount 0xb3cd357c0 0 0 0
[   482.37 ] D: info.stepCount 0xb3cd357c0 0 0 0
[   482.37 ] D: info.stepCount 0xb3cd357c0 0 0 0
[   482.37 ] D: info.stepCount 0xb3cd357c0 0 0 0
[   482.37 ] D: info.stepCount 0xb3cd357c0 0 0 0
[   482.37 ] D: info.stepCount 0xb3cd357c0 0 0 0
[   482.37 ] D: info.stepCount 0xb3cd357c0 0 0 0
[   482.37 ] D: info.stepCount 0xb3cd357c0 0 0 0
[   482.37 ] D: info.stepCount 0xb3cd357c0 0 0 0
[   482.37 ] D: info.stepCount 0xb3cd357c0 0 0 0
[   482.37 ] D: info.stepCount 0xb3cd357c0 0 0 0
[   482.37 ] D: info.stepCount 0xb3cd357c0 0 0 0
[   482.37 ] D: info.stepCount 0xb3cd357c0 0 0 0
[   482.37 ] D: info.stepCount 0xb3cd357c0 0 0 0
[   482.37 ] D: info.stepCount 0xb3cd357c0 0 0 0
[   482.37 ] D: info.stepCount 0xb3cd357c0 0 0 0
[   482.37 ] D: info.stepCount 0xb3cd357c0 0 0 0
[   482.37 ] D: info.stepCount 0xb3cd357c0 0 0 0
[   482.37 ] D: info.stepCount 0xb3cd357c0 0 0 0
[   482.37 ] D: info.stepCount 0xb3cd357c0 0 0 0
[   482.37 ] D: info.stepCount 0xb3cd357c0 0 0 0
[   482.37 ] D: info.stepCount 0xb3cd357c0 0 0 0
[   482.37 ] D: info.stepCount 0xb3cd357c0 0 0 0
[   482.37 ] D: info.stepCount 0xb3cd357c0 0 0 0
[   482.37 ] D: info.stepCount 0xb3cd357c0 0 0 0
[   482.37 ] D: info.stepCount 0xb3cd357c0 0 0 0
[   482.37 ] D: info.stepCount 0xb3cd357c0 0 0 0
[   482.37 ] D: info.stepCount 0xb3cd357c0 0 0 0
[   482.37 ] D: info.stepCount 0xb3cd357c0 0 0 0
[   482.37 ] D: info.stepCount 0xb3cd357c0 0 0 0
[   482.37 ] D: info.stepCount 0xb3cd357c0 0 0 0
[   482.37 ] D: info.stepCount 0xb3cd357c0 0 0 0
[   482.37 ] D: info.stepCount 0xb3cd357c0 0 0 0
[   482.37 ] D: info.stepCount 0xb3cd357c0 0 0 0
[   482.38 ] D: info.stepCount 0xb3cd357c0 0 0 0
[   482.38 ] D: info.stepCount 0xb3cd357c0 0 0 0
[   482.38 ] D: info.stepCount 0xb3cd357c0 0 0 0
[   482.38 ] D: info.stepCount 0xb3cd357c0 0 0 0
[   482.38 ] D: info.stepCount 0xb3cd357c0 0 0 0
[   482.38 ] D: info.stepCount 0xb3cd357c0 0 0 0
[   482.38 ] D: info.stepCount 0xb3cd357c0 0 0 0
[   482.38 ] D: info.stepCount 0xb3cd357c0 0 0 0
[   482.38 ] D: info.stepCount 0xb3cd357c0 0 0 0
[   482.38 ] D: info.stepCount 0xb3cd357c0 0 0 0
[   482.38 ] D: info.stepCount 0xb3cd357c0 0 0 0
[   482.38 ] D: info.stepCount 0xb3cd357c0 0 0 0
[   482.38 ] D: info.stepCount 0xb3cd357c0 0 0 0
[   482.38 ] D: info.stepCount 0xb3cd357c0 0 0 0
[   482.38 ] D: info.stepCount 0xb3cd357c0 0 0 0
[   482.38 ] D: info.stepCount 0xb3cd357c0 0 0 0
[   482.38 ] D: info.stepCount 0xb3cd357c0 0 0 0
[   482.38 ] D: info.stepCount 0xb3cd357c0 0 0 0
[   482.38 ] D: info.stepCount 0xb3cd357c0 0 0 0
[   482.38 ] D: info.stepCount 0xb3cd357c0 0 0 0
[   482.38 ] D: info.stepCount 0xb3cd357c0 0 0 0
[   482.38 ] D: info.stepCount 0xb3cd357c0 0 0 0
[   482.38 ] D: info.stepCount 0xb3cd357c0 0 0 0
[   482.38 ] D: info.stepCount 0xb3cd357c0 0 0 0
[   482.38 ] D: info.stepCount 0xb3cd357c0 0 0 0
[   482.38 ] D: info.stepCount 0xb3cd357c0 0 0 0
[   482.38 ] D: info.stepCount 0xb3cd357c0 0 0 0
[   482.38 ] D: info.stepCount 0xb3cd357c0 0 0 0
[   482.38 ] D: info.stepCount 0xb3cd357c0 0 0 0
[   482.38 ] D: info.stepCount 0xb3cd357c0 0 0 0
[   482.38 ] D: info.stepCount 0xb3cd357c0 0 0 0
[   482.38 ] D: info.stepCount 0xb3cd357c0 0 0 0
[   482.38 ] D: info.stepCount 0xb3cd357c0 0 0 0
[   482.38 ] D: info.stepCount 0xb3cd357c0 0 0 0
[   482.38 ] D: info.stepCount 0xb3cd357c0 0 0 0
[   482.38 ] D: info.stepCount 0xb3cd357c0 0 0 0
[   482.38 ] D: info.stepCount 0xb3cd357c0 0 0 0
[   482.38 ] D: info.stepCount 0xb3cd357c0 0 0 0
[   482.38 ] D: info.stepCount 0xb3cd357c0 0 0 0
[   482.38 ] D: info.stepCount 0xb3cd357c0 0 0 0
[   482.38 ] D: info.stepCount 0xb3cd357c0 0 0 0
[   482.38 ] D: info.stepCount 0xb3cd357c0 0 0 0
[   482.38 ] D: info.stepCount 0xb3cd357c0 0 0 0
[   482.38 ] D: info.stepCount 0xb3cd357c0 0 0 0
[   482.38 ] D: info.stepCount 0xb3cd357c0 0 0 0
[   482.38 ] D: info.stepCount 0xb3cd357c0 0 0 0
[   482.38 ] D: info.stepCount 0xb3cd357c0 0 0 0
[   482.38 ] D: info.stepCount 0xb3cd357c0 0 0 0
[   482.38 ] D: info.stepCount 0xb3cd357c0 0 0 0
[   482.38 ] D: info.stepCount 0xb3cd357c0 0 0 0
[   482.38 ] D: info.stepCount 0xb3cd357c0 0 0 0
[   482.38 ] D: info.stepCount 0xb3cd357c0 0 0 0
[   482.39 ] D: effectModel.controls Vst3Effect(0x186295d35d0)
[   482.62 ] D: ADDED
[   489.30 ] D: findTrackIndexByPoint 0 QRect(0,0 1707x111) true QPointF(268,94)
[   491.39 ] D: _requestForLoading false false
[   491.39 ] D: _requestForLoading2
[   491.39 ] D: _numberOfSampleBuffer 1
[   491.39 ] D: START TO load 0
[   491.39 ] D: sltPositionChanged 661499 true
[   491.39 ] D: START TO load 1
[   491.39 ] D: START TO load 2
[   491.39 ] D: START TO load 3
[   491.39 ] D: frame_offset 2 0 217
[   491.40 ] D: frame_offset 2 1 217
[   491.40 ] D: frame_offset 2 2 217
[   491.40 ] D: frame_offset 2 3 217
[   491.40 ] D: frame_offset 2 4 217
[   491.41 ] D: sltFirstBufferFilled ("{f6ee9428-d074-4b9c-b9d4-323ededb5c7f}") "{f6ee9428-d074-4b9c-b9d4-323ededb5c7f}" true
[   491.41 ] D: _requestForLoading true false
[   491.87 ] D: AsyncFileReader 2 7
[   516.34 ] D: LambdaFunctionPointerVoidReturnType class `public: __cdecl DGE::QtWrapper::QMLScene::QNode3D::QNode3D(class DGE::QtWrapper::QMLScene::QINode3D * __ptr64) __ptr64'::`2'::<lambda_1> Is Destroyed
[   516.34 ] D: LambdaFunctionPointerVoidReturnType class `public: __cdecl DGE::QtWrapper::QMLScene::QNode3D::QNode3D(class DGE::QtWrapper::QMLScene::QINode3D * __ptr64) __ptr64'::`2'::<lambda_1> Is Destroyed
[   516.35 ] D: LambdaFunctionPointerVoidReturnType class `private: void __cdecl DGE::QtWrapper::QMLScene::QThirdPersonController::commonInitConstructor(void) __ptr64'::`2'::<lambda_1> Is Destroyed
[   516.35 ] D: LambdaFunctionPointerVoidReturnType class `protected: void __cdecl DGE::QtWrapper::QMLScene::QPerspectiveCameraController::commonInitConstructor(void) __ptr64'::`2'::<lambda_1> Is Destroyed
[   516.35 ] D: LambdaFunctionPointerVoidReturnType class `protected: void __cdecl DGE::QtWrapper::QMLScene::QPerspectiveCameraController::commonInitConstructor(void) __ptr64'::`2'::<lambda_1> Is Destroyed
[   516.35 ] D: MemberFunctionPointer void (__cdecl DGE::QtWrapper::QMLScene::QComponent3D::*)(void) __ptr64 Is Destroyed
[   516.35 ] D: MemberFunctionPointer void (__cdecl DGE::QtWrapper::QMLScene::QThirdPersonController::*)(class std::shared_ptr<class DGE::Scene::Component>) __ptr64 Is Destroyed
[   516.35 ] D: LambdaFunctionPointerVoidReturnType class `public: __cdecl DGE::QtWrapper::QMLScene::QCameraComponent::QCameraComponent(class DGE::QtWrapper::QMLScene::QNode3D * __ptr64,bool) __ptr64'::`2'::<lambda_1> Is Destroyed
[   516.35 ] D: MemberFunctionPointer void (__cdecl DGE::QtWrapper::QMLScene::QComponent3D::*)(void) __ptr64 Is Destroyed
[   516.35 ] D: LambdaFunctionPointerVoidReturnType class `private: void __cdecl DGE::QtWrapper::QMLScene::QPerspectiveLens::commonInitConstructor(void) __ptr64'::`2'::<lambda_1> Is Destroyed
[   516.35 ] D: LambdaFunctionPointerVoidReturnType class `protected: void __cdecl DGE::QtWrapper::QMLScene::QPerspectiveCameraController::commonInitConstructor(void) __ptr64'::`2'::<lambda_1> Is Destroyed
[   516.35 ] D: LambdaFunctionPointerVoidReturnType class `protected: void __cdecl DGE::QtWrapper::QMLScene::QPerspectiveCameraController::commonInitConstructor(void) __ptr64'::`2'::<lambda_1> Is Destroyed
[   516.35 ] D: LambdaFunctionPointerVoidReturnType class `private: void __cdecl DGE::QtWrapper::QMLScene::QThirdPersonController::commonInitConstructor(void) __ptr64'::`2'::<lambda_1> Is Destroyed
[   516.35 ] D: MemberFunctionPointer void (__cdecl DGE::QtWrapper::QMLScene::QComponent3D::*)(void) __ptr64 Is Destroyed
[   516.35 ] D: MemberFunctionPointer void (__cdecl DGE::QtWrapper::QMLScene::QThirdPersonController::*)(class std::shared_ptr<class DGE::Scene::Component>) __ptr64 Is Destroyed
[   516.35 ] D: LambdaFunctionPointerVoidReturnType class `public: __cdecl DGE::QtWrapper::QMLScene::QCameraComponent::QCameraComponent(class DGE::QtWrapper::QMLScene::QNode3D * __ptr64,bool) __ptr64'::`2'::<lambda_1> Is Destroyed
[   516.35 ] D: MemberFunctionPointer void (__cdecl DGE::QtWrapper::QMLScene::QComponent3D::*)(void) __ptr64 Is Destroyed
[   516.35 ] D: LambdaFunctionPointerVoidReturnType class `private: void __cdecl DGE::QtWrapper::QMLScene::QOrthoLens::commonInitConstructor(void) __ptr64'::`2'::<lambda_1> Is Destroyed
[   516.35 ] D: LambdaFunctionPointerVoidReturnType class `protected: void __cdecl DGE::QtWrapper::QMLScene::QPerspectiveCameraController::commonInitConstructor(void) __ptr64'::`2'::<lambda_1> Is Destroyed
[   516.35 ] D: LambdaFunctionPointerVoidReturnType class `private: void __cdecl DGE::QtWrapper::QMLScene::QThirdPersonController::commonInitConstructor(void) __ptr64'::`2'::<lambda_1> Is Destroyed
[   516.35 ] D: LambdaFunctionPointerVoidReturnType class `protected: void __cdecl DGE::QtWrapper::QMLScene::QPerspectiveCameraController::commonInitConstructor(void) __ptr64'::`2'::<lambda_1> Is Destroyed
[   516.35 ] D: MemberFunctionPointer void (__cdecl DGE::QtWrapper::QMLScene::QComponent3D::*)(void) __ptr64 Is Destroyed
[   516.35 ] D: MemberFunctionPointer void (__cdecl DGE::QtWrapper::QMLScene::QThirdPersonController::*)(class std::shared_ptr<class DGE::Scene::Component>) __ptr64 Is Destroyed
[   516.35 ] D: LambdaFunctionPointerVoidReturnType class `public: __cdecl DGE::QtWrapper::QMLScene::QCameraComponent::QCameraComponent(class DGE::QtWrapper::QMLScene::QNode3D * __ptr64,bool) __ptr64'::`2'::<lambda_1> Is Destroyed
[   516.35 ] D: MemberFunctionPointer void (__cdecl DGE::QtWrapper::QMLScene::QComponent3D::*)(void) __ptr64 Is Destroyed
[   516.35 ] D: LambdaFunctionPointerVoidReturnType class `private: void __cdecl DGE::QtWrapper::QMLScene::QOrthoLens::commonInitConstructor(void) __ptr64'::`2'::<lambda_1> Is Destroyed
[   516.35 ] D: LambdaFunctionPointerVoidReturnType class `public: __cdecl DGE::QtWrapper::QMLScene::QCameraComponent::QCameraComponent(class DGE::QtWrapper::QMLScene::QNode3D * __ptr64,bool) __ptr64'::`2'::<lambda_1> Is Destroyed
[   516.35 ] D: MemberFunctionPointer void (__cdecl DGE::QtWrapper::QMLScene::QComponent3D::*)(void) __ptr64 Is Destroyed
[   516.35 ] D: LambdaFunctionPointerVoidReturnType class `private: void __cdecl DGE::QtWrapper::QMLScene::QPerspectiveLens::commonInitConstructor(void) __ptr64'::`2'::<lambda_1> Is Destroyed
[   516.36 ] D: LambdaFunctionPointerVoidReturnType class `protected: void __cdecl DGE::QtWrapper::QMLScene::QPerspectiveCameraController::commonInitConstructor(void) __ptr64'::`2'::<lambda_1> Is Destroyed
[   516.36 ] D: LambdaFunctionPointerVoidReturnType class `private: void __cdecl DGE::QtWrapper::QMLScene::QThirdPersonController::commonInitConstructor(void) __ptr64'::`2'::<lambda_1> Is Destroyed
[   516.36 ] D: LambdaFunctionPointerVoidReturnType class `protected: void __cdecl DGE::QtWrapper::QMLScene::QPerspectiveCameraController::commonInitConstructor(void) __ptr64'::`2'::<lambda_1> Is Destroyed
[   516.36 ] D: MemberFunctionPointer void (__cdecl DGE::QtWrapper::QMLScene::QComponent3D::*)(void) __ptr64 Is Destroyed
[   516.36 ] D: MemberFunctionPointer void (__cdecl DGE::QtWrapper::QMLScene::QThirdPersonController::*)(class std::shared_ptr<class DGE::Scene::Component>) __ptr64 Is Destroyed
[   516.36 ] D: LambdaFunctionPointerVoidReturnType class `public: __cdecl DGE::QtWrapper::QMLScene::QCameraComponent::QCameraComponent(class DGE::QtWrapper::QMLScene::QNode3D * __ptr64,bool) __ptr64'::`2'::<lambda_1> Is Destroyed
[   516.36 ] D: MemberFunctionPointer void (__cdecl DGE::QtWrapper::QMLScene::QComponent3D::*)(void) __ptr64 Is Destroyed
[   516.36 ] D: LambdaFunctionPointerVoidReturnType class `private: void __cdecl DGE::QtWrapper::QMLScene::QPerspectiveLens::commonInitConstructor(void) __ptr64'::`2'::<lambda_1> Is Destroyed
[   516.36 ] D: LambdaFunctionPointerVoidReturnType class `protected: void __cdecl DGE::QtWrapper::QMLScene::QPerspectiveCameraController::commonInitConstructor(void) __ptr64'::`2'::<lambda_1> Is Destroyed
[   516.36 ] D: LambdaFunctionPointerVoidReturnType class `private: void __cdecl DGE::QtWrapper::QMLScene::QThirdPersonController::commonInitConstructor(void) __ptr64'::`2'::<lambda_1> Is Destroyed
[   516.36 ] D: LambdaFunctionPointerVoidReturnType class `protected: void __cdecl DGE::QtWrapper::QMLScene::QPerspectiveCameraController::commonInitConstructor(void) __ptr64'::`2'::<lambda_1> Is Destroyed
[   516.36 ] D: MemberFunctionPointer void (__cdecl DGE::QtWrapper::QMLScene::QComponent3D::*)(void) __ptr64 Is Destroyed
[   516.36 ] D: MemberFunctionPointer void (__cdecl DGE::QtWrapper::QMLScene::QThirdPersonController::*)(class std::shared_ptr<class DGE::Scene::Component>) __ptr64 Is Destroyed
[   516.36 ] D: LambdaFunctionPointerVoidReturnType class `public: __cdecl DGE::QtWrapper::QMLScene::QCameraComponent::QCameraComponent(class DGE::QtWrapper::QMLScene::QNode3D * __ptr64,bool) __ptr64'::`2'::<lambda_1> Is Destroyed
[   516.36 ] D: MemberFunctionPointer void (__cdecl DGE::QtWrapper::QMLScene::QComponent3D::*)(void) __ptr64 Is Destroyed
[   516.36 ] D: LambdaFunctionPointerVoidReturnType class `private: void __cdecl DGE::QtWrapper::QMLScene::QOrthoLens::commonInitConstructor(void) __ptr64'::`2'::<lambda_1> Is Destroyed
[   516.36 ] D: LambdaFunctionPointerVoidReturnType class `protected: void __cdecl DGE::QtWrapper::QMLScene::QPerspectiveCameraController::commonInitConstructor(void) __ptr64'::`2'::<lambda_1> Is Destroyed
[   516.36 ] D: LambdaFunctionPointerVoidReturnType class `private: void __cdecl DGE::QtWrapper::QMLScene::QThirdPersonController::commonInitConstructor(void) __ptr64'::`2'::<lambda_1> Is Destroyed
[   516.36 ] D: LambdaFunctionPointerVoidReturnType class `protected: void __cdecl DGE::QtWrapper::QMLScene::QPerspectiveCameraController::commonInitConstructor(void) __ptr64'::`2'::<lambda_1> Is Destroyed
[   516.36 ] D: MemberFunctionPointer void (__cdecl DGE::QtWrapper::QMLScene::QComponent3D::*)(void) __ptr64 Is Destroyed
[   516.36 ] D: MemberFunctionPointer void (__cdecl DGE::QtWrapper::QMLScene::QThirdPersonController::*)(class std::shared_ptr<class DGE::Scene::Component>) __ptr64 Is Destroyed
[   516.36 ] D: LambdaFunctionPointerVoidReturnType class `public: __cdecl DGE::QtWrapper::QMLScene::QCameraComponent::QCameraComponent(class DGE::QtWrapper::QMLScene::QNode3D * __ptr64,bool) __ptr64'::`2'::<lambda_1> Is Destroyed
[   516.36 ] D: MemberFunctionPointer void (__cdecl DGE::QtWrapper::QMLScene::QComponent3D::*)(void) __ptr64 Is Destroyed
[   516.36 ] D: LambdaFunctionPointerVoidReturnType class `private: void __cdecl DGE::QtWrapper::QMLScene::QOrthoLens::commonInitConstructor(void) __ptr64'::`2'::<lambda_1> Is Destroyed
[   516.36 ] D: LambdaFunctionPointerVoidReturnType class `public: __cdecl DGE::QtWrapper::QMLScene::QCameraComponent::QCameraComponent(class DGE::QtWrapper::QMLScene::QNode3D * __ptr64,bool) __ptr64'::`2'::<lambda_1> Is Destroyed
[   516.36 ] D: MemberFunctionPointer void (__cdecl DGE::QtWrapper::QMLScene::QComponent3D::*)(void) __ptr64 Is Destroyed
[   516.36 ] D: LambdaFunctionPointerVoidReturnType class `private: void __cdecl DGE::QtWrapper::QMLScene::QPerspectiveLens::commonInitConstructor(void) __ptr64'::`2'::<lambda_1> Is Destroyed
[   516.36 ] D: LambdaFunctionPointerVoidReturnType class `protected: void __cdecl DGE::QtWrapper::QMLScene::QPerspectiveCameraController::commonInitConstructor(void) __ptr64'::`2'::<lambda_1> Is Destroyed
[   516.36 ] D: LambdaFunctionPointerVoidReturnType class `protected: void __cdecl DGE::QtWrapper::QMLScene::QPerspectiveCameraController::commonInitConstructor(void) __ptr64'::`2'::<lambda_1> Is Destroyed
[   516.37 ] D: LambdaFunctionPointerVoidReturnType class `private: void __cdecl DGE::QtWrapper::QMLScene::QThirdPersonController::commonInitConstructor(void) __ptr64'::`2'::<lambda_1> Is Destroyed
[   516.37 ] D: MemberFunctionPointer void (__cdecl DGE::QtWrapper::QMLScene::QComponent3D::*)(void) __ptr64 Is Destroyed
[   516.37 ] D: MemberFunctionPointer void (__cdecl DGE::QtWrapper::QMLScene::QThirdPersonController::*)(class std::shared_ptr<class DGE::Scene::Component>) __ptr64 Is Destroyed
[   516.37 ] D: LambdaFunctionPointerVoidReturnType class `public: __cdecl DGE::QtWrapper::QMLScene::QCameraComponent::QCameraComponent(class DGE::QtWrapper::QMLScene::QNode3D * __ptr64,bool) __ptr64'::`2'::<lambda_1> Is Destroyed
[   516.37 ] D: MemberFunctionPointer void (__cdecl DGE::QtWrapper::QMLScene::QComponent3D::*)(void) __ptr64 Is Destroyed
[   516.37 ] D: LambdaFunctionPointerVoidReturnType class `private: void __cdecl DGE::QtWrapper::QMLScene::QPerspectiveLens::commonInitConstructor(void) __ptr64'::`2'::<lambda_1> Is Destroyed
[   516.37 ] D: LambdaFunctionPointerVoidReturnType class `protected: void __cdecl DGE::QtWrapper::QMLScene::QPerspectiveCameraController::commonInitConstructor(void) __ptr64'::`2'::<lambda_1> Is Destroyed
[   516.37 ] D: LambdaFunctionPointerVoidReturnType class `private: void __cdecl DGE::QtWrapper::QMLScene::QThirdPersonController::commonInitConstructor(void) __ptr64'::`2'::<lambda_1> Is Destroyed
[   516.37 ] D: LambdaFunctionPointerVoidReturnType class `protected: void __cdecl DGE::QtWrapper::QMLScene::QPerspectiveCameraController::commonInitConstructor(void) __ptr64'::`2'::<lambda_1> Is Destroyed
[   516.37 ] D: MemberFunctionPointer void (__cdecl DGE::QtWrapper::QMLScene::QComponent3D::*)(void) __ptr64 Is Destroyed
[   516.37 ] D: MemberFunctionPointer void (__cdecl DGE::QtWrapper::QMLScene::QThirdPersonController::*)(class std::shared_ptr<class DGE::Scene::Component>) __ptr64 Is Destroyed
[   516.37 ] D: LambdaFunctionPointerVoidReturnType class `public: __cdecl DGE::QtWrapper::QMLScene::QCameraComponent::QCameraComponent(class DGE::QtWrapper::QMLScene::QNode3D * __ptr64,bool) __ptr64'::`2'::<lambda_1> Is Destroyed
[   516.37 ] D: MemberFunctionPointer void (__cdecl DGE::QtWrapper::QMLScene::QComponent3D::*)(void) __ptr64 Is Destroyed
[   516.37 ] D: LambdaFunctionPointerVoidReturnType class `private: void __cdecl DGE::QtWrapper::QMLScene::QOrthoLens::commonInitConstructor(void) __ptr64'::`2'::<lambda_1> Is Destroyed
[   516.37 ] D: LambdaFunctionPointerVoidReturnType class `protected: void __cdecl DGE::QtWrapper::QMLScene::QPerspectiveCameraController::commonInitConstructor(void) __ptr64'::`2'::<lambda_1> Is Destroyed
[   516.37 ] D: LambdaFunctionPointerVoidReturnType class `protected: void __cdecl DGE::QtWrapper::QMLScene::QPerspectiveCameraController::commonInitConstructor(void) __ptr64'::`2'::<lambda_1> Is Destroyed
[   516.37 ] D: LambdaFunctionPointerVoidReturnType class `private: void __cdecl DGE::QtWrapper::QMLScene::QThirdPersonController::commonInitConstructor(void) __ptr64'::`2'::<lambda_1> Is Destroyed
[   516.37 ] D: MemberFunctionPointer void (__cdecl DGE::QtWrapper::QMLScene::QComponent3D::*)(void) __ptr64 Is Destroyed
[   516.37 ] D: MemberFunctionPointer void (__cdecl DGE::QtWrapper::QMLScene::QThirdPersonController::*)(class std::shared_ptr<class DGE::Scene::Component>) __ptr64 Is Destroyed
[   516.37 ] D: LambdaFunctionPointerVoidReturnType class `public: __cdecl DGE::QtWrapper::QMLScene::QCameraComponent::QCameraComponent(class DGE::QtWrapper::QMLScene::QNode3D * __ptr64,bool) __ptr64'::`2'::<lambda_1> Is Destroyed
[   516.37 ] D: MemberFunctionPointer void (__cdecl DGE::QtWrapper::QMLScene::QComponent3D::*)(void) __ptr64 Is Destroyed
[   516.37 ] D: LambdaFunctionPointerVoidReturnType class `private: void __cdecl DGE::QtWrapper::QMLScene::QOrthoLens::commonInitConstructor(void) __ptr64'::`2'::<lambda_1> Is Destroyed
[   516.37 ] D: LambdaFunctionPointerVoidReturnType class `public: __cdecl DGE::QtWrapper::QMLScene::QCameraComponent::QCameraComponent(class DGE::QtWrapper::QMLScene::QNode3D * __ptr64,bool) __ptr64'::`2'::<lambda_1> Is Destroyed
[   516.37 ] D: MemberFunctionPointer void (__cdecl DGE::QtWrapper::QMLScene::QComponent3D::*)(void) __ptr64 Is Destroyed
[   516.37 ] D: LambdaFunctionPointerVoidReturnType class `private: void __cdecl DGE::QtWrapper::QMLScene::QPerspectiveLens::commonInitConstructor(void) __ptr64'::`2'::<lambda_1> Is Destroyed
[   516.45 ] D: LambdaFunctionPointerVoidReturnType class `public: __cdecl AnimationManager::AnimationManager(class QObject * __ptr64) __ptr64'::`2'::<lambda_1> Is Destroyed
[   516.45 ] D: Release a BaseUIItem object
[   516.46 ] D: -----Released Scene Module-----
[   516.46 ] D: -----Released GFX Module-----
[   516.46 ] I: Log: Log file closed, 1403/6/12 09:15:41
