[    14.06 ] I: Log: Log file open in follow path at 1403/6/26 20:20:43 : C:\Users\AmirPasha\Desktop\Rpos\DAW-3\build2019\debug\Logs\Launch.log
[    14.06 ] I: The subsystem "class DGE::Core::IO::LogSystem::Logger" is registered successfully.
[    14.07 ] I: The subsystem "class DGE::Core::Windows::QtWindow" is registered successfully.
[    14.07 ] D: API version is: 4.60 ,shader version is: 4.60
[    14.07 ] I: The subsystem "class DGE::GFX::GCore::QtWrapper::QtRenderer" is registered successfully.
[    14.07 ] I: Current Render API is: 4.60
[    14.07 ] I: The subsystem "Renderer" is registered successfully.
[    14.07 ] I: The subsystem "class DGE::Core::Platforms::QtPlatform" is registered successfully.
[    14.07 ] I: The subsystem "Platform" is registered successfully.
[    14.07 ] I: The subsystem "class DGE::Core::IO::FileSystem::FileManager" is registered successfully.
[    14.07 ] I: The subsystem "class DGE::Core::CoreModule" is registered successfully.
[    14.07 ] I: The subsystem "class DGE::Core::Profiling::Profiler" is registered successfully.
[    14.07 ] I: The subsystem "class DGE::GFX::DrawablesManager" is registered successfully.
[    14.07 ] I: #version 460 core
#define GLES_Ver 460

[    14.07 ] I: The subsystem "class DGE::GFX::GraphicsManager" is registered successfully.
[    14.07 ] I: The subsystem "class DGE::GFX::GFXModule" is registered successfully.
[    14.52 ] D: Shader Compile successfully.
[    14.53 ] I: The subsystem "class DGE::Scene::ViewportManager" is registered successfully.
[    14.53 ] I: The subsystem "class DGE::Scene::SceneModule" is registered successfully.
[    14.53 ] I: The subsystem "class DGE::Managers::RenderManager" is registered successfully.
[    14.53 ] D: Engine Enabled
[    14.53 ] I: The subsystem "class DGE::Engine" is registered successfully.
[    14.53 ] D: Node with id 1 is added to Qt layer
[    14.53 ] D: Node with id 2460 is added to Qt layer
[    14.54 ] D: Node with id 2462 is added to Qt layer
[    14.54 ] D: Node with id 2464 is added to Qt layer
[    14.54 ] D: Node with id 2466 is added to Qt layer
[    14.54 ] D: Node with id 2468 is added to Qt layer
[    14.54 ] D: Node with id 2470 is added to Qt layer
[    14.55 ] D: Node with id 2472 is added to Qt layer
[    14.55 ] D: Node with id 2474 is added to Qt layer
[    14.55 ] D: Node with id 2476 is added to Qt layer
[    14.55 ] D: Node with id 2478 is added to Qt layer
[    14.55 ] D: Node with id 2480 is added to Qt layer
[    14.55 ] D: Node with id 2482 is added to Qt layer
[    14.56 ] D: Node with id 2484 is added to Qt layer
[    14.56 ] D: Node with id 2486 is added to Qt layer
[    14.56 ] D: Node with id 2487 is added to Qt layer
[    14.56 ] D: Node with id 2489 is added to Qt layer
[    14.56 ] D: Node with id 2491 is added to Qt layer
[    14.56 ] D: Node with id 3 is added to Qt layer
[    14.56 ] D: Node with id 2493 is added to Qt layer
[    14.57 ] S: New view-port registered with id: 1
[    14.58 ] S: New view-port registered with id: 2
[    14.59 ] S: New view-port registered with id: 3
[    14.60 ] S: New view-port registered with id: 4
[    14.60 ] S: New view-port registered with id: 5
[    14.61 ] S: New view-port registered with id: 6
[    16.54 ] D: Creating suitable QNanoBackend for OpenGL 4.6 context
[    16.54 ] D: Using backend: "OpenGL 3"
[    16.81 ] W: Floating point comparison needs context sanity check
[    16.81 ] D: QT onScaleChanged=  144
[    17.08 ] W: ShaderEffectSource: 'recursive' must be set to true when rendering recursively.
[    17.10 ] W: ShaderEffectSource: 'recursive' must be set to true when rendering recursively.
[    17.11 ] W: ShaderEffectSource: 'recursive' must be set to true when rendering recursively.
[    17.11 ] W: ShaderEffectSource: 'recursive' must be set to true when rendering recursively.
[    17.72 ] D: Engine Started.
[   156.18 ] D: P1 -465
[   156.18 ] D: P1 -459
[   156.19 ] D: P1 -458
[   156.19 ] D: P1 -457
[   156.20 ] D: P1 -455
[   156.21 ] D: P1 -455
[   156.22 ] D: P1 -449
[   156.22 ] D: P1 -449
[   156.23 ] D: P1 -446
[