[     4.90 ] I: Log: Log file open in follow path at 1403/6/17 20:54:11 : C:\Users\AmirPasha\Desktop\Rpos\DAW-3\build2019\debug\Logs\Launch.log
[     4.90 ] I: The subsystem "class DGE::Core::IO::LogSystem::Logger" is registered successfully.
[     4.90 ] I: The subsystem "class DGE::Core::Windows::QtWindow" is registered successfully.
[     4.90 ] D: API version is: 4.60 ,shader version is: 4.60
[     4.90 ] I: The subsystem "class DGE::GFX::GCore::QtWrapper::QtRenderer" is registered successfully.
[     4.90 ] I: Current Render API is: 4.60
[     4.90 ] I: The subsystem "Renderer" is registered successfully.
[     4.90 ] I: The subsystem "class DGE::Core::Platforms::QtPlatform" is registered successfully.
[     4.90 ] I: The subsystem "Platform" is registered successfully.
[     4.90 ] I: The subsystem "class DGE::Core::IO::FileSystem::FileManager" is registered successfully.
[     4.90 ] I: The subsystem "class DGE::Core::CoreModule" is registered successfully.
[     4.90 ] I: The subsystem "class DGE::Core::Profiling::Profiler" is registered successfully.
[     4.90 ] I: The subsystem "class DGE::GFX::DrawablesManager" is registered successfully.
[     4.90 ] I: #version 460 core
#define GLES_Ver 460

[     4.90 ] I: The subsystem "class DGE::GFX::GraphicsManager" is registered successfully.
[     4.90 ] I: The subsystem "class DGE::GFX::GFXModule" is registered successfully.
[     4.98 ] D: Shader Compile successfully.
[     4.98 ] I: The subsystem "class DGE::Scene::ViewportManager" is registered successfully.
[     4.98 ] I: The subsystem "class DGE::Scene::SceneModule" is registered successfully.
[     4.98 ] I: The subsystem "class DGE::Managers::RenderManager" is registered successfully.
[     4.98 ] D: Engine Enabled
[     4.98 ] I: The subsystem "class DGE::Engine" is registered successfully.
[     4.98 ] D: Node with id 1 is added to Qt layer
[     4.99 ] D: Node with id 2460 is added to Qt layer
[     4.99 ] D: Node with id 2462 is added to Qt layer
[     4.99 ] D: Node with id 2464 is added to Qt layer
[     4.99 ] D: Node with id 2466 is added to Qt layer
[     4.99 ] D: Node with id 2468 is added to Qt layer
[     4.99 ] D: Node with id 2470 is added to Qt layer
[     4.99 ] D: Node with id 2472 is added to Qt layer
[     4.99 ] D: Node with id 2474 is added to Qt layer
[     4.99 ] D: Node with id 2476 is added to Qt layer
[     4.99 ] D: Node with id 2478 is added to Qt layer
[     4.99 ] D: Node with id 2480 is added to Qt layer
[     4.99 ] D: Node with id 2482 is added to Qt layer
[     4.99 ] D: Node with id 2484 is added to Qt layer
[     4.99 ] D: Node with id 2486 is added to Qt layer
[     4.99 ] D: Node with id 2487 is added to Qt layer
[     4.99 ] D: Node with id 2489 is added to Qt layer
[     4.99 ] D: Node with id 2491 is added to Qt layer
[     4.99 ] D: Node with id 3 is added to Qt layer
[     4.99 ] D: Node with id 2493 is added to Qt layer
[     4.99 ] S: New view-port registered with id: 1
[     4.99 ] S: New view-port registered with id: 2
[     4.99 ] S: New view-port registered with id: 3
[     4.99 ] S: New view-port registered with id: 4
[     4.99 ] S: New view-port registered with id: 5
[     4.99 ] S: New view-port registered with id: 6
[     5.10 ] D: Creating suitable QNanoBackend for OpenGL 4.6 context
[     5.10 ] D: Using backend: "OpenGL 3"
[     5.14 ] W: Floating point comparison needs context sanity check
[     5.14 ] D: QT onScaleChanged=  144
[     5.16 ] W: ShaderEffectSource: 'recursive' must be set to true when rendering recursively.
[     5.16 ] W: ShaderEffectSource: 'recursive' must be set to true when rendering recursively.
[     5.17 ] W: ShaderEffectSource: 'recursive' must be set to true when rendering recursively.
[     5.17 ] W: ShaderEffectSource: 'recursive' must be set to true when rendering recursively.
[     5.34 ] D: Engine Started.
[    27.41 ] D: _editController->getParameterCount() 36
[    27.41 ] D: defaultValue 0.5
[    27.41 ] D: defaultValue 0.5
[    27.41 ] D: defaultValue 0.01
[    27.41 ] D: defaultValue 0
[    27.41 ] D: defaultValue 0.5
[    27.41 ] D: defaultValue 0.5
[    27.41 ] D: defaultValue 0.5
[    27.41 ] D: defaultValue 0
[    27.41 ] D: defaultValue 0.5
[    27.41 ] D: defaultValue 0.0204082
[    27.41 ] D: defaultValue 0
[    27.41 ] D: defaultValue 1
[    27.41 ] D: defaultValue 0
[    27.41 ] D: defaultValue 0.5
[    27.41 ] D: defaultValue 0.0416667
[    27.41 ] D: defaultValue 0
[    27.41 ] D: defaultValue 0
[    27.41 ] D: defaultValue 0.125
[    27.41 ] D: defaultValue 0
[    27.41 ] D: effectModel.controls VST3
[    27.41 ] D: ADDED 0 0 0
[    27.46 ] D: ADDED 1 0 0
[    27.46 ] D: ADDED 2 0 0
[    27.46 ] D: ADDED 3 0 0
[    27.48 ] D: ADDED
[    32.83 ] W: ShaderEffectSource: 'recursive' must be set to true when rendering recursively.
[    33.74 ] D: findTrackIndexByPoint 0 QRect(0,0 1707x111) true QPointF(105,73)
[    33.74 ] D: ACTIVE
[    33.74 ] D: createSelectedPoints 0 -1
[    33.83 ] D: ACTIVE
[    34.62 ] D: findTrackIndexByPoint 0 QRect(0,0 1707x111) true QPointF(184,63)
[    34.62 ] D: ACTIVE
[    34.63 ] D: createSelectedPoints 0 -1
[    34.70 ] D: _automationChanging true
[    34.70 ] D: mouseMove2
[    34.73 ] D: _automationChanging true
[    34.73 ] D: mouseMove2
[    34.73 ] D: _automationChanging true
[    34.73 ] D: ACTIVE
[    34.73 ] D: _currentMouseY 188 62 184 63 QSizeF(4, -1)
[    34.73 ] D: mouseMove2
[    34.74 ] D: _pointActive1 false true false
[    34.74 ] D: _automationChanging true
[    34.74 ] D: ACTIVE
[    34.74 ] D: _currentMouseY 194 56 184 63 QSizeF(6, -6)
[    34.75 ] D: mouseMove2
[    34.75 ] D: ACTIVE
[    34.76 ] D: _automationChanging true
[    34.76 ] D: _pointActive2 false 0
[    34.76 ] D: createSelectedPoints 0 -1
[    34.76 ] D: ACTIVE
[    34.76 ] D: _currentMouseY 195 55 184 63 QSizeF(1, -1)
[    34.76 ] D: mouseMove2
[    34.77 ] D: _automationChanging true
[    34.77 ] D: ACTIVE
[    34.77 ] D: _currentMouseY 201 50 184 63 QSizeF(6, -5)
[    34.77 ] D: mouseMove2
[    34.77 ] D: _automationChanging true
[    34.77 ] D: ACTIVE
[    34.77 ] D: _currentMouseY 203 49 184 63 QSizeF(2, -1)
[    34.77 ] D: mouseMove2
[    34.77 ] D: _automationChanging true
[    34.77 ] D: ACTIVE
[    34.77 ] D: _currentMouseY 205 47 184 63 QSizeF(2, -2)
[    34.77 ] D: mouseMove2
[    34.78 ] D: _automationChanging true
[    34.78 ] D: _pointActive2 false 0
[    34.78 ] D: createSelectedPoints 0 -1
[    34.78 ] D: ACTIVE
[    34.78 ] D: _currentMouseY 206 47 184 63 QSizeF(1, 0)
[    34.78 ] D: mouseMove2
[    34.78 ] D: _automationChanging true
[    34.78 ] D: ACTIVE
[    34.78 ] D: _currentMouseY 206 46 184 63 QSizeF(0, -1)
[    34.78 ] D: mouseMove2
[    34.78 ] D: _automationChanging true
[    34.78 ] D: ACTIVE
[    34.78 ] D: _currentMouseY 207 46 184 63 QSizeF(1, 0)
[    34.78 ] D: mouseMove2
[    34.79 ] D: _automationChanging true
[    34.79 ] D: _pointActive2 false 0
[    34.79 ] D: createSelectedPoints 0 -1
[    34.80 ] D: ACTIVE
[    34.80 ] D: _currentMouseY 207 45 184 63 QSizeF(0, -1)
[    34.80 ] D: mouseMove2
[    34.80 ] D: _automationChanging true
[    34.80 ] D: ACTIVE
[    34.80 ] D: _currentMouseY 209 43 184 63 QSizeF(2, -2)
[    34.80 ] D: mouseMove2
[    34.81 ] D: _automationChanging true
[    34.81 ] D: _pointActive2 false 0
[    34.81 ] D: createSelectedPoints 0 -1
[    34.81 ] D: ACTIVE
[    34.81 ] D: _currentMouseY 209 42 184 63 QSizeF(0, -1)
[    34.81 ] D: mouseMove2
[    34.82 ] D: _automationChanging true
[    34.82 ] D: ACTIVE
[    34.82 ] D: _currentMouseY 210 41 184 63 QSizeF(1, -1)
[    34.82 ] D: mouseMove2
[    34.83 ] D: _automationChanging true
[    34.83 ] D: _pointActive2 false 0
[    34.83 ] D: createSelectedPoints 0 -1
[    34.83 ] D: ACTIVE
[    34.83 ] D: _currentMouseY 210 40 184 63 QSizeF(0, -1)
[    34.83 ] D: mouseMove2
[    34.83 ] D: _automationChanging true
[    34.83 ] D: ACTIVE
[    34.83 ] D: _currentMouseY 211 39 184 63 QSizeF(1, -1)
[    34.83 ] D: mouseMove2
[    34.84 ] D: _pointActive2 false 0
[    34.84 ] D: _automationChanging true
[    34.84 ] D: createSelectedPoints 0 -1
[    34.85 ] D: ACTIVE
[    34.85 ] D: _currentMouseY 211 39 184 63 QSizeF(0, 0)
[    34.85 ] D: mouseMove2
[    34.86 ] D: _pointActive2 false 0
[    34.86 ] D: createSelectedPoints 0 -1
[    34.86 ] D: _automationChanging true
[    34.86 ] D: ACTIVE
[    34.86 ] D: _currentMouseY 211 38 184 63 QSizeF(0, -1)
[    34.86 ] D: mouseMove2
[    34.87 ] D: _automationChanging true
[    34.87 ] D: ACTIVE
[    34.87 ] D: _currentMouseY 212 37 184 63 QSizeF(1, -1)
[    34.87 ] D: mouseMove2
[    34.88 ] D: _pointActive2 false 0
[    34.88 ] D: createSelectedPoints 0 -1
[    34.88 ] D: _automationChanging true
[    34.88 ] D: ACTIVE
[    34.88 ] D: _currentMouseY 213 37 184 63 QSizeF(1, 0)
[    34.88 ] D: mouseMove2
[    34.89 ] D: _automationChanging true
[    34.89 ] D: _pointActive2 false 0
[    34.89 ] D: createSelectedPoints 0 -1
[    34.89 ] D: ACTIVE
[    34.89 ] D: _currentMouseY 213 36 184 63 QSizeF(0, -1)
[    34.89 ] D: mouseMove2
[    34.90 ] D: _automationChanging true
[    34.90 ] D: ACTIVE
[    34.90 ] D: _currentMouseY 213 34 184 63 QSizeF(0, -2)
[    34.90 ] D: mouseMove2
[    34.91 ] D: _pointActive2 false 0
[    34.91 ] D: createSelectedPoints 0 -1
[    34.91 ] D: _automationChanging true
[    34.91 ] D: ACTIVE
[    34.91 ] D: _currentMouseY 214 33 184 63 QSizeF(1, -1)
[    34.92 ] D: mouseMove2
[    34.92 ] D: _automationChanging true
[    34.92 ] D: ACTIVE
[    34.92 ] D: _currentMouseY 214 32 184 63 QSizeF(0, -1)
[    34.92 ] D: mouseMove2
[    34.92 ] D: _automationChanging true
[    34.92 ] D: ACTIVE
[    34.92 ] D: _currentMouseY 215 32 184 63 QSizeF(1, 0)
[    34.92 ] D: mouseMove2
[    34.93 ] D: _pointActive2 false 0
[    34.93 ] D: createSelectedPoints 0 -1
[    34.93 ] D: _automationChanging true
[    34.93 ] D: ACTIVE
[    34.93 ] D: _currentMouseY 215 32 184 63 QSizeF(0, 0)
[    34.93 ] D: mouseMove2
[    34.93 ] D: _automationChanging true
[    34.93 ] D: ACTIVE
[    34.93 ] D: _currentMouseY 215 31 184 63 QSizeF(0, -1)
[    34.93 ] D: mouseMove2
[    34.94 ] D: _pointActive2 false 0
[    34.94 ] D: createSelectedPoints 0 -1
[    34.96 ] D: _automationChanging true
[    34.96 ] D: ACTIVE
[    34.96 ] D: _currentMouseY 216 30 184 63 QSizeF(1, -1)
[    34.96 ] D: mouseMove2
[    34.96 ] D: _automationChanging true
[    34.96 ] D: ACTIVE
[    34.96 ] D: _currentMouseY 216 29 184 63 QSizeF(0, -1)
[    34.96 ] D: mouseMove2
[    34.98 ] D: _pointActive2 false 0
[    34.98 ] D: createSelectedPoints 0 -1
[    34.98 ] D: _automationChanging true
[    34.98 ] D: ACTIVE
[    34.98 ] D: _currentMouseY 217 28 184 63 QSizeF(1, -1)
[    34.98 ] D: mouseMove2
[    34.99 ] D: _pointActive2 false 0
[    34.99 ] D: createSelectedPoints 0 -1
[    34.99 ] D: _automationChanging true
[    34.99 ] D: ACTIVE
[    34.99 ] D: _currentMouseY 217 28 184 63 QSizeF(0, 0)
[    34.99 ] D: mouseMove2
[    35.01 ] D: _pointActive2 false 0
[    35.01 ] D: _automationChanging true
[    35.01 ] D: createSelectedPoints 0 -1
[    35.01 ] D: ACTIVE
[    35.01 ] D: _currentMouseY 218 28 184 63 QSizeF(1, 0)
[    35.01 ] D: mouseMove2
[    35.03 ] D: _pointActive2 false 0
[    35.03 ] D: createSelectedPoints 0 -1
[    35.03 ] D: _automationChanging true
[    35.03 ] D: ACTIVE
[    35.03 ] D: _currentMouseY 218 28 184 63 QSizeF(0, 0)
[    35.03 ] D: mouseMove2
[    35.04 ] D: _pointActive2 false 0
[    35.04 ] D: createSelectedPoints 0 -1
[    35.28 ] D: createSelectedPoints 0 -1
[    35.28 ] D: ACTIVE
[    35.67 ] D: findTrackIndexByPoint 0 QRect(0,0 1707x111) true QPointF(254,28)
[    35.68 ] D: ACTIVE
[    35.69 ] D: createSelectedPoints 0 -1
[    35.74 ] D: _automationChanging true
[    35.74 ] D: mouseMove2
[    35.74 ] D: _automationChanging true
[    35.74 ] D: mouseMove2
[    35.76 ] D: _automationChanging true
[    35.76 ] D: mouseMove2
[    35.76 ] D: _automationChanging true
[    35.76 ] D: mouseMove2
[    35.78 ] D: _automationChanging true
[    35.78 ] D: mouseMove2
[    35.78 ] D: _automationChanging true
[    35.78 ] D: mouseMove2
[    35.78 ] D: _automationChanging true
[    35.78 ] D: mouseMove2
[    35.79 ] D: _automationChanging true
[    35.80 ] D: ACTIVE
[    35.80 ] D: _currentMouseY 259 37 254 28 QSizeF(5, 9)
[    35.80 ] D: mouseMove2
[    35.80 ] D: _automationChanging true
[    35.80 ] D: ACTIVE
[    35.80 ] D: _currentMouseY 260 38 254 28 QSizeF(1, 1)
[    35.80 ] D: mouseMove2
[    35.81 ] D: _automationChanging true
[    35.81 ] D: _pointActive1 false true false
[    35.81 ] D: ACTIVE
[    35.81 ] D: _currentMouseY 260 39 254 28 QSizeF(0, 1)
[    35.81 ] D: mouseMove2
[    35.81 ] D: _automationChanging true
[    35.81 ] D: ACTIVE
[    35.81 ] D: _currentMouseY 260 41 254 28 QSizeF(0, 2)
[    35.82 ] D: mouseMove2
[    35.82 ] D: ACTIVE
[    35.83 ] D: _automationChanging true
[    35.83 ] D: _pointActive2 false 0
[    35.83 ] D: createSelectedPoints 0 -1
[    35.83 ] D: ACTIVE
[    35.83 ] D: _currentMouseY 260 42 254 28 QSizeF(0, 1)
[    35.83 ] D: mouseMove2
[    35.83 ] D: _automationChanging true
[    35.83 ] D: ACTIVE
[    35.83 ] D: _currentMouseY 261 43 254 28 QSizeF(1, 1)
[    35.83 ] D: mouseMove2
[    35.83 ] D: _automationChanging true
[    35.83 ] D: ACTIVE
[    35.83 ] D: _currentMouseY 262 45 254 28 QSizeF(1, 2)
[    35.84 ] D: mouseMove2
[    35.84 ] D: _automationChanging true
[    35.84 ] D: ACTIVE
[    35.84 ] D: _currentMouseY 263 48 254 28 QSizeF(1, 3)
[    35.84 ] D: mouseMove2
[    35.84 ] D: _automationChanging true
[    35.84 ] D: _pointActive2 false 0
[    35.85 ] D: createSelectedPoints 0 -1
[    35.85 ] D: ACTIVE
[    35.85 ] D: _currentMouseY 263 48 254 28 QSizeF(0, 0)
[    35.85 ] D: mouseMove2
[    35.86 ] D: _automationChanging true
[    35.86 ] D: _pointActive2 false 0
[    35.86 ] D: createSelectedPoints 0 -1
[    35.86 ] D: ACTIVE
[    35.86 ] D: _currentMouseY 264 50 254 28 QSizeF(1, 2)
[    35.86 ] D: mouseMove2
[    35.86 ] D: _automationChanging true
[    35.86 ] D: ACTIVE
[    35.86 ] D: _currentMouseY 265 51 254 28 QSizeF(1, 1)
[    35.87 ] D: mouseMove2
[    35.87 ] D: _automationChanging true
[    35.87 ] D: ACTIVE
[    35.87 ] D: _currentMouseY 266 53 254 28 QSizeF(1, 2)
[    35.87 ] D: mouseMove2
[    35.88 ] D: _automationChanging true
[    35.88 ] D: _pointActive2 false 0
[    35.88 ] D: createSelectedPoints 0 -1
[    35.88 ] D: ACTIVE
[    35.88 ] D: _currentMouseY 267 54 254 28 QSizeF(1, 1)
[    35.88 ] D: mouseMove2
[    35.89 ] D: _automationChanging true
[    35.89 ] D: _pointActive2 false 0
[    35.90 ] D: createSelectedPoints 0 -1
[    35.90 ] D: ACTIVE
[    35.90 ] D: _currentMouseY 268 57 254 28 QSizeF(1, 3)
[    35.90 ] D: mouseMove2
[    35.90 ] D: _automationChanging true
[    35.90 ] D: ACTIVE
[    35.90 ] D: _currentMouseY 269 61 254 28 QSizeF(1, 4)
[    35.90 ] D: mouseMove2
[    35.90 ] D: _automationChanging true
[    35.90 ] D: ACTIVE
[    35.90 ] D: _currentMouseY 270 66 254 28 QSizeF(1, 5)
[    35.90 ] D: mouseMove2
[    35.91 ] D: _automationChanging true
[    35.91 ] D: _pointActive2 false 0
[    35.91 ] D: createSelectedPoints 0 -1
[    35.91 ] D: ACTIVE
[    35.91 ] D: _currentMouseY 270 68 254 28 QSizeF(0, 2)
[    35.92 ] D: mouseMove2
[    35.92 ] D: _automationChanging true
[    35.92 ] D: ACTIVE
[    35.92 ] D: _currentMouseY 271 70 254 28 QSizeF(1, 2)
[    35.92 ] D: mouseMove2
[    35.92 ] D: _automationChanging true
[    35.92 ] D: ACTIVE
[    35.92 ] D: _currentMouseY 271 71 254 28 QSizeF(0, 1)
[    35.92 ] D: mouseMove2
[    35.93 ] D: _pointActive2 false 0
[    35.93 ] D: createSelectedPoints 0 -1
[    35.93 ] D: _automationChanging true
[    35.93 ] D: ACTIVE
[    35.93 ] D: _currentMouseY 272 73 254 28 QSizeF(1, 2)
[    35.93 ] D: mouseMove2
[    35.94 ] D: _automationChanging true
[    35.94 ] D: _pointActive2 false 0
[    35.94 ] D: createSelectedPoints 0 -1
[    35.94 ] D: ACTIVE
[    35.94 ] D: _currentMouseY 272 74 254 28 QSizeF(0, 1)
[    35.95 ] D: mouseMove2
[    35.95 ] D: _automationChanging true
[    35.95 ] D: ACTIVE
[    35.95 ] D: _currentMouseY 273 78 254 28 QSizeF(1, 4)
[    35.95 ] D: mouseMove2
[    35.95 ] D: _automationChanging true
[    35.95 ] D: ACTIVE
[    35.95 ] D: _currentMouseY 273 79 254 28 QSizeF(0, 1)
[    35.95 ] D: mouseMove2
[    35.96 ] D: _pointActive2 false 0
[    35.96 ] D: createSelectedPoints 0 -1
[    35.96 ] D: _automationChanging true
[    35.96 ] D: ACTIVE
[    35.96 ] D: _currentMouseY 273 81 254 28 QSizeF(0, 2)
[    35.96 ] D: mouseMove2
[    35.96 ] D: _automationChanging true
[    35.96 ] D: ACTIVE
[    35.97 ] D: _currentMouseY 273 82 254 28 QSizeF(0, 1)
[    35.97 ] D: mouseMove2
[    35.98 ] D: _automationChanging true
[    35.98 ] D: _pointActive2 false 0
[    35.98 ] D: createSelectedPoints 0 -1
[    35.98 ] D: ACTIVE
[    35.98 ] D: _currentMouseY 274 83 254 28 QSizeF(1, 1)
[    35.98 ] D: mouseMove2
[    35.98 ] D: _automationChanging true
[    35.98 ] D: ACTIVE
[    35.98 ] D: _currentMouseY 275 87 254 28 QSizeF(1, 4)
[    35.98 ] D: mouseMove2
[    35.98 ] D: _automationChanging true
[    35.99 ] D: ACTIVE
[    35.99 ] D: _currentMouseY 275 88 254 28 QSizeF(0, 1)
[    35.99 ] D: mouseMove2
[    35.99 ] D: _pointActive2 false 0
[    35.99 ] D: createSelectedPoints 0 -1
[    35.99 ] D: _automationChanging true
[    36.00 ] D: ACTIVE
[    36.00 ] D: _currentMouseY 276 90 254 28 QSizeF(1, 2)
[    36.00 ] D: mouseMove2
[    36.00 ] D: _automationChanging true
[    36.00 ] D: ACTIVE
[    36.00 ] D: _currentMouseY 276 91 254 28 QSizeF(0, 1)
[    36.00 ] D: mouseMove2
[    36.01 ] D: _automationChanging true
[    36.01 ] D: _pointActive2 false 0
[    36.01 ] D: createSelectedPoints 0 -1
[    36.01 ] D: ACTIVE
[    36.01 ] D: _currentMouseY 276 93 254 28 QSizeF(0, 2)
[    36.01 ] D: mouseMove2
[    36.02 ] D: _automationChanging true
[    36.02 ] D: ACTIVE
[    36.02 ] D: _currentMouseY 276 94 254 28 QSizeF(0, 1)
[    36.02 ] D: mouseMove2
[    36.03 ] D: _pointActive2 false 0
[    36.03 ] D: createSelectedPoints 0 -1
[    36.03 ] D: _automationChanging true
[    36.03 ] D: ACTIVE
[    36.03 ] D: _currentMouseY 276 96 254 28 QSizeF(0, 2)
[    36.03 ] D: mouseMove2
[    36.04 ] D: _pointActive2 false 0
[    36.04 ] D: createSelectedPoints 0 -1
[    36.04 ] D: _automationChanging true
[    36.04 ] D: ACTIVE
[    36.04 ] D: _currentMouseY 276 96 254 28 QSizeF(0, 0)
[    36.05 ] D: mouseMove2
[    36.05 ] D: _automationChanging true
[    36.05 ] D: ACTIVE
[    36.05 ] D: _currentMouseY 276 97 254 28 QSizeF(0, 1)
[    36.05 ] D: mouseMove2
[    36.06 ] D: _pointActive2 false 0
[    36.06 ] D: createSelectedPoints 0 -1
[    36.07 ] D: _automationChanging true
[    36.07 ] D: ACTIVE
[    36.07 ] D: _currentMouseY 276 99 254 28 QSizeF(0, 2)
[    36.07 ] D: mouseMove2
[    36.09 ] D: _pointActive2 false 0
[    36.09 ] D: createSelectedPoints 0 -1
[    36.09 ] D: _automationChanging true
[    36.09 ] D: ACTIVE
[    36.09 ] D: _currentMouseY 276 100 254 28 QSizeF(0, 1)
[    36.10 ] D: mouseMove2
[    36.11 ] D: _pointActive2 false 0
[    36.11 ] D: createSelectedPoints 0 -1
[    36.11 ] D: _automationChanging true
[    36.11 ] D: ACTIVE
[    36.11 ] D: _currentMouseY 276 102 254 28 QSizeF(0, 2)
[    36.11 ] D: mouseMove2
[    36.12 ] D: _automationChanging true
[    36.12 ] D: ACTIVE
[    36.12 ] D: _currentMouseY 276 103 254 28 QSizeF(0, 1)
[    36.12 ] D: mouseMove2
[    36.13 ] D: _pointActive2 false 0
[    36.13 ] D: createSelectedPoints 0 -1
[    36.13 ] D: _automationChanging true
[    36.13 ] D: ACTIVE
[    36.13 ] D: _currentMouseY 276 105 254 28 QSizeF(0, 2)
[    36.13 ] D: mouseMove2
[    36.13 ] D: _automationChanging true
[    36.13 ] D: ACTIVE
[    36.13 ] D: _currentMouseY 276 106 254 28 QSizeF(0, 1)
[    36.13 ] D: mouseMove2
[    36.14 ] D: _pointActive2 false 0
[    36.14 ] D: createSelectedPoints 0 -1
[    36.15 ] D: _automationChanging true
[    36.15 ] D: ACTIVE
[    36.15 ] D: _currentMouseY 276 107 254 28 QSizeF(0, 2)
[    36.15 ] D: mouseMove2
[    36.15 ] D: _automationChanging true
[    36.15 ] D: ACTIVE
[    36.15 ] D: _currentMouseY 276 107 254 28 QSizeF(0, 3)
[    36.15 ] D: mouseMove2
[    36.16 ] D: _pointActive2 false 0
[    36.16 ] D: createSelectedPoints 0 -1
[    36.16 ] D: _automationChanging true
[    36.16 ] D: ACTIVE
[    36.16 ] D: _currentMouseY 276 107 254 28 QSizeF(0, 0)
[    36.16 ] D: mouseMove2
[    36.16 ] D: _automationChanging true
[    36.16 ] D: ACTIVE
[    36.16 ] D: _currentMouseY 276 107 254 28 QSizeF(0, 1)
[    36.17 ] D: mouseMove2
[    36.18 ] D: _pointActive2 false 0
[    36.18 ] D: createSelectedPoints 0 -1
[    36.61 ] D: createSelectedPoints 0 -1
[    36.61 ] D: ACTIVE
[    37.78 ] D: findTrackIndexByPoint 0 QRect(0,0 1707x111) true QPointF(320,102)
[    37.78 ] D: ACTIVE
[    37.80 ] D: createSelectedPoints 0 -1
[    37.85 ] D: _automationChanging true
[    37.85 ] D: mouseMove2
[    37.85 ] D: _automationChanging true
[    37.85 ] D: mouseMove2
[    37.85 ] D: _automationChanging true
[    37.85 ] D: mouseMove2
[    37.86 ] D: _automationChanging true
[    37.86 ] D: mouseMove2
[    37.88 ] D: _automationChanging true
[    37.88 ] D: mouseMove2
[    37.88 ] D: _automationChanging true
[    37.88 ] D: mouseMove2
[    37.88 ] D: _automationChanging true
[    37.88 ] D: mouseMove2
[    37.88 ] D: _automationChanging true
[    37.88 ] D: mouseMove2
[    37.88 ] D: _automationChanging true
[    37.88 ] D: ACTIVE
[    37.88 ] D: _currentMouseY 327 88 320 102 QSizeF(7, -14)
[    37.88 ] D: mouseMove2
[    37.88 ] D: _automationChanging true
[    37.88 ] D: ACTIVE
[    37.88 ] D: _currentMouseY 334 73 320 102 QSizeF(7, -15)
[    37.88 ] D: mouseMove2
[    37.89 ] D: _pointActive1 false true false
[    37.89 ] D: _automationChanging true
[    37.90 ] D: ACTIVE
[    37.90 ] D: _currentMouseY 338 65 320 102 QSizeF(4, -8)
[    37.90 ] D: mouseMove2
[    37.90 ] D: ACTIVE
[    37.90 ] D: _automationChanging true
[    37.90 ] D: ACTIVE
[    37.90 ] D: _currentMouseY 343 55 320 102 QSizeF(5, -10)
[    37.90 ] D: mouseMove2
[    37.90 ] D: _automationChanging true
[    37.90 ] D: ACTIVE
[    37.90 ] D: _currentMouseY 350 42 320 102 QSizeF(7, -13)
[    37.90 ] D: mouseMove2
[    37.91 ] D: _automationChanging true
[    37.91 ] D: _pointActive2 false 0
[    37.91 ] D: createSelectedPoints 0 -1
[    37.91 ] D: ACTIVE
[    37.91 ] D: _currentMouseY 350 40 320 102 QSizeF(0, -2)
[    37.91 ] D: mouseMove2
[    37.92 ] D: _automationChanging true
[    37.92 ] D: ACTIVE
[    37.92 ] D: _currentMouseY 353 34 320 102 QSizeF(3, -6)
[    37.92 ] D: mouseMove2
[    37.92 ] D: _automationChanging true
[    37.92 ] D: ACTIVE
[    37.92 ] D: _currentMouseY 354 31 320 102 QSizeF(1, -3)
[    37.92 ] D: mouseMove2
[    37.93 ] D: _automationChanging true
[    37.93 ] D: _pointActive2 false 0
[    37.93 ] D: createSelectedPoints 0 -1
[    37.93 ] D: ACTIVE
[    37.93 ] D: _currentMouseY 355 27 320 102 QSizeF(1, -4)
[    37.93 ] D: mouseMove2
[    37.93 ] D: _automationChanging true
[    37.93 ] D: ACTIVE
[    37.93 ] D: _currentMouseY 356 27 320 102 QSizeF(1, -1)
[    37.93 ] D: mouseMove2
[    37.93 ] D: _automationChanging true
[    37.93 ] D: ACTIVE
[    37.93 ] D: _currentMouseY 358 27 320 102 QSizeF(2, -2)
[    37.94 ] D: mouseMove2
[    37.94 ] D: _automationChanging true
[    37.94 ] D: _pointActive2 false 0
[    37.94 ] D: createSelectedPoints 0 -1
[    37.95 ] D: ACTIVE
[    37.95 ] D: _currentMouseY 359 27 320 102 QSizeF(1, -1)
[    37.95 ] D: mouseMove2
[    37.95 ] D: _automationChanging true
[    37.95 ] D: ACTIVE
[    37.95 ] D: _currentMouseY 361 27 320 102 QSizeF(2, -6)
[    37.95 ] D: mouseMove2
[    37.95 ] D: _automationChanging true
[    37.95 ] D: ACTIVE
[    37.95 ] D: _currentMouseY 362 27 320 102 QSizeF(1, -2)
[    37.95 ] D: mouseMove2
[    37.96 ] D: _automationChanging true
[    37.96 ] D: _pointActive2 false 0
[    37.96 ] D: createSelectedPoints 0 -1
[    37.96 ] D: ACTIVE
[    37.96 ] D: _currentMouseY 362 27 320 102 QSizeF(0, -1)
[    37.96 ] D: mouseMove2
[    37.97 ] D: _automationChanging true
[    37.97 ] D: ACTIVE
[    37.97 ] D: _currentMouseY 362 27 320 102 QSizeF(0, -2)
[    37.97 ] D: mouseMove2
[    37.98 ] D: _automationChanging true
[    37.98 ] D: _pointActive2 false 0
[    37.98 ] D: createSelectedPoints 0 -1
[    37.98 ] D: ACTIVE
[    37.98 ] D: _currentMouseY 362 27 320 102 QSizeF(0, -1)
[    37.98 ] D: mouseMove2
[    37.98 ] D: _automationChanging true
[    37.98 ] D: ACTIVE
[    37.98 ] D: _currentMouseY 364 27 320 102 QSizeF(2, -4)
[    37.99 ] D: mouseMove2
[    37.99 ] D: _automationChanging true
[    37.99 ] D: ACTIVE
[    37.99 ] D: _currentMouseY 364 27 320 102 QSizeF(0, -1)
[    37.99 ] D: mouseMove2
[    37.99 ] D: _automationChanging true
[    37.99 ] D: ACTIVE
[    37.99 ] D: _currentMouseY 364 27 320 102 QSizeF(0, -2)
[    37.99 ] D: mouseMove2
[    37.99 ] D: _automationChanging true
[    37.99 ] D: _pointActive2 false 0
[    38.00 ] D: createSelectedPoints 0 -1
[    38.00 ] D: ACTIVE
[    38.00 ] D: _currentMouseY 364 27 320 102 QSizeF(0, 0)
[    38.00 ] D: mouseMove2
[    38.00 ] D: _automationChanging true
[    38.00 ] D: ACTIVE
[    38.00 ] D: _currentMouseY 365 27 320 102 QSizeF(1, 0)
[    38.00 ] D: mouseMove2
[    38.00 ] D: _automationChanging true
[    38.00 ] D: ACTIVE
[    38.00 ] D: _currentMouseY 366 27 320 102 QSizeF(1, -1)
[    38.00 ] D: mouseMove2
[    38.01 ] D: _automationChanging true
[    38.01 ] D: _pointActive2 false 0
[    38.01 ] D: createSelectedPoints 0 -1
[    38.01 ] D: ACTIVE
[    38.01 ] D: _currentMouseY 366 27 320 102 QSizeF(0, -1)
[    38.01 ] D: mouseMove2
[    38.01 ] D: _automationChanging true
[    38.01 ] D: ACTIVE
[    38.02 ] D: _currentMouseY 366 27 320 102 QSizeF(0, 0)
[    38.02 ] D: mouseMove2
[    38.02 ] D: _automationChanging true
[    38.02 ] D: ACTIVE
[    38.02 ] D: _currentMouseY 367 27 320 102 QSizeF(1, -1)
[    38.02 ] D: mouseMove2
[    38.03 ] D: _automationChanging true
[    38.03 ] D: _pointActive2 false 0
[    38.03 ] D: createSelectedPoints 0 -1
[    38.03 ] D: ACTIVE
[    38.03 ] D: _currentMouseY 368 27 320 102 QSizeF(1, -2)
[    38.03 ] D: mouseMove2
[    38.03 ] D: _automationChanging true
[    38.03 ] D: ACTIVE
[    38.03 ] D: _currentMouseY 368 27 320 102 QSizeF(0, -1)
[    38.04 ] D: mouseMove2
[    38.04 ] D: _automationChanging true
[    38.04 ] D: _pointActive2 false 0
[    38.04 ] D: createSelectedPoints 0 -1
[    38.05 ] D: ACTIVE
[    38.05 ] D: _currentMouseY 368 27 320 102 QSizeF(0, -2)
[    38.05 ] D: mouseMove2
[    38.05 ] D: _automationChanging true
[    38.05 ] D: ACTIVE
[    38.05 ] D: _currentMouseY 369 27 320 102 QSizeF(1, -1)
[    38.05 ] D: mouseMove2
[    38.06 ] D: _automationChanging true
[    38.06 ] D: _pointActive2 false 0
[    38.06 ] D: createSelectedPoints 0 -1
[    38.06 ] D: ACTIVE
[    38.06 ] D: _currentMouseY 369 27 320 102 QSizeF(0, -1)
[    38.06 ] D: mouseMove2
[    38.07 ] D: _automationChanging true
[    38.07 ] D: ACTIVE
[    38.07 ] D: _currentMouseY 369 27 320 102 QSizeF(0, -2)
[    38.07 ] D: mouseMove2
[    38.07 ] D: _automationChanging true
[    38.07 ] D: ACTIVE
[    38.07 ] D: _currentMouseY 369 27 320 102 QSizeF(0, -3)
[    38.07 ] D: mouseMove2
[    38.08 ] D: _automationChanging true
[    38.08 ] D: _pointActive2 false 0
[    38.08 ] D: createSelectedPoints 0 -1
[    38.08 ] D: ACTIVE
[    38.08 ] D: _currentMouseY 370 27 320 102 QSizeF(1, 0)
[    38.08 ] D: mouseMove2
[    38.08 ] D: _automationChanging true
[    38.08 ] D: ACTIVE
[    38.08 ] D: _currentMouseY 370 27 320 102 QSizeF(0, -1)
[    38.09 ] D: mouseMove2
[    38.10 ] D: _pointActive2 false 0
[    38.10 ] D: createSelectedPoints 0 -1
[    38.10 ] D: _automationChanging true
[    38.10 ] D: ACTIVE
[    38.10 ] D: _currentMouseY 371 27 320 102 QSizeF(1, -1)
[    38.10 ] D: mouseMove2
[    38.10 ] D: _automationChanging true
[    38.10 ] D: ACTIVE
[    38.10 ] D: _currentMouseY 371 27 320 102 QSizeF(0, 0)
[    38.11 ] D: mouseMove2
[    38.11 ] D: _pointActive2 false 0
[    38.11 ] D: createSelectedPoints 0 -1
[    38.92 ] D: _automationChanging true
[    38.92 ] D: ACTIVE
[    38.92 ] D: _currentMouseY 371 28 320 102 QSizeF(0, 1)
[    38.92 ] D: mouseMove2
[    38.93 ] D: _automationChanging true
[    38.93 ] D: ACTIVE
[    38.93 ] D: _currentMouseY 370 28 320 102 QSizeF(-1, 0)
[    38.93 ] D: mouseMove2
[    38.93 ] D: _automationChanging true
[    38.93 ] D: ACTIVE
[    38.93 ] D: _currentMouseY 370 29 320 102 QSizeF(0, 1)
[    38.93 ] D: mouseMove2
[    38.94 ] D: _pointActive2 false 0
[    38.94 ] D: createSelectedPoints 0 -1
[    38.95 ] D: _automationChanging true
[    38.95 ] D: ACTIVE
[    38.95 ] D: _currentMouseY 369 30 320 102 QSizeF(-1, 1)
[    38.95 ] D: mouseMove2
[    38.96 ] D: _automationChanging true
[    38.96 ] D: _pointActive2 false 0
[    38.96 ] D: createSelectedPoints 0 -1
[    38.96 ] D: ACTIVE
[    38.96 ] D: _currentMouseY 369 30 320 102 QSizeF(0, 0)
[    38.96 ] D: mouseMove2
[    38.98 ] D: _pointActive2 false 0
[    38.98 ] D: createSelectedPoints 0 -1
[    39.29 ] D: createSelectedPoints 0 -1
[    39.29 ] D: ACTIVE
[    45.32 ] D: findTrackIndexByPoint 0 QRect(0,0 1707x111) true QPointF(86,94)
[    45.33 ] D: ACTIVE
[    45.33 ] D: sltDataChagedFromView
[    45.35 ] D: createSelectedPoints 0 -1
[    46